Archive member included to satisfy reference by file (symbol)

d:/atmelstudio/7.0/toolchain/avr8/avr8-gnu-toolchain/bin/../lib/gcc/avr/5.4.0/avr4\libgcc.a(_udivmodhi4.o)
                              main.o (__udivmodhi4)
d:/atmelstudio/7.0/toolchain/avr8/avr8-gnu-toolchain/bin/../lib/gcc/avr/5.4.0/avr4\libgcc.a(_divmodhi4.o)
                              MAX7219.o (__divmodhi4)
d:/atmelstudio/7.0/toolchain/avr8/avr8-gnu-toolchain/bin/../lib/gcc/avr/5.4.0/avr4\libgcc.a(_divmodsi4.o)
                              main.o (__divmodsi4)
d:/atmelstudio/7.0/toolchain/avr8/avr8-gnu-toolchain/bin/../lib/gcc/avr/5.4.0/avr4\libgcc.a(_negsi2.o)
                              d:/atmelstudio/7.0/toolchain/avr8/avr8-gnu-toolchain/bin/../lib/gcc/avr/5.4.0/avr4\libgcc.a(_divmodsi4.o) (__negsi2)
d:/atmelstudio/7.0/toolchain/avr8/avr8-gnu-toolchain/bin/../lib/gcc/avr/5.4.0/avr4\libgcc.a(_exit.o)
                              D:/AtmelStudio/7.0/Packs/atmel/ATmega_DFP/1.6.364/gcc/dev/atmega8a/avr4/crtatmega8a.o (exit)
d:/atmelstudio/7.0/toolchain/avr8/avr8-gnu-toolchain/bin/../lib/gcc/avr/5.4.0/avr4\libgcc.a(_copy_data.o)
                              main.o (__do_copy_data)
d:/atmelstudio/7.0/toolchain/avr8/avr8-gnu-toolchain/bin/../lib/gcc/avr/5.4.0/avr4\libgcc.a(_clear_bss.o)
                              main.o (__do_clear_bss)
d:/atmelstudio/7.0/toolchain/avr8/avr8-gnu-toolchain/bin/../lib/gcc/avr/5.4.0/avr4\libgcc.a(_udivmodsi4.o)
                              d:/atmelstudio/7.0/toolchain/avr8/avr8-gnu-toolchain/bin/../lib/gcc/avr/5.4.0/avr4\libgcc.a(_divmodsi4.o) (__udivmodsi4)
d:/atmelstudio/7.0/toolchain/avr8/avr8-gnu-toolchain/bin/../lib/gcc/avr/5.4.0/../../../../avr/lib/avr4\libc.a(realloc.o)
                              eeprom.o (realloc)
d:/atmelstudio/7.0/toolchain/avr8/avr8-gnu-toolchain/bin/../lib/gcc/avr/5.4.0/../../../../avr/lib/avr4\libc.a(strtol.o)
                              main.o (strtol)
d:/atmelstudio/7.0/toolchain/avr8/avr8-gnu-toolchain/bin/../lib/gcc/avr/5.4.0/../../../../avr/lib/avr4\libc.a(isspace.o)
                              d:/atmelstudio/7.0/toolchain/avr8/avr8-gnu-toolchain/bin/../lib/gcc/avr/5.4.0/../../../../avr/lib/avr4\libc.a(strtol.o) (isspace)
d:/atmelstudio/7.0/toolchain/avr8/avr8-gnu-toolchain/bin/../lib/gcc/avr/5.4.0/../../../../avr/lib/avr4\libc.a(memcpy.o)
                              main.o (memcpy)
d:/atmelstudio/7.0/toolchain/avr8/avr8-gnu-toolchain/bin/../lib/gcc/avr/5.4.0/../../../../avr/lib/avr4\libc.a(memset.o)
                              main.o (memset)
d:/atmelstudio/7.0/toolchain/avr8/avr8-gnu-toolchain/bin/../lib/gcc/avr/5.4.0/../../../../avr/lib/avr4\libc.a(strstr.o)
                              main.o (strstr)
d:/atmelstudio/7.0/toolchain/avr8/avr8-gnu-toolchain/bin/../lib/gcc/avr/5.4.0/../../../../avr/lib/avr4\libc.a(sprintf.o)
                              main.o (sprintf)
d:/atmelstudio/7.0/toolchain/avr8/avr8-gnu-toolchain/bin/../lib/gcc/avr/5.4.0/../../../../avr/lib/avr4\libc.a(vfprintf_std.o)
                              d:/atmelstudio/7.0/toolchain/avr8/avr8-gnu-toolchain/bin/../lib/gcc/avr/5.4.0/../../../../avr/lib/avr4\libc.a(sprintf.o) (vfprintf)
d:/atmelstudio/7.0/toolchain/avr8/avr8-gnu-toolchain/bin/../lib/gcc/avr/5.4.0/../../../../avr/lib/avr4\libc.a(errno.o)
                              d:/atmelstudio/7.0/toolchain/avr8/avr8-gnu-toolchain/bin/../lib/gcc/avr/5.4.0/../../../../avr/lib/avr4\libc.a(strtol.o) (errno)
d:/atmelstudio/7.0/toolchain/avr8/avr8-gnu-toolchain/bin/../lib/gcc/avr/5.4.0/../../../../avr/lib/avr4\libc.a(malloc.o)
                              d:/atmelstudio/7.0/toolchain/avr8/avr8-gnu-toolchain/bin/../lib/gcc/avr/5.4.0/../../../../avr/lib/avr4\libc.a(realloc.o) (malloc)
d:/atmelstudio/7.0/toolchain/avr8/avr8-gnu-toolchain/bin/../lib/gcc/avr/5.4.0/../../../../avr/lib/avr4\libc.a(cty_isfalse.o)
                              d:/atmelstudio/7.0/toolchain/avr8/avr8-gnu-toolchain/bin/../lib/gcc/avr/5.4.0/../../../../avr/lib/avr4\libc.a(isspace.o) (__ctype_isfalse)
d:/atmelstudio/7.0/toolchain/avr8/avr8-gnu-toolchain/bin/../lib/gcc/avr/5.4.0/../../../../avr/lib/avr4\libc.a(strnlen_P.o)
                              d:/atmelstudio/7.0/toolchain/avr8/avr8-gnu-toolchain/bin/../lib/gcc/avr/5.4.0/../../../../avr/lib/avr4\libc.a(vfprintf_std.o) (strnlen_P)
d:/atmelstudio/7.0/toolchain/avr8/avr8-gnu-toolchain/bin/../lib/gcc/avr/5.4.0/../../../../avr/lib/avr4\libc.a(strnlen.o)
                              d:/atmelstudio/7.0/toolchain/avr8/avr8-gnu-toolchain/bin/../lib/gcc/avr/5.4.0/../../../../avr/lib/avr4\libc.a(vfprintf_std.o) (strnlen)
d:/atmelstudio/7.0/toolchain/avr8/avr8-gnu-toolchain/bin/../lib/gcc/avr/5.4.0/../../../../avr/lib/avr4\libc.a(fputc.o)
                              d:/atmelstudio/7.0/toolchain/avr8/avr8-gnu-toolchain/bin/../lib/gcc/avr/5.4.0/../../../../avr/lib/avr4\libc.a(vfprintf_std.o) (fputc)
d:/atmelstudio/7.0/toolchain/avr8/avr8-gnu-toolchain/bin/../lib/gcc/avr/5.4.0/../../../../avr/lib/avr4\libc.a(ultoa_invert.o)
                              d:/atmelstudio/7.0/toolchain/avr8/avr8-gnu-toolchain/bin/../lib/gcc/avr/5.4.0/../../../../avr/lib/avr4\libc.a(vfprintf_std.o) (__ultoa_invert)
d:/atmelstudio/7.0/toolchain/avr8/avr8-gnu-toolchain/bin/../lib/gcc/avr/5.4.0/avr4\libgcc.a(_mulsi3.o)
                              d:/atmelstudio/7.0/toolchain/avr8/avr8-gnu-toolchain/bin/../lib/gcc/avr/5.4.0/../../../../avr/lib/avr4\libc.a(strtol.o) (__mulsi3)
d:/atmelstudio/7.0/toolchain/avr8/avr8-gnu-toolchain/bin/../lib/gcc/avr/5.4.0/avr4\libgcc.a(_muluhisi3.o)
                              d:/atmelstudio/7.0/toolchain/avr8/avr8-gnu-toolchain/bin/../lib/gcc/avr/5.4.0/avr4\libgcc.a(_mulsi3.o) (__muluhisi3)
d:/atmelstudio/7.0/toolchain/avr8/avr8-gnu-toolchain/bin/../lib/gcc/avr/5.4.0/avr4\libgcc.a(_prologue.o)
                              d:/atmelstudio/7.0/toolchain/avr8/avr8-gnu-toolchain/bin/../lib/gcc/avr/5.4.0/../../../../avr/lib/avr4\libc.a(realloc.o) (__prologue_saves__)
d:/atmelstudio/7.0/toolchain/avr8/avr8-gnu-toolchain/bin/../lib/gcc/avr/5.4.0/avr4\libgcc.a(_epilogue.o)
                              d:/atmelstudio/7.0/toolchain/avr8/avr8-gnu-toolchain/bin/../lib/gcc/avr/5.4.0/../../../../avr/lib/avr4\libc.a(realloc.o) (__epilogue_restores__)
d:/atmelstudio/7.0/toolchain/avr8/avr8-gnu-toolchain/bin/../lib/gcc/avr/5.4.0/avr4\libgcc.a(_umulhisi3.o)
                              d:/atmelstudio/7.0/toolchain/avr8/avr8-gnu-toolchain/bin/../lib/gcc/avr/5.4.0/avr4\libgcc.a(_muluhisi3.o) (__umulhisi3)

Allocating common symbols
Common symbol       size              file

temp_setpoint_fraction
                    0x1               NRF24.o
temp_setpoint       0x2               main.o
errno               0x2               d:/atmelstudio/7.0/toolchain/avr8/avr8-gnu-toolchain/bin/../lib/gcc/avr/5.4.0/../../../../avr/lib/avr4\libc.a(errno.o)
retr_cnt            0x1               main.o
__brkval            0x2               d:/atmelstudio/7.0/toolchain/avr8/avr8-gnu-toolchain/bin/../lib/gcc/avr/5.4.0/../../../../avr/lib/avr4\libc.a(malloc.o)
pipe                0x1               NRF24.o
home_temp_rx_integer
                    0x1               NRF24.o
retr_cnt_full       0x2               main.o
home_temp_rx_fraction
                    0x1               NRF24.o
dt                  0x1               main.o
temp_setpoint_integer
                    0x1               NRF24.o
__flp               0x2               d:/atmelstudio/7.0/toolchain/avr8/avr8-gnu-toolchain/bin/../lib/gcc/avr/5.4.0/../../../../avr/lib/avr4\libc.a(malloc.o)
uart_rx_buffer      0x32              main.o
INTER_COUNT         0x2               main.o

Discarded input sections

 .data          0x00000000        0x0 D:/AtmelStudio/7.0/Packs/atmel/ATmega_DFP/1.6.364/gcc/dev/atmega8a/avr4/crtatmega8a.o
 .bss           0x00000000        0x0 D:/AtmelStudio/7.0/Packs/atmel/ATmega_DFP/1.6.364/gcc/dev/atmega8a/avr4/crtatmega8a.o
 .text          0x00000000        0x0 Controller.o
 .data          0x00000000        0x0 Controller.o
 .bss           0x00000000        0x0 Controller.o
 .text          0x00000000        0x0 DS18B20.o
 .data          0x00000000        0x0 DS18B20.o
 .bss           0x00000000        0x0 DS18B20.o
 .text.converttemp
                0x00000000        0x2 DS18B20.o
 .text          0x00000000        0x0 eeprom.o
 .data          0x00000000        0x0 eeprom.o
 .bss           0x00000000        0x0 eeprom.o
 .text.EEPROM_write_word
                0x00000000       0x1a eeprom.o
 .text.EEPROM_read_word
                0x00000000       0x2e eeprom.o
 .text.EEPROM_write_dword
                0x00000000       0x2e eeprom.o
 .text.EEPROM_read_dword
                0x00000000       0x42 eeprom.o
 .text.EEPROM_write_string
                0x00000000       0x28 eeprom.o
 .text.EEPROM_read_string
                0x00000000       0x50 eeprom.o
 .text          0x00000000        0x0 main.o
 .data          0x00000000        0x0 main.o
 .bss           0x00000000        0x0 main.o
 .bss.TIM2_COUNT
                0x00000000        0x2 main.o
 .bss.reg       0x00000000        0x1 main.o
 .text          0x00000000        0x0 MAX7219.o
 .data          0x00000000        0x0 MAX7219.o
 .bss           0x00000000        0x0 MAX7219.o
 .text.Number_MAX7219
                0x00000000       0xfa MAX7219.o
 .text          0x00000000        0x0 NRF24.o
 .data          0x00000000        0x0 NRF24.o
 .bss           0x00000000        0x0 NRF24.o
 .text.nRF_command
                0x00000000        0xa NRF24.o
 .bss.tx_flag   0x00000000        0x1 NRF24.o
 .text          0x00000000        0x0 TWI.o
 .data          0x00000000        0x0 TWI.o
 .bss           0x00000000        0x0 TWI.o
 .text.I2C_Init
                0x00000000        0x6 TWI.o
 .text.I2C_StartCondition
                0x00000000        0xc TWI.o
 .text.I2C_StopCondition
                0x00000000        0x6 TWI.o
 .text.I2C_SendByte
                0x00000000        0xe TWI.o
 .text.I2C_SendByteByADDR
                0x00000000       0x1c TWI.o
 .text.I2C_ReadByte
                0x00000000        0xe TWI.o
 .text.I2C_ReadLastByte
                0x00000000        0xe TWI.o
 .debug_info    0x00000000      0x18b TWI.o
 .debug_abbrev  0x00000000      0x11c TWI.o
 .debug_loc     0x00000000       0xb4 TWI.o
 .debug_aranges
                0x00000000       0x50 TWI.o
 .debug_ranges  0x00000000       0x40 TWI.o
 .debug_line    0x00000000      0x179 TWI.o
 .debug_str     0x00000000      0x1fc TWI.o
 .comment       0x00000000       0x31 TWI.o
 .debug_frame   0x00000000       0x90 TWI.o
 .text          0x00000000        0x0 usart.o
 .data          0x00000000        0x0 usart.o
 .bss           0x00000000        0x0 usart.o
 .text.USART_Transmit_bytes
                0x00000000       0x18 usart.o
 .text          0x00000000        0x0 d:/atmelstudio/7.0/toolchain/avr8/avr8-gnu-toolchain/bin/../lib/gcc/avr/5.4.0/avr4\libgcc.a(_udivmodhi4.o)
 .data          0x00000000        0x0 d:/atmelstudio/7.0/toolchain/avr8/avr8-gnu-toolchain/bin/../lib/gcc/avr/5.4.0/avr4\libgcc.a(_udivmodhi4.o)
 .bss           0x00000000        0x0 d:/atmelstudio/7.0/toolchain/avr8/avr8-gnu-toolchain/bin/../lib/gcc/avr/5.4.0/avr4\libgcc.a(_udivmodhi4.o)
 .text.libgcc.mul
                0x00000000        0x0 d:/atmelstudio/7.0/toolchain/avr8/avr8-gnu-toolchain/bin/../lib/gcc/avr/5.4.0/avr4\libgcc.a(_udivmodhi4.o)
 .text.libgcc   0x00000000        0x0 d:/atmelstudio/7.0/toolchain/avr8/avr8-gnu-toolchain/bin/../lib/gcc/avr/5.4.0/avr4\libgcc.a(_udivmodhi4.o)
 .text.libgcc.prologue
                0x00000000        0x0 d:/atmelstudio/7.0/toolchain/avr8/avr8-gnu-toolchain/bin/../lib/gcc/avr/5.4.0/avr4\libgcc.a(_udivmodhi4.o)
 .text.libgcc.builtins
                0x00000000        0x0 d:/atmelstudio/7.0/toolchain/avr8/avr8-gnu-toolchain/bin/../lib/gcc/avr/5.4.0/avr4\libgcc.a(_udivmodhi4.o)
 .text.libgcc.fmul
                0x00000000        0x0 d:/atmelstudio/7.0/toolchain/avr8/avr8-gnu-toolchain/bin/../lib/gcc/avr/5.4.0/avr4\libgcc.a(_udivmodhi4.o)
 .text.libgcc.fixed
                0x00000000        0x0 d:/atmelstudio/7.0/toolchain/avr8/avr8-gnu-toolchain/bin/../lib/gcc/avr/5.4.0/avr4\libgcc.a(_udivmodhi4.o)
 .text          0x00000000        0x0 d:/atmelstudio/7.0/toolchain/avr8/avr8-gnu-toolchain/bin/../lib/gcc/avr/5.4.0/avr4\libgcc.a(_divmodhi4.o)
 .data          0x00000000        0x0 d:/atmelstudio/7.0/toolchain/avr8/avr8-gnu-toolchain/bin/../lib/gcc/avr/5.4.0/avr4\libgcc.a(_divmodhi4.o)
 .bss           0x00000000        0x0 d:/atmelstudio/7.0/toolchain/avr8/avr8-gnu-toolchain/bin/../lib/gcc/avr/5.4.0/avr4\libgcc.a(_divmodhi4.o)
 .text.libgcc.mul
                0x00000000        0x0 d:/atmelstudio/7.0/toolchain/avr8/avr8-gnu-toolchain/bin/../lib/gcc/avr/5.4.0/avr4\libgcc.a(_divmodhi4.o)
 .text.libgcc   0x00000000        0x0 d:/atmelstudio/7.0/toolchain/avr8/avr8-gnu-toolchain/bin/../lib/gcc/avr/5.4.0/avr4\libgcc.a(_divmodhi4.o)
 .text.libgcc.prologue
                0x00000000        0x0 d:/atmelstudio/7.0/toolchain/avr8/avr8-gnu-toolchain/bin/../lib/gcc/avr/5.4.0/avr4\libgcc.a(_divmodhi4.o)
 .text.libgcc.builtins
                0x00000000        0x0 d:/atmelstudio/7.0/toolchain/avr8/avr8-gnu-toolchain/bin/../lib/gcc/avr/5.4.0/avr4\libgcc.a(_divmodhi4.o)
 .text.libgcc.fmul
                0x00000000        0x0 d:/atmelstudio/7.0/toolchain/avr8/avr8-gnu-toolchain/bin/../lib/gcc/avr/5.4.0/avr4\libgcc.a(_divmodhi4.o)
 .text.libgcc.fixed
                0x00000000        0x0 d:/atmelstudio/7.0/toolchain/avr8/avr8-gnu-toolchain/bin/../lib/gcc/avr/5.4.0/avr4\libgcc.a(_divmodhi4.o)
 .text          0x00000000        0x0 d:/atmelstudio/7.0/toolchain/avr8/avr8-gnu-toolchain/bin/../lib/gcc/avr/5.4.0/avr4\libgcc.a(_divmodsi4.o)
 .data          0x00000000        0x0 d:/atmelstudio/7.0/toolchain/avr8/avr8-gnu-toolchain/bin/../lib/gcc/avr/5.4.0/avr4\libgcc.a(_divmodsi4.o)
 .bss           0x00000000        0x0 d:/atmelstudio/7.0/toolchain/avr8/avr8-gnu-toolchain/bin/../lib/gcc/avr/5.4.0/avr4\libgcc.a(_divmodsi4.o)
 .text.libgcc.mul
                0x00000000        0x0 d:/atmelstudio/7.0/toolchain/avr8/avr8-gnu-toolchain/bin/../lib/gcc/avr/5.4.0/avr4\libgcc.a(_divmodsi4.o)
 .text.libgcc   0x00000000        0x0 d:/atmelstudio/7.0/toolchain/avr8/avr8-gnu-toolchain/bin/../lib/gcc/avr/5.4.0/avr4\libgcc.a(_divmodsi4.o)
 .text.libgcc.prologue
                0x00000000        0x0 d:/atmelstudio/7.0/toolchain/avr8/avr8-gnu-toolchain/bin/../lib/gcc/avr/5.4.0/avr4\libgcc.a(_divmodsi4.o)
 .text.libgcc.builtins
                0x00000000        0x0 d:/atmelstudio/7.0/toolchain/avr8/avr8-gnu-toolchain/bin/../lib/gcc/avr/5.4.0/avr4\libgcc.a(_divmodsi4.o)
 .text.libgcc.fmul
                0x00000000        0x0 d:/atmelstudio/7.0/toolchain/avr8/avr8-gnu-toolchain/bin/../lib/gcc/avr/5.4.0/avr4\libgcc.a(_divmodsi4.o)
 .text.libgcc.fixed
                0x00000000        0x0 d:/atmelstudio/7.0/toolchain/avr8/avr8-gnu-toolchain/bin/../lib/gcc/avr/5.4.0/avr4\libgcc.a(_divmodsi4.o)
 .text          0x00000000        0x0 d:/atmelstudio/7.0/toolchain/avr8/avr8-gnu-toolchain/bin/../lib/gcc/avr/5.4.0/avr4\libgcc.a(_negsi2.o)
 .data          0x00000000        0x0 d:/atmelstudio/7.0/toolchain/avr8/avr8-gnu-toolchain/bin/../lib/gcc/avr/5.4.0/avr4\libgcc.a(_negsi2.o)
 .bss           0x00000000        0x0 d:/atmelstudio/7.0/toolchain/avr8/avr8-gnu-toolchain/bin/../lib/gcc/avr/5.4.0/avr4\libgcc.a(_negsi2.o)
 .text.libgcc.mul
                0x00000000        0x0 d:/atmelstudio/7.0/toolchain/avr8/avr8-gnu-toolchain/bin/../lib/gcc/avr/5.4.0/avr4\libgcc.a(_negsi2.o)
 .text.libgcc   0x00000000        0x0 d:/atmelstudio/7.0/toolchain/avr8/avr8-gnu-toolchain/bin/../lib/gcc/avr/5.4.0/avr4\libgcc.a(_negsi2.o)
 .text.libgcc.prologue
                0x00000000        0x0 d:/atmelstudio/7.0/toolchain/avr8/avr8-gnu-toolchain/bin/../lib/gcc/avr/5.4.0/avr4\libgcc.a(_negsi2.o)
 .text.libgcc.builtins
                0x00000000        0x0 d:/atmelstudio/7.0/toolchain/avr8/avr8-gnu-toolchain/bin/../lib/gcc/avr/5.4.0/avr4\libgcc.a(_negsi2.o)
 .text.libgcc.fmul
                0x00000000        0x0 d:/atmelstudio/7.0/toolchain/avr8/avr8-gnu-toolchain/bin/../lib/gcc/avr/5.4.0/avr4\libgcc.a(_negsi2.o)
 .text.libgcc.fixed
                0x00000000        0x0 d:/atmelstudio/7.0/toolchain/avr8/avr8-gnu-toolchain/bin/../lib/gcc/avr/5.4.0/avr4\libgcc.a(_negsi2.o)
 .text          0x00000000        0x0 d:/atmelstudio/7.0/toolchain/avr8/avr8-gnu-toolchain/bin/../lib/gcc/avr/5.4.0/avr4\libgcc.a(_exit.o)
 .data          0x00000000        0x0 d:/atmelstudio/7.0/toolchain/avr8/avr8-gnu-toolchain/bin/../lib/gcc/avr/5.4.0/avr4\libgcc.a(_exit.o)
 .bss           0x00000000        0x0 d:/atmelstudio/7.0/toolchain/avr8/avr8-gnu-toolchain/bin/../lib/gcc/avr/5.4.0/avr4\libgcc.a(_exit.o)
 .text.libgcc.mul
                0x00000000        0x0 d:/atmelstudio/7.0/toolchain/avr8/avr8-gnu-toolchain/bin/../lib/gcc/avr/5.4.0/avr4\libgcc.a(_exit.o)
 .text.libgcc.div
                0x00000000        0x0 d:/atmelstudio/7.0/toolchain/avr8/avr8-gnu-toolchain/bin/../lib/gcc/avr/5.4.0/avr4\libgcc.a(_exit.o)
 .text.libgcc   0x00000000        0x0 d:/atmelstudio/7.0/toolchain/avr8/avr8-gnu-toolchain/bin/../lib/gcc/avr/5.4.0/avr4\libgcc.a(_exit.o)
 .text.libgcc.prologue
                0x00000000        0x0 d:/atmelstudio/7.0/toolchain/avr8/avr8-gnu-toolchain/bin/../lib/gcc/avr/5.4.0/avr4\libgcc.a(_exit.o)
 .text.libgcc.builtins
                0x00000000        0x0 d:/atmelstudio/7.0/toolchain/avr8/avr8-gnu-toolchain/bin/../lib/gcc/avr/5.4.0/avr4\libgcc.a(_exit.o)
 .text.libgcc.fmul
                0x00000000        0x0 d:/atmelstudio/7.0/toolchain/avr8/avr8-gnu-toolchain/bin/../lib/gcc/avr/5.4.0/avr4\libgcc.a(_exit.o)
 .text.libgcc.fixed
                0x00000000        0x0 d:/atmelstudio/7.0/toolchain/avr8/avr8-gnu-toolchain/bin/../lib/gcc/avr/5.4.0/avr4\libgcc.a(_exit.o)
 .text          0x00000000        0x0 d:/atmelstudio/7.0/toolchain/avr8/avr8-gnu-toolchain/bin/../lib/gcc/avr/5.4.0/avr4\libgcc.a(_copy_data.o)
 .data          0x00000000        0x0 d:/atmelstudio/7.0/toolchain/avr8/avr8-gnu-toolchain/bin/../lib/gcc/avr/5.4.0/avr4\libgcc.a(_copy_data.o)
 .bss           0x00000000        0x0 d:/atmelstudio/7.0/toolchain/avr8/avr8-gnu-toolchain/bin/../lib/gcc/avr/5.4.0/avr4\libgcc.a(_copy_data.o)
 .text.libgcc.mul
                0x00000000        0x0 d:/atmelstudio/7.0/toolchain/avr8/avr8-gnu-toolchain/bin/../lib/gcc/avr/5.4.0/avr4\libgcc.a(_copy_data.o)
 .text.libgcc.div
                0x00000000        0x0 d:/atmelstudio/7.0/toolchain/avr8/avr8-gnu-toolchain/bin/../lib/gcc/avr/5.4.0/avr4\libgcc.a(_copy_data.o)
 .text.libgcc   0x00000000        0x0 d:/atmelstudio/7.0/toolchain/avr8/avr8-gnu-toolchain/bin/../lib/gcc/avr/5.4.0/avr4\libgcc.a(_copy_data.o)
 .text.libgcc.prologue
                0x00000000        0x0 d:/atmelstudio/7.0/toolchain/avr8/avr8-gnu-toolchain/bin/../lib/gcc/avr/5.4.0/avr4\libgcc.a(_copy_data.o)
 .text.libgcc.builtins
                0x00000000        0x0 d:/atmelstudio/7.0/toolchain/avr8/avr8-gnu-toolchain/bin/../lib/gcc/avr/5.4.0/avr4\libgcc.a(_copy_data.o)
 .text.libgcc.fmul
                0x00000000        0x0 d:/atmelstudio/7.0/toolchain/avr8/avr8-gnu-toolchain/bin/../lib/gcc/avr/5.4.0/avr4\libgcc.a(_copy_data.o)
 .text.libgcc.fixed
                0x00000000        0x0 d:/atmelstudio/7.0/toolchain/avr8/avr8-gnu-toolchain/bin/../lib/gcc/avr/5.4.0/avr4\libgcc.a(_copy_data.o)
 .text          0x00000000        0x0 d:/atmelstudio/7.0/toolchain/avr8/avr8-gnu-toolchain/bin/../lib/gcc/avr/5.4.0/avr4\libgcc.a(_clear_bss.o)
 .data          0x00000000        0x0 d:/atmelstudio/7.0/toolchain/avr8/avr8-gnu-toolchain/bin/../lib/gcc/avr/5.4.0/avr4\libgcc.a(_clear_bss.o)
 .bss           0x00000000        0x0 d:/atmelstudio/7.0/toolchain/avr8/avr8-gnu-toolchain/bin/../lib/gcc/avr/5.4.0/avr4\libgcc.a(_clear_bss.o)
 .text.libgcc.mul
                0x00000000        0x0 d:/atmelstudio/7.0/toolchain/avr8/avr8-gnu-toolchain/bin/../lib/gcc/avr/5.4.0/avr4\libgcc.a(_clear_bss.o)
 .text.libgcc.div
                0x00000000        0x0 d:/atmelstudio/7.0/toolchain/avr8/avr8-gnu-toolchain/bin/../lib/gcc/avr/5.4.0/avr4\libgcc.a(_clear_bss.o)
 .text.libgcc   0x00000000        0x0 d:/atmelstudio/7.0/toolchain/avr8/avr8-gnu-toolchain/bin/../lib/gcc/avr/5.4.0/avr4\libgcc.a(_clear_bss.o)
 .text.libgcc.prologue
                0x00000000        0x0 d:/atmelstudio/7.0/toolchain/avr8/avr8-gnu-toolchain/bin/../lib/gcc/avr/5.4.0/avr4\libgcc.a(_clear_bss.o)
 .text.libgcc.builtins
                0x00000000        0x0 d:/atmelstudio/7.0/toolchain/avr8/avr8-gnu-toolchain/bin/../lib/gcc/avr/5.4.0/avr4\libgcc.a(_clear_bss.o)
 .text.libgcc.fmul
                0x00000000        0x0 d:/atmelstudio/7.0/toolchain/avr8/avr8-gnu-toolchain/bin/../lib/gcc/avr/5.4.0/avr4\libgcc.a(_clear_bss.o)
 .text.libgcc.fixed
                0x00000000        0x0 d:/atmelstudio/7.0/toolchain/avr8/avr8-gnu-toolchain/bin/../lib/gcc/avr/5.4.0/avr4\libgcc.a(_clear_bss.o)
 .text          0x00000000        0x0 d:/atmelstudio/7.0/toolchain/avr8/avr8-gnu-toolchain/bin/../lib/gcc/avr/5.4.0/avr4\libgcc.a(_udivmodsi4.o)
 .data          0x00000000        0x0 d:/atmelstudio/7.0/toolchain/avr8/avr8-gnu-toolchain/bin/../lib/gcc/avr/5.4.0/avr4\libgcc.a(_udivmodsi4.o)
 .bss           0x00000000        0x0 d:/atmelstudio/7.0/toolchain/avr8/avr8-gnu-toolchain/bin/../lib/gcc/avr/5.4.0/avr4\libgcc.a(_udivmodsi4.o)
 .text.libgcc.mul
                0x00000000        0x0 d:/atmelstudio/7.0/toolchain/avr8/avr8-gnu-toolchain/bin/../lib/gcc/avr/5.4.0/avr4\libgcc.a(_udivmodsi4.o)
 .text.libgcc   0x00000000        0x0 d:/atmelstudio/7.0/toolchain/avr8/avr8-gnu-toolchain/bin/../lib/gcc/avr/5.4.0/avr4\libgcc.a(_udivmodsi4.o)
 .text.libgcc.prologue
                0x00000000        0x0 d:/atmelstudio/7.0/toolchain/avr8/avr8-gnu-toolchain/bin/../lib/gcc/avr/5.4.0/avr4\libgcc.a(_udivmodsi4.o)
 .text.libgcc.builtins
                0x00000000        0x0 d:/atmelstudio/7.0/toolchain/avr8/avr8-gnu-toolchain/bin/../lib/gcc/avr/5.4.0/avr4\libgcc.a(_udivmodsi4.o)
 .text.libgcc.fmul
                0x00000000        0x0 d:/atmelstudio/7.0/toolchain/avr8/avr8-gnu-toolchain/bin/../lib/gcc/avr/5.4.0/avr4\libgcc.a(_udivmodsi4.o)
 .text.libgcc.fixed
                0x00000000        0x0 d:/atmelstudio/7.0/toolchain/avr8/avr8-gnu-toolchain/bin/../lib/gcc/avr/5.4.0/avr4\libgcc.a(_udivmodsi4.o)
 .text          0x00000000        0x0 d:/atmelstudio/7.0/toolchain/avr8/avr8-gnu-toolchain/bin/../lib/gcc/avr/5.4.0/../../../../avr/lib/avr4\libc.a(realloc.o)
 .data          0x00000000        0x0 d:/atmelstudio/7.0/toolchain/avr8/avr8-gnu-toolchain/bin/../lib/gcc/avr/5.4.0/../../../../avr/lib/avr4\libc.a(realloc.o)
 .bss           0x00000000        0x0 d:/atmelstudio/7.0/toolchain/avr8/avr8-gnu-toolchain/bin/../lib/gcc/avr/5.4.0/../../../../avr/lib/avr4\libc.a(realloc.o)
 .text.avr-libc
                0x00000000      0x17e d:/atmelstudio/7.0/toolchain/avr8/avr8-gnu-toolchain/bin/../lib/gcc/avr/5.4.0/../../../../avr/lib/avr4\libc.a(realloc.o)
 .comment       0x00000000       0x31 d:/atmelstudio/7.0/toolchain/avr8/avr8-gnu-toolchain/bin/../lib/gcc/avr/5.4.0/../../../../avr/lib/avr4\libc.a(realloc.o)
 .text          0x00000000        0x0 d:/atmelstudio/7.0/toolchain/avr8/avr8-gnu-toolchain/bin/../lib/gcc/avr/5.4.0/../../../../avr/lib/avr4\libc.a(strtol.o)
 .data          0x00000000        0x0 d:/atmelstudio/7.0/toolchain/avr8/avr8-gnu-toolchain/bin/../lib/gcc/avr/5.4.0/../../../../avr/lib/avr4\libc.a(strtol.o)
 .bss           0x00000000        0x0 d:/atmelstudio/7.0/toolchain/avr8/avr8-gnu-toolchain/bin/../lib/gcc/avr/5.4.0/../../../../avr/lib/avr4\libc.a(strtol.o)
 .text          0x00000000        0x0 d:/atmelstudio/7.0/toolchain/avr8/avr8-gnu-toolchain/bin/../lib/gcc/avr/5.4.0/../../../../avr/lib/avr4\libc.a(isspace.o)
 .data          0x00000000        0x0 d:/atmelstudio/7.0/toolchain/avr8/avr8-gnu-toolchain/bin/../lib/gcc/avr/5.4.0/../../../../avr/lib/avr4\libc.a(isspace.o)
 .bss           0x00000000        0x0 d:/atmelstudio/7.0/toolchain/avr8/avr8-gnu-toolchain/bin/../lib/gcc/avr/5.4.0/../../../../avr/lib/avr4\libc.a(isspace.o)
 .text          0x00000000        0x0 d:/atmelstudio/7.0/toolchain/avr8/avr8-gnu-toolchain/bin/../lib/gcc/avr/5.4.0/../../../../avr/lib/avr4\libc.a(memcpy.o)
 .data          0x00000000        0x0 d:/atmelstudio/7.0/toolchain/avr8/avr8-gnu-toolchain/bin/../lib/gcc/avr/5.4.0/../../../../avr/lib/avr4\libc.a(memcpy.o)
 .bss           0x00000000        0x0 d:/atmelstudio/7.0/toolchain/avr8/avr8-gnu-toolchain/bin/../lib/gcc/avr/5.4.0/../../../../avr/lib/avr4\libc.a(memcpy.o)
 .text          0x00000000        0x0 d:/atmelstudio/7.0/toolchain/avr8/avr8-gnu-toolchain/bin/../lib/gcc/avr/5.4.0/../../../../avr/lib/avr4\libc.a(memset.o)
 .data          0x00000000        0x0 d:/atmelstudio/7.0/toolchain/avr8/avr8-gnu-toolchain/bin/../lib/gcc/avr/5.4.0/../../../../avr/lib/avr4\libc.a(memset.o)
 .bss           0x00000000        0x0 d:/atmelstudio/7.0/toolchain/avr8/avr8-gnu-toolchain/bin/../lib/gcc/avr/5.4.0/../../../../avr/lib/avr4\libc.a(memset.o)
 .text          0x00000000        0x0 d:/atmelstudio/7.0/toolchain/avr8/avr8-gnu-toolchain/bin/../lib/gcc/avr/5.4.0/../../../../avr/lib/avr4\libc.a(strstr.o)
 .data          0x00000000        0x0 d:/atmelstudio/7.0/toolchain/avr8/avr8-gnu-toolchain/bin/../lib/gcc/avr/5.4.0/../../../../avr/lib/avr4\libc.a(strstr.o)
 .bss           0x00000000        0x0 d:/atmelstudio/7.0/toolchain/avr8/avr8-gnu-toolchain/bin/../lib/gcc/avr/5.4.0/../../../../avr/lib/avr4\libc.a(strstr.o)
 .text          0x00000000        0x0 d:/atmelstudio/7.0/toolchain/avr8/avr8-gnu-toolchain/bin/../lib/gcc/avr/5.4.0/../../../../avr/lib/avr4\libc.a(sprintf.o)
 .data          0x00000000        0x0 d:/atmelstudio/7.0/toolchain/avr8/avr8-gnu-toolchain/bin/../lib/gcc/avr/5.4.0/../../../../avr/lib/avr4\libc.a(sprintf.o)
 .bss           0x00000000        0x0 d:/atmelstudio/7.0/toolchain/avr8/avr8-gnu-toolchain/bin/../lib/gcc/avr/5.4.0/../../../../avr/lib/avr4\libc.a(sprintf.o)
 .text          0x00000000        0x0 d:/atmelstudio/7.0/toolchain/avr8/avr8-gnu-toolchain/bin/../lib/gcc/avr/5.4.0/../../../../avr/lib/avr4\libc.a(vfprintf_std.o)
 .data          0x00000000        0x0 d:/atmelstudio/7.0/toolchain/avr8/avr8-gnu-toolchain/bin/../lib/gcc/avr/5.4.0/../../../../avr/lib/avr4\libc.a(vfprintf_std.o)
 .bss           0x00000000        0x0 d:/atmelstudio/7.0/toolchain/avr8/avr8-gnu-toolchain/bin/../lib/gcc/avr/5.4.0/../../../../avr/lib/avr4\libc.a(vfprintf_std.o)
 .text          0x00000000        0x0 d:/atmelstudio/7.0/toolchain/avr8/avr8-gnu-toolchain/bin/../lib/gcc/avr/5.4.0/../../../../avr/lib/avr4\libc.a(errno.o)
 .data          0x00000000        0x0 d:/atmelstudio/7.0/toolchain/avr8/avr8-gnu-toolchain/bin/../lib/gcc/avr/5.4.0/../../../../avr/lib/avr4\libc.a(errno.o)
 .bss           0x00000000        0x0 d:/atmelstudio/7.0/toolchain/avr8/avr8-gnu-toolchain/bin/../lib/gcc/avr/5.4.0/../../../../avr/lib/avr4\libc.a(errno.o)
 .text          0x00000000        0x0 d:/atmelstudio/7.0/toolchain/avr8/avr8-gnu-toolchain/bin/../lib/gcc/avr/5.4.0/../../../../avr/lib/avr4\libc.a(malloc.o)
 .data          0x00000000        0x6 d:/atmelstudio/7.0/toolchain/avr8/avr8-gnu-toolchain/bin/../lib/gcc/avr/5.4.0/../../../../avr/lib/avr4\libc.a(malloc.o)
 .bss           0x00000000        0x0 d:/atmelstudio/7.0/toolchain/avr8/avr8-gnu-toolchain/bin/../lib/gcc/avr/5.4.0/../../../../avr/lib/avr4\libc.a(malloc.o)
 .text.avr-libc
                0x00000000      0x242 d:/atmelstudio/7.0/toolchain/avr8/avr8-gnu-toolchain/bin/../lib/gcc/avr/5.4.0/../../../../avr/lib/avr4\libc.a(malloc.o)
 .comment       0x00000000       0x31 d:/atmelstudio/7.0/toolchain/avr8/avr8-gnu-toolchain/bin/../lib/gcc/avr/5.4.0/../../../../avr/lib/avr4\libc.a(malloc.o)
 COMMON         0x00000000        0x4 d:/atmelstudio/7.0/toolchain/avr8/avr8-gnu-toolchain/bin/../lib/gcc/avr/5.4.0/../../../../avr/lib/avr4\libc.a(malloc.o)
 .text          0x00000000        0x0 d:/atmelstudio/7.0/toolchain/avr8/avr8-gnu-toolchain/bin/../lib/gcc/avr/5.4.0/../../../../avr/lib/avr4\libc.a(cty_isfalse.o)
 .data          0x00000000        0x0 d:/atmelstudio/7.0/toolchain/avr8/avr8-gnu-toolchain/bin/../lib/gcc/avr/5.4.0/../../../../avr/lib/avr4\libc.a(cty_isfalse.o)
 .bss           0x00000000        0x0 d:/atmelstudio/7.0/toolchain/avr8/avr8-gnu-toolchain/bin/../lib/gcc/avr/5.4.0/../../../../avr/lib/avr4\libc.a(cty_isfalse.o)
 .text          0x00000000        0x0 d:/atmelstudio/7.0/toolchain/avr8/avr8-gnu-toolchain/bin/../lib/gcc/avr/5.4.0/../../../../avr/lib/avr4\libc.a(strnlen_P.o)
 .data          0x00000000        0x0 d:/atmelstudio/7.0/toolchain/avr8/avr8-gnu-toolchain/bin/../lib/gcc/avr/5.4.0/../../../../avr/lib/avr4\libc.a(strnlen_P.o)
 .bss           0x00000000        0x0 d:/atmelstudio/7.0/toolchain/avr8/avr8-gnu-toolchain/bin/../lib/gcc/avr/5.4.0/../../../../avr/lib/avr4\libc.a(strnlen_P.o)
 .text          0x00000000        0x0 d:/atmelstudio/7.0/toolchain/avr8/avr8-gnu-toolchain/bin/../lib/gcc/avr/5.4.0/../../../../avr/lib/avr4\libc.a(strnlen.o)
 .data          0x00000000        0x0 d:/atmelstudio/7.0/toolchain/avr8/avr8-gnu-toolchain/bin/../lib/gcc/avr/5.4.0/../../../../avr/lib/avr4\libc.a(strnlen.o)
 .bss           0x00000000        0x0 d:/atmelstudio/7.0/toolchain/avr8/avr8-gnu-toolchain/bin/../lib/gcc/avr/5.4.0/../../../../avr/lib/avr4\libc.a(strnlen.o)
 .text          0x00000000        0x0 d:/atmelstudio/7.0/toolchain/avr8/avr8-gnu-toolchain/bin/../lib/gcc/avr/5.4.0/../../../../avr/lib/avr4\libc.a(fputc.o)
 .data          0x00000000        0x0 d:/atmelstudio/7.0/toolchain/avr8/avr8-gnu-toolchain/bin/../lib/gcc/avr/5.4.0/../../../../avr/lib/avr4\libc.a(fputc.o)
 .bss           0x00000000        0x0 d:/atmelstudio/7.0/toolchain/avr8/avr8-gnu-toolchain/bin/../lib/gcc/avr/5.4.0/../../../../avr/lib/avr4\libc.a(fputc.o)
 .text          0x00000000        0x0 d:/atmelstudio/7.0/toolchain/avr8/avr8-gnu-toolchain/bin/../lib/gcc/avr/5.4.0/../../../../avr/lib/avr4\libc.a(ultoa_invert.o)
 .data          0x00000000        0x0 d:/atmelstudio/7.0/toolchain/avr8/avr8-gnu-toolchain/bin/../lib/gcc/avr/5.4.0/../../../../avr/lib/avr4\libc.a(ultoa_invert.o)
 .bss           0x00000000        0x0 d:/atmelstudio/7.0/toolchain/avr8/avr8-gnu-toolchain/bin/../lib/gcc/avr/5.4.0/../../../../avr/lib/avr4\libc.a(ultoa_invert.o)
 .text          0x00000000        0x0 d:/atmelstudio/7.0/toolchain/avr8/avr8-gnu-toolchain/bin/../lib/gcc/avr/5.4.0/avr4\libgcc.a(_mulsi3.o)
 .data          0x00000000        0x0 d:/atmelstudio/7.0/toolchain/avr8/avr8-gnu-toolchain/bin/../lib/gcc/avr/5.4.0/avr4\libgcc.a(_mulsi3.o)
 .bss           0x00000000        0x0 d:/atmelstudio/7.0/toolchain/avr8/avr8-gnu-toolchain/bin/../lib/gcc/avr/5.4.0/avr4\libgcc.a(_mulsi3.o)
 .text.libgcc.div
                0x00000000        0x0 d:/atmelstudio/7.0/toolchain/avr8/avr8-gnu-toolchain/bin/../lib/gcc/avr/5.4.0/avr4\libgcc.a(_mulsi3.o)
 .text.libgcc   0x00000000        0x0 d:/atmelstudio/7.0/toolchain/avr8/avr8-gnu-toolchain/bin/../lib/gcc/avr/5.4.0/avr4\libgcc.a(_mulsi3.o)
 .text.libgcc.prologue
                0x00000000        0x0 d:/atmelstudio/7.0/toolchain/avr8/avr8-gnu-toolchain/bin/../lib/gcc/avr/5.4.0/avr4\libgcc.a(_mulsi3.o)
 .text.libgcc.builtins
                0x00000000        0x0 d:/atmelstudio/7.0/toolchain/avr8/avr8-gnu-toolchain/bin/../lib/gcc/avr/5.4.0/avr4\libgcc.a(_mulsi3.o)
 .text.libgcc.fmul
                0x00000000        0x0 d:/atmelstudio/7.0/toolchain/avr8/avr8-gnu-toolchain/bin/../lib/gcc/avr/5.4.0/avr4\libgcc.a(_mulsi3.o)
 .text.libgcc.fixed
                0x00000000        0x0 d:/atmelstudio/7.0/toolchain/avr8/avr8-gnu-toolchain/bin/../lib/gcc/avr/5.4.0/avr4\libgcc.a(_mulsi3.o)
 .text          0x00000000        0x0 d:/atmelstudio/7.0/toolchain/avr8/avr8-gnu-toolchain/bin/../lib/gcc/avr/5.4.0/avr4\libgcc.a(_muluhisi3.o)
 .data          0x00000000        0x0 d:/atmelstudio/7.0/toolchain/avr8/avr8-gnu-toolchain/bin/../lib/gcc/avr/5.4.0/avr4\libgcc.a(_muluhisi3.o)
 .bss           0x00000000        0x0 d:/atmelstudio/7.0/toolchain/avr8/avr8-gnu-toolchain/bin/../lib/gcc/avr/5.4.0/avr4\libgcc.a(_muluhisi3.o)
 .text.libgcc.div
                0x00000000        0x0 d:/atmelstudio/7.0/toolchain/avr8/avr8-gnu-toolchain/bin/../lib/gcc/avr/5.4.0/avr4\libgcc.a(_muluhisi3.o)
 .text.libgcc   0x00000000        0x0 d:/atmelstudio/7.0/toolchain/avr8/avr8-gnu-toolchain/bin/../lib/gcc/avr/5.4.0/avr4\libgcc.a(_muluhisi3.o)
 .text.libgcc.prologue
                0x00000000        0x0 d:/atmelstudio/7.0/toolchain/avr8/avr8-gnu-toolchain/bin/../lib/gcc/avr/5.4.0/avr4\libgcc.a(_muluhisi3.o)
 .text.libgcc.builtins
                0x00000000        0x0 d:/atmelstudio/7.0/toolchain/avr8/avr8-gnu-toolchain/bin/../lib/gcc/avr/5.4.0/avr4\libgcc.a(_muluhisi3.o)
 .text.libgcc.fmul
                0x00000000        0x0 d:/atmelstudio/7.0/toolchain/avr8/avr8-gnu-toolchain/bin/../lib/gcc/avr/5.4.0/avr4\libgcc.a(_muluhisi3.o)
 .text.libgcc.fixed
                0x00000000        0x0 d:/atmelstudio/7.0/toolchain/avr8/avr8-gnu-toolchain/bin/../lib/gcc/avr/5.4.0/avr4\libgcc.a(_muluhisi3.o)
 .text          0x00000000        0x0 d:/atmelstudio/7.0/toolchain/avr8/avr8-gnu-toolchain/bin/../lib/gcc/avr/5.4.0/avr4\libgcc.a(_prologue.o)
 .data          0x00000000        0x0 d:/atmelstudio/7.0/toolchain/avr8/avr8-gnu-toolchain/bin/../lib/gcc/avr/5.4.0/avr4\libgcc.a(_prologue.o)
 .bss           0x00000000        0x0 d:/atmelstudio/7.0/toolchain/avr8/avr8-gnu-toolchain/bin/../lib/gcc/avr/5.4.0/avr4\libgcc.a(_prologue.o)
 .text.libgcc.mul
                0x00000000        0x0 d:/atmelstudio/7.0/toolchain/avr8/avr8-gnu-toolchain/bin/../lib/gcc/avr/5.4.0/avr4\libgcc.a(_prologue.o)
 .text.libgcc.div
                0x00000000        0x0 d:/atmelstudio/7.0/toolchain/avr8/avr8-gnu-toolchain/bin/../lib/gcc/avr/5.4.0/avr4\libgcc.a(_prologue.o)
 .text.libgcc   0x00000000        0x0 d:/atmelstudio/7.0/toolchain/avr8/avr8-gnu-toolchain/bin/../lib/gcc/avr/5.4.0/avr4\libgcc.a(_prologue.o)
 .text.libgcc.builtins
                0x00000000        0x0 d:/atmelstudio/7.0/toolchain/avr8/avr8-gnu-toolchain/bin/../lib/gcc/avr/5.4.0/avr4\libgcc.a(_prologue.o)
 .text.libgcc.fmul
                0x00000000        0x0 d:/atmelstudio/7.0/toolchain/avr8/avr8-gnu-toolchain/bin/../lib/gcc/avr/5.4.0/avr4\libgcc.a(_prologue.o)
 .text.libgcc.fixed
                0x00000000        0x0 d:/atmelstudio/7.0/toolchain/avr8/avr8-gnu-toolchain/bin/../lib/gcc/avr/5.4.0/avr4\libgcc.a(_prologue.o)
 .text          0x00000000        0x0 d:/atmelstudio/7.0/toolchain/avr8/avr8-gnu-toolchain/bin/../lib/gcc/avr/5.4.0/avr4\libgcc.a(_epilogue.o)
 .data          0x00000000        0x0 d:/atmelstudio/7.0/toolchain/avr8/avr8-gnu-toolchain/bin/../lib/gcc/avr/5.4.0/avr4\libgcc.a(_epilogue.o)
 .bss           0x00000000        0x0 d:/atmelstudio/7.0/toolchain/avr8/avr8-gnu-toolchain/bin/../lib/gcc/avr/5.4.0/avr4\libgcc.a(_epilogue.o)
 .text.libgcc.mul
                0x00000000        0x0 d:/atmelstudio/7.0/toolchain/avr8/avr8-gnu-toolchain/bin/../lib/gcc/avr/5.4.0/avr4\libgcc.a(_epilogue.o)
 .text.libgcc.div
                0x00000000        0x0 d:/atmelstudio/7.0/toolchain/avr8/avr8-gnu-toolchain/bin/../lib/gcc/avr/5.4.0/avr4\libgcc.a(_epilogue.o)
 .text.libgcc   0x00000000        0x0 d:/atmelstudio/7.0/toolchain/avr8/avr8-gnu-toolchain/bin/../lib/gcc/avr/5.4.0/avr4\libgcc.a(_epilogue.o)
 .text.libgcc.builtins
                0x00000000        0x0 d:/atmelstudio/7.0/toolchain/avr8/avr8-gnu-toolchain/bin/../lib/gcc/avr/5.4.0/avr4\libgcc.a(_epilogue.o)
 .text.libgcc.fmul
                0x00000000        0x0 d:/atmelstudio/7.0/toolchain/avr8/avr8-gnu-toolchain/bin/../lib/gcc/avr/5.4.0/avr4\libgcc.a(_epilogue.o)
 .text.libgcc.fixed
                0x00000000        0x0 d:/atmelstudio/7.0/toolchain/avr8/avr8-gnu-toolchain/bin/../lib/gcc/avr/5.4.0/avr4\libgcc.a(_epilogue.o)
 .text          0x00000000        0x0 d:/atmelstudio/7.0/toolchain/avr8/avr8-gnu-toolchain/bin/../lib/gcc/avr/5.4.0/avr4\libgcc.a(_umulhisi3.o)
 .data          0x00000000        0x0 d:/atmelstudio/7.0/toolchain/avr8/avr8-gnu-toolchain/bin/../lib/gcc/avr/5.4.0/avr4\libgcc.a(_umulhisi3.o)
 .bss           0x00000000        0x0 d:/atmelstudio/7.0/toolchain/avr8/avr8-gnu-toolchain/bin/../lib/gcc/avr/5.4.0/avr4\libgcc.a(_umulhisi3.o)
 .text.libgcc.div
                0x00000000        0x0 d:/atmelstudio/7.0/toolchain/avr8/avr8-gnu-toolchain/bin/../lib/gcc/avr/5.4.0/avr4\libgcc.a(_umulhisi3.o)
 .text.libgcc   0x00000000        0x0 d:/atmelstudio/7.0/toolchain/avr8/avr8-gnu-toolchain/bin/../lib/gcc/avr/5.4.0/avr4\libgcc.a(_umulhisi3.o)
 .text.libgcc.prologue
                0x00000000        0x0 d:/atmelstudio/7.0/toolchain/avr8/avr8-gnu-toolchain/bin/../lib/gcc/avr/5.4.0/avr4\libgcc.a(_umulhisi3.o)
 .text.libgcc.builtins
                0x00000000        0x0 d:/atmelstudio/7.0/toolchain/avr8/avr8-gnu-toolchain/bin/../lib/gcc/avr/5.4.0/avr4\libgcc.a(_umulhisi3.o)
 .text.libgcc.fmul
                0x00000000        0x0 d:/atmelstudio/7.0/toolchain/avr8/avr8-gnu-toolchain/bin/../lib/gcc/avr/5.4.0/avr4\libgcc.a(_umulhisi3.o)
 .text.libgcc.fixed
                0x00000000        0x0 d:/atmelstudio/7.0/toolchain/avr8/avr8-gnu-toolchain/bin/../lib/gcc/avr/5.4.0/avr4\libgcc.a(_umulhisi3.o)

Memory Configuration

Name             Origin             Length             Attributes
text             0x00000000         0x00002000         xr
data             0x00800060         0x00000400         rw !x
eeprom           0x00810000         0x00000200         rw !x
fuse             0x00820000         0x00000002         rw !x
lock             0x00830000         0x00000400         rw !x
signature        0x00840000         0x00000400         rw !x
user_signatures  0x00850000         0x00000400         rw !x
*default*        0x00000000         0xffffffff

Linker script and memory map

LOAD D:/AtmelStudio/7.0/Packs/atmel/ATmega_DFP/1.6.364/gcc/dev/atmega8a/avr4/crtatmega8a.o
LOAD Controller.o
LOAD DS18B20.o
LOAD eeprom.o
LOAD main.o
LOAD MAX7219.o
LOAD NRF24.o
LOAD TWI.o
LOAD usart.o
START GROUP
LOAD d:/atmelstudio/7.0/toolchain/avr8/avr8-gnu-toolchain/bin/../lib/gcc/avr/5.4.0/../../../../avr/lib/avr4\libm.a
END GROUP
START GROUP
LOAD d:/atmelstudio/7.0/toolchain/avr8/avr8-gnu-toolchain/bin/../lib/gcc/avr/5.4.0/avr4\libgcc.a
LOAD d:/atmelstudio/7.0/toolchain/avr8/avr8-gnu-toolchain/bin/../lib/gcc/avr/5.4.0/../../../../avr/lib/avr4\libm.a
LOAD d:/atmelstudio/7.0/toolchain/avr8/avr8-gnu-toolchain/bin/../lib/gcc/avr/5.4.0/../../../../avr/lib/avr4\libc.a
LOAD D:/AtmelStudio/7.0/Packs/atmel/ATmega_DFP/1.6.364/gcc/dev/atmega8a/avr4\libatmega8a.a
END GROUP
                [0x00000000]                __TEXT_REGION_ORIGIN__ = DEFINED (__TEXT_REGION_ORIGIN__)?__TEXT_REGION_ORIGIN__:0x0
                [0x00800060]                __DATA_REGION_ORIGIN__ = DEFINED (__DATA_REGION_ORIGIN__)?__DATA_REGION_ORIGIN__:0x800060
                [0x00002000]                __TEXT_REGION_LENGTH__ = DEFINED (__TEXT_REGION_LENGTH__)?__TEXT_REGION_LENGTH__:0x2000
                [0x00000400]                __DATA_REGION_LENGTH__ = DEFINED (__DATA_REGION_LENGTH__)?__DATA_REGION_LENGTH__:0xffa0
                [0x00000200]                __EEPROM_REGION_LENGTH__ = DEFINED (__EEPROM_REGION_LENGTH__)?__EEPROM_REGION_LENGTH__:0x10000
                [0x00000002]                __FUSE_REGION_LENGTH__ = DEFINED (__FUSE_REGION_LENGTH__)?__FUSE_REGION_LENGTH__:0x400
                0x00000400                __LOCK_REGION_LENGTH__ = DEFINED (__LOCK_REGION_LENGTH__)?__LOCK_REGION_LENGTH__:0x400
                0x00000400                __SIGNATURE_REGION_LENGTH__ = DEFINED (__SIGNATURE_REGION_LENGTH__)?__SIGNATURE_REGION_LENGTH__:0x400
                0x00000400                __USER_SIGNATURE_REGION_LENGTH__ = DEFINED (__USER_SIGNATURE_REGION_LENGTH__)?__USER_SIGNATURE_REGION_LENGTH__:0x400

.hash
 *(.hash)

.dynsym
 *(.dynsym)

.dynstr
 *(.dynstr)

.gnu.version
 *(.gnu.version)

.gnu.version_d
 *(.gnu.version_d)

.gnu.version_r
 *(.gnu.version_r)

.rel.init
 *(.rel.init)

.rela.init
 *(.rela.init)

.rel.text
 *(.rel.text)
 *(.rel.text.*)
 *(.rel.gnu.linkonce.t*)

.rela.text
 *(.rela.text)
 *(.rela.text.*)
 *(.rela.gnu.linkonce.t*)

.rel.fini
 *(.rel.fini)

.rela.fini
 *(.rela.fini)

.rel.rodata
 *(.rel.rodata)
 *(.rel.rodata.*)
 *(.rel.gnu.linkonce.r*)

.rela.rodata
 *(.rela.rodata)
 *(.rela.rodata.*)
 *(.rela.gnu.linkonce.r*)

.rel.data
 *(.rel.data)
 *(.rel.data.*)
 *(.rel.gnu.linkonce.d*)

.rela.data
 *(.rela.data)
 *(.rela.data.*)
 *(.rela.gnu.linkonce.d*)

.rel.ctors
 *(.rel.ctors)

.rela.ctors
 *(.rela.ctors)

.rel.dtors
 *(.rel.dtors)

.rela.dtors
 *(.rela.dtors)

.rel.got
 *(.rel.got)

.rela.got
 *(.rela.got)

.rel.bss
 *(.rel.bss)

.rela.bss
 *(.rela.bss)

.rel.plt
 *(.rel.plt)

.rela.plt
 *(.rela.plt)

.text           0x00000000     0x1ba0
 *(.vectors)
 .vectors       0x00000000       0x26 D:/AtmelStudio/7.0/Packs/atmel/ATmega_DFP/1.6.364/gcc/dev/atmega8a/avr4/crtatmega8a.o
                0x00000000                __vector_default
                0x00000000                __vectors
 *(.vectors)
 *(.progmem.gcc*)
                0x00000026                . = ALIGN (0x2)
                0x00000026                __trampolines_start = .
 *(.trampolines)
 .trampolines   0x00000026        0x0 linker stubs
 *(.trampolines*)
                0x00000026                __trampolines_end = .
 *libprintf_flt.a:*(.progmem.data)
 *libc.a:*(.progmem.data)
 *(.progmem*)
                0x00000026                . = ALIGN (0x2)
 *(.jumptables)
 *(.jumptables*)
 *(.lowtext)
 *(.lowtext*)
                0x00000026                __ctors_start = .
 *(.ctors)
                0x00000026                __ctors_end = .
                0x00000026                __dtors_start = .
 *(.dtors)
                0x00000026                __dtors_end = .
 SORT(*)(.ctors)
 SORT(*)(.dtors)
 *(.init0)
 .init0         0x00000026        0x0 D:/AtmelStudio/7.0/Packs/atmel/ATmega_DFP/1.6.364/gcc/dev/atmega8a/avr4/crtatmega8a.o
                0x00000026                __init
 *(.init0)
 *(.init1)
 *(.init1)
 *(.init2)
 .init2         0x00000026        0xc D:/AtmelStudio/7.0/Packs/atmel/ATmega_DFP/1.6.364/gcc/dev/atmega8a/avr4/crtatmega8a.o
 *(.init2)
 *(.init3)
 *(.init3)
 *(.init4)
 .init4         0x00000032       0x16 d:/atmelstudio/7.0/toolchain/avr8/avr8-gnu-toolchain/bin/../lib/gcc/avr/5.4.0/avr4\libgcc.a(_copy_data.o)
                0x00000032                __do_copy_data
 .init4         0x00000048       0x10 d:/atmelstudio/7.0/toolchain/avr8/avr8-gnu-toolchain/bin/../lib/gcc/avr/5.4.0/avr4\libgcc.a(_clear_bss.o)
                0x00000048                __do_clear_bss
 *(.init4)
 *(.init5)
 *(.init5)
 *(.init6)
 *(.init6)
 *(.init7)
 *(.init7)
 *(.init8)
 *(.init8)
 *(.init9)
 .init9         0x00000058        0x4 D:/AtmelStudio/7.0/Packs/atmel/ATmega_DFP/1.6.364/gcc/dev/atmega8a/avr4/crtatmega8a.o
 *(.init9)
 *(.text)
 .text          0x0000005c        0x2 D:/AtmelStudio/7.0/Packs/atmel/ATmega_DFP/1.6.364/gcc/dev/atmega8a/avr4/crtatmega8a.o
                0x0000005c                __vector_12
                0x0000005c                __bad_interrupt
                0x0000005c                __vector_13
                0x0000005c                __vector_17
                0x0000005c                __vector_7
                0x0000005c                __vector_5
                0x0000005c                __vector_4
                0x0000005c                __vector_9
                0x0000005c                __vector_15
                0x0000005c                __vector_8
                0x0000005c                __vector_14
                0x0000005c                __vector_10
                0x0000005c                __vector_16
                0x0000005c                __vector_18
                0x0000005e                . = ALIGN (0x2)
 *(.text.*)
 .text.gas_boiler_controller
                0x0000005e       0x56 Controller.o
                0x0000005e                gas_boiler_controller
 .text.dt_testdevice
                0x000000b4       0x3a DS18B20.o
                0x000000b4                dt_testdevice
 .text.dt_readbit
                0x000000ee       0x2a DS18B20.o
                0x000000ee                dt_readbit
 .text.dt_readbyte
                0x00000118       0x2c DS18B20.o
                0x00000118                dt_readbyte
 .text.dt_sendbit
                0x00000144       0x24 DS18B20.o
                0x00000144                dt_sendbit
 .text.dt_sendbyte
                0x00000168       0x52 DS18B20.o
                0x00000168                dt_sendbyte
 .text.dt_check
                0x000001ba       0x46 DS18B20.o
                0x000001ba                dt_check
 .text.DS18b0_find_temp
                0x00000200       0x54 DS18B20.o
                0x00000200                DS18b0_find_temp
 .text.EEPROM_write
                0x00000254       0x10 eeprom.o
                0x00000254                EEPROM_write
 .text.EEPROM_read
                0x00000264        0xe eeprom.o
                0x00000264                EEPROM_read
 .text.timer2_ini
                0x00000272       0x18 main.o
                0x00000272                timer2_ini
 .text.__vector_3
                0x0000028a      0x106 main.o
                0x0000028a                __vector_3
 .text.timer1_ini
                0x00000390       0x1c main.o
                0x00000390                timer1_ini
 .text.__vector_6
                0x000003ac       0xfa main.o
                0x000003ac                __vector_6
 .text.__vector_2
                0x000004a6       0x9c main.o
                0x000004a6                __vector_2
 .text.SPI_init
                0x00000542       0x16 main.o
                0x00000542                SPI_init
 .text.port_init
                0x00000558       0x2e main.o
                0x00000558                port_init
 .text.__vector_11
                0x00000586      0x1fa main.o
                0x00000586                __vector_11
 .text.spi_send_recv
                0x00000780        0xa main.o
                0x00000780                spi_send_recv
 .text.startup.main
                0x0000078a      0x338 main.o
                0x0000078a                main
 .text.Send_MAX7219
                0x00000ac2       0x1a MAX7219.o
                0x00000ac2                Send_MAX7219
 .text.MAX7219_clear
                0x00000adc       0x2a MAX7219.o
                0x00000adc                MAX7219_clear
 .text.MAX7219_init
                0x00000b06       0xb2 MAX7219.o
                0x00000b06                MAX7219_init
 .text.PrintTemp_MAX7219
                0x00000bb8       0xea MAX7219.o
                0x00000bb8                PrintTemp_MAX7219
 .text.NRF24_Transmit
                0x00000ca2       0x46 NRF24.o
                0x00000ca2                NRF24_Transmit
 .text.NRF24_FlushRX
                0x00000ce8       0x14 NRF24.o
                0x00000ce8                NRF24_FlushRX
 .text.NRF24_FlushTX
                0x00000cfc       0x14 NRF24.o
                0x00000cfc                NRF24_FlushTX
 .text.NRF24_ToggleFeatures
                0x00000d10       0x1a NRF24.o
                0x00000d10                NRF24_ToggleFeatures
 .text.NRF24_Read_Buf
                0x00000d2a       0x3c NRF24.o
                0x00000d2a                NRF24_Read_Buf
 .text.NRF24_Write_Buf
                0x00000d66       0x44 NRF24.o
                0x00000d66                NRF24_Write_Buf
 .text.NRF24L01_TX_Mode
                0x00000daa       0x1a NRF24.o
                0x00000daa                NRF24L01_TX_Mode
 .text.nRF_write_register
                0x00000dc4       0x18 NRF24.o
                0x00000dc4                nRF_write_register
 .text.nRF_read_register
                0x00000ddc       0x1a NRF24.o
                0x00000ddc                nRF_read_register
 .text.__vector_1
                0x00000df6      0x2ea NRF24.o
                0x00000df6                __vector_1
 .text.NRF24L01_RX_Mode
                0x000010e0       0x32 NRF24.o
                0x000010e0                NRF24L01_RX_Mode
 .text.NRF24_ini
                0x00001112       0x74 NRF24.o
                0x00001112                NRF24_ini
 .text.NRF24L01_Send
                0x00001186       0x82 NRF24.o
                0x00001186                NRF24L01_Send
 .text.USART_Init
                0x00001208       0x16 usart.o
                0x00001208                USART_Init
 .text.USART_Transmit
                0x0000121e       0x2e usart.o
                0x0000121e                USART_Transmit
 .text.libgcc.div
                0x0000124c       0x28 d:/atmelstudio/7.0/toolchain/avr8/avr8-gnu-toolchain/bin/../lib/gcc/avr/5.4.0/avr4\libgcc.a(_udivmodhi4.o)
                0x0000124c                __udivmodhi4
 .text.libgcc.div
                0x00001274       0x26 d:/atmelstudio/7.0/toolchain/avr8/avr8-gnu-toolchain/bin/../lib/gcc/avr/5.4.0/avr4\libgcc.a(_divmodhi4.o)
                0x00001274                _div
                0x00001274                __divmodhi4
 .text.libgcc.div
                0x0000129a       0x28 d:/atmelstudio/7.0/toolchain/avr8/avr8-gnu-toolchain/bin/../lib/gcc/avr/5.4.0/avr4\libgcc.a(_divmodsi4.o)
                0x0000129a                __divmodsi4
 .text.libgcc.div
                0x000012c2       0x10 d:/atmelstudio/7.0/toolchain/avr8/avr8-gnu-toolchain/bin/../lib/gcc/avr/5.4.0/avr4\libgcc.a(_negsi2.o)
                0x000012c2                __negsi2
 .text.libgcc.div
                0x000012d2       0x44 d:/atmelstudio/7.0/toolchain/avr8/avr8-gnu-toolchain/bin/../lib/gcc/avr/5.4.0/avr4\libgcc.a(_udivmodsi4.o)
                0x000012d2                __udivmodsi4
 .text.avr-libc
                0x00001316      0x222 d:/atmelstudio/7.0/toolchain/avr8/avr8-gnu-toolchain/bin/../lib/gcc/avr/5.4.0/../../../../avr/lib/avr4\libc.a(strtol.o)
                0x00001316                strtol
 .text.avr-libc
                0x00001538       0x10 d:/atmelstudio/7.0/toolchain/avr8/avr8-gnu-toolchain/bin/../lib/gcc/avr/5.4.0/../../../../avr/lib/avr4\libc.a(isspace.o)
                0x00001538                isspace
 .text.avr-libc
                0x00001548       0x12 d:/atmelstudio/7.0/toolchain/avr8/avr8-gnu-toolchain/bin/../lib/gcc/avr/5.4.0/../../../../avr/lib/avr4\libc.a(memcpy.o)
                0x00001548                memcpy
 .text.avr-libc
                0x0000155a        0xe d:/atmelstudio/7.0/toolchain/avr8/avr8-gnu-toolchain/bin/../lib/gcc/avr/5.4.0/../../../../avr/lib/avr4\libc.a(memset.o)
                0x0000155a                memset
 .text.avr-libc
                0x00001568       0x34 d:/atmelstudio/7.0/toolchain/avr8/avr8-gnu-toolchain/bin/../lib/gcc/avr/5.4.0/../../../../avr/lib/avr4\libc.a(strstr.o)
                0x00001568                strstr
 .text.avr-libc
                0x0000159c       0x3e d:/atmelstudio/7.0/toolchain/avr8/avr8-gnu-toolchain/bin/../lib/gcc/avr/5.4.0/../../../../avr/lib/avr4\libc.a(sprintf.o)
                0x0000159c                sprintf
 .text.avr-libc
                0x000015da      0x3a4 d:/atmelstudio/7.0/toolchain/avr8/avr8-gnu-toolchain/bin/../lib/gcc/avr/5.4.0/../../../../avr/lib/avr4\libc.a(vfprintf_std.o)
                0x000015da                vfprintf
 .text.avr-libc
                0x0000197e        0x6 d:/atmelstudio/7.0/toolchain/avr8/avr8-gnu-toolchain/bin/../lib/gcc/avr/5.4.0/../../../../avr/lib/avr4\libc.a(cty_isfalse.o)
                0x0000197e                __ctype_isfalse
                0x00001982                __ctype_istrue
 .text.avr-libc
                0x00001984       0x16 d:/atmelstudio/7.0/toolchain/avr8/avr8-gnu-toolchain/bin/../lib/gcc/avr/5.4.0/../../../../avr/lib/avr4\libc.a(strnlen_P.o)
                0x00001984                strnlen_P
 .text.avr-libc
                0x0000199a       0x16 d:/atmelstudio/7.0/toolchain/avr8/avr8-gnu-toolchain/bin/../lib/gcc/avr/5.4.0/../../../../avr/lib/avr4\libc.a(strnlen.o)
                0x0000199a                strnlen
 .text.avr-libc
                0x000019b0       0x78 d:/atmelstudio/7.0/toolchain/avr8/avr8-gnu-toolchain/bin/../lib/gcc/avr/5.4.0/../../../../avr/lib/avr4\libc.a(fputc.o)
                0x000019b0                fputc
 .text.avr-libc
                0x00001a28       0xbc d:/atmelstudio/7.0/toolchain/avr8/avr8-gnu-toolchain/bin/../lib/gcc/avr/5.4.0/../../../../avr/lib/avr4\libc.a(ultoa_invert.o)
                0x00001a28                __ultoa_invert
 .text.libgcc.mul
                0x00001ae4       0x1e d:/atmelstudio/7.0/toolchain/avr8/avr8-gnu-toolchain/bin/../lib/gcc/avr/5.4.0/avr4\libgcc.a(_mulsi3.o)
                0x00001ae4                __mulsi3
 .text.libgcc.mul
                0x00001b02       0x14 d:/atmelstudio/7.0/toolchain/avr8/avr8-gnu-toolchain/bin/../lib/gcc/avr/5.4.0/avr4\libgcc.a(_muluhisi3.o)
                0x00001b02                __muluhisi3
 .text.libgcc.prologue
                0x00001b16       0x38 d:/atmelstudio/7.0/toolchain/avr8/avr8-gnu-toolchain/bin/../lib/gcc/avr/5.4.0/avr4\libgcc.a(_prologue.o)
                0x00001b16                __prologue_saves__
 .text.libgcc.prologue
                0x00001b4e       0x36 d:/atmelstudio/7.0/toolchain/avr8/avr8-gnu-toolchain/bin/../lib/gcc/avr/5.4.0/avr4\libgcc.a(_epilogue.o)
                0x00001b4e                __epilogue_restores__
 .text.libgcc.mul
                0x00001b84       0x18 d:/atmelstudio/7.0/toolchain/avr8/avr8-gnu-toolchain/bin/../lib/gcc/avr/5.4.0/avr4\libgcc.a(_umulhisi3.o)
                0x00001b84                __umulhisi3
                0x00001b9c                . = ALIGN (0x2)
 *(.fini9)
 .fini9         0x00001b9c        0x0 d:/atmelstudio/7.0/toolchain/avr8/avr8-gnu-toolchain/bin/../lib/gcc/avr/5.4.0/avr4\libgcc.a(_exit.o)
                0x00001b9c                _exit
                0x00001b9c                exit
 *(.fini9)
 *(.fini8)
 *(.fini8)
 *(.fini7)
 *(.fini7)
 *(.fini6)
 *(.fini6)
 *(.fini5)
 *(.fini5)
 *(.fini4)
 *(.fini4)
 *(.fini3)
 *(.fini3)
 *(.fini2)
 *(.fini2)
 *(.fini1)
 *(.fini1)
 *(.fini0)
 .fini0         0x00001b9c        0x4 d:/atmelstudio/7.0/toolchain/avr8/avr8-gnu-toolchain/bin/../lib/gcc/avr/5.4.0/avr4\libgcc.a(_exit.o)
 *(.fini0)
                0x00001ba0                _etext = .

.data           0x00800060       0x40 load address 0x00001ba0
                0x00800060                PROVIDE (__data_start, .)
 *(.data)
 *(.data*)
 .data.TX_ADDRESS1
                0x00800060        0x3 NRF24.o
                0x00800060                TX_ADDRESS1
 .data.TX_ADDRESS0
                0x00800063        0x3 NRF24.o
                0x00800063                TX_ADDRESS0
 *(.gnu.linkonce.d*)
 *(.rodata)
 *(.rodata*)
 .rodata.str1.1
                0x00800066       0x39 main.o
 *(.gnu.linkonce.r*)
                0x008000a0                . = ALIGN (0x2)
 *fill*         0x0080009f        0x1 
                0x008000a0                _edata = .
                0x008000a0                PROVIDE (__data_end, .)

.bss            0x008000a0       0x84
                0x008000a0                PROVIDE (__bss_start, .)
 *(.bss)
 *(.bss*)
 .bss.uart_rx_count
                0x008000a0        0x2 main.o
                0x008000a0                uart_rx_count
 .bss.DATA_TO_UART
                0x008000a2       0x1e main.o
                0x008000a2                DATA_TO_UART
 .bss.DOWN_BUTTON_FLAG
                0x008000c0        0x1 main.o
                0x008000c0                DOWN_BUTTON_FLAG
 .bss.UP_BUTTON_FLAG
                0x008000c1        0x1 main.o
                0x008000c1                UP_BUTTON_FLAG
 .bss.OK_BUTTON_FLAG
                0x008000c2        0x1 main.o
                0x008000c2                OK_BUTTON_FLAG
 .bss.millis_hometemp_update
                0x008000c3        0x4 main.o
                0x008000c3                millis_hometemp_update
 .bss.millis    0x008000c7        0x4 main.o
                0x008000c7                millis
 .bss.work_mode
                0x008000cb        0x1 main.o
                0x008000cb                work_mode
 .bss.work_mode_from_BD
                0x008000cc        0x1 main.o
                0x008000cc                work_mode_from_BD
 .bss.gas_boiler_enable_flag_from_BD
                0x008000cd        0x1 main.o
                0x008000cd                gas_boiler_enable_flag_from_BD
 .bss.temp_setpoint_fraction_from_BD
                0x008000ce        0x1 main.o
                0x008000ce                temp_setpoint_fraction_from_BD
 .bss.temp_setpoint_integer_from_BD
                0x008000cf        0x1 main.o
                0x008000cf                temp_setpoint_integer_from_BD
 .bss.home_temp_own_fraction
                0x008000d0        0x1 main.o
                0x008000d0                home_temp_own_fraction
 .bss.home_temp_own_integer
                0x008000d1        0x1 main.o
                0x008000d1                home_temp_own_integer
 .bss.gas_boiler_enable_flag
                0x008000d2        0x1 main.o
                0x008000d2                gas_boiler_enable_flag
 .bss.buf1      0x008000d3        0xa main.o
                0x008000d3                buf1
 .bss.rx_flag   0x008000dd        0x1 NRF24.o
                0x008000dd                rx_flag
 .bss.RX_BUF    0x008000de        0x5 NRF24.o
                0x008000de                RX_BUF
 *(COMMON)
 COMMON         0x008000e3       0x3a main.o
                0x008000e3                temp_setpoint
                0x008000e5                retr_cnt
                0x008000e6                retr_cnt_full
                0x008000e8                dt
                0x008000e9                uart_rx_buffer
                0x0080011b                INTER_COUNT
 COMMON         0x0080011d        0x5 NRF24.o
                0x0080011d                temp_setpoint_fraction
                0x0080011e                pipe
                0x0080011f                home_temp_rx_integer
                0x00800120                home_temp_rx_fraction
                0x00800121                temp_setpoint_integer
 COMMON         0x00800122        0x2 d:/atmelstudio/7.0/toolchain/avr8/avr8-gnu-toolchain/bin/../lib/gcc/avr/5.4.0/../../../../avr/lib/avr4\libc.a(errno.o)
                0x00800122                errno
                0x00800124                PROVIDE (__bss_end, .)
                0x00001ba0                __data_load_start = LOADADDR (.data)
                0x00001be0                __data_load_end = (__data_load_start + SIZEOF (.data))

.noinit         0x00800124        0x0
                [!provide]                PROVIDE (__noinit_start, .)
 *(.noinit*)
                [!provide]                PROVIDE (__noinit_end, .)
                0x00800124                _end = .
                0x00800124                PROVIDE (__heap_start, .)

.eeprom         0x00810000        0x0
 *(.eeprom*)
                0x00810000                __eeprom_end = .

.fuse
 *(.fuse)
 *(.lfuse)
 *(.hfuse)
 *(.efuse)

.lock
 *(.lock*)

.signature
 *(.signature*)

.user_signatures
 *(.user_signatures*)

.stab
 *(.stab)

.stabstr
 *(.stabstr)

.stab.excl
 *(.stab.excl)

.stab.exclstr
 *(.stab.exclstr)

.stab.index
 *(.stab.index)

.stab.indexstr
 *(.stab.indexstr)

.comment        0x00000000       0x5c
 *(.comment)
 .comment       0x00000000       0x30 Controller.o
                                 0x31 (size before relaxing)
 .comment       0x00000030       0x31 DS18B20.o
 .comment       0x00000030       0x31 eeprom.o
 .comment       0x00000030       0x31 main.o
 .comment       0x00000030       0x31 MAX7219.o
 .comment       0x00000030       0x31 NRF24.o
 .comment       0x00000030       0x31 usart.o
 .comment       0x00000030       0x31 d:/atmelstudio/7.0/toolchain/avr8/avr8-gnu-toolchain/bin/../lib/gcc/avr/5.4.0/../../../../avr/lib/avr4\libc.a(strtol.o)
 .comment       0x00000030       0x31 d:/atmelstudio/7.0/toolchain/avr8/avr8-gnu-toolchain/bin/../lib/gcc/avr/5.4.0/../../../../avr/lib/avr4\libc.a(sprintf.o)
 .comment       0x00000030       0x2c d:/atmelstudio/7.0/toolchain/avr8/avr8-gnu-toolchain/bin/../lib/gcc/avr/5.4.0/../../../../avr/lib/avr4\libc.a(vfprintf_std.o)
                                 0x2d (size before relaxing)
 .comment       0x0000005c       0x2d d:/atmelstudio/7.0/toolchain/avr8/avr8-gnu-toolchain/bin/../lib/gcc/avr/5.4.0/../../../../avr/lib/avr4\libc.a(errno.o)
 .comment       0x0000005c       0x31 d:/atmelstudio/7.0/toolchain/avr8/avr8-gnu-toolchain/bin/../lib/gcc/avr/5.4.0/../../../../avr/lib/avr4\libc.a(fputc.o)

.note.gnu.avr.deviceinfo
                0x00000000       0x3c
 .note.gnu.avr.deviceinfo
                0x00000000       0x3c D:/AtmelStudio/7.0/Packs/atmel/ATmega_DFP/1.6.364/gcc/dev/atmega8a/avr4/crtatmega8a.o

.note.gnu.build-id
 *(.note.gnu.build-id)

.debug
 *(.debug)

.line
 *(.line)

.debug_srcinfo
 *(.debug_srcinfo)

.debug_sfnames
 *(.debug_sfnames)

.debug_aranges  0x00000000      0x230
 *(.debug_aranges)
 .debug_aranges
                0x00000000       0x20 Controller.o
 .debug_aranges
                0x00000020       0x58 DS18B20.o
 .debug_aranges
                0x00000078       0x58 eeprom.o
 .debug_aranges
                0x000000d0       0x68 main.o
 .debug_aranges
                0x00000138       0x40 MAX7219.o
 .debug_aranges
                0x00000178       0x88 NRF24.o
 .debug_aranges
                0x00000200       0x30 usart.o

.debug_pubnames
 *(.debug_pubnames)

.debug_info     0x00000000     0x302a
 *(.debug_info .gnu.linkonce.wi.*)
 .debug_info    0x00000000      0x48c D:/AtmelStudio/7.0/Packs/atmel/ATmega_DFP/1.6.364/gcc/dev/atmega8a/avr4/crtatmega8a.o
 .debug_info    0x0000048c       0xff Controller.o
 .debug_info    0x0000058b      0x574 DS18B20.o
 .debug_info    0x00000aff      0x3d1 eeprom.o
 .debug_info    0x00000ed0      0xc7a main.o
 .debug_info    0x00001b4a      0x661 MAX7219.o
 .debug_info    0x000021ab      0xd57 NRF24.o
 .debug_info    0x00002f02      0x128 usart.o

.debug_abbrev   0x00000000      0xf09
 *(.debug_abbrev)
 .debug_abbrev  0x00000000      0x44e D:/AtmelStudio/7.0/Packs/atmel/ATmega_DFP/1.6.364/gcc/dev/atmega8a/avr4/crtatmega8a.o
 .debug_abbrev  0x0000044e       0x90 Controller.o
 .debug_abbrev  0x000004de      0x1c9 DS18B20.o
 .debug_abbrev  0x000006a7      0x151 eeprom.o
 .debug_abbrev  0x000007f8      0x25d main.o
 .debug_abbrev  0x00000a55      0x1b1 MAX7219.o
 .debug_abbrev  0x00000c06      0x27a NRF24.o
 .debug_abbrev  0x00000e80       0x89 usart.o

.debug_line     0x00000000     0x19a9
 *(.debug_line .debug_line.* .debug_line_end)
 .debug_line    0x00000000      0x10a D:/AtmelStudio/7.0/Packs/atmel/ATmega_DFP/1.6.364/gcc/dev/atmega8a/avr4/crtatmega8a.o
 .debug_line    0x0000010a       0xce Controller.o
 .debug_line    0x000001d8      0x307 DS18B20.o
 .debug_line    0x000004df      0x257 eeprom.o
 .debug_line    0x00000736      0x70c main.o
 .debug_line    0x00000e42      0x348 MAX7219.o
 .debug_line    0x0000118a      0x6f2 NRF24.o
 .debug_line    0x0000187c      0x12d usart.o

.debug_frame    0x00000000      0x750
 *(.debug_frame)
 .debug_frame   0x00000000       0x24 Controller.o
 .debug_frame   0x00000024       0xcc DS18B20.o
 .debug_frame   0x000000f0      0x134 eeprom.o
 .debug_frame   0x00000224      0x268 main.o
 .debug_frame   0x0000048c       0xd0 MAX7219.o
 .debug_frame   0x0000055c      0x1b0 NRF24.o
 .debug_frame   0x0000070c       0x44 usart.o

.debug_str      0x00000000      0x940
 *(.debug_str)
 .debug_str     0x00000000      0x17a D:/AtmelStudio/7.0/Packs/atmel/ATmega_DFP/1.6.364/gcc/dev/atmega8a/avr4/crtatmega8a.o
 .debug_str     0x0000017a      0x1f5 Controller.o
                                0x22e (size before relaxing)
 .debug_str     0x0000036f      0x126 DS18B20.o
                                0x2a6 (size before relaxing)
 .debug_str     0x00000495       0xb8 eeprom.o
                                0x24e (size before relaxing)
 .debug_str     0x0000054d      0x243 main.o
                                0x505 (size before relaxing)
 .debug_str     0x00000790       0x5e MAX7219.o
                                0x256 (size before relaxing)
 .debug_str     0x000007ee      0x120 NRF24.o
                                0x3ea (size before relaxing)
 .debug_str     0x0000090e       0x32 usart.o
                                0x1d1 (size before relaxing)

.debug_loc      0x00000000     0x21aa
 *(.debug_loc)
 .debug_loc     0x00000000      0x4f0 DS18B20.o
 .debug_loc     0x000004f0      0x5d8 eeprom.o
 .debug_loc     0x00000ac8      0x75f main.o
 .debug_loc     0x00001227      0x545 MAX7219.o
 .debug_loc     0x0000176c      0x980 NRF24.o
 .debug_loc     0x000020ec       0xbe usart.o

.debug_macinfo
 *(.debug_macinfo)

.debug_weaknames
 *(.debug_weaknames)

.debug_funcnames
 *(.debug_funcnames)

.debug_typenames
 *(.debug_typenames)

.debug_varnames
 *(.debug_varnames)

.debug_pubtypes
 *(.debug_pubtypes)

.debug_ranges   0x00000000      0x1c0
 *(.debug_ranges)
 .debug_ranges  0x00000000       0x10 Controller.o
 .debug_ranges  0x00000010       0x48 DS18B20.o
 .debug_ranges  0x00000058       0x48 eeprom.o
 .debug_ranges  0x000000a0       0x58 main.o
 .debug_ranges  0x000000f8       0x30 MAX7219.o
 .debug_ranges  0x00000128       0x78 NRF24.o
 .debug_ranges  0x000001a0       0x20 usart.o

.debug_macro
 *(.debug_macro)
OUTPUT(GAS_BOILER_TRANSMITTER.elf elf32-avr)
LOAD linker stubs
