Archive member included to satisfy reference by file (symbol)

d:/atmelstudio/7.0/toolchain/avr8/avr8-gnu-toolchain/bin/../lib/gcc/avr/5.4.0/../../../../avr/lib/avr5\libm.a(fixsfsi.o)
                              WeatherStation.o (__fixsfsi)
d:/atmelstudio/7.0/toolchain/avr8/avr8-gnu-toolchain/bin/../lib/gcc/avr/5.4.0/../../../../avr/lib/avr5\libm.a(fixunssfsi.o)
                              d:/atmelstudio/7.0/toolchain/avr8/avr8-gnu-toolchain/bin/../lib/gcc/avr/5.4.0/../../../../avr/lib/avr5\libm.a(fixsfsi.o) (__fixunssfsi)
d:/atmelstudio/7.0/toolchain/avr8/avr8-gnu-toolchain/bin/../lib/gcc/avr/5.4.0/../../../../avr/lib/avr5\libm.a(floatsisf.o)
                              WeatherStation.o (__floatsisf)
d:/atmelstudio/7.0/toolchain/avr8/avr8-gnu-toolchain/bin/../lib/gcc/avr/5.4.0/../../../../avr/lib/avr5\libm.a(fp_split3.o)
                              d:/atmelstudio/7.0/toolchain/avr8/avr8-gnu-toolchain/bin/../lib/gcc/avr/5.4.0/../../../../avr/lib/avr5\libm.a(fixunssfsi.o) (__fp_splitA)
d:/atmelstudio/7.0/toolchain/avr8/avr8-gnu-toolchain/bin/../lib/gcc/avr/5.4.0/../../../../avr/lib/avr5\libm.a(fp_zero.o)
                              d:/atmelstudio/7.0/toolchain/avr8/avr8-gnu-toolchain/bin/../lib/gcc/avr/5.4.0/../../../../avr/lib/avr5\libm.a(fixunssfsi.o) (__fp_zero)
d:/atmelstudio/7.0/toolchain/avr8/avr8-gnu-toolchain/bin/../lib/gcc/avr/5.4.0/../../../../avr/lib/avr5\libm.a(mulsf3.o)
                              WeatherStation.o (__mulsf3)
d:/atmelstudio/7.0/toolchain/avr8/avr8-gnu-toolchain/bin/../lib/gcc/avr/5.4.0/../../../../avr/lib/avr5\libm.a(mulsf3x.o)
                              d:/atmelstudio/7.0/toolchain/avr8/avr8-gnu-toolchain/bin/../lib/gcc/avr/5.4.0/../../../../avr/lib/avr5\libm.a(mulsf3.o) (__mulsf3x)
d:/atmelstudio/7.0/toolchain/avr8/avr8-gnu-toolchain/bin/../lib/gcc/avr/5.4.0/../../../../avr/lib/avr5\libm.a(fp_inf.o)
                              d:/atmelstudio/7.0/toolchain/avr8/avr8-gnu-toolchain/bin/../lib/gcc/avr/5.4.0/../../../../avr/lib/avr5\libm.a(mulsf3x.o) (__fp_inf)
d:/atmelstudio/7.0/toolchain/avr8/avr8-gnu-toolchain/bin/../lib/gcc/avr/5.4.0/../../../../avr/lib/avr5\libm.a(fp_nan.o)
                              d:/atmelstudio/7.0/toolchain/avr8/avr8-gnu-toolchain/bin/../lib/gcc/avr/5.4.0/../../../../avr/lib/avr5\libm.a(mulsf3x.o) (__fp_nan)
d:/atmelstudio/7.0/toolchain/avr8/avr8-gnu-toolchain/bin/../lib/gcc/avr/5.4.0/../../../../avr/lib/avr5\libm.a(fp_pscA.o)
                              d:/atmelstudio/7.0/toolchain/avr8/avr8-gnu-toolchain/bin/../lib/gcc/avr/5.4.0/../../../../avr/lib/avr5\libm.a(mulsf3x.o) (__fp_pscA)
d:/atmelstudio/7.0/toolchain/avr8/avr8-gnu-toolchain/bin/../lib/gcc/avr/5.4.0/../../../../avr/lib/avr5\libm.a(fp_pscB.o)
                              d:/atmelstudio/7.0/toolchain/avr8/avr8-gnu-toolchain/bin/../lib/gcc/avr/5.4.0/../../../../avr/lib/avr5\libm.a(mulsf3x.o) (__fp_pscB)
d:/atmelstudio/7.0/toolchain/avr8/avr8-gnu-toolchain/bin/../lib/gcc/avr/5.4.0/../../../../avr/lib/avr5\libm.a(fp_round.o)
                              d:/atmelstudio/7.0/toolchain/avr8/avr8-gnu-toolchain/bin/../lib/gcc/avr/5.4.0/../../../../avr/lib/avr5\libm.a(mulsf3.o) (__fp_round)
d:/atmelstudio/7.0/toolchain/avr8/avr8-gnu-toolchain/bin/../lib/gcc/avr/5.4.0/avr5\libgcc.a(_mulsi3.o)
                              BMP180.o (__mulsi3)
d:/atmelstudio/7.0/toolchain/avr8/avr8-gnu-toolchain/bin/../lib/gcc/avr/5.4.0/avr5\libgcc.a(_divmodhi4.o)
                              NRF24.o (__divmodhi4)
d:/atmelstudio/7.0/toolchain/avr8/avr8-gnu-toolchain/bin/../lib/gcc/avr/5.4.0/avr5\libgcc.a(_udivmodsi4.o)
                              BMP180.o (__udivmodsi4)
d:/atmelstudio/7.0/toolchain/avr8/avr8-gnu-toolchain/bin/../lib/gcc/avr/5.4.0/avr5\libgcc.a(_divmodsi4.o)
                              BMP180.o (__divmodsi4)
d:/atmelstudio/7.0/toolchain/avr8/avr8-gnu-toolchain/bin/../lib/gcc/avr/5.4.0/avr5\libgcc.a(_negsi2.o)
                              d:/atmelstudio/7.0/toolchain/avr8/avr8-gnu-toolchain/bin/../lib/gcc/avr/5.4.0/avr5\libgcc.a(_divmodsi4.o) (__negsi2)
d:/atmelstudio/7.0/toolchain/avr8/avr8-gnu-toolchain/bin/../lib/gcc/avr/5.4.0/avr5\libgcc.a(_exit.o)
                              D:/AtmelStudio/7.0/Packs/atmel/ATmega_DFP/1.6.364/gcc/dev/atmega32a/avr5/crtatmega32a.o (exit)
d:/atmelstudio/7.0/toolchain/avr8/avr8-gnu-toolchain/bin/../lib/gcc/avr/5.4.0/avr5\libgcc.a(_tablejump2.o)
                              main.o (__tablejump2__)
d:/atmelstudio/7.0/toolchain/avr8/avr8-gnu-toolchain/bin/../lib/gcc/avr/5.4.0/avr5\libgcc.a(_copy_data.o)
                              main.o (__do_copy_data)
d:/atmelstudio/7.0/toolchain/avr8/avr8-gnu-toolchain/bin/../lib/gcc/avr/5.4.0/avr5\libgcc.a(_clear_bss.o)
                              BMP180.o (__do_clear_bss)
d:/atmelstudio/7.0/toolchain/avr8/avr8-gnu-toolchain/bin/../lib/gcc/avr/5.4.0/avr5\libgcc.a(_muluhisi3.o)
                              BMP180.o (__muluhisi3)
d:/atmelstudio/7.0/toolchain/avr8/avr8-gnu-toolchain/bin/../lib/gcc/avr/5.4.0/avr5\libgcc.a(_mulshisi3.o)
                              BMP180.o (__mulshisi3)
d:/atmelstudio/7.0/toolchain/avr8/avr8-gnu-toolchain/bin/../lib/gcc/avr/5.4.0/avr5\libgcc.a(_udivmodhi4.o)
                              d:/atmelstudio/7.0/toolchain/avr8/avr8-gnu-toolchain/bin/../lib/gcc/avr/5.4.0/avr5\libgcc.a(_divmodhi4.o) (__udivmodhi4)
d:/atmelstudio/7.0/toolchain/avr8/avr8-gnu-toolchain/bin/../lib/gcc/avr/5.4.0/avr5\libgcc.a(_umulhisi3.o)
                              d:/atmelstudio/7.0/toolchain/avr8/avr8-gnu-toolchain/bin/../lib/gcc/avr/5.4.0/avr5\libgcc.a(_muluhisi3.o) (__umulhisi3)
d:/atmelstudio/7.0/toolchain/avr8/avr8-gnu-toolchain/bin/../lib/gcc/avr/5.4.0/../../../../avr/lib/avr5\libc.a(memset.o)
                              NRF24.o (memset)
d:/atmelstudio/7.0/toolchain/avr8/avr8-gnu-toolchain/bin/../lib/gcc/avr/5.4.0/../../../../avr/lib/avr5\libc.a(strcmp.o)
                              WeatherStation.o (strcmp)
d:/atmelstudio/7.0/toolchain/avr8/avr8-gnu-toolchain/bin/../lib/gcc/avr/5.4.0/../../../../avr/lib/avr5\libc.a(sprintf.o)
                              main.o (sprintf)
d:/atmelstudio/7.0/toolchain/avr8/avr8-gnu-toolchain/bin/../lib/gcc/avr/5.4.0/../../../../avr/lib/avr5\libc.a(sscanf.o)
                              WeatherStation.o (sscanf)
d:/atmelstudio/7.0/toolchain/avr8/avr8-gnu-toolchain/bin/../lib/gcc/avr/5.4.0/../../../../avr/lib/avr5\libc.a(vfprintf_std.o)
                              d:/atmelstudio/7.0/toolchain/avr8/avr8-gnu-toolchain/bin/../lib/gcc/avr/5.4.0/../../../../avr/lib/avr5\libc.a(sprintf.o) (vfprintf)
d:/atmelstudio/7.0/toolchain/avr8/avr8-gnu-toolchain/bin/../lib/gcc/avr/5.4.0/../../../../avr/lib/avr5\libc.a(vfscanf_std.o)
                              d:/atmelstudio/7.0/toolchain/avr8/avr8-gnu-toolchain/bin/../lib/gcc/avr/5.4.0/../../../../avr/lib/avr5\libc.a(sscanf.o) (vfscanf)
d:/atmelstudio/7.0/toolchain/avr8/avr8-gnu-toolchain/bin/../lib/gcc/avr/5.4.0/../../../../avr/lib/avr5\libc.a(isspace.o)
                              d:/atmelstudio/7.0/toolchain/avr8/avr8-gnu-toolchain/bin/../lib/gcc/avr/5.4.0/../../../../avr/lib/avr5\libc.a(vfscanf_std.o) (isspace)
d:/atmelstudio/7.0/toolchain/avr8/avr8-gnu-toolchain/bin/../lib/gcc/avr/5.4.0/../../../../avr/lib/avr5\libc.a(strchr_P.o)
                              d:/atmelstudio/7.0/toolchain/avr8/avr8-gnu-toolchain/bin/../lib/gcc/avr/5.4.0/../../../../avr/lib/avr5\libc.a(vfscanf_std.o) (strchr_P)
d:/atmelstudio/7.0/toolchain/avr8/avr8-gnu-toolchain/bin/../lib/gcc/avr/5.4.0/../../../../avr/lib/avr5\libc.a(strnlen_P.o)
                              d:/atmelstudio/7.0/toolchain/avr8/avr8-gnu-toolchain/bin/../lib/gcc/avr/5.4.0/../../../../avr/lib/avr5\libc.a(vfprintf_std.o) (strnlen_P)
d:/atmelstudio/7.0/toolchain/avr8/avr8-gnu-toolchain/bin/../lib/gcc/avr/5.4.0/../../../../avr/lib/avr5\libc.a(strnlen.o)
                              d:/atmelstudio/7.0/toolchain/avr8/avr8-gnu-toolchain/bin/../lib/gcc/avr/5.4.0/../../../../avr/lib/avr5\libc.a(vfprintf_std.o) (strnlen)
d:/atmelstudio/7.0/toolchain/avr8/avr8-gnu-toolchain/bin/../lib/gcc/avr/5.4.0/../../../../avr/lib/avr5\libc.a(fgetc.o)
                              d:/atmelstudio/7.0/toolchain/avr8/avr8-gnu-toolchain/bin/../lib/gcc/avr/5.4.0/../../../../avr/lib/avr5\libc.a(vfscanf_std.o) (fgetc)
d:/atmelstudio/7.0/toolchain/avr8/avr8-gnu-toolchain/bin/../lib/gcc/avr/5.4.0/../../../../avr/lib/avr5\libc.a(fputc.o)
                              d:/atmelstudio/7.0/toolchain/avr8/avr8-gnu-toolchain/bin/../lib/gcc/avr/5.4.0/../../../../avr/lib/avr5\libc.a(vfprintf_std.o) (fputc)
d:/atmelstudio/7.0/toolchain/avr8/avr8-gnu-toolchain/bin/../lib/gcc/avr/5.4.0/../../../../avr/lib/avr5\libc.a(ungetc.o)
                              d:/atmelstudio/7.0/toolchain/avr8/avr8-gnu-toolchain/bin/../lib/gcc/avr/5.4.0/../../../../avr/lib/avr5\libc.a(vfscanf_std.o) (ungetc)
d:/atmelstudio/7.0/toolchain/avr8/avr8-gnu-toolchain/bin/../lib/gcc/avr/5.4.0/../../../../avr/lib/avr5\libc.a(ultoa_invert.o)
                              d:/atmelstudio/7.0/toolchain/avr8/avr8-gnu-toolchain/bin/../lib/gcc/avr/5.4.0/../../../../avr/lib/avr5\libc.a(vfprintf_std.o) (__ultoa_invert)
d:/atmelstudio/7.0/toolchain/avr8/avr8-gnu-toolchain/bin/../lib/gcc/avr/5.4.0/../../../../avr/lib/avr5\libc.a(cty_isfalse.o)
                              d:/atmelstudio/7.0/toolchain/avr8/avr8-gnu-toolchain/bin/../lib/gcc/avr/5.4.0/../../../../avr/lib/avr5\libc.a(isspace.o) (__ctype_isfalse)
d:/atmelstudio/7.0/toolchain/avr8/avr8-gnu-toolchain/bin/../lib/gcc/avr/5.4.0/avr5\libgcc.a(_prologue.o)
                              d:/atmelstudio/7.0/toolchain/avr8/avr8-gnu-toolchain/bin/../lib/gcc/avr/5.4.0/../../../../avr/lib/avr5\libc.a(sprintf.o) (__prologue_saves__)
d:/atmelstudio/7.0/toolchain/avr8/avr8-gnu-toolchain/bin/../lib/gcc/avr/5.4.0/avr5\libgcc.a(_epilogue.o)
                              d:/atmelstudio/7.0/toolchain/avr8/avr8-gnu-toolchain/bin/../lib/gcc/avr/5.4.0/../../../../avr/lib/avr5\libc.a(sprintf.o) (__epilogue_restores__)

Allocating common symbols
Common symbol       size              file

home_temp_fraction  0x1               WeatherStation.o
BACK_COLOR          0x2               ILI9486.o
add_cnt             0x1               main.o
receive_counter     0x1               NRF24.o
wind_direction      0x6               WeatherStation.o
b2                  0x2               BMP180.o
POINT_COLOR         0x2               ILI9486.o
mb                  0x2               BMP180.o
ac1                 0x2               BMP180.o
cursor_y            0x2               ILI9486.o
street_temp_fraction
                    0x1               NRF24.o
b1                  0x2               BMP180.o
cnt                 0x1               main.o
street_temp_sign    0x1               NRF24.o
ac6                 0x2               BMP180.o
home_temp_integer   0x1               WeatherStation.o
month               0x1               main.o
adc_value1          0x6               NRF24.o
T_Param             0x1c              WeatherStation.o
ac5                 0x2               BMP180.o
ac2                 0x2               BMP180.o
md                  0x2               BMP180.o
ac4                 0x2               BMP180.o
home_temp_sign      0x1               WeatherStation.o
adc_value2          0x6               NRF24.o
mc                  0x2               BMP180.o
hour                0x1               main.o
clock_change_mode   0x1               main.o
min                 0x1               main.o
street_temp_integer
                    0x1               NRF24.o
year                0x1               main.o
sec                 0x1               main.o
day                 0x1               main.o
alarmhour           0x1               main.o
cursor_x            0x2               ILI9486.o
date                0x1               main.o
textsize            0x1               ILI9486.o
ac3                 0x2               BMP180.o
alarmmin            0x1               main.o

Discarded input sections

 .data          0x00000000        0x0 D:/AtmelStudio/7.0/Packs/atmel/ATmega_DFP/1.6.364/gcc/dev/atmega32a/avr5/crtatmega32a.o
 .bss           0x00000000        0x0 D:/AtmelStudio/7.0/Packs/atmel/ATmega_DFP/1.6.364/gcc/dev/atmega32a/avr5/crtatmega32a.o
 .text          0x00000000        0x0 BMP180.o
 .data          0x00000000        0x0 BMP180.o
 .bss           0x00000000        0x0 BMP180.o
 .text.Read     0x00000000       0x4e BMP180.o
 .text.BMP180_Calibration
                0x00000000       0x9c BMP180.o
 .text.BMP180_get_temper
                0x00000000       0x34 BMP180.o
 .text.BMP180_get_pressure
                0x00000000       0xd6 BMP180.o
 .text.BMP180_calculation
                0x00000000      0x2d0 BMP180.o
 .debug_info    0x00000000      0x67a BMP180.o
 .debug_abbrev  0x00000000      0x18c BMP180.o
 .debug_loc     0x00000000      0x923 BMP180.o
 .debug_aranges
                0x00000000       0x40 BMP180.o
 .debug_ranges  0x00000000       0x30 BMP180.o
 .debug_line    0x00000000      0x2db BMP180.o
 .debug_str     0x00000000      0x276 BMP180.o
 .comment       0x00000000       0x31 BMP180.o
 .debug_frame   0x00000000      0x10c BMP180.o
 COMMON         0x00000000       0x16 BMP180.o
 .text          0x00000000        0x0 DHT22.o
 .data          0x00000000        0x0 DHT22.o
 .bss           0x00000000        0x0 DHT22.o
 .text.dht22_init
                0x00000000       0x22 DHT22.o
 .text.dht22_GetData
                0x00000000       0xd6 DHT22.o
 .debug_info    0x00000000      0x2ef DHT22.o
 .debug_abbrev  0x00000000      0x111 DHT22.o
 .debug_loc     0x00000000      0x262 DHT22.o
 .debug_aranges
                0x00000000       0x28 DHT22.o
 .debug_ranges  0x00000000       0x18 DHT22.o
 .debug_line    0x00000000      0x1ee DHT22.o
 .debug_str     0x00000000      0x1d2 DHT22.o
 .comment       0x00000000       0x31 DHT22.o
 .debug_frame   0x00000000       0x34 DHT22.o
 .text          0x00000000        0x0 DS18B20.o
 .data          0x00000000        0x0 DS18B20.o
 .bss           0x00000000        0x0 DS18B20.o
 .text.converttemp
                0x00000000        0x2 DS18B20.o
 .text          0x00000000        0x0 ILI9486.o
 .data          0x00000000        0x0 ILI9486.o
 .bss           0x00000000        0x0 ILI9486.o
 .text.ILI9486_Read8
                0x00000000       0x16 ILI9486.o
 .text.ILI9486_ReadReg
                0x00000000       0x7c ILI9486.o
 .text.ILI9486_WriteRegister32
                0x00000000       0x6e ILI9486.o
 .text.ILI9486_drawRGBBitmap
                0x00000000       0x96 ILI9486.o
 .text.ILI9486T_Print_Char8x16
                0x00000000      0x142 ILI9486.o
 .text.ILI9486_Print_Char32x32
                0x00000000      0x152 ILI9486.o
 .text.ILI9486_SetTextSize
                0x00000000        0x6 ILI9486.o
 .text.ILI9486_Print_String32x32
                0x00000000       0xe4 ILI9486.o
 .text.ILI9486_Print_String8x16
                0x00000000       0xe4 ILI9486.o
 .text.ILI9486_Print_String
                0x00000000       0x22 ILI9486.o
 .text.ILI9486_Print_Number
                0x00000000      0x1e8 ILI9486.o
 .bss.dtt       0x00000000        0x4 ILI9486.o
 .progmem.data.Font32x32_Clock
                0x00000000      0x580 ILI9486.o
 .progmem.data.asc2_1608
                0x00000000      0x5f0 ILI9486.o
 .text          0x00000000        0x0 main.o
 .data          0x00000000        0x0 main.o
 .bss           0x00000000        0x0 main.o
 .data.WiFi_Flag
                0x00000000        0x1 main.o
 .bss.enc_int_flag
                0x00000000        0x1 main.o
 .bss.DATA_TO_UART
                0x00000000       0x50 main.o
 .data.ST7920_height
                0x00000000        0x1 main.o
 .data.ST7920_width
                0x00000000        0x1 main.o
 .data.send_time
                0x00000000       0x14 main.o
 .data.receive_time
                0x00000000       0x14 main.o
 .text          0x00000000        0x0 NRF24.o
 .data          0x00000000        0x0 NRF24.o
 .bss           0x00000000        0x0 NRF24.o
 .rodata.str1.1
                0x00000000        0xe NRF24.o
 .text.NRF24L01_Receive
                0x00000000      0x5c0 NRF24.o
 .text.NRF24_Transmit
                0x00000000       0x60 NRF24.o
 .text.NRF24L01_TX_Mode
                0x00000000       0x1c NRF24.o
 .text.nRF_command
                0x00000000       0x12 NRF24.o
 .text.NRF24L01_Send
                0x00000000       0x8c NRF24.o
 .data.flag_irq
                0x00000000        0x1 NRF24.o
 .bss.ErrCnt_Fl
                0x00000000        0x1 NRF24.o
 .bss.HALL_counter
                0x00000000        0x5 NRF24.o
 .text          0x00000000        0x0 RTC_DS3231.o
 .data          0x00000000        0x0 RTC_DS3231.o
 .bss           0x00000000        0x0 RTC_DS3231.o
 .text.RTC_ConvertFromDec
                0x00000000       0x16 RTC_DS3231.o
 .text.RTC_init
                0x00000000       0x22 RTC_DS3231.o
 .text.RTC_read_time
                0x00000000       0x78 RTC_DS3231.o
 .text.RTC_write_time
                0x00000000       0x46 RTC_DS3231.o
 .text.RTC_write_date
                0x00000000       0x56 RTC_DS3231.o
 .text          0x00000000        0x0 TWI.o
 .data          0x00000000        0x0 TWI.o
 .bss           0x00000000        0x0 TWI.o
 .text.I2C_SendByteByADDR
                0x00000000       0x22 TWI.o
 .text.I2C_ReadByte
                0x00000000        0xe TWI.o
 .text.I2C_ReadLastByte
                0x00000000        0xe TWI.o
 .text          0x00000000        0x0 usart.o
 .data          0x00000000        0x0 usart.o
 .bss           0x00000000        0x0 usart.o
 .text.USART_Transmit
                0x00000000       0x30 usart.o
 .text          0x00000000        0x0 WeatherStation.o
 .data          0x00000000        0x0 WeatherStation.o
 .bss           0x00000000        0x0 WeatherStation.o
 .text.Print_Menu_Page
                0x00000000      0x1fc WeatherStation.o
 .text.Print_Page_About
                0x00000000      0x10c WeatherStation.o
 .text.Print_Page_Dop_Info
                0x00000000      0x10c WeatherStation.o
 .text.DrawSun  0x00000000       0xc8 WeatherStation.o
 .text.DrawSunWithClouds
                0x00000000      0x2cc WeatherStation.o
 .text.DrawClouds
                0x00000000      0x214 WeatherStation.o
 .text.DrawCloudsWithRain
                0x00000000       0xe2 WeatherStation.o
 .text.Convert_to_string_Clock
                0x00000000      0x40c WeatherStation.o
 .progmem.gcc_sw_table.Convert_to_string_Clock
                0x00000000       0x26 WeatherStation.o
 .text.Print_Page_Clock_Settings
                0x00000000      0x58e WeatherStation.o
 .progmem.gcc_sw_table.Print_Page_Clock_Settings
                0x00000000        0xe WeatherStation.o
 .text.Clock    0x00000000       0x7c WeatherStation.o
 .text.RAIN_AMOUNT
                0x00000000       0x7a WeatherStation.o
 .text.V_BAT    0x00000000       0x6a WeatherStation.o
 .text.DrawBattery
                0x00000000      0x19a WeatherStation.o
 .text.wind_speed
                0x00000000       0x76 WeatherStation.o
 .text          0x00000000        0x0 d:/atmelstudio/7.0/toolchain/avr8/avr8-gnu-toolchain/bin/../lib/gcc/avr/5.4.0/../../../../avr/lib/avr5\libm.a(fixsfsi.o)
 .data          0x00000000        0x0 d:/atmelstudio/7.0/toolchain/avr8/avr8-gnu-toolchain/bin/../lib/gcc/avr/5.4.0/../../../../avr/lib/avr5\libm.a(fixsfsi.o)
 .bss           0x00000000        0x0 d:/atmelstudio/7.0/toolchain/avr8/avr8-gnu-toolchain/bin/../lib/gcc/avr/5.4.0/../../../../avr/lib/avr5\libm.a(fixsfsi.o)
 .text.avr-libc.fplib
                0x00000000        0xe d:/atmelstudio/7.0/toolchain/avr8/avr8-gnu-toolchain/bin/../lib/gcc/avr/5.4.0/../../../../avr/lib/avr5\libm.a(fixsfsi.o)
 .text          0x00000000        0x0 d:/atmelstudio/7.0/toolchain/avr8/avr8-gnu-toolchain/bin/../lib/gcc/avr/5.4.0/../../../../avr/lib/avr5\libm.a(fixunssfsi.o)
 .data          0x00000000        0x0 d:/atmelstudio/7.0/toolchain/avr8/avr8-gnu-toolchain/bin/../lib/gcc/avr/5.4.0/../../../../avr/lib/avr5\libm.a(fixunssfsi.o)
 .bss           0x00000000        0x0 d:/atmelstudio/7.0/toolchain/avr8/avr8-gnu-toolchain/bin/../lib/gcc/avr/5.4.0/../../../../avr/lib/avr5\libm.a(fixunssfsi.o)
 .text.avr-libc.fplib
                0x00000000       0x5e d:/atmelstudio/7.0/toolchain/avr8/avr8-gnu-toolchain/bin/../lib/gcc/avr/5.4.0/../../../../avr/lib/avr5\libm.a(fixunssfsi.o)
 .text          0x00000000        0x0 d:/atmelstudio/7.0/toolchain/avr8/avr8-gnu-toolchain/bin/../lib/gcc/avr/5.4.0/../../../../avr/lib/avr5\libm.a(floatsisf.o)
 .data          0x00000000        0x0 d:/atmelstudio/7.0/toolchain/avr8/avr8-gnu-toolchain/bin/../lib/gcc/avr/5.4.0/../../../../avr/lib/avr5\libm.a(floatsisf.o)
 .bss           0x00000000        0x0 d:/atmelstudio/7.0/toolchain/avr8/avr8-gnu-toolchain/bin/../lib/gcc/avr/5.4.0/../../../../avr/lib/avr5\libm.a(floatsisf.o)
 .text.avr-libc.fplib
                0x00000000       0x7a d:/atmelstudio/7.0/toolchain/avr8/avr8-gnu-toolchain/bin/../lib/gcc/avr/5.4.0/../../../../avr/lib/avr5\libm.a(floatsisf.o)
 .text          0x00000000        0x0 d:/atmelstudio/7.0/toolchain/avr8/avr8-gnu-toolchain/bin/../lib/gcc/avr/5.4.0/../../../../avr/lib/avr5\libm.a(fp_split3.o)
 .data          0x00000000        0x0 d:/atmelstudio/7.0/toolchain/avr8/avr8-gnu-toolchain/bin/../lib/gcc/avr/5.4.0/../../../../avr/lib/avr5\libm.a(fp_split3.o)
 .bss           0x00000000        0x0 d:/atmelstudio/7.0/toolchain/avr8/avr8-gnu-toolchain/bin/../lib/gcc/avr/5.4.0/../../../../avr/lib/avr5\libm.a(fp_split3.o)
 .text.avr-libc.fplib
                0x00000000       0x44 d:/atmelstudio/7.0/toolchain/avr8/avr8-gnu-toolchain/bin/../lib/gcc/avr/5.4.0/../../../../avr/lib/avr5\libm.a(fp_split3.o)
 .text          0x00000000        0x0 d:/atmelstudio/7.0/toolchain/avr8/avr8-gnu-toolchain/bin/../lib/gcc/avr/5.4.0/../../../../avr/lib/avr5\libm.a(fp_zero.o)
 .data          0x00000000        0x0 d:/atmelstudio/7.0/toolchain/avr8/avr8-gnu-toolchain/bin/../lib/gcc/avr/5.4.0/../../../../avr/lib/avr5\libm.a(fp_zero.o)
 .bss           0x00000000        0x0 d:/atmelstudio/7.0/toolchain/avr8/avr8-gnu-toolchain/bin/../lib/gcc/avr/5.4.0/../../../../avr/lib/avr5\libm.a(fp_zero.o)
 .text.avr-libc.fplib
                0x00000000        0xe d:/atmelstudio/7.0/toolchain/avr8/avr8-gnu-toolchain/bin/../lib/gcc/avr/5.4.0/../../../../avr/lib/avr5\libm.a(fp_zero.o)
 .text          0x00000000        0x0 d:/atmelstudio/7.0/toolchain/avr8/avr8-gnu-toolchain/bin/../lib/gcc/avr/5.4.0/../../../../avr/lib/avr5\libm.a(mulsf3.o)
 .data          0x00000000        0x0 d:/atmelstudio/7.0/toolchain/avr8/avr8-gnu-toolchain/bin/../lib/gcc/avr/5.4.0/../../../../avr/lib/avr5\libm.a(mulsf3.o)
 .bss           0x00000000        0x0 d:/atmelstudio/7.0/toolchain/avr8/avr8-gnu-toolchain/bin/../lib/gcc/avr/5.4.0/../../../../avr/lib/avr5\libm.a(mulsf3.o)
 .text.avr-libc.fplib
                0x00000000        0x8 d:/atmelstudio/7.0/toolchain/avr8/avr8-gnu-toolchain/bin/../lib/gcc/avr/5.4.0/../../../../avr/lib/avr5\libm.a(mulsf3.o)
 .text          0x00000000        0x0 d:/atmelstudio/7.0/toolchain/avr8/avr8-gnu-toolchain/bin/../lib/gcc/avr/5.4.0/../../../../avr/lib/avr5\libm.a(mulsf3x.o)
 .data          0x00000000        0x0 d:/atmelstudio/7.0/toolchain/avr8/avr8-gnu-toolchain/bin/../lib/gcc/avr/5.4.0/../../../../avr/lib/avr5\libm.a(mulsf3x.o)
 .bss           0x00000000        0x0 d:/atmelstudio/7.0/toolchain/avr8/avr8-gnu-toolchain/bin/../lib/gcc/avr/5.4.0/../../../../avr/lib/avr5\libm.a(mulsf3x.o)
 .text.avr-libc.fplib
                0x00000000       0xd2 d:/atmelstudio/7.0/toolchain/avr8/avr8-gnu-toolchain/bin/../lib/gcc/avr/5.4.0/../../../../avr/lib/avr5\libm.a(mulsf3x.o)
 .text          0x00000000        0x0 d:/atmelstudio/7.0/toolchain/avr8/avr8-gnu-toolchain/bin/../lib/gcc/avr/5.4.0/../../../../avr/lib/avr5\libm.a(fp_inf.o)
 .data          0x00000000        0x0 d:/atmelstudio/7.0/toolchain/avr8/avr8-gnu-toolchain/bin/../lib/gcc/avr/5.4.0/../../../../avr/lib/avr5\libm.a(fp_inf.o)
 .bss           0x00000000        0x0 d:/atmelstudio/7.0/toolchain/avr8/avr8-gnu-toolchain/bin/../lib/gcc/avr/5.4.0/../../../../avr/lib/avr5\libm.a(fp_inf.o)
 .text.avr-libc.fplib
                0x00000000        0xc d:/atmelstudio/7.0/toolchain/avr8/avr8-gnu-toolchain/bin/../lib/gcc/avr/5.4.0/../../../../avr/lib/avr5\libm.a(fp_inf.o)
 .text          0x00000000        0x0 d:/atmelstudio/7.0/toolchain/avr8/avr8-gnu-toolchain/bin/../lib/gcc/avr/5.4.0/../../../../avr/lib/avr5\libm.a(fp_nan.o)
 .data          0x00000000        0x0 d:/atmelstudio/7.0/toolchain/avr8/avr8-gnu-toolchain/bin/../lib/gcc/avr/5.4.0/../../../../avr/lib/avr5\libm.a(fp_nan.o)
 .bss           0x00000000        0x0 d:/atmelstudio/7.0/toolchain/avr8/avr8-gnu-toolchain/bin/../lib/gcc/avr/5.4.0/../../../../avr/lib/avr5\libm.a(fp_nan.o)
 .text.avr-libc.fplib
                0x00000000        0x6 d:/atmelstudio/7.0/toolchain/avr8/avr8-gnu-toolchain/bin/../lib/gcc/avr/5.4.0/../../../../avr/lib/avr5\libm.a(fp_nan.o)
 .text          0x00000000        0x0 d:/atmelstudio/7.0/toolchain/avr8/avr8-gnu-toolchain/bin/../lib/gcc/avr/5.4.0/../../../../avr/lib/avr5\libm.a(fp_pscA.o)
 .data          0x00000000        0x0 d:/atmelstudio/7.0/toolchain/avr8/avr8-gnu-toolchain/bin/../lib/gcc/avr/5.4.0/../../../../avr/lib/avr5\libm.a(fp_pscA.o)
 .bss           0x00000000        0x0 d:/atmelstudio/7.0/toolchain/avr8/avr8-gnu-toolchain/bin/../lib/gcc/avr/5.4.0/../../../../avr/lib/avr5\libm.a(fp_pscA.o)
 .text.avr-libc.fplib
                0x00000000        0xe d:/atmelstudio/7.0/toolchain/avr8/avr8-gnu-toolchain/bin/../lib/gcc/avr/5.4.0/../../../../avr/lib/avr5\libm.a(fp_pscA.o)
 .text          0x00000000        0x0 d:/atmelstudio/7.0/toolchain/avr8/avr8-gnu-toolchain/bin/../lib/gcc/avr/5.4.0/../../../../avr/lib/avr5\libm.a(fp_pscB.o)
 .data          0x00000000        0x0 d:/atmelstudio/7.0/toolchain/avr8/avr8-gnu-toolchain/bin/../lib/gcc/avr/5.4.0/../../../../avr/lib/avr5\libm.a(fp_pscB.o)
 .bss           0x00000000        0x0 d:/atmelstudio/7.0/toolchain/avr8/avr8-gnu-toolchain/bin/../lib/gcc/avr/5.4.0/../../../../avr/lib/avr5\libm.a(fp_pscB.o)
 .text.avr-libc.fplib
                0x00000000        0xe d:/atmelstudio/7.0/toolchain/avr8/avr8-gnu-toolchain/bin/../lib/gcc/avr/5.4.0/../../../../avr/lib/avr5\libm.a(fp_pscB.o)
 .text          0x00000000        0x0 d:/atmelstudio/7.0/toolchain/avr8/avr8-gnu-toolchain/bin/../lib/gcc/avr/5.4.0/../../../../avr/lib/avr5\libm.a(fp_round.o)
 .data          0x00000000        0x0 d:/atmelstudio/7.0/toolchain/avr8/avr8-gnu-toolchain/bin/../lib/gcc/avr/5.4.0/../../../../avr/lib/avr5\libm.a(fp_round.o)
 .bss           0x00000000        0x0 d:/atmelstudio/7.0/toolchain/avr8/avr8-gnu-toolchain/bin/../lib/gcc/avr/5.4.0/../../../../avr/lib/avr5\libm.a(fp_round.o)
 .text.avr-libc.fplib
                0x00000000       0x22 d:/atmelstudio/7.0/toolchain/avr8/avr8-gnu-toolchain/bin/../lib/gcc/avr/5.4.0/../../../../avr/lib/avr5\libm.a(fp_round.o)
 .text          0x00000000        0x0 d:/atmelstudio/7.0/toolchain/avr8/avr8-gnu-toolchain/bin/../lib/gcc/avr/5.4.0/avr5\libgcc.a(_mulsi3.o)
 .data          0x00000000        0x0 d:/atmelstudio/7.0/toolchain/avr8/avr8-gnu-toolchain/bin/../lib/gcc/avr/5.4.0/avr5\libgcc.a(_mulsi3.o)
 .bss           0x00000000        0x0 d:/atmelstudio/7.0/toolchain/avr8/avr8-gnu-toolchain/bin/../lib/gcc/avr/5.4.0/avr5\libgcc.a(_mulsi3.o)
 .text.libgcc.mul
                0x00000000       0x20 d:/atmelstudio/7.0/toolchain/avr8/avr8-gnu-toolchain/bin/../lib/gcc/avr/5.4.0/avr5\libgcc.a(_mulsi3.o)
 .text.libgcc.div
                0x00000000        0x0 d:/atmelstudio/7.0/toolchain/avr8/avr8-gnu-toolchain/bin/../lib/gcc/avr/5.4.0/avr5\libgcc.a(_mulsi3.o)
 .text.libgcc   0x00000000        0x0 d:/atmelstudio/7.0/toolchain/avr8/avr8-gnu-toolchain/bin/../lib/gcc/avr/5.4.0/avr5\libgcc.a(_mulsi3.o)
 .text.libgcc.prologue
                0x00000000        0x0 d:/atmelstudio/7.0/toolchain/avr8/avr8-gnu-toolchain/bin/../lib/gcc/avr/5.4.0/avr5\libgcc.a(_mulsi3.o)
 .text.libgcc.builtins
                0x00000000        0x0 d:/atmelstudio/7.0/toolchain/avr8/avr8-gnu-toolchain/bin/../lib/gcc/avr/5.4.0/avr5\libgcc.a(_mulsi3.o)
 .text.libgcc.fmul
                0x00000000        0x0 d:/atmelstudio/7.0/toolchain/avr8/avr8-gnu-toolchain/bin/../lib/gcc/avr/5.4.0/avr5\libgcc.a(_mulsi3.o)
 .text.libgcc.fixed
                0x00000000        0x0 d:/atmelstudio/7.0/toolchain/avr8/avr8-gnu-toolchain/bin/../lib/gcc/avr/5.4.0/avr5\libgcc.a(_mulsi3.o)
 .text          0x00000000        0x0 d:/atmelstudio/7.0/toolchain/avr8/avr8-gnu-toolchain/bin/../lib/gcc/avr/5.4.0/avr5\libgcc.a(_divmodhi4.o)
 .data          0x00000000        0x0 d:/atmelstudio/7.0/toolchain/avr8/avr8-gnu-toolchain/bin/../lib/gcc/avr/5.4.0/avr5\libgcc.a(_divmodhi4.o)
 .bss           0x00000000        0x0 d:/atmelstudio/7.0/toolchain/avr8/avr8-gnu-toolchain/bin/../lib/gcc/avr/5.4.0/avr5\libgcc.a(_divmodhi4.o)
 .text.libgcc.mul
                0x00000000        0x0 d:/atmelstudio/7.0/toolchain/avr8/avr8-gnu-toolchain/bin/../lib/gcc/avr/5.4.0/avr5\libgcc.a(_divmodhi4.o)
 .text.libgcc.div
                0x00000000       0x28 d:/atmelstudio/7.0/toolchain/avr8/avr8-gnu-toolchain/bin/../lib/gcc/avr/5.4.0/avr5\libgcc.a(_divmodhi4.o)
 .text.libgcc   0x00000000        0x0 d:/atmelstudio/7.0/toolchain/avr8/avr8-gnu-toolchain/bin/../lib/gcc/avr/5.4.0/avr5\libgcc.a(_divmodhi4.o)
 .text.libgcc.prologue
                0x00000000        0x0 d:/atmelstudio/7.0/toolchain/avr8/avr8-gnu-toolchain/bin/../lib/gcc/avr/5.4.0/avr5\libgcc.a(_divmodhi4.o)
 .text.libgcc.builtins
                0x00000000        0x0 d:/atmelstudio/7.0/toolchain/avr8/avr8-gnu-toolchain/bin/../lib/gcc/avr/5.4.0/avr5\libgcc.a(_divmodhi4.o)
 .text.libgcc.fmul
                0x00000000        0x0 d:/atmelstudio/7.0/toolchain/avr8/avr8-gnu-toolchain/bin/../lib/gcc/avr/5.4.0/avr5\libgcc.a(_divmodhi4.o)
 .text.libgcc.fixed
                0x00000000        0x0 d:/atmelstudio/7.0/toolchain/avr8/avr8-gnu-toolchain/bin/../lib/gcc/avr/5.4.0/avr5\libgcc.a(_divmodhi4.o)
 .text          0x00000000        0x0 d:/atmelstudio/7.0/toolchain/avr8/avr8-gnu-toolchain/bin/../lib/gcc/avr/5.4.0/avr5\libgcc.a(_udivmodsi4.o)
 .data          0x00000000        0x0 d:/atmelstudio/7.0/toolchain/avr8/avr8-gnu-toolchain/bin/../lib/gcc/avr/5.4.0/avr5\libgcc.a(_udivmodsi4.o)
 .bss           0x00000000        0x0 d:/atmelstudio/7.0/toolchain/avr8/avr8-gnu-toolchain/bin/../lib/gcc/avr/5.4.0/avr5\libgcc.a(_udivmodsi4.o)
 .text.libgcc.mul
                0x00000000        0x0 d:/atmelstudio/7.0/toolchain/avr8/avr8-gnu-toolchain/bin/../lib/gcc/avr/5.4.0/avr5\libgcc.a(_udivmodsi4.o)
 .text.libgcc   0x00000000        0x0 d:/atmelstudio/7.0/toolchain/avr8/avr8-gnu-toolchain/bin/../lib/gcc/avr/5.4.0/avr5\libgcc.a(_udivmodsi4.o)
 .text.libgcc.prologue
                0x00000000        0x0 d:/atmelstudio/7.0/toolchain/avr8/avr8-gnu-toolchain/bin/../lib/gcc/avr/5.4.0/avr5\libgcc.a(_udivmodsi4.o)
 .text.libgcc.builtins
                0x00000000        0x0 d:/atmelstudio/7.0/toolchain/avr8/avr8-gnu-toolchain/bin/../lib/gcc/avr/5.4.0/avr5\libgcc.a(_udivmodsi4.o)
 .text.libgcc.fmul
                0x00000000        0x0 d:/atmelstudio/7.0/toolchain/avr8/avr8-gnu-toolchain/bin/../lib/gcc/avr/5.4.0/avr5\libgcc.a(_udivmodsi4.o)
 .text.libgcc.fixed
                0x00000000        0x0 d:/atmelstudio/7.0/toolchain/avr8/avr8-gnu-toolchain/bin/../lib/gcc/avr/5.4.0/avr5\libgcc.a(_udivmodsi4.o)
 .text          0x00000000        0x0 d:/atmelstudio/7.0/toolchain/avr8/avr8-gnu-toolchain/bin/../lib/gcc/avr/5.4.0/avr5\libgcc.a(_divmodsi4.o)
 .data          0x00000000        0x0 d:/atmelstudio/7.0/toolchain/avr8/avr8-gnu-toolchain/bin/../lib/gcc/avr/5.4.0/avr5\libgcc.a(_divmodsi4.o)
 .bss           0x00000000        0x0 d:/atmelstudio/7.0/toolchain/avr8/avr8-gnu-toolchain/bin/../lib/gcc/avr/5.4.0/avr5\libgcc.a(_divmodsi4.o)
 .text.libgcc.mul
                0x00000000        0x0 d:/atmelstudio/7.0/toolchain/avr8/avr8-gnu-toolchain/bin/../lib/gcc/avr/5.4.0/avr5\libgcc.a(_divmodsi4.o)
 .text.libgcc   0x00000000        0x0 d:/atmelstudio/7.0/toolchain/avr8/avr8-gnu-toolchain/bin/../lib/gcc/avr/5.4.0/avr5\libgcc.a(_divmodsi4.o)
 .text.libgcc.prologue
                0x00000000        0x0 d:/atmelstudio/7.0/toolchain/avr8/avr8-gnu-toolchain/bin/../lib/gcc/avr/5.4.0/avr5\libgcc.a(_divmodsi4.o)
 .text.libgcc.builtins
                0x00000000        0x0 d:/atmelstudio/7.0/toolchain/avr8/avr8-gnu-toolchain/bin/../lib/gcc/avr/5.4.0/avr5\libgcc.a(_divmodsi4.o)
 .text.libgcc.fmul
                0x00000000        0x0 d:/atmelstudio/7.0/toolchain/avr8/avr8-gnu-toolchain/bin/../lib/gcc/avr/5.4.0/avr5\libgcc.a(_divmodsi4.o)
 .text.libgcc.fixed
                0x00000000        0x0 d:/atmelstudio/7.0/toolchain/avr8/avr8-gnu-toolchain/bin/../lib/gcc/avr/5.4.0/avr5\libgcc.a(_divmodsi4.o)
 .text          0x00000000        0x0 d:/atmelstudio/7.0/toolchain/avr8/avr8-gnu-toolchain/bin/../lib/gcc/avr/5.4.0/avr5\libgcc.a(_negsi2.o)
 .data          0x00000000        0x0 d:/atmelstudio/7.0/toolchain/avr8/avr8-gnu-toolchain/bin/../lib/gcc/avr/5.4.0/avr5\libgcc.a(_negsi2.o)
 .bss           0x00000000        0x0 d:/atmelstudio/7.0/toolchain/avr8/avr8-gnu-toolchain/bin/../lib/gcc/avr/5.4.0/avr5\libgcc.a(_negsi2.o)
 .text.libgcc.mul
                0x00000000        0x0 d:/atmelstudio/7.0/toolchain/avr8/avr8-gnu-toolchain/bin/../lib/gcc/avr/5.4.0/avr5\libgcc.a(_negsi2.o)
 .text.libgcc   0x00000000        0x0 d:/atmelstudio/7.0/toolchain/avr8/avr8-gnu-toolchain/bin/../lib/gcc/avr/5.4.0/avr5\libgcc.a(_negsi2.o)
 .text.libgcc.prologue
                0x00000000        0x0 d:/atmelstudio/7.0/toolchain/avr8/avr8-gnu-toolchain/bin/../lib/gcc/avr/5.4.0/avr5\libgcc.a(_negsi2.o)
 .text.libgcc.builtins
                0x00000000        0x0 d:/atmelstudio/7.0/toolchain/avr8/avr8-gnu-toolchain/bin/../lib/gcc/avr/5.4.0/avr5\libgcc.a(_negsi2.o)
 .text.libgcc.fmul
                0x00000000        0x0 d:/atmelstudio/7.0/toolchain/avr8/avr8-gnu-toolchain/bin/../lib/gcc/avr/5.4.0/avr5\libgcc.a(_negsi2.o)
 .text.libgcc.fixed
                0x00000000        0x0 d:/atmelstudio/7.0/toolchain/avr8/avr8-gnu-toolchain/bin/../lib/gcc/avr/5.4.0/avr5\libgcc.a(_negsi2.o)
 .text          0x00000000        0x0 d:/atmelstudio/7.0/toolchain/avr8/avr8-gnu-toolchain/bin/../lib/gcc/avr/5.4.0/avr5\libgcc.a(_exit.o)
 .data          0x00000000        0x0 d:/atmelstudio/7.0/toolchain/avr8/avr8-gnu-toolchain/bin/../lib/gcc/avr/5.4.0/avr5\libgcc.a(_exit.o)
 .bss           0x00000000        0x0 d:/atmelstudio/7.0/toolchain/avr8/avr8-gnu-toolchain/bin/../lib/gcc/avr/5.4.0/avr5\libgcc.a(_exit.o)
 .text.libgcc.mul
                0x00000000        0x0 d:/atmelstudio/7.0/toolchain/avr8/avr8-gnu-toolchain/bin/../lib/gcc/avr/5.4.0/avr5\libgcc.a(_exit.o)
 .text.libgcc.div
                0x00000000        0x0 d:/atmelstudio/7.0/toolchain/avr8/avr8-gnu-toolchain/bin/../lib/gcc/avr/5.4.0/avr5\libgcc.a(_exit.o)
 .text.libgcc   0x00000000        0x0 d:/atmelstudio/7.0/toolchain/avr8/avr8-gnu-toolchain/bin/../lib/gcc/avr/5.4.0/avr5\libgcc.a(_exit.o)
 .text.libgcc.prologue
                0x00000000        0x0 d:/atmelstudio/7.0/toolchain/avr8/avr8-gnu-toolchain/bin/../lib/gcc/avr/5.4.0/avr5\libgcc.a(_exit.o)
 .text.libgcc.builtins
                0x00000000        0x0 d:/atmelstudio/7.0/toolchain/avr8/avr8-gnu-toolchain/bin/../lib/gcc/avr/5.4.0/avr5\libgcc.a(_exit.o)
 .text.libgcc.fmul
                0x00000000        0x0 d:/atmelstudio/7.0/toolchain/avr8/avr8-gnu-toolchain/bin/../lib/gcc/avr/5.4.0/avr5\libgcc.a(_exit.o)
 .text.libgcc.fixed
                0x00000000        0x0 d:/atmelstudio/7.0/toolchain/avr8/avr8-gnu-toolchain/bin/../lib/gcc/avr/5.4.0/avr5\libgcc.a(_exit.o)
 .text          0x00000000        0x0 d:/atmelstudio/7.0/toolchain/avr8/avr8-gnu-toolchain/bin/../lib/gcc/avr/5.4.0/avr5\libgcc.a(_tablejump2.o)
 .data          0x00000000        0x0 d:/atmelstudio/7.0/toolchain/avr8/avr8-gnu-toolchain/bin/../lib/gcc/avr/5.4.0/avr5\libgcc.a(_tablejump2.o)
 .bss           0x00000000        0x0 d:/atmelstudio/7.0/toolchain/avr8/avr8-gnu-toolchain/bin/../lib/gcc/avr/5.4.0/avr5\libgcc.a(_tablejump2.o)
 .text.libgcc.mul
                0x00000000        0x0 d:/atmelstudio/7.0/toolchain/avr8/avr8-gnu-toolchain/bin/../lib/gcc/avr/5.4.0/avr5\libgcc.a(_tablejump2.o)
 .text.libgcc.div
                0x00000000        0x0 d:/atmelstudio/7.0/toolchain/avr8/avr8-gnu-toolchain/bin/../lib/gcc/avr/5.4.0/avr5\libgcc.a(_tablejump2.o)
 .text.libgcc.prologue
                0x00000000        0x0 d:/atmelstudio/7.0/toolchain/avr8/avr8-gnu-toolchain/bin/../lib/gcc/avr/5.4.0/avr5\libgcc.a(_tablejump2.o)
 .text.libgcc.builtins
                0x00000000        0x0 d:/atmelstudio/7.0/toolchain/avr8/avr8-gnu-toolchain/bin/../lib/gcc/avr/5.4.0/avr5\libgcc.a(_tablejump2.o)
 .text.libgcc.fmul
                0x00000000        0x0 d:/atmelstudio/7.0/toolchain/avr8/avr8-gnu-toolchain/bin/../lib/gcc/avr/5.4.0/avr5\libgcc.a(_tablejump2.o)
 .text.libgcc.fixed
                0x00000000        0x0 d:/atmelstudio/7.0/toolchain/avr8/avr8-gnu-toolchain/bin/../lib/gcc/avr/5.4.0/avr5\libgcc.a(_tablejump2.o)
 .text          0x00000000        0x0 d:/atmelstudio/7.0/toolchain/avr8/avr8-gnu-toolchain/bin/../lib/gcc/avr/5.4.0/avr5\libgcc.a(_copy_data.o)
 .data          0x00000000        0x0 d:/atmelstudio/7.0/toolchain/avr8/avr8-gnu-toolchain/bin/../lib/gcc/avr/5.4.0/avr5\libgcc.a(_copy_data.o)
 .bss           0x00000000        0x0 d:/atmelstudio/7.0/toolchain/avr8/avr8-gnu-toolchain/bin/../lib/gcc/avr/5.4.0/avr5\libgcc.a(_copy_data.o)
 .text.libgcc.mul
                0x00000000        0x0 d:/atmelstudio/7.0/toolchain/avr8/avr8-gnu-toolchain/bin/../lib/gcc/avr/5.4.0/avr5\libgcc.a(_copy_data.o)
 .text.libgcc.div
                0x00000000        0x0 d:/atmelstudio/7.0/toolchain/avr8/avr8-gnu-toolchain/bin/../lib/gcc/avr/5.4.0/avr5\libgcc.a(_copy_data.o)
 .text.libgcc   0x00000000        0x0 d:/atmelstudio/7.0/toolchain/avr8/avr8-gnu-toolchain/bin/../lib/gcc/avr/5.4.0/avr5\libgcc.a(_copy_data.o)
 .text.libgcc.prologue
                0x00000000        0x0 d:/atmelstudio/7.0/toolchain/avr8/avr8-gnu-toolchain/bin/../lib/gcc/avr/5.4.0/avr5\libgcc.a(_copy_data.o)
 .text.libgcc.builtins
                0x00000000        0x0 d:/atmelstudio/7.0/toolchain/avr8/avr8-gnu-toolchain/bin/../lib/gcc/avr/5.4.0/avr5\libgcc.a(_copy_data.o)
 .text.libgcc.fmul
                0x00000000        0x0 d:/atmelstudio/7.0/toolchain/avr8/avr8-gnu-toolchain/bin/../lib/gcc/avr/5.4.0/avr5\libgcc.a(_copy_data.o)
 .text.libgcc.fixed
                0x00000000        0x0 d:/atmelstudio/7.0/toolchain/avr8/avr8-gnu-toolchain/bin/../lib/gcc/avr/5.4.0/avr5\libgcc.a(_copy_data.o)
 .text          0x00000000        0x0 d:/atmelstudio/7.0/toolchain/avr8/avr8-gnu-toolchain/bin/../lib/gcc/avr/5.4.0/avr5\libgcc.a(_clear_bss.o)
 .data          0x00000000        0x0 d:/atmelstudio/7.0/toolchain/avr8/avr8-gnu-toolchain/bin/../lib/gcc/avr/5.4.0/avr5\libgcc.a(_clear_bss.o)
 .bss           0x00000000        0x0 d:/atmelstudio/7.0/toolchain/avr8/avr8-gnu-toolchain/bin/../lib/gcc/avr/5.4.0/avr5\libgcc.a(_clear_bss.o)
 .text.libgcc.mul
                0x00000000        0x0 d:/atmelstudio/7.0/toolchain/avr8/avr8-gnu-toolchain/bin/../lib/gcc/avr/5.4.0/avr5\libgcc.a(_clear_bss.o)
 .text.libgcc.div
                0x00000000        0x0 d:/atmelstudio/7.0/toolchain/avr8/avr8-gnu-toolchain/bin/../lib/gcc/avr/5.4.0/avr5\libgcc.a(_clear_bss.o)
 .text.libgcc   0x00000000        0x0 d:/atmelstudio/7.0/toolchain/avr8/avr8-gnu-toolchain/bin/../lib/gcc/avr/5.4.0/avr5\libgcc.a(_clear_bss.o)
 .text.libgcc.prologue
                0x00000000        0x0 d:/atmelstudio/7.0/toolchain/avr8/avr8-gnu-toolchain/bin/../lib/gcc/avr/5.4.0/avr5\libgcc.a(_clear_bss.o)
 .text.libgcc.builtins
                0x00000000        0x0 d:/atmelstudio/7.0/toolchain/avr8/avr8-gnu-toolchain/bin/../lib/gcc/avr/5.4.0/avr5\libgcc.a(_clear_bss.o)
 .text.libgcc.fmul
                0x00000000        0x0 d:/atmelstudio/7.0/toolchain/avr8/avr8-gnu-toolchain/bin/../lib/gcc/avr/5.4.0/avr5\libgcc.a(_clear_bss.o)
 .text.libgcc.fixed
                0x00000000        0x0 d:/atmelstudio/7.0/toolchain/avr8/avr8-gnu-toolchain/bin/../lib/gcc/avr/5.4.0/avr5\libgcc.a(_clear_bss.o)
 .text          0x00000000        0x0 d:/atmelstudio/7.0/toolchain/avr8/avr8-gnu-toolchain/bin/../lib/gcc/avr/5.4.0/avr5\libgcc.a(_muluhisi3.o)
 .data          0x00000000        0x0 d:/atmelstudio/7.0/toolchain/avr8/avr8-gnu-toolchain/bin/../lib/gcc/avr/5.4.0/avr5\libgcc.a(_muluhisi3.o)
 .bss           0x00000000        0x0 d:/atmelstudio/7.0/toolchain/avr8/avr8-gnu-toolchain/bin/../lib/gcc/avr/5.4.0/avr5\libgcc.a(_muluhisi3.o)
 .text.libgcc.div
                0x00000000        0x0 d:/atmelstudio/7.0/toolchain/avr8/avr8-gnu-toolchain/bin/../lib/gcc/avr/5.4.0/avr5\libgcc.a(_muluhisi3.o)
 .text.libgcc   0x00000000        0x0 d:/atmelstudio/7.0/toolchain/avr8/avr8-gnu-toolchain/bin/../lib/gcc/avr/5.4.0/avr5\libgcc.a(_muluhisi3.o)
 .text.libgcc.prologue
                0x00000000        0x0 d:/atmelstudio/7.0/toolchain/avr8/avr8-gnu-toolchain/bin/../lib/gcc/avr/5.4.0/avr5\libgcc.a(_muluhisi3.o)
 .text.libgcc.builtins
                0x00000000        0x0 d:/atmelstudio/7.0/toolchain/avr8/avr8-gnu-toolchain/bin/../lib/gcc/avr/5.4.0/avr5\libgcc.a(_muluhisi3.o)
 .text.libgcc.fmul
                0x00000000        0x0 d:/atmelstudio/7.0/toolchain/avr8/avr8-gnu-toolchain/bin/../lib/gcc/avr/5.4.0/avr5\libgcc.a(_muluhisi3.o)
 .text.libgcc.fixed
                0x00000000        0x0 d:/atmelstudio/7.0/toolchain/avr8/avr8-gnu-toolchain/bin/../lib/gcc/avr/5.4.0/avr5\libgcc.a(_muluhisi3.o)
 .text          0x00000000        0x0 d:/atmelstudio/7.0/toolchain/avr8/avr8-gnu-toolchain/bin/../lib/gcc/avr/5.4.0/avr5\libgcc.a(_mulshisi3.o)
 .data          0x00000000        0x0 d:/atmelstudio/7.0/toolchain/avr8/avr8-gnu-toolchain/bin/../lib/gcc/avr/5.4.0/avr5\libgcc.a(_mulshisi3.o)
 .bss           0x00000000        0x0 d:/atmelstudio/7.0/toolchain/avr8/avr8-gnu-toolchain/bin/../lib/gcc/avr/5.4.0/avr5\libgcc.a(_mulshisi3.o)
 .text.libgcc.div
                0x00000000        0x0 d:/atmelstudio/7.0/toolchain/avr8/avr8-gnu-toolchain/bin/../lib/gcc/avr/5.4.0/avr5\libgcc.a(_mulshisi3.o)
 .text.libgcc   0x00000000        0x0 d:/atmelstudio/7.0/toolchain/avr8/avr8-gnu-toolchain/bin/../lib/gcc/avr/5.4.0/avr5\libgcc.a(_mulshisi3.o)
 .text.libgcc.prologue
                0x00000000        0x0 d:/atmelstudio/7.0/toolchain/avr8/avr8-gnu-toolchain/bin/../lib/gcc/avr/5.4.0/avr5\libgcc.a(_mulshisi3.o)
 .text.libgcc.builtins
                0x00000000        0x0 d:/atmelstudio/7.0/toolchain/avr8/avr8-gnu-toolchain/bin/../lib/gcc/avr/5.4.0/avr5\libgcc.a(_mulshisi3.o)
 .text.libgcc.fmul
                0x00000000        0x0 d:/atmelstudio/7.0/toolchain/avr8/avr8-gnu-toolchain/bin/../lib/gcc/avr/5.4.0/avr5\libgcc.a(_mulshisi3.o)
 .text.libgcc.fixed
                0x00000000        0x0 d:/atmelstudio/7.0/toolchain/avr8/avr8-gnu-toolchain/bin/../lib/gcc/avr/5.4.0/avr5\libgcc.a(_mulshisi3.o)
 .text          0x00000000        0x0 d:/atmelstudio/7.0/toolchain/avr8/avr8-gnu-toolchain/bin/../lib/gcc/avr/5.4.0/avr5\libgcc.a(_udivmodhi4.o)
 .data          0x00000000        0x0 d:/atmelstudio/7.0/toolchain/avr8/avr8-gnu-toolchain/bin/../lib/gcc/avr/5.4.0/avr5\libgcc.a(_udivmodhi4.o)
 .bss           0x00000000        0x0 d:/atmelstudio/7.0/toolchain/avr8/avr8-gnu-toolchain/bin/../lib/gcc/avr/5.4.0/avr5\libgcc.a(_udivmodhi4.o)
 .text.libgcc.mul
                0x00000000        0x0 d:/atmelstudio/7.0/toolchain/avr8/avr8-gnu-toolchain/bin/../lib/gcc/avr/5.4.0/avr5\libgcc.a(_udivmodhi4.o)
 .text.libgcc.div
                0x00000000       0x28 d:/atmelstudio/7.0/toolchain/avr8/avr8-gnu-toolchain/bin/../lib/gcc/avr/5.4.0/avr5\libgcc.a(_udivmodhi4.o)
 .text.libgcc   0x00000000        0x0 d:/atmelstudio/7.0/toolchain/avr8/avr8-gnu-toolchain/bin/../lib/gcc/avr/5.4.0/avr5\libgcc.a(_udivmodhi4.o)
 .text.libgcc.prologue
                0x00000000        0x0 d:/atmelstudio/7.0/toolchain/avr8/avr8-gnu-toolchain/bin/../lib/gcc/avr/5.4.0/avr5\libgcc.a(_udivmodhi4.o)
 .text.libgcc.builtins
                0x00000000        0x0 d:/atmelstudio/7.0/toolchain/avr8/avr8-gnu-toolchain/bin/../lib/gcc/avr/5.4.0/avr5\libgcc.a(_udivmodhi4.o)
 .text.libgcc.fmul
                0x00000000        0x0 d:/atmelstudio/7.0/toolchain/avr8/avr8-gnu-toolchain/bin/../lib/gcc/avr/5.4.0/avr5\libgcc.a(_udivmodhi4.o)
 .text.libgcc.fixed
                0x00000000        0x0 d:/atmelstudio/7.0/toolchain/avr8/avr8-gnu-toolchain/bin/../lib/gcc/avr/5.4.0/avr5\libgcc.a(_udivmodhi4.o)
 .text          0x00000000        0x0 d:/atmelstudio/7.0/toolchain/avr8/avr8-gnu-toolchain/bin/../lib/gcc/avr/5.4.0/avr5\libgcc.a(_umulhisi3.o)
 .data          0x00000000        0x0 d:/atmelstudio/7.0/toolchain/avr8/avr8-gnu-toolchain/bin/../lib/gcc/avr/5.4.0/avr5\libgcc.a(_umulhisi3.o)
 .bss           0x00000000        0x0 d:/atmelstudio/7.0/toolchain/avr8/avr8-gnu-toolchain/bin/../lib/gcc/avr/5.4.0/avr5\libgcc.a(_umulhisi3.o)
 .text.libgcc.div
                0x00000000        0x0 d:/atmelstudio/7.0/toolchain/avr8/avr8-gnu-toolchain/bin/../lib/gcc/avr/5.4.0/avr5\libgcc.a(_umulhisi3.o)
 .text.libgcc   0x00000000        0x0 d:/atmelstudio/7.0/toolchain/avr8/avr8-gnu-toolchain/bin/../lib/gcc/avr/5.4.0/avr5\libgcc.a(_umulhisi3.o)
 .text.libgcc.prologue
                0x00000000        0x0 d:/atmelstudio/7.0/toolchain/avr8/avr8-gnu-toolchain/bin/../lib/gcc/avr/5.4.0/avr5\libgcc.a(_umulhisi3.o)
 .text.libgcc.builtins
                0x00000000        0x0 d:/atmelstudio/7.0/toolchain/avr8/avr8-gnu-toolchain/bin/../lib/gcc/avr/5.4.0/avr5\libgcc.a(_umulhisi3.o)
 .text.libgcc.fmul
                0x00000000        0x0 d:/atmelstudio/7.0/toolchain/avr8/avr8-gnu-toolchain/bin/../lib/gcc/avr/5.4.0/avr5\libgcc.a(_umulhisi3.o)
 .text.libgcc.fixed
                0x00000000        0x0 d:/atmelstudio/7.0/toolchain/avr8/avr8-gnu-toolchain/bin/../lib/gcc/avr/5.4.0/avr5\libgcc.a(_umulhisi3.o)
 .text          0x00000000        0x0 d:/atmelstudio/7.0/toolchain/avr8/avr8-gnu-toolchain/bin/../lib/gcc/avr/5.4.0/../../../../avr/lib/avr5\libc.a(memset.o)
 .data          0x00000000        0x0 d:/atmelstudio/7.0/toolchain/avr8/avr8-gnu-toolchain/bin/../lib/gcc/avr/5.4.0/../../../../avr/lib/avr5\libc.a(memset.o)
 .bss           0x00000000        0x0 d:/atmelstudio/7.0/toolchain/avr8/avr8-gnu-toolchain/bin/../lib/gcc/avr/5.4.0/../../../../avr/lib/avr5\libc.a(memset.o)
 .text.avr-libc
                0x00000000        0xe d:/atmelstudio/7.0/toolchain/avr8/avr8-gnu-toolchain/bin/../lib/gcc/avr/5.4.0/../../../../avr/lib/avr5\libc.a(memset.o)
 .text          0x00000000        0x0 d:/atmelstudio/7.0/toolchain/avr8/avr8-gnu-toolchain/bin/../lib/gcc/avr/5.4.0/../../../../avr/lib/avr5\libc.a(strcmp.o)
 .data          0x00000000        0x0 d:/atmelstudio/7.0/toolchain/avr8/avr8-gnu-toolchain/bin/../lib/gcc/avr/5.4.0/../../../../avr/lib/avr5\libc.a(strcmp.o)
 .bss           0x00000000        0x0 d:/atmelstudio/7.0/toolchain/avr8/avr8-gnu-toolchain/bin/../lib/gcc/avr/5.4.0/../../../../avr/lib/avr5\libc.a(strcmp.o)
 .text          0x00000000        0x0 d:/atmelstudio/7.0/toolchain/avr8/avr8-gnu-toolchain/bin/../lib/gcc/avr/5.4.0/../../../../avr/lib/avr5\libc.a(sprintf.o)
 .data          0x00000000        0x0 d:/atmelstudio/7.0/toolchain/avr8/avr8-gnu-toolchain/bin/../lib/gcc/avr/5.4.0/../../../../avr/lib/avr5\libc.a(sprintf.o)
 .bss           0x00000000        0x0 d:/atmelstudio/7.0/toolchain/avr8/avr8-gnu-toolchain/bin/../lib/gcc/avr/5.4.0/../../../../avr/lib/avr5\libc.a(sprintf.o)
 .text          0x00000000        0x0 d:/atmelstudio/7.0/toolchain/avr8/avr8-gnu-toolchain/bin/../lib/gcc/avr/5.4.0/../../../../avr/lib/avr5\libc.a(sscanf.o)
 .data          0x00000000        0x0 d:/atmelstudio/7.0/toolchain/avr8/avr8-gnu-toolchain/bin/../lib/gcc/avr/5.4.0/../../../../avr/lib/avr5\libc.a(sscanf.o)
 .bss           0x00000000        0x0 d:/atmelstudio/7.0/toolchain/avr8/avr8-gnu-toolchain/bin/../lib/gcc/avr/5.4.0/../../../../avr/lib/avr5\libc.a(sscanf.o)
 .text.avr-libc
                0x00000000       0x32 d:/atmelstudio/7.0/toolchain/avr8/avr8-gnu-toolchain/bin/../lib/gcc/avr/5.4.0/../../../../avr/lib/avr5\libc.a(sscanf.o)
 .comment       0x00000000       0x31 d:/atmelstudio/7.0/toolchain/avr8/avr8-gnu-toolchain/bin/../lib/gcc/avr/5.4.0/../../../../avr/lib/avr5\libc.a(sscanf.o)
 .text          0x00000000        0x0 d:/atmelstudio/7.0/toolchain/avr8/avr8-gnu-toolchain/bin/../lib/gcc/avr/5.4.0/../../../../avr/lib/avr5\libc.a(vfprintf_std.o)
 .data          0x00000000        0x0 d:/atmelstudio/7.0/toolchain/avr8/avr8-gnu-toolchain/bin/../lib/gcc/avr/5.4.0/../../../../avr/lib/avr5\libc.a(vfprintf_std.o)
 .bss           0x00000000        0x0 d:/atmelstudio/7.0/toolchain/avr8/avr8-gnu-toolchain/bin/../lib/gcc/avr/5.4.0/../../../../avr/lib/avr5\libc.a(vfprintf_std.o)
 .text          0x00000000        0x0 d:/atmelstudio/7.0/toolchain/avr8/avr8-gnu-toolchain/bin/../lib/gcc/avr/5.4.0/../../../../avr/lib/avr5\libc.a(vfscanf_std.o)
 .data          0x00000000        0x0 d:/atmelstudio/7.0/toolchain/avr8/avr8-gnu-toolchain/bin/../lib/gcc/avr/5.4.0/../../../../avr/lib/avr5\libc.a(vfscanf_std.o)
 .bss           0x00000000        0x0 d:/atmelstudio/7.0/toolchain/avr8/avr8-gnu-toolchain/bin/../lib/gcc/avr/5.4.0/../../../../avr/lib/avr5\libc.a(vfscanf_std.o)
 .text.avr-libc
                0x00000000      0x55a d:/atmelstudio/7.0/toolchain/avr8/avr8-gnu-toolchain/bin/../lib/gcc/avr/5.4.0/../../../../avr/lib/avr5\libc.a(vfscanf_std.o)
 .progmem.data  0x00000000        0xc d:/atmelstudio/7.0/toolchain/avr8/avr8-gnu-toolchain/bin/../lib/gcc/avr/5.4.0/../../../../avr/lib/avr5\libc.a(vfscanf_std.o)
 .comment       0x00000000       0x2d d:/atmelstudio/7.0/toolchain/avr8/avr8-gnu-toolchain/bin/../lib/gcc/avr/5.4.0/../../../../avr/lib/avr5\libc.a(vfscanf_std.o)
 .text          0x00000000        0x0 d:/atmelstudio/7.0/toolchain/avr8/avr8-gnu-toolchain/bin/../lib/gcc/avr/5.4.0/../../../../avr/lib/avr5\libc.a(isspace.o)
 .data          0x00000000        0x0 d:/atmelstudio/7.0/toolchain/avr8/avr8-gnu-toolchain/bin/../lib/gcc/avr/5.4.0/../../../../avr/lib/avr5\libc.a(isspace.o)
 .bss           0x00000000        0x0 d:/atmelstudio/7.0/toolchain/avr8/avr8-gnu-toolchain/bin/../lib/gcc/avr/5.4.0/../../../../avr/lib/avr5\libc.a(isspace.o)
 .text.avr-libc
                0x00000000       0x12 d:/atmelstudio/7.0/toolchain/avr8/avr8-gnu-toolchain/bin/../lib/gcc/avr/5.4.0/../../../../avr/lib/avr5\libc.a(isspace.o)
 .text          0x00000000        0x0 d:/atmelstudio/7.0/toolchain/avr8/avr8-gnu-toolchain/bin/../lib/gcc/avr/5.4.0/../../../../avr/lib/avr5\libc.a(strchr_P.o)
 .data          0x00000000        0x0 d:/atmelstudio/7.0/toolchain/avr8/avr8-gnu-toolchain/bin/../lib/gcc/avr/5.4.0/../../../../avr/lib/avr5\libc.a(strchr_P.o)
 .bss           0x00000000        0x0 d:/atmelstudio/7.0/toolchain/avr8/avr8-gnu-toolchain/bin/../lib/gcc/avr/5.4.0/../../../../avr/lib/avr5\libc.a(strchr_P.o)
 .text.avr-libc
                0x00000000       0x16 d:/atmelstudio/7.0/toolchain/avr8/avr8-gnu-toolchain/bin/../lib/gcc/avr/5.4.0/../../../../avr/lib/avr5\libc.a(strchr_P.o)
 .text          0x00000000        0x0 d:/atmelstudio/7.0/toolchain/avr8/avr8-gnu-toolchain/bin/../lib/gcc/avr/5.4.0/../../../../avr/lib/avr5\libc.a(strnlen_P.o)
 .data          0x00000000        0x0 d:/atmelstudio/7.0/toolchain/avr8/avr8-gnu-toolchain/bin/../lib/gcc/avr/5.4.0/../../../../avr/lib/avr5\libc.a(strnlen_P.o)
 .bss           0x00000000        0x0 d:/atmelstudio/7.0/toolchain/avr8/avr8-gnu-toolchain/bin/../lib/gcc/avr/5.4.0/../../../../avr/lib/avr5\libc.a(strnlen_P.o)
 .text          0x00000000        0x0 d:/atmelstudio/7.0/toolchain/avr8/avr8-gnu-toolchain/bin/../lib/gcc/avr/5.4.0/../../../../avr/lib/avr5\libc.a(strnlen.o)
 .data          0x00000000        0x0 d:/atmelstudio/7.0/toolchain/avr8/avr8-gnu-toolchain/bin/../lib/gcc/avr/5.4.0/../../../../avr/lib/avr5\libc.a(strnlen.o)
 .bss           0x00000000        0x0 d:/atmelstudio/7.0/toolchain/avr8/avr8-gnu-toolchain/bin/../lib/gcc/avr/5.4.0/../../../../avr/lib/avr5\libc.a(strnlen.o)
 .text          0x00000000        0x0 d:/atmelstudio/7.0/toolchain/avr8/avr8-gnu-toolchain/bin/../lib/gcc/avr/5.4.0/../../../../avr/lib/avr5\libc.a(fgetc.o)
 .data          0x00000000        0x0 d:/atmelstudio/7.0/toolchain/avr8/avr8-gnu-toolchain/bin/../lib/gcc/avr/5.4.0/../../../../avr/lib/avr5\libc.a(fgetc.o)
 .bss           0x00000000        0x0 d:/atmelstudio/7.0/toolchain/avr8/avr8-gnu-toolchain/bin/../lib/gcc/avr/5.4.0/../../../../avr/lib/avr5\libc.a(fgetc.o)
 .text.avr-libc
                0x00000000       0x7c d:/atmelstudio/7.0/toolchain/avr8/avr8-gnu-toolchain/bin/../lib/gcc/avr/5.4.0/../../../../avr/lib/avr5\libc.a(fgetc.o)
 .comment       0x00000000       0x31 d:/atmelstudio/7.0/toolchain/avr8/avr8-gnu-toolchain/bin/../lib/gcc/avr/5.4.0/../../../../avr/lib/avr5\libc.a(fgetc.o)
 .text          0x00000000        0x0 d:/atmelstudio/7.0/toolchain/avr8/avr8-gnu-toolchain/bin/../lib/gcc/avr/5.4.0/../../../../avr/lib/avr5\libc.a(fputc.o)
 .data          0x00000000        0x0 d:/atmelstudio/7.0/toolchain/avr8/avr8-gnu-toolchain/bin/../lib/gcc/avr/5.4.0/../../../../avr/lib/avr5\libc.a(fputc.o)
 .bss           0x00000000        0x0 d:/atmelstudio/7.0/toolchain/avr8/avr8-gnu-toolchain/bin/../lib/gcc/avr/5.4.0/../../../../avr/lib/avr5\libc.a(fputc.o)
 .text          0x00000000        0x0 d:/atmelstudio/7.0/toolchain/avr8/avr8-gnu-toolchain/bin/../lib/gcc/avr/5.4.0/../../../../avr/lib/avr5\libc.a(ungetc.o)
 .data          0x00000000        0x0 d:/atmelstudio/7.0/toolchain/avr8/avr8-gnu-toolchain/bin/../lib/gcc/avr/5.4.0/../../../../avr/lib/avr5\libc.a(ungetc.o)
 .bss           0x00000000        0x0 d:/atmelstudio/7.0/toolchain/avr8/avr8-gnu-toolchain/bin/../lib/gcc/avr/5.4.0/../../../../avr/lib/avr5\libc.a(ungetc.o)
 .text.avr-libc
                0x00000000       0x32 d:/atmelstudio/7.0/toolchain/avr8/avr8-gnu-toolchain/bin/../lib/gcc/avr/5.4.0/../../../../avr/lib/avr5\libc.a(ungetc.o)
 .comment       0x00000000       0x31 d:/atmelstudio/7.0/toolchain/avr8/avr8-gnu-toolchain/bin/../lib/gcc/avr/5.4.0/../../../../avr/lib/avr5\libc.a(ungetc.o)
 .text          0x00000000        0x0 d:/atmelstudio/7.0/toolchain/avr8/avr8-gnu-toolchain/bin/../lib/gcc/avr/5.4.0/../../../../avr/lib/avr5\libc.a(ultoa_invert.o)
 .data          0x00000000        0x0 d:/atmelstudio/7.0/toolchain/avr8/avr8-gnu-toolchain/bin/../lib/gcc/avr/5.4.0/../../../../avr/lib/avr5\libc.a(ultoa_invert.o)
 .bss           0x00000000        0x0 d:/atmelstudio/7.0/toolchain/avr8/avr8-gnu-toolchain/bin/../lib/gcc/avr/5.4.0/../../../../avr/lib/avr5\libc.a(ultoa_invert.o)
 .text          0x00000000        0x0 d:/atmelstudio/7.0/toolchain/avr8/avr8-gnu-toolchain/bin/../lib/gcc/avr/5.4.0/../../../../avr/lib/avr5\libc.a(cty_isfalse.o)
 .data          0x00000000        0x0 d:/atmelstudio/7.0/toolchain/avr8/avr8-gnu-toolchain/bin/../lib/gcc/avr/5.4.0/../../../../avr/lib/avr5\libc.a(cty_isfalse.o)
 .bss           0x00000000        0x0 d:/atmelstudio/7.0/toolchain/avr8/avr8-gnu-toolchain/bin/../lib/gcc/avr/5.4.0/../../../../avr/lib/avr5\libc.a(cty_isfalse.o)
 .text.avr-libc
                0x00000000        0x6 d:/atmelstudio/7.0/toolchain/avr8/avr8-gnu-toolchain/bin/../lib/gcc/avr/5.4.0/../../../../avr/lib/avr5\libc.a(cty_isfalse.o)
 .text          0x00000000        0x0 d:/atmelstudio/7.0/toolchain/avr8/avr8-gnu-toolchain/bin/../lib/gcc/avr/5.4.0/avr5\libgcc.a(_prologue.o)
 .data          0x00000000        0x0 d:/atmelstudio/7.0/toolchain/avr8/avr8-gnu-toolchain/bin/../lib/gcc/avr/5.4.0/avr5\libgcc.a(_prologue.o)
 .bss           0x00000000        0x0 d:/atmelstudio/7.0/toolchain/avr8/avr8-gnu-toolchain/bin/../lib/gcc/avr/5.4.0/avr5\libgcc.a(_prologue.o)
 .text.libgcc.mul
                0x00000000        0x0 d:/atmelstudio/7.0/toolchain/avr8/avr8-gnu-toolchain/bin/../lib/gcc/avr/5.4.0/avr5\libgcc.a(_prologue.o)
 .text.libgcc.div
                0x00000000        0x0 d:/atmelstudio/7.0/toolchain/avr8/avr8-gnu-toolchain/bin/../lib/gcc/avr/5.4.0/avr5\libgcc.a(_prologue.o)
 .text.libgcc   0x00000000        0x0 d:/atmelstudio/7.0/toolchain/avr8/avr8-gnu-toolchain/bin/../lib/gcc/avr/5.4.0/avr5\libgcc.a(_prologue.o)
 .text.libgcc.builtins
                0x00000000        0x0 d:/atmelstudio/7.0/toolchain/avr8/avr8-gnu-toolchain/bin/../lib/gcc/avr/5.4.0/avr5\libgcc.a(_prologue.o)
 .text.libgcc.fmul
                0x00000000        0x0 d:/atmelstudio/7.0/toolchain/avr8/avr8-gnu-toolchain/bin/../lib/gcc/avr/5.4.0/avr5\libgcc.a(_prologue.o)
 .text.libgcc.fixed
                0x00000000        0x0 d:/atmelstudio/7.0/toolchain/avr8/avr8-gnu-toolchain/bin/../lib/gcc/avr/5.4.0/avr5\libgcc.a(_prologue.o)
 .text          0x00000000        0x0 d:/atmelstudio/7.0/toolchain/avr8/avr8-gnu-toolchain/bin/../lib/gcc/avr/5.4.0/avr5\libgcc.a(_epilogue.o)
 .data          0x00000000        0x0 d:/atmelstudio/7.0/toolchain/avr8/avr8-gnu-toolchain/bin/../lib/gcc/avr/5.4.0/avr5\libgcc.a(_epilogue.o)
 .bss           0x00000000        0x0 d:/atmelstudio/7.0/toolchain/avr8/avr8-gnu-toolchain/bin/../lib/gcc/avr/5.4.0/avr5\libgcc.a(_epilogue.o)
 .text.libgcc.mul
                0x00000000        0x0 d:/atmelstudio/7.0/toolchain/avr8/avr8-gnu-toolchain/bin/../lib/gcc/avr/5.4.0/avr5\libgcc.a(_epilogue.o)
 .text.libgcc.div
                0x00000000        0x0 d:/atmelstudio/7.0/toolchain/avr8/avr8-gnu-toolchain/bin/../lib/gcc/avr/5.4.0/avr5\libgcc.a(_epilogue.o)
 .text.libgcc   0x00000000        0x0 d:/atmelstudio/7.0/toolchain/avr8/avr8-gnu-toolchain/bin/../lib/gcc/avr/5.4.0/avr5\libgcc.a(_epilogue.o)
 .text.libgcc.builtins
                0x00000000        0x0 d:/atmelstudio/7.0/toolchain/avr8/avr8-gnu-toolchain/bin/../lib/gcc/avr/5.4.0/avr5\libgcc.a(_epilogue.o)
 .text.libgcc.fmul
                0x00000000        0x0 d:/atmelstudio/7.0/toolchain/avr8/avr8-gnu-toolchain/bin/../lib/gcc/avr/5.4.0/avr5\libgcc.a(_epilogue.o)
 .text.libgcc.fixed
                0x00000000        0x0 d:/atmelstudio/7.0/toolchain/avr8/avr8-gnu-toolchain/bin/../lib/gcc/avr/5.4.0/avr5\libgcc.a(_epilogue.o)

Memory Configuration

Name             Origin             Length             Attributes
text             0x00000000         0x00008000         xr
data             0x00800060         0x00000800         rw !x
eeprom           0x00810000         0x00000400         rw !x
fuse             0x00820000         0x00000002         rw !x
lock             0x00830000         0x00000400         rw !x
signature        0x00840000         0x00000400         rw !x
user_signatures  0x00850000         0x00000400         rw !x
*default*        0x00000000         0xffffffff

Linker script and memory map

LOAD D:/AtmelStudio/7.0/Packs/atmel/ATmega_DFP/1.6.364/gcc/dev/atmega32a/avr5/crtatmega32a.o
LOAD BMP180.o
LOAD DHT22.o
LOAD DS18B20.o
LOAD ILI9486.o
LOAD main.o
LOAD NRF24.o
LOAD RTC_DS3231.o
LOAD TWI.o
LOAD usart.o
LOAD WeatherStation.o
START GROUP
LOAD d:/atmelstudio/7.0/toolchain/avr8/avr8-gnu-toolchain/bin/../lib/gcc/avr/5.4.0/../../../../avr/lib/avr5\libm.a
END GROUP
START GROUP
LOAD d:/atmelstudio/7.0/toolchain/avr8/avr8-gnu-toolchain/bin/../lib/gcc/avr/5.4.0/avr5\libgcc.a
LOAD d:/atmelstudio/7.0/toolchain/avr8/avr8-gnu-toolchain/bin/../lib/gcc/avr/5.4.0/../../../../avr/lib/avr5\libm.a
LOAD d:/atmelstudio/7.0/toolchain/avr8/avr8-gnu-toolchain/bin/../lib/gcc/avr/5.4.0/../../../../avr/lib/avr5\libc.a
LOAD D:/AtmelStudio/7.0/Packs/atmel/ATmega_DFP/1.6.364/gcc/dev/atmega32a/avr5\libatmega32a.a
END GROUP
                [0x00000000]                __TEXT_REGION_ORIGIN__ = DEFINED (__TEXT_REGION_ORIGIN__)?__TEXT_REGION_ORIGIN__:0x0
                [0x00800060]                __DATA_REGION_ORIGIN__ = DEFINED (__DATA_REGION_ORIGIN__)?__DATA_REGION_ORIGIN__:0x800060
                [0x00008000]                __TEXT_REGION_LENGTH__ = DEFINED (__TEXT_REGION_LENGTH__)?__TEXT_REGION_LENGTH__:0x20000
                [0x00000800]                __DATA_REGION_LENGTH__ = DEFINED (__DATA_REGION_LENGTH__)?__DATA_REGION_LENGTH__:0xffa0
                [0x00000400]                __EEPROM_REGION_LENGTH__ = DEFINED (__EEPROM_REGION_LENGTH__)?__EEPROM_REGION_LENGTH__:0x10000
                [0x00000002]                __FUSE_REGION_LENGTH__ = DEFINED (__FUSE_REGION_LENGTH__)?__FUSE_REGION_LENGTH__:0x400
                0x00000400                __LOCK_REGION_LENGTH__ = DEFINED (__LOCK_REGION_LENGTH__)?__LOCK_REGION_LENGTH__:0x400
                0x00000400                __SIGNATURE_REGION_LENGTH__ = DEFINED (__SIGNATURE_REGION_LENGTH__)?__SIGNATURE_REGION_LENGTH__:0x400
                0x00000400                __USER_SIGNATURE_REGION_LENGTH__ = DEFINED (__USER_SIGNATURE_REGION_LENGTH__)?__USER_SIGNATURE_REGION_LENGTH__:0x400

.hash
 *(.hash)

.dynsym
 *(.dynsym)

.dynstr
 *(.dynstr)

.gnu.version
 *(.gnu.version)

.gnu.version_d
 *(.gnu.version_d)

.gnu.version_r
 *(.gnu.version_r)

.rel.init
 *(.rel.init)

.rela.init
 *(.rela.init)

.rel.text
 *(.rel.text)
 *(.rel.text.*)
 *(.rel.gnu.linkonce.t*)

.rela.text
 *(.rela.text)
 *(.rela.text.*)
 *(.rela.gnu.linkonce.t*)

.rel.fini
 *(.rel.fini)

.rela.fini
 *(.rela.fini)

.rel.rodata
 *(.rel.rodata)
 *(.rel.rodata.*)
 *(.rel.gnu.linkonce.r*)

.rela.rodata
 *(.rela.rodata)
 *(.rela.rodata.*)
 *(.rela.gnu.linkonce.r*)

.rel.data
 *(.rel.data)
 *(.rel.data.*)
 *(.rel.gnu.linkonce.d*)

.rela.data
 *(.rela.data)
 *(.rela.data.*)
 *(.rela.gnu.linkonce.d*)

.rel.ctors
 *(.rel.ctors)

.rela.ctors
 *(.rela.ctors)

.rel.dtors
 *(.rel.dtors)

.rela.dtors
 *(.rela.dtors)

.rel.got
 *(.rel.got)

.rela.got
 *(.rela.got)

.rel.bss
 *(.rel.bss)

.rela.bss
 *(.rela.bss)

.rel.plt
 *(.rel.plt)

.rela.plt
 *(.rela.plt)

.text           0x00000000     0x6ac6
 *(.vectors)
 .vectors       0x00000000       0x54 D:/AtmelStudio/7.0/Packs/atmel/ATmega_DFP/1.6.364/gcc/dev/atmega32a/avr5/crtatmega32a.o
                0x00000000                __vector_default
                0x00000000                __vectors
 *(.vectors)
 *(.progmem.gcc*)
 .progmem.gcc_sw_table.__vector_2
                0x00000054        0xe main.o
                0x00000062                . = ALIGN (0x2)
                0x00000062                __trampolines_start = .
 *(.trampolines)
 .trampolines   0x00000062        0x0 linker stubs
 *(.trampolines*)
                0x00000062                __trampolines_end = .
 *libprintf_flt.a:*(.progmem.data)
 *libc.a:*(.progmem.data)
 *(.progmem*)
 .progmem.data.Font32x48_Num
                0x00000062      0x9c0 ILI9486.o
                0x00000062                Font32x48_Num
 .progmem.data.Consolas18x32
                0x00000a22     0x1b00 ILI9486.o
                0x00000a22                Consolas18x32
 .progmem.data.Consolas14x24
                0x00002522      0x444 ILI9486.o
                0x00002522                Consolas14x24
                0x00002966                . = ALIGN (0x2)
 *(.jumptables)
 *(.jumptables*)
 *(.lowtext)
 *(.lowtext*)
                0x00002966                __ctors_start = .
 *(.ctors)
                0x00002966                __ctors_end = .
                0x00002966                __dtors_start = .
 *(.dtors)
                0x00002966                __dtors_end = .
 SORT(*)(.ctors)
 SORT(*)(.dtors)
 *(.init0)
 .init0         0x00002966        0x0 D:/AtmelStudio/7.0/Packs/atmel/ATmega_DFP/1.6.364/gcc/dev/atmega32a/avr5/crtatmega32a.o
                0x00002966                __init
 *(.init0)
 *(.init1)
 *(.init1)
 *(.init2)
 .init2         0x00002966        0xc D:/AtmelStudio/7.0/Packs/atmel/ATmega_DFP/1.6.364/gcc/dev/atmega32a/avr5/crtatmega32a.o
 *(.init2)
 *(.init3)
 *(.init3)
 *(.init4)
 .init4         0x00002972       0x16 d:/atmelstudio/7.0/toolchain/avr8/avr8-gnu-toolchain/bin/../lib/gcc/avr/5.4.0/avr5\libgcc.a(_copy_data.o)
                0x00002972                __do_copy_data
 .init4         0x00002988       0x10 d:/atmelstudio/7.0/toolchain/avr8/avr8-gnu-toolchain/bin/../lib/gcc/avr/5.4.0/avr5\libgcc.a(_clear_bss.o)
                0x00002988                __do_clear_bss
 *(.init4)
 *(.init5)
 *(.init5)
 *(.init6)
 *(.init6)
 *(.init7)
 *(.init7)
 *(.init8)
 *(.init8)
 *(.init9)
 .init9         0x00002998        0x8 D:/AtmelStudio/7.0/Packs/atmel/ATmega_DFP/1.6.364/gcc/dev/atmega32a/avr5/crtatmega32a.o
 *(.init9)
 *(.text)
 .text          0x000029a0        0x4 D:/AtmelStudio/7.0/Packs/atmel/ATmega_DFP/1.6.364/gcc/dev/atmega32a/avr5/crtatmega32a.o
                0x000029a0                __vector_12
                0x000029a0                __bad_interrupt
                0x000029a0                __vector_6
                0x000029a0                __vector_3
                0x000029a0                __vector_11
                0x000029a0                __vector_13
                0x000029a0                __vector_17
                0x000029a0                __vector_19
                0x000029a0                __vector_5
                0x000029a0                __vector_4
                0x000029a0                __vector_9
                0x000029a0                __vector_15
                0x000029a0                __vector_8
                0x000029a0                __vector_14
                0x000029a0                __vector_16
                0x000029a0                __vector_18
                0x000029a0                __vector_20
                0x000029a4                . = ALIGN (0x2)
 *(.text.*)
 .text.dt_testdevice
                0x000029a4       0x42 DS18B20.o
                0x000029a4                dt_testdevice
 .text.dt_readbit
                0x000029e6       0x34 DS18B20.o
                0x000029e6                dt_readbit
 .text.dt_readbyte
                0x00002a1a       0x2c DS18B20.o
                0x00002a1a                dt_readbyte
 .text.dt_sendbit
                0x00002a46       0x32 DS18B20.o
                0x00002a46                dt_sendbit
 .text.dt_sendbyte
                0x00002a78       0x42 DS18B20.o
                0x00002a78                dt_sendbyte
 .text.dt_check
                0x00002aba       0x54 DS18B20.o
                0x00002aba                dt_check
 .text.ILI9486_Write8
                0x00002b0e       0x10 ILI9486.o
                0x00002b0e                ILI9486_Write8
 .text.ILI9486_Write16
                0x00002b1e       0x14 ILI9486.o
                0x00002b1e                ILI9486_Write16
 .text.ILI9486_SendCommand
                0x00002b32       0x12 ILI9486.o
                0x00002b32                ILI9486_SendCommand
 .text.ILI9486_SendData
                0x00002b44        0xc ILI9486.o
                0x00002b44                ILI9486_SendData
 .text.ILI9486_Write_Cmd_Data
                0x00002b50       0x22 ILI9486.o
                0x00002b50                ILI9486_Write_Cmd_Data
 .text.ILI9486_reset
                0x00002b72       0x6c ILI9486.o
                0x00002b72                ILI9486_reset
 .text.ILI9486_SetRotation
                0x00002bde       0xaa ILI9486.o
                0x00002bde                ILI9486_SetRotation
 .text.ILI9486_ini
                0x00002c88      0x390 ILI9486.o
                0x00002c88                ILI9486_ini
 .text.ILI9486_SetAddrWindow
                0x00003018       0xc2 ILI9486.o
                0x00003018                ILI9486_SetAddrWindow
 .text.ILI9486_drawPixel
                0x000030da       0x1e ILI9486.o
                0x000030da                ILI9486_drawPixel
 .text.ILI9486_FillScreen
                0x000030f8       0xa6 ILI9486.o
                0x000030f8                ILI9486_FillScreen
 .text.ILI9486_fillRect
                0x0000319e       0xc4 ILI9486.o
                0x0000319e                ILI9486_fillRect
 .text.ILI9486_DrawFastVLine
                0x00003262       0x4c ILI9486.o
                0x00003262                ILI9486_DrawFastVLine
 .text.ILI9486_DrawFastHLine
                0x000032ae       0x4a ILI9486.o
                0x000032ae                ILI9486_DrawFastHLine
 .text.ILI9486_writeLine
                0x000032f8      0x152 ILI9486.o
                0x000032f8                ILI9486_writeLine
 .text.ILI9486_Draw_Line
                0x0000344a       0x5c ILI9486.o
                0x0000344a                ILI9486_Draw_Line
 .text.ILI9486_Draw_Circle
                0x000034a6      0x1b4 ILI9486.o
                0x000034a6                ILI9486_Draw_Circle
 .text.ILI9486_fillCircleHelper
                0x0000365a      0x15a ILI9486.o
                0x0000365a                ILI9486_fillCircleHelper
 .text.ILI9486_fillCircle
                0x000037b4       0x52 ILI9486.o
                0x000037b4                ILI9486_fillCircle
 .text.ILI9486_DrawRect
                0x00003806       0x6a ILI9486.o
                0x00003806                ILI9486_DrawRect
 .text.ILI9486_fillTriangle
                0x00003870      0x330 ILI9486.o
                0x00003870                ILI9486_fillTriangle
 .text.ILI9486_SetTextColor
                0x00003ba0       0x12 ILI9486.o
                0x00003ba0                ILI9486_SetTextColor
 .text.ILI9486_Print_Char14x24
                0x00003bb2      0x156 ILI9486.o
                0x00003bb2                ILI9486_Print_Char14x24
 .text.ILI9486_Print_Char18x32
                0x00003d08      0x158 ILI9486.o
                0x00003d08                ILI9486_Print_Char18x32
 .text.ILI9486_Print_Char32x48
                0x00003e60      0x15a ILI9486.o
                0x00003e60                ILI9486_Print_Char32x48
 .text.ILI9486_SetCursor
                0x00003fba       0x12 ILI9486.o
                0x00003fba                ILI9486_SetCursor
 .text.ILI9486_Print_String18x32
                0x00003fcc       0xe4 ILI9486.o
                0x00003fcc                ILI9486_Print_String18x32
 .text.ILI9486_Print_String32x48
                0x000040b0       0xe4 ILI9486.o
                0x000040b0                ILI9486_Print_String32x48
 .text.ILI9486_Print_String14x24
                0x00004194       0xe4 ILI9486.o
                0x00004194                ILI9486_Print_String14x24
 .text.timer1_ini
                0x00004278       0x1c main.o
                0x00004278                timer1_ini
 .text.timer0_ini
                0x00004294       0x18 main.o
                0x00004294                timer0_ini
 .text.__vector_7
                0x000042ac       0x4a main.o
                0x000042ac                __vector_7
 .text.__vector_10
                0x000042f6      0x18e main.o
                0x000042f6                __vector_10
 .text.enc_interrupt_ini
                0x00004484        0xe main.o
                0x00004484                enc_interrupt_ini
 .text.__vector_2
                0x00004492      0x22c main.o
                0x00004492                __vector_2
 .text.SPI_init
                0x000046be       0x18 main.o
                0x000046be                SPI_init
 .text.port_init
                0x000046d6       0x44 main.o
                0x000046d6                port_init
 .text.spi_send_recv
                0x0000471a        0xa main.o
                0x0000471a                spi_send_recv
 .text.main     0x00004724      0x1e6 main.o
                0x00004724                main
 .text.NRF24_FlushRX
                0x0000490a       0x1c NRF24.o
                0x0000490a                NRF24_FlushRX
 .text.NRF24_FlushTX
                0x00004926       0x1c NRF24.o
                0x00004926                NRF24_FlushTX
 .text.NRF24_ToggleFeatures
                0x00004942       0x22 NRF24.o
                0x00004942                NRF24_ToggleFeatures
 .text.NRF24_Read_Buf
                0x00004964       0x4e NRF24.o
                0x00004964                NRF24_Read_Buf
 .text.NRF24_Write_Buf
                0x000049b2       0x56 NRF24.o
                0x000049b2                NRF24_Write_Buf
 .text.nRF_write_register
                0x00004a08       0x20 NRF24.o
                0x00004a08                nRF_write_register
 .text.nRF_read_register
                0x00004a28       0x24 NRF24.o
                0x00004a28                nRF_read_register
 .text.__vector_1
                0x00004a4c       0x74 NRF24.o
                0x00004a4c                __vector_1
 .text.NRF24L01_RX_Mode
                0x00004ac0       0x2c NRF24.o
                0x00004ac0                NRF24L01_RX_Mode
 .text.NRF24_ini
                0x00004aec       0x98 NRF24.o
                0x00004aec                NRF24_ini
 .text.RTC_ConvertFromBinDec
                0x00004b84       0x26 RTC_DS3231.o
                0x00004b84                RTC_ConvertFromBinDec
 .text.ModifyRTC
                0x00004baa      0x1a0 RTC_DS3231.o
                0x00004baa                ModifyRTC
 .text.I2C_Init
                0x00004d4a        0x6 TWI.o
                0x00004d4a                I2C_Init
 .text.I2C_StartCondition
                0x00004d50        0xc TWI.o
                0x00004d50                I2C_StartCondition
 .text.I2C_StopCondition
                0x00004d5c        0x6 TWI.o
                0x00004d5c                I2C_StopCondition
 .text.I2C_SendByte
                0x00004d62        0xe TWI.o
                0x00004d62                I2C_SendByte
 .text.USART_Init
                0x00004d70       0x18 usart.o
                0x00004d70                USART_Init
 .text.Print_Hello_World
                0x00004d88       0x64 WeatherStation.o
                0x00004d88                Print_Hello_World
 .text.Print_Download
                0x00004dec       0xa0 WeatherStation.o
                0x00004dec                Print_Download
 .text.Update_Home_Page
                0x00004e8c       0x36 WeatherStation.o
                0x00004e8c                Update_Home_Page
 .text.Print_Boards_Main
                0x00004ec2      0x9a4 WeatherStation.o
                0x00004ec2                Print_Boards_Main
 .text.Print_Static_Home_Page
                0x00005866       0x14 WeatherStation.o
                0x00005866                Print_Static_Home_Page
 .text.DrawWeatherVane
                0x0000587a      0x74c WeatherStation.o
                0x0000587a                DrawWeatherVane
 .text.Print_Home_Page
                0x00005fc6      0x3c6 WeatherStation.o
                0x00005fc6                Print_Home_Page
 .text.sprintf_HOME_Weath_Param
                0x0000638c       0x7e WeatherStation.o
                0x0000638c                sprintf_HOME_Weath_Param
 .text.libgcc.div
                0x0000640a       0x44 d:/atmelstudio/7.0/toolchain/avr8/avr8-gnu-toolchain/bin/../lib/gcc/avr/5.4.0/avr5\libgcc.a(_udivmodsi4.o)
                0x0000640a                __udivmodsi4
 .text.libgcc.div
                0x0000644e       0x2e d:/atmelstudio/7.0/toolchain/avr8/avr8-gnu-toolchain/bin/../lib/gcc/avr/5.4.0/avr5\libgcc.a(_divmodsi4.o)
                0x0000644e                __divmodsi4
 .text.libgcc.div
                0x0000647c       0x10 d:/atmelstudio/7.0/toolchain/avr8/avr8-gnu-toolchain/bin/../lib/gcc/avr/5.4.0/avr5\libgcc.a(_negsi2.o)
                0x0000647c                __negsi2
 .text.libgcc   0x0000648c        0xc d:/atmelstudio/7.0/toolchain/avr8/avr8-gnu-toolchain/bin/../lib/gcc/avr/5.4.0/avr5\libgcc.a(_tablejump2.o)
                0x0000648c                __tablejump2__
 .text.libgcc.mul
                0x00006498       0x16 d:/atmelstudio/7.0/toolchain/avr8/avr8-gnu-toolchain/bin/../lib/gcc/avr/5.4.0/avr5\libgcc.a(_muluhisi3.o)
                0x00006498                __muluhisi3
 .text.libgcc.mul
                0x000064ae       0x10 d:/atmelstudio/7.0/toolchain/avr8/avr8-gnu-toolchain/bin/../lib/gcc/avr/5.4.0/avr5\libgcc.a(_mulshisi3.o)
                0x000064ae                __mulshisi3
                0x000064b4                __mulohisi3
 .text.libgcc.mul
                0x000064be       0x1e d:/atmelstudio/7.0/toolchain/avr8/avr8-gnu-toolchain/bin/../lib/gcc/avr/5.4.0/avr5\libgcc.a(_umulhisi3.o)
                0x000064be                __umulhisi3
 .text.avr-libc
                0x000064dc       0x12 d:/atmelstudio/7.0/toolchain/avr8/avr8-gnu-toolchain/bin/../lib/gcc/avr/5.4.0/../../../../avr/lib/avr5\libc.a(strcmp.o)
                0x000064dc                strcmp
 .text.avr-libc
                0x000064ee       0x44 d:/atmelstudio/7.0/toolchain/avr8/avr8-gnu-toolchain/bin/../lib/gcc/avr/5.4.0/../../../../avr/lib/avr5\libc.a(sprintf.o)
                0x000064ee                sprintf
 .text.avr-libc
                0x00006532      0x3c2 d:/atmelstudio/7.0/toolchain/avr8/avr8-gnu-toolchain/bin/../lib/gcc/avr/5.4.0/../../../../avr/lib/avr5\libc.a(vfprintf_std.o)
                0x00006532                vfprintf
 .text.avr-libc
                0x000068f4       0x16 d:/atmelstudio/7.0/toolchain/avr8/avr8-gnu-toolchain/bin/../lib/gcc/avr/5.4.0/../../../../avr/lib/avr5\libc.a(strnlen_P.o)
                0x000068f4                strnlen_P
 .text.avr-libc
                0x0000690a       0x16 d:/atmelstudio/7.0/toolchain/avr8/avr8-gnu-toolchain/bin/../lib/gcc/avr/5.4.0/../../../../avr/lib/avr5\libc.a(strnlen.o)
                0x0000690a                strnlen
 .text.avr-libc
                0x00006920       0x78 d:/atmelstudio/7.0/toolchain/avr8/avr8-gnu-toolchain/bin/../lib/gcc/avr/5.4.0/../../../../avr/lib/avr5\libc.a(fputc.o)
                0x00006920                fputc
 .text.avr-libc
                0x00006998       0xbc d:/atmelstudio/7.0/toolchain/avr8/avr8-gnu-toolchain/bin/../lib/gcc/avr/5.4.0/../../../../avr/lib/avr5\libc.a(ultoa_invert.o)
                0x00006998                __ultoa_invert
 .text.libgcc.prologue
                0x00006a54       0x38 d:/atmelstudio/7.0/toolchain/avr8/avr8-gnu-toolchain/bin/../lib/gcc/avr/5.4.0/avr5\libgcc.a(_prologue.o)
                0x00006a54                __prologue_saves__
 .text.libgcc.prologue
                0x00006a8c       0x36 d:/atmelstudio/7.0/toolchain/avr8/avr8-gnu-toolchain/bin/../lib/gcc/avr/5.4.0/avr5\libgcc.a(_epilogue.o)
                0x00006a8c                __epilogue_restores__
                0x00006ac2                . = ALIGN (0x2)
 *(.fini9)
 .fini9         0x00006ac2        0x0 d:/atmelstudio/7.0/toolchain/avr8/avr8-gnu-toolchain/bin/../lib/gcc/avr/5.4.0/avr5\libgcc.a(_exit.o)
                0x00006ac2                _exit
                0x00006ac2                exit
 *(.fini9)
 *(.fini8)
 *(.fini8)
 *(.fini7)
 *(.fini7)
 *(.fini6)
 *(.fini6)
 *(.fini5)
 *(.fini5)
 *(.fini4)
 *(.fini4)
 *(.fini3)
 *(.fini3)
 *(.fini2)
 *(.fini2)
 *(.fini1)
 *(.fini1)
 *(.fini0)
 .fini0         0x00006ac2        0x4 d:/atmelstudio/7.0/toolchain/avr8/avr8-gnu-toolchain/bin/../lib/gcc/avr/5.4.0/avr5\libgcc.a(_exit.o)
 *(.fini0)
                0x00006ac6                _etext = .

.data           0x00800060      0x1f0 load address 0x00006ac6
                0x00800060                PROVIDE (__data_start, .)
 *(.data)
 *(.data*)
 .data.TX_ADDRESS
                0x00800060        0x3 NRF24.o
                0x00800060                TX_ADDRESS
 *(.gnu.linkonce.d*)
 *(.rodata)
 *(.rodata*)
 .rodata.str1.1
                0x00800063       0x1c main.o
 .rodata.str1.1
                0x0080007f      0x1d0 WeatherStation.o
                                0x1db (size before relaxing)
 *(.gnu.linkonce.r*)
                0x00800250                . = ALIGN (0x2)
 *fill*         0x0080024f        0x1 
                0x00800250                _edata = .
                0x00800250                PROVIDE (__data_end, .)

.bss            0x00800250       0xbd
                0x00800250                PROVIDE (__bss_start, .)
 *(.bss)
 *(.bss*)
 .bss.Y_SIZE    0x00800250        0x2 ILI9486.o
                0x00800250                Y_SIZE
 .bss.X_SIZE    0x00800252        0x2 ILI9486.o
                0x00800252                X_SIZE
 .bss.old_state.2581
                0x00800254        0x1 main.o
 .bss.new_state.2580
                0x00800255        0x1 main.o
 .bss.millis    0x00800256        0x4 main.o
                0x00800256                millis
 .bss.change_flag
                0x0080025a        0x1 main.o
                0x0080025a                change_flag
 .bss.menu_flag
                0x0080025b        0x1 main.o
                0x0080025b                menu_flag
 .bss.start_time
                0x0080025c       0x14 main.o
                0x0080025c                start_time
 .bss.rx_flag   0x00800270        0x1 NRF24.o
                0x00800270                rx_flag
 .bss.RX_BUF    0x00800271        0x5 NRF24.o
                0x00800271                RX_BUF
 .bss.Rain_to_DB
                0x00800276        0x6 WeatherStation.o
                0x00800276                Rain_to_DB
 .bss.Vbat_to_DB
                0x0080027c        0x5 WeatherStation.o
                0x0080027c                Vbat_to_DB
 .bss.wind_direction_to_DB
                0x00800281        0x6 WeatherStation.o
                0x00800281                wind_direction_to_DB
 .bss.WIND_speed_to_DB
                0x00800287        0x5 WeatherStation.o
                0x00800287                WIND_speed_to_DB
 .bss.hum_street_to_DB
                0x0080028c        0x5 WeatherStation.o
                0x0080028c                hum_street_to_DB
 .bss.temp_street_to_DB
                0x00800291        0x6 WeatherStation.o
                0x00800291                temp_street_to_DB
 .bss.Press_home
                0x00800297        0x6 WeatherStation.o
                0x00800297                Press_home
 .bss.Rain      0x0080029d        0x6 WeatherStation.o
                0x0080029d                Rain
 .bss.Vbat      0x008002a3        0x5 WeatherStation.o
                0x008002a3                Vbat
 .bss.WIND_speed
                0x008002a8        0x5 WeatherStation.o
                0x008002a8                WIND_speed
 .bss.hum_home  0x008002ad        0x5 WeatherStation.o
                0x008002ad                hum_home
 .bss.temp_home
                0x008002b2        0x6 WeatherStation.o
                0x008002b2                temp_home
 .bss.hum_street
                0x008002b8        0x5 WeatherStation.o
                0x008002b8                hum_street
 .bss.temp_street
                0x008002bd        0x6 WeatherStation.o
                0x008002bd                temp_street
 *(COMMON)
 COMMON         0x008002c3        0x9 ILI9486.o
                0x008002c3                BACK_COLOR
                0x008002c5                POINT_COLOR
                0x008002c7                cursor_y
                0x008002c9                cursor_x
                0x008002cb                textsize
 COMMON         0x008002cc        0xc main.o
                0x008002cc                add_cnt
                0x008002cd                cnt
                0x008002ce                month
                0x008002cf                hour
                0x008002d0                clock_change_mode
                0x008002d1                min
                0x008002d2                year
                0x008002d3                sec
                0x008002d4                day
                0x008002d5                alarmhour
                0x008002d6                date
                0x008002d7                alarmmin
 COMMON         0x008002d8       0x10 NRF24.o
                0x008002d8                receive_counter
                0x008002d9                street_temp_fraction
                0x008002da                street_temp_sign
                0x008002db                adc_value1
                0x008002e1                adc_value2
                0x008002e7                street_temp_integer
 COMMON         0x008002e8       0x25 WeatherStation.o
                0x008002e8                home_temp_fraction
                0x008002e9                wind_direction
                0x008002ef                home_temp_integer
                0x008002f0                T_Param
                0x0080030c                home_temp_sign
                0x0080030d                PROVIDE (__bss_end, .)
                0x00006ac6                __data_load_start = LOADADDR (.data)
                0x00006cb6                __data_load_end = (__data_load_start + SIZEOF (.data))

.noinit         0x0080030d        0x0
                [!provide]                PROVIDE (__noinit_start, .)
 *(.noinit*)
                [!provide]                PROVIDE (__noinit_end, .)
                0x0080030d                _end = .
                [!provide]                PROVIDE (__heap_start, .)

.eeprom         0x00810000        0x0
 *(.eeprom*)
                0x00810000                __eeprom_end = .

.fuse
 *(.fuse)
 *(.lfuse)
 *(.hfuse)
 *(.efuse)

.lock
 *(.lock*)

.signature
 *(.signature*)

.user_signatures
 *(.user_signatures*)

.stab
 *(.stab)

.stabstr
 *(.stabstr)

.stab.excl
 *(.stab.excl)

.stab.exclstr
 *(.stab.exclstr)

.stab.index
 *(.stab.index)

.stab.indexstr
 *(.stab.indexstr)

.comment        0x00000000       0x5c
 *(.comment)
 .comment       0x00000000       0x30 DS18B20.o
                                 0x31 (size before relaxing)
 .comment       0x00000030       0x31 ILI9486.o
 .comment       0x00000030       0x31 main.o
 .comment       0x00000030       0x31 NRF24.o
 .comment       0x00000030       0x31 RTC_DS3231.o
 .comment       0x00000030       0x31 TWI.o
 .comment       0x00000030       0x31 usart.o
 .comment       0x00000030       0x31 WeatherStation.o
 .comment       0x00000030       0x31 d:/atmelstudio/7.0/toolchain/avr8/avr8-gnu-toolchain/bin/../lib/gcc/avr/5.4.0/../../../../avr/lib/avr5\libc.a(sprintf.o)
 .comment       0x00000030       0x2c d:/atmelstudio/7.0/toolchain/avr8/avr8-gnu-toolchain/bin/../lib/gcc/avr/5.4.0/../../../../avr/lib/avr5\libc.a(vfprintf_std.o)
                                 0x2d (size before relaxing)
 .comment       0x0000005c       0x31 d:/atmelstudio/7.0/toolchain/avr8/avr8-gnu-toolchain/bin/../lib/gcc/avr/5.4.0/../../../../avr/lib/avr5\libc.a(fputc.o)

.note.gnu.avr.deviceinfo
                0x00000000       0x3c
 .note.gnu.avr.deviceinfo
                0x00000000       0x3c D:/AtmelStudio/7.0/Packs/atmel/ATmega_DFP/1.6.364/gcc/dev/atmega32a/avr5/crtatmega32a.o

.note.gnu.build-id
 *(.note.gnu.build-id)

.debug
 *(.debug)

.line
 *(.line)

.debug_srcinfo
 *(.debug_srcinfo)

.debug_sfnames
 *(.debug_sfnames)

.debug_aranges  0x00000000      0x430
 *(.debug_aranges)
 .debug_aranges
                0x00000000       0x50 DS18B20.o
 .debug_aranges
                0x00000050      0x158 ILI9486.o
 .debug_aranges
                0x000001a8       0x68 main.o
 .debug_aranges
                0x00000210       0x90 NRF24.o
 .debug_aranges
                0x000002a0       0x50 RTC_DS3231.o
 .debug_aranges
                0x000002f0       0x50 TWI.o
 .debug_aranges
                0x00000340       0x28 usart.o
 .debug_aranges
                0x00000368       0xc8 WeatherStation.o

.debug_pubnames
 *(.debug_pubnames)

.debug_info     0x00000000     0xbf3a
 *(.debug_info .gnu.linkonce.wi.*)
 .debug_info    0x00000000      0x4e6 D:/AtmelStudio/7.0/Packs/atmel/ATmega_DFP/1.6.364/gcc/dev/atmega32a/avr5/crtatmega32a.o
 .debug_info    0x000004e6      0x516 DS18B20.o
 .debug_info    0x000009fc     0x2700 ILI9486.o
 .debug_info    0x000030fc      0x77f main.o
 .debug_info    0x0000387b      0xc16 NRF24.o
 .debug_info    0x00004491      0x726 RTC_DS3231.o
 .debug_info    0x00004bb7      0x183 TWI.o
 .debug_info    0x00004d3a       0xd7 usart.o
 .debug_info    0x00004e11     0x7129 WeatherStation.o

.debug_abbrev   0x00000000     0x1313
 *(.debug_abbrev)
 .debug_abbrev  0x00000000      0x4a3 D:/AtmelStudio/7.0/Packs/atmel/ATmega_DFP/1.6.364/gcc/dev/atmega32a/avr5/crtatmega32a.o
 .debug_abbrev  0x000004a3      0x1ce DS18B20.o
 .debug_abbrev  0x00000671      0x29a ILI9486.o
 .debug_abbrev  0x0000090b      0x253 main.o
 .debug_abbrev  0x00000b5e      0x28a NRF24.o
 .debug_abbrev  0x00000de8      0x101 RTC_DS3231.o
 .debug_abbrev  0x00000ee9       0xe1 TWI.o
 .debug_abbrev  0x00000fca       0x92 usart.o
 .debug_abbrev  0x0000105c      0x2b7 WeatherStation.o

.debug_line     0x00000000     0x419c
 *(.debug_line .debug_line.* .debug_line_end)
 .debug_line    0x00000000      0x116 D:/AtmelStudio/7.0/Packs/atmel/ATmega_DFP/1.6.364/gcc/dev/atmega32a/avr5/crtatmega32a.o
 .debug_line    0x00000116      0x2e7 DS18B20.o
 .debug_line    0x000003fd     0x1598 ILI9486.o
 .debug_line    0x00001995      0x71c main.o
 .debug_line    0x000020b1      0x67c NRF24.o
 .debug_line    0x0000272d      0x2c6 RTC_DS3231.o
 .debug_line    0x000029f3      0x179 TWI.o
 .debug_line    0x00002b6c       0xeb usart.o
 .debug_line    0x00002c57     0x1545 WeatherStation.o

.debug_frame    0x00000000     0x11a8
 *(.debug_frame)
 .debug_frame   0x00000000       0xa4 DS18B20.o
 .debug_frame   0x000000a4      0x728 ILI9486.o
 .debug_frame   0x000007cc      0x16c main.o
 .debug_frame   0x00000938      0x2dc NRF24.o
 .debug_frame   0x00000c14       0xa8 RTC_DS3231.o
 .debug_frame   0x00000cbc       0x90 TWI.o
 .debug_frame   0x00000d4c       0x34 usart.o
 .debug_frame   0x00000d80      0x428 WeatherStation.o

.debug_str      0x00000000     0x1026
 *(.debug_str)
 .debug_str     0x00000000      0x196 D:/AtmelStudio/7.0/Packs/atmel/ATmega_DFP/1.6.364/gcc/dev/atmega32a/avr5/crtatmega32a.o
 .debug_str     0x00000196      0x1d7 DS18B20.o
                                0x210 (size before relaxing)
 .debug_str     0x0000036d      0x478 ILI9486.o
                                0x647 (size before relaxing)
 .debug_str     0x000007e5      0x30f main.o
                                0x4ee (size before relaxing)
 .debug_str     0x00000af4      0x1b6 NRF24.o
                                0x42d (size before relaxing)
 .debug_str     0x00000caa       0xd5 RTC_DS3231.o
                                0x24b (size before relaxing)
 .debug_str     0x00000d7f       0x1e TWI.o
                                0x1c9 (size before relaxing)
 .debug_str     0x00000d9d       0x1c usart.o
                                0x17f (size before relaxing)
 .debug_str     0x00000db9      0x26d WeatherStation.o
                                0x7b6 (size before relaxing)

.debug_loc      0x00000000     0x6180
 *(.debug_loc)
 .debug_loc     0x00000000      0x418 DS18B20.o
 .debug_loc     0x00000418     0x3601 ILI9486.o
 .debug_loc     0x00003a19      0x2f1 main.o
 .debug_loc     0x00003d0a      0xd2b NRF24.o
 .debug_loc     0x00004a35      0x24a RTC_DS3231.o
 .debug_loc     0x00004c7f       0xb4 TWI.o
 .debug_loc     0x00004d33       0x78 usart.o
 .debug_loc     0x00004dab     0x13d5 WeatherStation.o

.debug_macinfo
 *(.debug_macinfo)

.debug_weaknames
 *(.debug_weaknames)

.debug_funcnames
 *(.debug_funcnames)

.debug_typenames
 *(.debug_typenames)

.debug_varnames
 *(.debug_varnames)

.debug_pubtypes
 *(.debug_pubtypes)

.debug_ranges   0x00000000      0x3c8
 *(.debug_ranges)
 .debug_ranges  0x00000000       0x40 DS18B20.o
 .debug_ranges  0x00000040      0x160 ILI9486.o
 .debug_ranges  0x000001a0       0x58 main.o
 .debug_ranges  0x000001f8       0x80 NRF24.o
 .debug_ranges  0x00000278       0x40 RTC_DS3231.o
 .debug_ranges  0x000002b8       0x40 TWI.o
 .debug_ranges  0x000002f8       0x18 usart.o
 .debug_ranges  0x00000310       0xb8 WeatherStation.o

.debug_macro
 *(.debug_macro)
OUTPUT(RECEIVER.elf elf32-avr)
LOAD linker stubs
