Archive member included to satisfy reference by file (symbol)

d:/atmelstudio/7.0/toolchain/avr8/avr8-gnu-toolchain/bin/../lib/gcc/avr/5.4.0/../../../../avr/lib/avr6\libm.a(fixsfsi.o)
                              WeatherStation.o (__fixsfsi)
d:/atmelstudio/7.0/toolchain/avr8/avr8-gnu-toolchain/bin/../lib/gcc/avr/5.4.0/../../../../avr/lib/avr6\libm.a(fixunssfsi.o)
                              d:/atmelstudio/7.0/toolchain/avr8/avr8-gnu-toolchain/bin/../lib/gcc/avr/5.4.0/../../../../avr/lib/avr6\libm.a(fixsfsi.o) (__fixunssfsi)
d:/atmelstudio/7.0/toolchain/avr8/avr8-gnu-toolchain/bin/../lib/gcc/avr/5.4.0/../../../../avr/lib/avr6\libm.a(floatsisf.o)
                              WeatherStation.o (__floatsisf)
d:/atmelstudio/7.0/toolchain/avr8/avr8-gnu-toolchain/bin/../lib/gcc/avr/5.4.0/../../../../avr/lib/avr6\libm.a(fp_split3.o)
                              d:/atmelstudio/7.0/toolchain/avr8/avr8-gnu-toolchain/bin/../lib/gcc/avr/5.4.0/../../../../avr/lib/avr6\libm.a(fixunssfsi.o) (__fp_splitA)
d:/atmelstudio/7.0/toolchain/avr8/avr8-gnu-toolchain/bin/../lib/gcc/avr/5.4.0/../../../../avr/lib/avr6\libm.a(fp_zero.o)
                              d:/atmelstudio/7.0/toolchain/avr8/avr8-gnu-toolchain/bin/../lib/gcc/avr/5.4.0/../../../../avr/lib/avr6\libm.a(fixunssfsi.o) (__fp_zero)
d:/atmelstudio/7.0/toolchain/avr8/avr8-gnu-toolchain/bin/../lib/gcc/avr/5.4.0/../../../../avr/lib/avr6\libm.a(mulsf3.o)
                              WeatherStation.o (__mulsf3)
d:/atmelstudio/7.0/toolchain/avr8/avr8-gnu-toolchain/bin/../lib/gcc/avr/5.4.0/../../../../avr/lib/avr6\libm.a(mulsf3x.o)
                              d:/atmelstudio/7.0/toolchain/avr8/avr8-gnu-toolchain/bin/../lib/gcc/avr/5.4.0/../../../../avr/lib/avr6\libm.a(mulsf3.o) (__mulsf3x)
d:/atmelstudio/7.0/toolchain/avr8/avr8-gnu-toolchain/bin/../lib/gcc/avr/5.4.0/../../../../avr/lib/avr6\libm.a(fp_inf.o)
                              d:/atmelstudio/7.0/toolchain/avr8/avr8-gnu-toolchain/bin/../lib/gcc/avr/5.4.0/../../../../avr/lib/avr6\libm.a(mulsf3x.o) (__fp_inf)
d:/atmelstudio/7.0/toolchain/avr8/avr8-gnu-toolchain/bin/../lib/gcc/avr/5.4.0/../../../../avr/lib/avr6\libm.a(fp_nan.o)
                              d:/atmelstudio/7.0/toolchain/avr8/avr8-gnu-toolchain/bin/../lib/gcc/avr/5.4.0/../../../../avr/lib/avr6\libm.a(mulsf3x.o) (__fp_nan)
d:/atmelstudio/7.0/toolchain/avr8/avr8-gnu-toolchain/bin/../lib/gcc/avr/5.4.0/../../../../avr/lib/avr6\libm.a(fp_pscA.o)
                              d:/atmelstudio/7.0/toolchain/avr8/avr8-gnu-toolchain/bin/../lib/gcc/avr/5.4.0/../../../../avr/lib/avr6\libm.a(mulsf3x.o) (__fp_pscA)
d:/atmelstudio/7.0/toolchain/avr8/avr8-gnu-toolchain/bin/../lib/gcc/avr/5.4.0/../../../../avr/lib/avr6\libm.a(fp_pscB.o)
                              d:/atmelstudio/7.0/toolchain/avr8/avr8-gnu-toolchain/bin/../lib/gcc/avr/5.4.0/../../../../avr/lib/avr6\libm.a(mulsf3x.o) (__fp_pscB)
d:/atmelstudio/7.0/toolchain/avr8/avr8-gnu-toolchain/bin/../lib/gcc/avr/5.4.0/../../../../avr/lib/avr6\libm.a(fp_round.o)
                              d:/atmelstudio/7.0/toolchain/avr8/avr8-gnu-toolchain/bin/../lib/gcc/avr/5.4.0/../../../../avr/lib/avr6\libm.a(mulsf3.o) (__fp_round)
d:/atmelstudio/7.0/toolchain/avr8/avr8-gnu-toolchain/bin/../lib/gcc/avr/5.4.0/avr6\libgcc.a(_mulsi3.o)
                              BMP180.o (__mulsi3)
d:/atmelstudio/7.0/toolchain/avr8/avr8-gnu-toolchain/bin/../lib/gcc/avr/5.4.0/avr6\libgcc.a(_divmodhi4.o)
                              main.o (__divmodhi4)
d:/atmelstudio/7.0/toolchain/avr8/avr8-gnu-toolchain/bin/../lib/gcc/avr/5.4.0/avr6\libgcc.a(_udivmodsi4.o)
                              BMP180.o (__udivmodsi4)
d:/atmelstudio/7.0/toolchain/avr8/avr8-gnu-toolchain/bin/../lib/gcc/avr/5.4.0/avr6\libgcc.a(_divmodsi4.o)
                              BMP180.o (__divmodsi4)
d:/atmelstudio/7.0/toolchain/avr8/avr8-gnu-toolchain/bin/../lib/gcc/avr/5.4.0/avr6\libgcc.a(_negsi2.o)
                              d:/atmelstudio/7.0/toolchain/avr8/avr8-gnu-toolchain/bin/../lib/gcc/avr/5.4.0/avr6\libgcc.a(_divmodsi4.o) (__negsi2)
d:/atmelstudio/7.0/toolchain/avr8/avr8-gnu-toolchain/bin/../lib/gcc/avr/5.4.0/avr6\libgcc.a(_exit.o)
                              D:/AtmelStudio/7.0/Packs/atmel/ATmega_DFP/1.6.364/gcc/dev/atmega2560/avr6/crtatmega2560.o (exit)
d:/atmelstudio/7.0/toolchain/avr8/avr8-gnu-toolchain/bin/../lib/gcc/avr/5.4.0/avr6\libgcc.a(_tablejump2.o)
                              main.o (__tablejump2__)
d:/atmelstudio/7.0/toolchain/avr8/avr8-gnu-toolchain/bin/../lib/gcc/avr/5.4.0/avr6\libgcc.a(_copy_data.o)
                              main.o (__do_copy_data)
d:/atmelstudio/7.0/toolchain/avr8/avr8-gnu-toolchain/bin/../lib/gcc/avr/5.4.0/avr6\libgcc.a(_clear_bss.o)
                              BMP180.o (__do_clear_bss)
d:/atmelstudio/7.0/toolchain/avr8/avr8-gnu-toolchain/bin/../lib/gcc/avr/5.4.0/avr6\libgcc.a(_muluhisi3.o)
                              BMP180.o (__muluhisi3)
[...]
Memory Configuration

Name             Origin             Length             Attributes
text             0x00000000         0x00040000         xr
data             0x00800200         0x00002000         rw !x
eeprom           0x00810000         0x00001000         rw !x
fuse             0x00820000         0x00000003         rw !x
lock             0x00830000         0x00000400         rw !x
signature        0x00840000         0x00000400         rw !x
user_signatures  0x00850000         0x00000400         rw !x
*default*        0x00000000         0xffffffff

Linker script and memory map

Address of section .data set to 0x800200
LOAD D:/AtmelStudio/7.0/Packs/atmel/ATmega_DFP/1.6.364/gcc/dev/atmega2560/avr6/crtatmega2560.o
LOAD BMP180.o
LOAD DHT22.o
LOAD DS18B20.o
LOAD eeprom.o
LOAD HTU21D.o
LOAD ILI9486.o
LOAD main.o
LOAD mmc.o
LOAD NRF24.o
LOAD pff.o
LOAD RTC_DS3231.o
LOAD SD.o
LOAD TWI.o
LOAD usart.o
LOAD WeatherStation.o
START GROUP
LOAD d:/atmelstudio/7.0/toolchain/avr8/avr8-gnu-toolchain/bin/../lib/gcc/avr/5.4.0/../../../../avr/lib/avr6\libm.a
END GROUP
START GROUP
LOAD d:/atmelstudio/7.0/toolchain/avr8/avr8-gnu-toolchain/bin/../lib/gcc/avr/5.4.0/avr6\libgcc.a
LOAD d:/atmelstudio/7.0/toolchain/avr8/avr8-gnu-toolchain/bin/../lib/gcc/avr/5.4.0/../../../../avr/lib/avr6\libm.a
LOAD d:/atmelstudio/7.0/toolchain/avr8/avr8-gnu-toolchain/bin/../lib/gcc/avr/5.4.0/../../../../avr/lib/avr6\libc.a
LOAD D:/AtmelStudio/7.0/Packs/atmel/ATmega_DFP/1.6.364/gcc/dev/atmega2560/avr6\libatmega2560.a
END GROUP
                0x00000000                __TEXT_REGION_ORIGIN__ = DEFINED (__TEXT_REGION_ORIGIN__)?__TEXT_REGION_ORIGIN__:0x0
                [0x00800200]                __DATA_REGION_ORIGIN__ = DEFINED (__DATA_REGION_ORIGIN__)?__DATA_REGION_ORIGIN__:0x800200
                [0x00040000]                __TEXT_REGION_LENGTH__ = DEFINED (__TEXT_REGION_LENGTH__)?__TEXT_REGION_LENGTH__:0x100000
                [0x00002000]                __DATA_REGION_LENGTH__ = DEFINED (__DATA_REGION_LENGTH__)?__DATA_REGION_LENGTH__:0xfe00
                [0x00001000]                __EEPROM_REGION_LENGTH__ = DEFINED (__EEPROM_REGION_LENGTH__)?__EEPROM_REGION_LENGTH__:0x10000
                [0x00000003]                __FUSE_REGION_LENGTH__ = DEFINED (__FUSE_REGION_LENGTH__)?__FUSE_REGION_LENGTH__:0x400
                0x00000400                __LOCK_REGION_LENGTH__ = DEFINED (__LOCK_REGION_LENGTH__)?__LOCK_REGION_LENGTH__:0x400
                0x00000400                __SIGNATURE_REGION_LENGTH__ = DEFINED (__SIGNATURE_REGION_LENGTH__)?__SIGNATURE_REGION_LENGTH__:0x400
                0x00000400                __USER_SIGNATURE_REGION_LENGTH__ = DEFINED (__USER_SIGNATURE_REGION_LENGTH__)?__USER_SIGNATURE_REGION_LENGTH__:0x400

.hash
 *(.hash)

.dynsym
 *(.dynsym)

.dynstr
 *(.dynstr)

.gnu.version
 *(.gnu.version)

.gnu.version_d
 *(.gnu.version_d)

.gnu.version_r
 *(.gnu.version_r)

.rel.init
 *(.rel.init)

.rela.init
 *(.rela.init)

.rel.text
 *(.rel.text)
 *(.rel.text.*)
 *(.rel.gnu.linkonce.t*)

.rela.text
 *(.rela.text)
 *(.rela.text.*)
 *(.rela.gnu.linkonce.t*)

.rel.fini
 *(.rel.fini)

.rela.fini
 *(.rela.fini)

.rel.rodata
 *(.rel.rodata)
 *(.rel.rodata.*)
 *(.rel.gnu.linkonce.r*)

.rela.rodata
 *(.rela.rodata)
 *(.rela.rodata.*)
 *(.rela.gnu.linkonce.r*)

.rel.data
 *(.rel.data)
 *(.rel.data.*)
 *(.rel.gnu.linkonce.d*)

.rela.data
 *(.rela.data)
 *(.rela.data.*)
 *(.rela.gnu.linkonce.d*)

.rel.ctors
 *(.rel.ctors)

.rela.ctors
 *(.rela.ctors)

.rel.dtors
 *(.rel.dtors)

.rela.dtors
 *(.rela.dtors)

.rel.got
 *(.rel.got)

.rela.got
 *(.rela.got)

.rel.bss
 *(.rel.bss)

.rela.bss
 *(.rela.bss)

.rel.plt
 *(.rel.plt)

.rela.plt
 *(.rela.plt)

.text           0x00000000    0x1bf46
 *(.vectors)
 .vectors       0x00000000       0xe4 D:/AtmelStudio/7.0/Packs/atmel/ATmega_DFP/1.6.364/gcc/dev/atmega2560/avr6/crtatmega2560.o
                0x00000000                __vector_default
                0x00000000                __vectors
 *(.vectors)
 *(.progmem.gcc*)
 .progmem.gcc_sw_table.__vector_5
                0x000000e4       0x10 main.o
 .progmem.gcc_sw_table.__vector_7
                0x000000f4        0xe main.o
 .progmem.gcc_sw_table.__vector_8
                0x00000102        0xe main.o
 .progmem.gcc_sw_table.main
                0x00000110        0xe main.o
 .progmem.gcc_sw_table.ModifyRTC
                0x0000011e        0xe RTC_DS3231.o
 .progmem.gcc_sw_table.DrawLevelNrfWeather
                0x0000012c        0xe WeatherStation.o
 .progmem.gcc_sw_table.FindLevelNrfGasBoiler
                0x0000013a       0x10 WeatherStation.o
 .progmem.gcc_sw_table.Convert_to_string_Clock
                0x0000014a       0x26 WeatherStation.o
 .progmem.gcc_sw_table.Print_Page_Clock_Settings
                0x00000170       0x10 WeatherStation.o
                0x00000180                . = ALIGN (0x2)
                0x00000180                __trampolines_start = .
 *(.trampolines)
 .trampolines   0x00000180        0x0 linker stubs
 *(.trampolines*)
                0x00000180                __trampolines_end = .
 *libprintf_flt.a:*(.progmem.data)
 *libc.a:*(.progmem.data)
 .progmem.data  0x00000180        0xc d:/atmelstudio/7.0/toolchain/avr8/avr8-gnu-toolchain/bin/../lib/gcc/avr/5.4.0/../../../../avr/lib/avr6\libc.a(vfscanf_std.o)
 *(.progmem*)
 .progmem.data.Syffaen40x40
                0x0000018c     0x3200 ILI9486.o
                0x0000018c                Syffaen40x40
 .progmem.data.Syffaen32x32
                0x0000338c     0x7000 ILI9486.o
                0x0000338c                Syffaen32x32
 .progmem.data.Font32x48_Num
                0x0000a38c      0x9c0 ILI9486.o
                0x0000a38c                Font32x48_Num
 .progmem.data.Font24x32_Clock
                0x0000ad4c      0x420 ILI9486.o
                0x0000ad4c                Font24x32_Clock
 .progmem.data.Consolas18x32
                0x0000b16c     0x1b00 ILI9486.o
                0x0000b16c                Consolas18x32
 .progmem.data.Consolas14x24
                0x0000cc6c      0x444 ILI9486.o
                0x0000cc6c                Consolas14x24
 .progmem.data.Consolas16x24
                0x0000d0b0     0x2a00 ILI9486.o
                0x0000d0b0                Consolas16x24
                0x0000fab0                . = ALIGN (0x2)
 *(.jumptables)
 *(.jumptables*)
 *(.lowtext)
 *(.lowtext*)
                0x0000fab0                __ctors_start = .
 *(.ctors)
                0x0000fab0                __ctors_end = .
                0x0000fab0                __dtors_start = .
 *(.dtors)
                0x0000fab0                __dtors_end = .
 SORT(*)(.ctors)
 SORT(*)(.dtors)
 *(.init0)
 .init0         0x0000fab0        0x0 D:/AtmelStudio/7.0/Packs/atmel/ATmega_DFP/1.6.364/gcc/dev/atmega2560/avr6/crtatmega2560.o
                0x0000fab0                __init
 *(.init0)
 *(.init1)
 *(.init1)
 *(.init2)
 .init2         0x0000fab0       0x10 D:/AtmelStudio/7.0/Packs/atmel/ATmega_DFP/1.6.364/gcc/dev/atmega2560/avr6/crtatmega2560.o
 *(.init2)
 *(.init3)
 *(.init3)
 *(.init4)
 .init4         0x0000fac0       0x1a d:/atmelstudio/7.0/toolchain/avr8/avr8-gnu-toolchain/bin/../lib/gcc/avr/5.4.0/avr6\libgcc.a(_copy_data.o)
                0x0000fac0                __do_copy_data
 .init4         0x0000fada       0x10 d:/atmelstudio/7.0/toolchain/avr8/avr8-gnu-toolchain/bin/../lib/gcc/avr/5.4.0/avr6\libgcc.a(_clear_bss.o)
                0x0000fada                __do_clear_bss
 *(.init4)
 *(.init5)
 *(.init5)
 *(.init6)
 *(.init6)
 *(.init7)
 *(.init7)
 *(.init8)
 *(.init8)
 *(.init9)
 .init9         0x0000faea        0x8 D:/AtmelStudio/7.0/Packs/atmel/ATmega_DFP/1.6.364/gcc/dev/atmega2560/avr6/crtatmega2560.o
 *(.init9)
 *(.text)
 .text          0x0000faf2        0x4 D:/AtmelStudio/7.0/Packs/atmel/ATmega_DFP/1.6.364/gcc/dev/atmega2560/avr6/crtatmega2560.o
                0x0000faf2                __vector_38
                0x0000faf2                __vector_22
                0x0000faf2                __vector_28
                0x0000faf2                __vector_1
                0x0000faf2                __vector_32
                0x0000faf2                __vector_34
                0x0000faf2                __vector_24
                0x0000faf2                __vector_12
                0x0000faf2                __vector_55
                0x0000faf2                __vector_46
                0x0000faf2                __bad_interrupt
                0x0000faf2                __vector_31
                0x0000faf2                __vector_35
                0x0000faf2                __vector_39
                0x0000faf2                __vector_23
                0x0000faf2                __vector_30
                0x0000faf2                __vector_45
                0x0000faf2                __vector_11
                0x0000faf2                __vector_54
                0x0000faf2                __vector_13
                0x0000faf2                __vector_19
                0x0000faf2                __vector_56
                0x0000faf2                __vector_49
                0x0000faf2                __vector_41
                0x0000faf2                __vector_43
                0x0000faf2                __vector_27
                0x0000faf2                __vector_33
                0x0000faf2                __vector_47
                0x0000faf2                __vector_52
                0x0000faf2                __vector_37
                0x0000faf2                __vector_4
                0x0000faf2                __vector_44
                0x0000faf2                __vector_51
                0x0000faf2                __vector_9
                0x0000faf2                __vector_2
                0x0000faf2                __vector_15
                0x0000faf2                __vector_36
                0x0000faf2                __vector_29
                0x0000faf2                __vector_40
                0x0000faf2                __vector_26
                0x0000faf2                __vector_48
                0x0000faf2                __vector_14
                0x0000faf2                __vector_53
                0x0000faf2                __vector_10
                0x0000faf2                __vector_50
                0x0000faf2                __vector_16
                0x0000faf2                __vector_18
                0x0000faf2                __vector_20
                0x0000faf2                __vector_42
                0x0000faf6                . = ALIGN (0x2)
 *(.text.*)
 .text.Read     0x0000faf6       0x4e BMP180.o
                0x0000faf6                Read
 .text.BMP180_Calibration
                0x0000fb44       0x86 BMP180.o
                0x0000fb44                BMP180_Calibration
 .text.BMP180_get_temper
                0x0000fbca       0x32 BMP180.o
                0x0000fbca                BMP180_get_temper
 .text.BMP180_get_pressure
                0x0000fbfc       0xd6 BMP180.o
                0x0000fbfc                BMP180_get_pressure
 .text.BMP180_calculation
                0x0000fcd2      0x2cc BMP180.o
                0x0000fcd2                BMP180_calculation
 .text.dht22_init
                0x0000ff9e       0x2a DHT22.o
                0x0000ff9e                dht22_init
 .text.dht22_GetData
                0x0000ffc8       0xf8 DHT22.o
                0x0000ffc8                dht22_GetData
 .text.dt_testdevice
                0x000100c0       0x4a DS18B20.o
                0x000100c0                dt_testdevice
 .text.dt_readbit
                0x0001010a       0x34 DS18B20.o
                0x0001010a                dt_readbit
 .text.dt_readbyte
                0x0001013e       0x2a DS18B20.o
                0x0001013e                dt_readbyte
 .text.dt_sendbit
                0x00010168       0x3a DS18B20.o
                0x00010168                dt_sendbit
 .text.dt_sendbyte
                0x000101a2       0x3e DS18B20.o
                0x000101a2                dt_sendbyte
 .text.dt_check
                0x000101e0       0x44 DS18B20.o
                0x000101e0                dt_check
 .text.EEPROM_write
                0x00010224       0x18 eeprom.o
                0x00010224                EEPROM_write
 .text.EEPROM_read
                0x0001023c       0x12 eeprom.o
                0x0001023c                EEPROM_read
 .text.ILI9486_Write8
                0x0001024e       0x14 ILI9486.o
                0x0001024e                ILI9486_Write8
 .text.ILI9486_Write16
                0x00010262       0x10 ILI9486.o
                0x00010262                ILI9486_Write16
 .text.ILI9486_SendCommand
                0x00010272       0x1c ILI9486.o
                0x00010272                ILI9486_SendCommand
 .text.ILI9486_SendData
                0x0001028e        0xe ILI9486.o
                0x0001028e                ILI9486_SendData
 .text.ILI9486_Write_Cmd_Data
                0x0001029c       0x2a ILI9486.o
                0x0001029c                ILI9486_Write_Cmd_Data
 .text.ILI9486_reset
                0x000102c6       0x6e ILI9486.o
                0x000102c6                ILI9486_reset
 .text.ILI9486_SetRotation
                0x00010334       0xa8 ILI9486.o
                0x00010334                ILI9486_SetRotation
 .text.ILI9486_ini
                0x000103dc      0x350 ILI9486.o
                0x000103dc                ILI9486_ini
 .text.ILI9486_SetAddrWindow
                0x0001072c       0xba ILI9486.o
                0x0001072c                ILI9486_SetAddrWindow
 .text.ILI9486_drawPixel
                0x000107e6       0x1a ILI9486.o
                0x000107e6                ILI9486_drawPixel
 .text.ILI9486_FillScreen
                0x00010800       0xb6 ILI9486.o
                0x00010800                ILI9486_FillScreen
 .text.ILI9486_fillRect
                0x000108b6       0xde ILI9486.o
                0x000108b6                ILI9486_fillRect
 .text.ILI9486_DrawFastVLine
                0x00010994       0x4a ILI9486.o
                0x00010994                ILI9486_DrawFastVLine
 .text.ILI9486_DrawFastHLine
                0x000109de       0x48 ILI9486.o
                0x000109de                ILI9486_DrawFastHLine
 .text.ILI9486_writeLine
                0x00010a26      0x14e ILI9486.o
                0x00010a26                ILI9486_writeLine
 .text.ILI9486_Draw_Line
                0x00010b74       0x56 ILI9486.o
                0x00010b74                ILI9486_Draw_Line
 .text.ILI9486_Draw_Circle
                0x00010bca      0x19a ILI9486.o
                0x00010bca                ILI9486_Draw_Circle
 .text.ILI9486_fillCircleHelper
                0x00010d64      0x152 ILI9486.o
                0x00010d64                ILI9486_fillCircleHelper
 .text.ILI9486_fillCircle
                0x00010eb6       0x4e ILI9486.o
                0x00010eb6                ILI9486_fillCircle
 .text.ILI9486_DrawRect
                0x00010f04       0x62 ILI9486.o
                0x00010f04                ILI9486_DrawRect
 .text.ILI9486_fillTriangle
                0x00010f66      0x32a ILI9486.o
                0x00010f66                ILI9486_fillTriangle
 .text.ILI9486_SetTextColor
                0x00011290       0x12 ILI9486.o
                0x00011290                ILI9486_SetTextColor
 .text.ILI9486_Print_Char14x24
                0x000112a2      0x16e ILI9486.o
                0x000112a2                ILI9486_Print_Char14x24
 .text.ILI9486_Print_Char18x32
                0x00011410      0x16c ILI9486.o
                0x00011410                ILI9486_Print_Char18x32
 .text.ILI9486_Print_ConsolasChar16x24
                0x0001157c      0x162 ILI9486.o
                0x0001157c                ILI9486_Print_ConsolasChar16x24
 .text.ILI9486_Print_Char32x32
                0x000116de      0x160 ILI9486.o
                0x000116de                ILI9486_Print_Char32x32
 .text.ILI9486_Print_Char24x32
                0x0001183e      0x16c ILI9486.o
                0x0001183e                ILI9486_Print_Char24x32
 .text.ILI9486_Print_Char32x48
                0x000119aa      0x17a ILI9486.o
                0x000119aa                ILI9486_Print_Char32x48
 .text.ILI9486_Print_Char40x40
                0x00011b24      0x17a ILI9486.o
                0x00011b24                ILI9486_Print_Char40x40
 .text.ILI9486_SetCursor
                0x00011c9e       0x12 ILI9486.o
                0x00011c9e                ILI9486_SetCursor
 .text.ILI9486_Print_String40x40
                0x00011cb0       0xe2 ILI9486.o
                0x00011cb0                ILI9486_Print_String40x40
 .text.ILI9486_Print_String18x32
                0x00011d92       0xe2 ILI9486.o
                0x00011d92                ILI9486_Print_String18x32
 .text.ILI9486_Print_StringConsolas16x24
                0x00011e74       0xe2 ILI9486.o
                0x00011e74                ILI9486_Print_StringConsolas16x24
 .text.ILI9486_Print_String32x32
                0x00011f56       0xe2 ILI9486.o
                0x00011f56                ILI9486_Print_String32x32
 .text.ILI9486_Print_String24x32
                0x00012038       0xe2 ILI9486.o
                0x00012038                ILI9486_Print_String24x32
 .text.ILI9486_Print_String32x48
                0x0001211a       0xe2 ILI9486.o
                0x0001211a                ILI9486_Print_String32x48
 .text.ILI9486_Print_String14x24
                0x000121fc       0xe4 ILI9486.o
                0x000121fc                ILI9486_Print_String14x24
 .text.ILI9486_Draw_Image
                0x000122e0      0x2be ILI9486.o
                0x000122e0                ILI9486_Draw_Image
 .text.timer1_ini
                0x0001259e       0x28 main.o
                0x0001259e                timer1_ini
 .text.timer0_ini
                0x000125c6       0x1c main.o
                0x000125c6                timer0_ini
 .text.__vector_17
                0x000125e2       0x4a main.o
                0x000125e2                __vector_17
 .text.__vector_21
                0x0001262c       0x14 main.o
                0x0001262c                __vector_21
 .text.__vector_5
                0x00012640      0x3ca main.o
                0x00012640                __vector_5
 .text.__vector_6
                0x00012a0a       0x58 main.o
                0x00012a0a                __vector_6
 .text.__vector_7
                0x00012a62      0x1a2 main.o
                0x00012a62                __vector_7
 .text.__vector_8
                0x00012c04      0x1a8 main.o
                0x00012c04                __vector_8
 .text.__vector_25
                0x00012dac      0x21a main.o
                0x00012dac                __vector_25
 .text.SPI_init
                0x00012fc6       0x18 main.o
                0x00012fc6                SPI_init
 .text.port_init
                0x00012fde       0x78 main.o
                0x00012fde                port_init
 .text.spi_send_recv
                0x00013056        0xc main.o
                0x00013056                spi_send_recv
 .text.main     0x00013062      0x6d0 main.o
                0x00013062                main
 .text.xmit_spi
                0x00013732       0x3a mmc.o
                0x00013732                xmit_spi
 .text.rcv_spi  0x0001376c       0x38 mmc.o
                0x0001376c                rcv_spi
 .text.send_cmd
                0x000137a4       0x86 mmc.o
 .text.release_spi
                0x0001382a        0x4 mmc.o
 .text.disk_readp
                0x0001382e       0xb2 mmc.o
                0x0001382e                disk_readp
 .text.disk_writep
                0x000138e0       0xe4 mmc.o
                0x000138e0                disk_writep
 .text.disk_initialize
                0x000139c4      0x1ac mmc.o
                0x000139c4                disk_initialize
 .text.NRF24L01_Receive
                0x00013b70      0x536 NRF24.o
                0x00013b70                NRF24L01_Receive
 .text.NRF24_Transmit
                0x000140a6       0x60 NRF24.o
                0x000140a6                NRF24_Transmit
 .text.NRF24_FlushRX
                0x00014106       0x1c NRF24.o
                0x00014106                NRF24_FlushRX
 .text.NRF24_FlushTX
                0x00014122       0x1c NRF24.o
                0x00014122                NRF24_FlushTX
 .text.NRF24_ToggleFeatures
                0x0001413e       0x22 NRF24.o
                0x0001413e                NRF24_ToggleFeatures
 .text.NRF24_Read_Buf
                0x00014160       0x4e NRF24.o
                0x00014160                NRF24_Read_Buf
 .text.NRF24_Write_Buf
                0x000141ae       0x56 NRF24.o
                0x000141ae                NRF24_Write_Buf
 .text.NRF24L01_TX_Mode
                0x00014204       0x2a NRF24.o
                0x00014204                NRF24L01_TX_Mode
 .text.nRF_write_register
                0x0001422e       0x20 NRF24.o
                0x0001422e                nRF_write_register
 .text.nRF_read_register
                0x0001424e       0x24 NRF24.o
                0x0001424e                nRF_read_register
 .text.__vector_3
                0x00014272       0x86 NRF24.o
                0x00014272                __vector_3
 .text.NRF24L01_RX_Mode
                0x000142f8       0x42 NRF24.o
                0x000142f8                NRF24L01_RX_Mode
 .text.NRF24_ini
                0x0001433a       0x8a NRF24.o
                0x0001433a                NRF24_ini
 .text.NRF24L01_Send
                0x000143c4       0x74 NRF24.o
                0x000143c4                NRF24L01_Send
 .text.mem_set  0x00014438       0x14 pff.o
 .text.mem_cmp  0x0001444c       0x3a pff.o
 .text.clust2sect
                0x00014486       0x56 pff.o
 .text.dir_rewind
                0x000144dc       0x9a pff.o
 .text.create_name
                0x00014576       0x8a pff.o
 .text.check_fs
                0x00014600       0x8e pff.o
 .text.get_fat  0x0001468e      0x228 pff.o
 .text.dir_next
                0x000148b6       0xfc pff.o
 .text.dir_find
                0x000149b2       0x9e pff.o
 .text.follow_path
                0x00014a50       0xee pff.o
 .text.pf_mount
                0x00014b3e      0x26c pff.o
                0x00014b3e                pf_mount
 .text.pf_open  0x00014daa       0xb6 pff.o
                0x00014daa                pf_open
 .text.pf_read  0x00014e60      0x1de pff.o
                0x00014e60                pf_read
 .text.RTC_ConvertFromBinDec
                0x0001503e       0x26 RTC_DS3231.o
                0x0001503e                RTC_ConvertFromBinDec
 .text.RTC_ConvertFromDec
                0x00015064       0x16 RTC_DS3231.o
                0x00015064                RTC_ConvertFromDec
 .text.RTC_init
                0x0001507a       0x16 RTC_DS3231.o
                0x0001507a                RTC_init
 .text.ModifyRTC
                0x00015090      0x156 RTC_DS3231.o
                0x00015090                ModifyRTC
 .text.I2C_Init
                0x000151e6        0x8 TWI.o
                0x000151e6                I2C_Init
 .text.I2C_StartCondition
                0x000151ee       0x10 TWI.o
                0x000151ee                I2C_StartCondition
 .text.I2C_StopCondition
                0x000151fe        0x8 TWI.o
                0x000151fe                I2C_StopCondition
 .text.I2C_SendByte
                0x00015206       0x14 TWI.o
                0x00015206                I2C_SendByte
 .text.I2C_ReadByte
                0x0001521a       0x14 TWI.o
                0x0001521a                I2C_ReadByte
 .text.I2C_ReadLastByte
                0x0001522e       0x14 TWI.o
                0x0001522e                I2C_ReadLastByte
 .text.USART_Init
                0x00015242       0x2e usart.o
                0x00015242                USART_Init
 .text.USART_Transmit
                0x00015270       0x36 usart.o
                0x00015270                USART_Transmit
 .text.Print_Hello_World
                0x000152a6       0x64 WeatherStation.o
                0x000152a6                Print_Hello_World
 .text.Print_Download
                0x0001530a       0xb8 WeatherStation.o
                0x0001530a                Print_Download
 .text.Print_Boards_Main
                0x000153c2      0x9a4 WeatherStation.o
                0x000153c2                Print_Boards_Main
 .text.Print_Menu_Page_Static
                0x00015d66       0xc2 WeatherStation.o
                0x00015d66                Print_Menu_Page_Static
 .text.Print_Menu_Page
                0x00015e28      0x99e WeatherStation.o
                0x00015e28                Print_Menu_Page
 .text.Print_Page_About
                0x000167c6       0xc0 WeatherStation.o
                0x000167c6                Print_Page_About
 .text.Print_WeatherStation_Info_Static
                0x00016886       0xd6 WeatherStation.o
                0x00016886                Print_WeatherStation_Info_Static
 .text.Print_WeatherStation_Info
                0x0001695c       0x7e WeatherStation.o
                0x0001695c                Print_WeatherStation_Info
 .text.Print_WIFI_Page
                0x000169da      0x17c WeatherStation.o
                0x000169da                Print_WIFI_Page
 .text.Print_Gas_Boiler_Page_Static
                0x00016b56       0xce WeatherStation.o
                0x00016b56                Print_Gas_Boiler_Page_Static
 .text.Print_Gas_Boiler_Page
                0x00016c24      0x52c WeatherStation.o
                0x00016c24                Print_Gas_Boiler_Page
 .text.DrawWeatherVane
                0x00017150      0x412 WeatherStation.o
                0x00017150                DrawWeatherVane
 .text.Print_Static_Home_Page
                0x00017562      0x126 WeatherStation.o
                0x00017562                Print_Static_Home_Page
 .text.DrawLevelWiFi
                0x00017688       0x9a WeatherStation.o
                0x00017688                DrawLevelWiFi
 .text.DrawLevelNrfWeather
                0x00017722      0x1cc WeatherStation.o
                0x00017722                DrawLevelNrfWeather
 .text.FindLevelNrfGasBoiler
                0x000178ee       0x64 WeatherStation.o
                0x000178ee                FindLevelNrfGasBoiler
 .text.DrawLevelNrfGasBoiler
                0x00017952      0x15a WeatherStation.o
                0x00017952                DrawLevelNrfGasBoiler
 .text.DrawWindDirect
                0x00017aac     0x10d0 WeatherStation.o
                0x00017aac                DrawWindDirect
 .text.Print_Home_Page_Out
                0x00018b7c      0x534 WeatherStation.o
                0x00018b7c                Print_Home_Page_Out
 .text.Convert_to_string_Clock
                0x000190b0      0x3ea WeatherStation.o
                0x000190b0                Convert_to_string_Clock
 .text.Print_Page_Clock_Settings
                0x0001949a      0xb70 WeatherStation.o
                0x0001949a                Print_Page_Clock_Settings
 .text.Clock    0x0001a00a       0x7a WeatherStation.o
                0x0001a00a                Clock
 .text.Print_Home_Page_In
                0x0001a084      0x50a WeatherStation.o
                0x0001a084                Print_Home_Page_In
 .text.Print_Page_Clock_Settings_Static
                0x0001a58e      0x15e WeatherStation.o
                0x0001a58e                Print_Page_Clock_Settings_Static
 .text.RAIN_AMOUNT
                0x0001a6ec       0x74 WeatherStation.o
                0x0001a6ec                RAIN_AMOUNT
 .text.V_BAT    0x0001a760       0x64 WeatherStation.o
                0x0001a760                V_BAT
 .text.wind_speed
                0x0001a7c4       0x6e WeatherStation.o
                0x0001a7c4                wind_speed
 .text.Print_Home_Page_WeatherForecast
                0x0001a832      0x1d8 WeatherStation.o
                0x0001a832                Print_Home_Page_WeatherForecast
 .text.sprintf_HOME_Weath_Param
                0x0001aa0a      0x1ee WeatherStation.o
                0x0001aa0a                sprintf_HOME_Weath_Param
 .text.Weath_Param_ini
                0x0001abf8       0xb0 WeatherStation.o
                0x0001abf8                Weath_Param_ini
 .text.avr-libc.fplib
                0x0001aca8        0xa d:/atmelstudio/7.0/toolchain/avr8/avr8-gnu-toolchain/bin/../lib/gcc/avr/5.4.0/../../../../avr/lib/avr6\libm.a(fixsfsi.o)
                0x0001aca8                __fixsfsi
 .text.avr-libc.fplib
                0x0001acb2       0x58 d:/atmelstudio/7.0/toolchain/avr8/avr8-gnu-toolchain/bin/../lib/gcc/avr/5.4.0/../../../../avr/lib/avr6\libm.a(fixunssfsi.o)
                0x0001acb2                __fixunssfsi
 .text.avr-libc.fplib
                0x0001ad0a       0x7a d:/atmelstudio/7.0/toolchain/avr8/avr8-gnu-toolchain/bin/../lib/gcc/avr/5.4.0/../../../../avr/lib/avr6\libm.a(floatsisf.o)
                0x0001ad0a                __floatunsisf
                0x0001ad0e                __floatsisf
 .text.avr-libc.fplib
                0x0001ad84       0x44 d:/atmelstudio/7.0/toolchain/avr8/avr8-gnu-toolchain/bin/../lib/gcc/avr/5.4.0/../../../../avr/lib/avr6\libm.a(fp_split3.o)
                0x0001ad84                __fp_split3
                0x0001ad94                __fp_splitA
 .text.avr-libc.fplib
                0x0001adc8        0xe d:/atmelstudio/7.0/toolchain/avr8/avr8-gnu-toolchain/bin/../lib/gcc/avr/5.4.0/../../../../avr/lib/avr6\libm.a(fp_zero.o)
                0x0001adc8                __fp_zero
                0x0001adca                __fp_szero
 .text.avr-libc.fplib
                0x0001add6        0x4 d:/atmelstudio/7.0/toolchain/avr8/avr8-gnu-toolchain/bin/../lib/gcc/avr/5.4.0/../../../../avr/lib/avr6\libm.a(mulsf3.o)
                0x0001add6                __mulsf3
 .text.avr-libc.fplib
                0x0001adda       0xc2 d:/atmelstudio/7.0/toolchain/avr8/avr8-gnu-toolchain/bin/../lib/gcc/avr/5.4.0/../../../../avr/lib/avr6\libm.a(mulsf3x.o)
                0x0001adee                __mulsf3x
                0x0001adf2                __mulsf3_pse
 .text.avr-libc.fplib
                0x0001ae9c        0xc d:/atmelstudio/7.0/toolchain/avr8/avr8-gnu-toolchain/bin/../lib/gcc/avr/5.4.0/../../../../avr/lib/avr6\libm.a(fp_inf.o)
                0x0001ae9c                __fp_inf
 .text.avr-libc.fplib
                0x0001aea8        0x6 d:/atmelstudio/7.0/toolchain/avr8/avr8-gnu-toolchain/bin/../lib/gcc/avr/5.4.0/../../../../avr/lib/avr6\libm.a(fp_nan.o)
                0x0001aea8                __fp_nan
 .text.avr-libc.fplib
                0x0001aeae        0xe d:/atmelstudio/7.0/toolchain/avr8/avr8-gnu-toolchain/bin/../lib/gcc/avr/5.4.0/../../../../avr/lib/avr6\libm.a(fp_pscA.o)
                0x0001aeae                __fp_pscA
 .text.avr-libc.fplib
                0x0001aebc        0xe d:/atmelstudio/7.0/toolchain/avr8/avr8-gnu-toolchain/bin/../lib/gcc/avr/5.4.0/../../../../avr/lib/avr6\libm.a(fp_pscB.o)
                0x0001aebc                __fp_pscB
 .text.avr-libc.fplib
                0x0001aeca       0x22 d:/atmelstudio/7.0/toolchain/avr8/avr8-gnu-toolchain/bin/../lib/gcc/avr/5.4.0/../../../../avr/lib/avr6\libm.a(fp_round.o)
                0x0001aeca                __fp_round
 .text.libgcc.mul
                0x0001aeec       0x1e d:/atmelstudio/7.0/toolchain/avr8/avr8-gnu-toolchain/bin/../lib/gcc/avr/5.4.0/avr6\libgcc.a(_mulsi3.o)
                0x0001aeec                __mulsi3
 .text.libgcc.div
                0x0001af0a       0x26 d:/atmelstudio/7.0/toolchain/avr8/avr8-gnu-toolchain/bin/../lib/gcc/avr/5.4.0/avr6\libgcc.a(_divmodhi4.o)
                0x0001af0a                _div
                0x0001af0a                __divmodhi4
 .text.libgcc.div
                0x0001af30       0x44 d:/atmelstudio/7.0/toolchain/avr8/avr8-gnu-toolchain/bin/../lib/gcc/avr/5.4.0/avr6\libgcc.a(_udivmodsi4.o)
                0x0001af30                __udivmodsi4
 .text.libgcc.div
                0x0001af74       0x28 d:/atmelstudio/7.0/toolchain/avr8/avr8-gnu-toolchain/bin/../lib/gcc/avr/5.4.0/avr6\libgcc.a(_divmodsi4.o)
                0x0001af74                __divmodsi4
 .text.libgcc.div
                0x0001af9c       0x10 d:/atmelstudio/7.0/toolchain/avr8/avr8-gnu-toolchain/bin/../lib/gcc/avr/5.4.0/avr6\libgcc.a(_negsi2.o)
                0x0001af9c                __negsi2
 .text.libgcc   0x0001afac       0x10 d:/atmelstudio/7.0/toolchain/avr8/avr8-gnu-toolchain/bin/../lib/gcc/avr/5.4.0/avr6\libgcc.a(_tablejump2.o)
                0x0001afac                __tablejump2__
 .text.libgcc.mul
                0x0001afbc       0x14 d:/atmelstudio/7.0/toolchain/avr8/avr8-gnu-toolchain/bin/../lib/gcc/avr/5.4.0/avr6\libgcc.a(_muluhisi3.o)
                0x0001afbc                __muluhisi3
 .text.libgcc.mul
                0x0001afd0        0xc d:/atmelstudio/7.0/toolchain/avr8/avr8-gnu-toolchain/bin/../lib/gcc/avr/5.4.0/avr6\libgcc.a(_mulshisi3.o)
                0x0001afd0                __mulshisi3
                0x0001afd4                __mulohisi3
 .text.libgcc.div
                0x0001afdc       0x28 d:/atmelstudio/7.0/toolchain/avr8/avr8-gnu-toolchain/bin/../lib/gcc/avr/5.4.0/avr6\libgcc.a(_udivmodhi4.o)
                0x0001afdc                __udivmodhi4
 .text.libgcc.mul
                0x0001b004       0x1e d:/atmelstudio/7.0/toolchain/avr8/avr8-gnu-toolchain/bin/../lib/gcc/avr/5.4.0/avr6\libgcc.a(_umulhisi3.o)
                0x0001b004                __umulhisi3
 .text.avr-libc
                0x0001b022      0x256 d:/atmelstudio/7.0/toolchain/avr8/avr8-gnu-toolchain/bin/../lib/gcc/avr/5.4.0/../../../../avr/lib/avr6\libc.a(strtol.o)
                0x0001b022                strtol
 .text.avr-libc
                0x0001b278       0x10 d:/atmelstudio/7.0/toolchain/avr8/avr8-gnu-toolchain/bin/../lib/gcc/avr/5.4.0/../../../../avr/lib/avr6\libc.a(isspace.o)
                0x0001b278                isspace
 .text.avr-libc
                0x0001b288       0x12 d:/atmelstudio/7.0/toolchain/avr8/avr8-gnu-toolchain/bin/../lib/gcc/avr/5.4.0/../../../../avr/lib/avr6\libc.a(memcpy.o)
                0x0001b288                memcpy
 .text.avr-libc
                0x0001b29a        0xe d:/atmelstudio/7.0/toolchain/avr8/avr8-gnu-toolchain/bin/../lib/gcc/avr/5.4.0/../../../../avr/lib/avr6\libc.a(memset.o)
                0x0001b29a                memset
 .text.avr-libc
                0x0001b2a8       0x12 d:/atmelstudio/7.0/toolchain/avr8/avr8-gnu-toolchain/bin/../lib/gcc/avr/5.4.0/../../../../avr/lib/avr6\libc.a(strcmp.o)
                0x0001b2a8                strcmp
 .text.avr-libc
                0x0001b2ba       0x34 d:/atmelstudio/7.0/toolchain/avr8/avr8-gnu-toolchain/bin/../lib/gcc/avr/5.4.0/../../../../avr/lib/avr6\libc.a(strstr.o)
                0x0001b2ba                strstr
 .text.avr-libc
                0x0001b2ee       0x5c d:/atmelstudio/7.0/toolchain/avr8/avr8-gnu-toolchain/bin/../lib/gcc/avr/5.4.0/../../../../avr/lib/avr6\libc.a(sprintf.o)
                0x0001b2ee                sprintf
 .text.avr-libc
                0x0001b34a       0x42 d:/atmelstudio/7.0/toolchain/avr8/avr8-gnu-toolchain/bin/../lib/gcc/avr/5.4.0/../../../../avr/lib/avr6\libc.a(sscanf.o)
                0x0001b34a                sscanf
 .text.avr-libc
                0x0001b38c      0x3fa d:/atmelstudio/7.0/toolchain/avr8/avr8-gnu-toolchain/bin/../lib/gcc/avr/5.4.0/../../../../avr/lib/avr6\libc.a(vfprintf_std.o)
                0x0001b38c                vfprintf
 .text.avr-libc
                0x0001b786      0x592 d:/atmelstudio/7.0/toolchain/avr8/avr8-gnu-toolchain/bin/../lib/gcc/avr/5.4.0/../../../../avr/lib/avr6\libc.a(vfscanf_std.o)
                0x0001baea                vfscanf
 .text.avr-libc
                0x0001bd18        0x6 d:/atmelstudio/7.0/toolchain/avr8/avr8-gnu-toolchain/bin/../lib/gcc/avr/5.4.0/../../../../avr/lib/avr6\libc.a(cty_isfalse.o)
                0x0001bd18                __ctype_isfalse
                0x0001bd1c                __ctype_istrue
 .text.avr-libc
                0x0001bd1e       0x16 d:/atmelstudio/7.0/toolchain/avr8/avr8-gnu-toolchain/bin/../lib/gcc/avr/5.4.0/../../../../avr/lib/avr6\libc.a(strchr_P.o)
                0x0001bd1e                strchr_P
 .text.avr-libc
                0x0001bd34       0x16 d:/atmelstudio/7.0/toolchain/avr8/avr8-gnu-toolchain/bin/../lib/gcc/avr/5.4.0/../../../../avr/lib/avr6\libc.a(strnlen_P.o)
                0x0001bd34                strnlen_P
 .text.avr-libc
                0x0001bd4a       0x16 d:/atmelstudio/7.0/toolchain/avr8/avr8-gnu-toolchain/bin/../lib/gcc/avr/5.4.0/../../../../avr/lib/avr6\libc.a(strnlen.o)
                0x0001bd4a                strnlen
 .text.avr-libc
                0x0001bd60       0x7c d:/atmelstudio/7.0/toolchain/avr8/avr8-gnu-toolchain/bin/../lib/gcc/avr/5.4.0/../../../../avr/lib/avr6\libc.a(fgetc.o)
                0x0001bd60                fgetc
 .text.avr-libc
                0x0001bddc       0x78 d:/atmelstudio/7.0/toolchain/avr8/avr8-gnu-toolchain/bin/../lib/gcc/avr/5.4.0/../../../../avr/lib/avr6\libc.a(fputc.o)
                0x0001bddc                fputc
 .text.avr-libc
                0x0001be54       0x32 d:/atmelstudio/7.0/toolchain/avr8/avr8-gnu-toolchain/bin/../lib/gcc/avr/5.4.0/../../../../avr/lib/avr6\libc.a(ungetc.o)
                0x0001be54                ungetc
 .text.avr-libc
                0x0001be86       0xbc d:/atmelstudio/7.0/toolchain/avr8/avr8-gnu-toolchain/bin/../lib/gcc/avr/5.4.0/../../../../avr/lib/avr6\libc.a(ultoa_invert.o)
                0x0001be86                __ultoa_invert
                0x0001bf42                . = ALIGN (0x2)
 *(.fini9)
 .fini9         0x0001bf42        0x0 d:/atmelstudio/7.0/toolchain/avr8/avr8-gnu-toolchain/bin/../lib/gcc/avr/5.4.0/avr6\libgcc.a(_exit.o)
                0x0001bf42                _exit
                0x0001bf42                exit
 *(.fini9)
 *(.fini8)
 *(.fini8)
 *(.fini7)
 *(.fini7)
 *(.fini6)
 *(.fini6)
 *(.fini5)
 *(.fini5)
 *(.fini4)
 *(.fini4)
 *(.fini3)
 *(.fini3)
 *(.fini2)
 *(.fini2)
 *(.fini1)
 *(.fini1)
 *(.fini0)
 .fini0         0x0001bf42        0x4 d:/atmelstudio/7.0/toolchain/avr8/avr8-gnu-toolchain/bin/../lib/gcc/avr/5.4.0/avr6\libgcc.a(_exit.o)
 *(.fini0)
                0x0001bf46                _etext = .

.data           0x00800200      0x3a8 load address 0x0001bf46
                0x00800200                PROVIDE (__data_start, .)
 *(.data)
 *(.data*)
 .data.rx_time_gas_boiler
                0x00800200       0x14 main.o
                0x00800200                rx_time_gas_boiler
 .data.send_time
                0x00800214       0x1e main.o
                0x00800214                send_time
 .data.receive_time
                0x00800232       0x14 main.o
                0x00800232                receive_time
 .data.TX_ADDRESS2
                0x00800246        0x3 NRF24.o
                0x00800246                TX_ADDRESS2
 .data.TX_ADDRESS1
                0x00800249        0x3 NRF24.o
                0x00800249                TX_ADDRESS1
 .data.TX_ADDRESS0
                0x0080024c        0x3 NRF24.o
                0x0080024c                TX_ADDRESS0
 *(.gnu.linkonce.d*)
 *(.rodata)
 *(.rodata*)
 .rodata.str1.1
                0x0080024f       0x59 main.o
 .rodata.str1.1
                0x008002a8        0xc NRF24.o
                                 0x15 (size before relaxing)
 .rodata.str1.1
                0x008002b4      0x2f3 WeatherStation.o
                                0x318 (size before relaxing)
 *(.gnu.linkonce.r*)
                0x008005a8                . = ALIGN (0x2)
 *fill*         0x008005a7        0x1 
                0x008005a8                _edata = .
                0x008005a8                PROVIDE (__data_end, .)

.bss            0x008005a8      0x243
                0x008005a8                PROVIDE (__bss_start, .)
 *(.bss)
 *(.bss*)
 .bss.Y_SIZE    0x008005a8        0x2 ILI9486.o
                0x008005a8                Y_SIZE
 .bss.X_SIZE    0x008005aa        0x2 ILI9486.o
                0x008005aa                X_SIZE
 .bss.uart_rx_count
                0x008005ac        0x2 main.o
                0x008005ac                uart_rx_count
 .bss.millis_update_weather
                0x008005ae        0x4 main.o
                0x008005ae                millis_update_weather
 .bss.setpoint_change_flag
                0x008005b2        0x1 main.o
                0x008005b2                setpoint_change_flag
 .bss.gas_boiler_rx_level
                0x008005b3        0x1 main.o
                0x008005b3                gas_boiler_rx_level
 .bss.gas_boiler_rx_counter_old
                0x008005b4        0x2 main.o
                0x008005b4                gas_boiler_rx_counter_old
 .bss.gas_boiler_rx_counter
                0x008005b6        0x2 main.o
                0x008005b6                gas_boiler_rx_counter
 .bss.gas_boiler_setpoint_change_flag
                0x008005b8        0x1 main.o
                0x008005b8                gas_boiler_setpoint_change_flag
 .bss.gas_boiler_setpoint_temp_counter
                0x008005b9        0x2 main.o
                0x008005b9                gas_boiler_setpoint_temp_counter
 .bss.wifi_enable_flag
                0x008005bb        0x1 main.o
                0x008005bb                wifi_enable_flag
 .bss.clock_setting_count
                0x008005bc        0x1 main.o
                0x008005bc                clock_setting_count
 .bss.clock_change_flag
                0x008005bd        0x1 main.o
                0x008005bd                clock_change_flag
 .bss.millis    0x008005be        0x4 main.o
                0x008005be                millis
 .bss.up_down_count
                0x008005c2        0x2 main.o
                0x008005c2                up_down_count
 .bss.DATA_TO_UART
                0x008005c4       0x50 main.o
                0x008005c4                DATA_TO_UART
 .bss.start_time
                0x00800614       0x14 main.o
                0x00800614                start_time
 .bss.wc.1710   0x00800628        0x2 mmc.o
 .bss.CardType  0x0080062a        0x1 mmc.o
 .bss.rx_flag   0x0080062b        0x1 NRF24.o
                0x0080062b                rx_flag
 .bss.HALL_counter
                0x0080062c        0x5 NRF24.o
                0x0080062c                HALL_counter
 .bss.RX_BUF    0x00800631        0x5 NRF24.o
                0x00800631                RX_BUF
 .bss.FatFs     0x00800636        0x2 pff.o
 .bss.Press_home_to_DB
                0x00800638        0x5 WeatherStation.o
                0x00800638                Press_home_to_DB
 .bss.hum_home_to_DB
                0x0080063d        0x5 WeatherStation.o
                0x0080063d                hum_home_to_DB
 .bss.temp_home_to_DB
                0x00800642        0x6 WeatherStation.o
                0x00800642                temp_home_to_DB
 .bss.Rain_to_DB
                0x00800648        0x6 WeatherStation.o
                0x00800648                Rain_to_DB
 .bss.Vbat_to_DB
                0x0080064e        0x5 WeatherStation.o
                0x0080064e                Vbat_to_DB
 .bss.wind_direction_to_DB
                0x00800653        0x6 WeatherStation.o
                0x00800653                wind_direction_to_DB
 .bss.WIND_speed_to_DB
                0x00800659        0x5 WeatherStation.o
                0x00800659                WIND_speed_to_DB
 .bss.hum_street_to_DB
                0x0080065e        0x5 WeatherStation.o
                0x0080065e                hum_street_to_DB
 .bss.temp_street_to_DB
                0x00800663        0x6 WeatherStation.o
                0x00800663                temp_street_to_DB
 *(COMMON)
 COMMON         0x00800669       0x16 BMP180.o
                0x00800669                b2
                0x0080066b                mb
                0x0080066d                ac1
                0x0080066f                b1
                0x00800671                ac6
                0x00800673                ac5
                0x00800675                ac2
                0x00800677                md
                0x00800679                ac4
                0x0080067b                mc
                0x0080067d                ac3
 COMMON         0x0080067f        0x9 ILI9486.o
                0x0080067f                BACK_COLOR
                0x00800681                POINT_COLOR
                0x00800683                cursor_y
                0x00800685                cursor_x
                0x00800687                textsize
 COMMON         0x00800688      0x11a main.o
                0x00800688                PageAbout_Flag
                0x00800689                gas_boiler_setpoint_temp_fraction
                0x0080068a                WiFi_PSWD
                0x0080069e                AddInfoPage_Flag
                0x0080069f                WiFiInfoPage_Flag
                0x008006a0                month
                0x008006a1                WiFi_SSID
                0x008006b5                gas_boiler_setpoint_temp_integer
                0x008006b6                gas_boiler_enable_flag
                0x008006b7                hour
                0x008006b8                GasBoilerPage_Flag
                0x008006b9                menu_flag
                0x008006ba                uart_message
                0x0080071e                WiFi_IP
                0x00800732                clock_change_mode
                0x00800733                HomePage_Flag
                0x00800734                min
                0x00800735                year
                0x00800736                sec
                0x00800737                day
                0x00800738                alarmhour
                0x00800739                date
                0x0080073a                rx_count
                0x0080073b                MainMenuPage_Flag
                0x0080073c                uart_rx_buffer
                0x008007a0                TimeSettingsPage_Flag
                0x008007a1                alarmmin
 COMMON         0x008007a2       0x18 NRF24.o
                0x008007a2                receive_counter
                0x008007a3                V_Bat_integer
                0x008007a4                street_temp_fraction
                0x008007a5                street_temp_sign
                0x008007a6                adc_value1
                0x008007ac                wind_speed_fraction
                0x008007ad                pipe
                0x008007ae                wind_speed_integer
                0x008007af                adc_value2
                0x008007b5                V_Bat_fraction
                0x008007b6                street_temp_integer
                0x008007b7                street_hum_integer
                0x008007b9                rain
 COMMON         0x008007ba       0x2f WeatherStation.o
                0x008007ba                home_temp_fraction
                0x008007bb                pressure_home
                0x008007bd                wind_direction
                0x008007c3                home_temp_integer
                0x008007c4                T_Param
                0x008007e6                home_temp_sign
                0x008007e7                home_hum_integer
 COMMON         0x008007e9        0x2 d:/atmelstudio/7.0/toolchain/avr8/avr8-gnu-toolchain/bin/../lib/gcc/avr/5.4.0/../../../../avr/lib/avr6\libc.a(errno.o)
                0x008007e9                errno
                0x008007eb                PROVIDE (__bss_end, .)
                0x0001bf46                __data_load_start = LOADADDR (.data)
                0x0001c2ee                __data_load_end = (__data_load_start + SIZEOF (.data))

.noinit         0x008007eb        0x0
                [!provide]                PROVIDE (__noinit_start, .)
 *(.noinit*)
                [!provide]                PROVIDE (__noinit_end, .)
                0x008007eb                _end = .
                0x008007eb                PROVIDE (__heap_start, .)

.eeprom         0x00810000        0x0
 *(.eeprom*)
                0x00810000                __eeprom_end = .

.fuse
 *(.fuse)
 *(.lfuse)
 *(.hfuse)
 *(.efuse)

.lock
 *(.lock*)

.signature
 *(.signature*)

.user_signatures
 *(.user_signatures*)

.stab
 *(.stab)

.stabstr
 *(.stabstr)

.stab.excl
 *(.stab.excl)

.stab.exclstr
 *(.stab.exclstr)

.stab.index
 *(.stab.index)

.stab.indexstr
 *(.stab.indexstr)

.comment        0x00000000       0x5c
 *(.comment)
 .comment       0x00000000       0x30 BMP180.o
                                 0x31 (size before relaxing)
 .comment       0x00000030       0x31 DHT22.o
 .comment       0x00000030       0x31 DS18B20.o
 .comment       0x00000030       0x31 eeprom.o
 .comment       0x00000030       0x31 ILI9486.o
 .comment       0x00000030       0x31 main.o
 .comment       0x00000030       0x31 mmc.o
 .comment       0x00000030       0x31 NRF24.o
 .comment       0x00000030       0x31 pff.o
 .comment       0x00000030       0x31 RTC_DS3231.o
 .comment       0x00000030       0x31 TWI.o
 .comment       0x00000030       0x31 usart.o
 .comment       0x00000030       0x31 WeatherStation.o
 .comment       0x00000030       0x31 d:/atmelstudio/7.0/toolchain/avr8/avr8-gnu-toolchain/bin/../lib/gcc/avr/5.4.0/../../../../avr/lib/avr6\libc.a(strtol.o)
 .comment       0x00000030       0x31 d:/atmelstudio/7.0/toolchain/avr8/avr8-gnu-toolchain/bin/../lib/gcc/avr/5.4.0/../../../../avr/lib/avr6\libc.a(sprintf.o)
 .comment       0x00000030       0x31 d:/atmelstudio/7.0/toolchain/avr8/avr8-gnu-toolchain/bin/../lib/gcc/avr/5.4.0/../../../../avr/lib/avr6\libc.a(sscanf.o)
 .comment       0x00000030       0x2c d:/atmelstudio/7.0/toolchain/avr8/avr8-gnu-toolchain/bin/../lib/gcc/avr/5.4.0/../../../../avr/lib/avr6\libc.a(vfprintf_std.o)
                                 0x2d (size before relaxing)
 .comment       0x0000005c       0x2d d:/atmelstudio/7.0/toolchain/avr8/avr8-gnu-toolchain/bin/../lib/gcc/avr/5.4.0/../../../../avr/lib/avr6\libc.a(vfscanf_std.o)
 .comment       0x0000005c       0x2d d:/atmelstudio/7.0/toolchain/avr8/avr8-gnu-toolchain/bin/../lib/gcc/avr/5.4.0/../../../../avr/lib/avr6\libc.a(errno.o)
 .comment       0x0000005c       0x31 d:/atmelstudio/7.0/toolchain/avr8/avr8-gnu-toolchain/bin/../lib/gcc/avr/5.4.0/../../../../avr/lib/avr6\libc.a(fgetc.o)
 .comment       0x0000005c       0x31 d:/atmelstudio/7.0/toolchain/avr8/avr8-gnu-toolchain/bin/../lib/gcc/avr/5.4.0/../../../../avr/lib/avr6\libc.a(fputc.o)
 .comment       0x0000005c       0x31 d:/atmelstudio/7.0/toolchain/avr8/avr8-gnu-toolchain/bin/../lib/gcc/avr/5.4.0/../../../../avr/lib/avr6\libc.a(ungetc.o)

.note.gnu.avr.deviceinfo
                0x00000000       0x40
 .note.gnu.avr.deviceinfo
                0x00000000       0x40 D:/AtmelStudio/7.0/Packs/atmel/ATmega_DFP/1.6.364/gcc/dev/atmega2560/avr6/crtatmega2560.o

.note.gnu.build-id
 *(.note.gnu.build-id)

.debug
 *(.debug)

.line
 *(.line)

.debug_srcinfo
 *(.debug_srcinfo)

.debug_sfnames
 *(.debug_sfnames)

.debug_aranges  0x00000000      0x688
 *(.debug_aranges)
 .debug_aranges
                0x00000000       0x40 BMP180.o
 .debug_aranges
                0x00000040       0x28 DHT22.o
 .debug_aranges
                0x00000068       0x50 DS18B20.o
 .debug_aranges
                0x000000b8       0x58 eeprom.o
 .debug_aranges
                0x00000110      0x190 ILI9486.o
 .debug_aranges
                0x000002a0       0x80 main.o
 .debug_aranges
                0x00000320       0x50 mmc.o
 .debug_aranges
                0x00000370       0x90 NRF24.o
 .debug_aranges
                0x00000400       0xb0 pff.o
 .debug_aranges
                0x000004b0       0x50 RTC_DS3231.o
 .debug_aranges
                0x00000500       0x50 TWI.o
 .debug_aranges
                0x00000550       0x30 usart.o
 .debug_aranges
                0x00000580      0x108 WeatherStation.o

.debug_pubnames
 *(.debug_pubnames)

.debug_info     0x00000000    0x16aec
 *(.debug_info .gnu.linkonce.wi.*)
 .debug_info    0x00000000      0xbbc D:/AtmelStudio/7.0/Packs/atmel/ATmega_DFP/1.6.364/gcc/dev/atmega2560/avr6/crtatmega2560.o
 .debug_info    0x00000bbc      0x68f BMP180.o
 .debug_info    0x0000124b      0x304 DHT22.o
 .debug_info    0x0000154f      0x52b DS18B20.o
 .debug_info    0x00001a7a      0x3e4 eeprom.o
 .debug_info    0x00001e5e     0x3344 ILI9486.o
 .debug_info    0x000051a2     0x12c1 main.o
 .debug_info    0x00006463      0x62f mmc.o
 .debug_info    0x00006a92      0xdcc NRF24.o
 .debug_info    0x0000785e     0x11d8 pff.o
 .debug_info    0x00008a36      0x77c RTC_DS3231.o
 .debug_info    0x000091b2      0x198 TWI.o
 .debug_info    0x0000934a      0x13a usart.o
 .debug_info    0x00009484     0xd668 WeatherStation.o

.debug_abbrev   0x00000000     0x2326
 *(.debug_abbrev)
 .debug_abbrev  0x00000000      0xb1a D:/AtmelStudio/7.0/Packs/atmel/ATmega_DFP/1.6.364/gcc/dev/atmega2560/avr6/crtatmega2560.o
 .debug_abbrev  0x00000b1a      0x18c BMP180.o
 .debug_abbrev  0x00000ca6      0x12d DHT22.o
 .debug_abbrev  0x00000dd3      0x1ce DS18B20.o
 .debug_abbrev  0x00000fa1      0x143 eeprom.o
 .debug_abbrev  0x000010e4      0x346 ILI9486.o
 .debug_abbrev  0x0000142a      0x2dd main.o
 .debug_abbrev  0x00001707      0x1cf mmc.o
 .debug_abbrev  0x000018d6      0x27b NRF24.o
 .debug_abbrev  0x00001b51      0x268 pff.o
 .debug_abbrev  0x00001db9      0x101 RTC_DS3231.o
 .debug_abbrev  0x00001eba       0xe1 TWI.o
 .debug_abbrev  0x00001f9b       0x89 usart.o
 .debug_abbrev  0x00002024      0x302 WeatherStation.o

.debug_line     0x00000000     0x72d0
 *(.debug_line .debug_line.* .debug_line_end)
 .debug_line    0x00000000      0x1fa D:/AtmelStudio/7.0/Packs/atmel/ATmega_DFP/1.6.364/gcc/dev/atmega2560/avr6/crtatmega2560.o
 .debug_line    0x000001fa      0x2db BMP180.o
 .debug_line    0x000004d5      0x1ee DHT22.o
 .debug_line    0x000006c3      0x2ed DS18B20.o
 .debug_line    0x000009b0      0x25b eeprom.o
 .debug_line    0x00000c0b     0x1965 ILI9486.o
 .debug_line    0x00002570      0xd71 main.o
 .debug_line    0x000032e1      0x529 mmc.o
 .debug_line    0x0000380a      0x712 NRF24.o
 .debug_line    0x00003f1c      0xc29 pff.o
 .debug_line    0x00004b45      0x2e4 RTC_DS3231.o
 .debug_line    0x00004e29      0x179 TWI.o
 .debug_line    0x00004fa2      0x137 usart.o
 .debug_line    0x000050d9     0x21f7 WeatherStation.o

.debug_frame    0x00000000     0x1d6c
 *(.debug_frame)
 .debug_frame   0x00000000      0x10c BMP180.o
 .debug_frame   0x0000010c       0x40 DHT22.o
 .debug_frame   0x0000014c       0xa4 DS18B20.o
 .debug_frame   0x000001f0      0x14c eeprom.o
 .debug_frame   0x0000033c      0x91c ILI9486.o
 .debug_frame   0x00000c58      0x254 main.o
 .debug_frame   0x00000eac      0x108 mmc.o
 .debug_frame   0x00000fb4      0x278 NRF24.o
 .debug_frame   0x0000122c      0x45c pff.o
 .debug_frame   0x00001688       0xa8 RTC_DS3231.o
 .debug_frame   0x00001730       0x90 TWI.o
 .debug_frame   0x000017c0       0x44 usart.o
 .debug_frame   0x00001804      0x568 WeatherStation.o

.debug_str      0x00000000     0x1aa0
 *(.debug_str)
 .debug_str     0x00000000      0x3e6 D:/AtmelStudio/7.0/Packs/atmel/ATmega_DFP/1.6.364/gcc/dev/atmega2560/avr6/crtatmega2560.o
 .debug_str     0x000003e6      0x252 BMP180.o
                                0x2a4 (size before relaxing)
 .debug_str     0x00000638       0x35 DHT22.o
                                0x200 (size before relaxing)
 .debug_str     0x0000066d       0x69 DS18B20.o
                                0x23e (size before relaxing)
 .debug_str     0x000006d6       0xbc eeprom.o
                                0x249 (size before relaxing)
 .debug_str     0x00000792      0x605 ILI9486.o
                                0x833 (size before relaxing)
 .debug_str     0x00000d97      0x6a7 main.o
                                0x91c (size before relaxing)
 .debug_str     0x0000143e       0x98 mmc.o
                                0x22d (size before relaxing)
 .debug_str     0x000014d6      0x205 NRF24.o
                                0x50f (size before relaxing)
 .debug_str     0x000016db      0x1a4 pff.o
                                0x405 (size before relaxing)
 .debug_str     0x0000187f       0x7c RTC_DS3231.o
                                0x279 (size before relaxing)
 .debug_str     0x000018fb       0x1e TWI.o
                                0x1f7 (size before relaxing)
 .debug_str     0x00001919       0x2c usart.o
                                0x1cc (size before relaxing)
 .debug_str     0x00001945      0x15b WeatherStation.o
                                0xaa0 (size before relaxing)

.debug_loc      0x00000000     0xa83a
 *(.debug_loc)
 .debug_loc     0x00000000      0x923 BMP180.o
 .debug_loc     0x00000923      0x291 DHT22.o
 .debug_loc     0x00000bb4      0x40b DS18B20.o
 .debug_loc     0x00000fbf      0x5cf eeprom.o
 .debug_loc     0x0000158e     0x42db ILI9486.o
 .debug_loc     0x00005869      0x6d0 main.o
 .debug_loc     0x00005f39      0x75a mmc.o
 .debug_loc     0x00006693      0xb98 NRF24.o
 .debug_loc     0x0000722b     0x1e2c pff.o
 .debug_loc     0x00009057      0x24a RTC_DS3231.o
 .debug_loc     0x000092a1       0xb4 TWI.o
 .debug_loc     0x00009355       0xbf usart.o
 .debug_loc     0x00009414     0x1426 WeatherStation.o

.debug_macinfo
 *(.debug_macinfo)

.debug_weaknames
 *(.debug_weaknames)

.debug_funcnames
 *(.debug_funcnames)

.debug_typenames
 *(.debug_typenames)

.debug_varnames
 *(.debug_varnames)

.debug_pubtypes
 *(.debug_pubtypes)

.debug_ranges   0x00000000      0x5e8
 *(.debug_ranges)
 .debug_ranges  0x00000000       0x30 BMP180.o
 .debug_ranges  0x00000030       0x18 DHT22.o
 .debug_ranges  0x00000048       0x40 DS18B20.o
 .debug_ranges  0x00000088       0x48 eeprom.o
 .debug_ranges  0x000000d0      0x1b0 ILI9486.o
 .debug_ranges  0x00000280       0x70 main.o
 .debug_ranges  0x000002f0       0x40 mmc.o
 .debug_ranges  0x00000330       0x80 NRF24.o
 .debug_ranges  0x000003b0       0xa0 pff.o
 .debug_ranges  0x00000450       0x40 RTC_DS3231.o
 .debug_ranges  0x00000490       0x40 TWI.o
 .debug_ranges  0x000004d0       0x20 usart.o
 .debug_ranges  0x000004f0       0xf8 WeatherStation.o

.debug_macro
 *(.debug_macro)
OUTPUT(RECEIVER.elf elf32-avr)
LOAD linker stubs
