Archive member included to satisfy reference by file (symbol)

d:/atmelstudio/7.0/toolchain/avr8/avr8-gnu-toolchain/bin/../lib/gcc/avr/5.4.0/../../../../avr/lib/avr6\libm.a(fixsfsi.o)
                              WeatherStation.o (__fixsfsi)
d:/atmelstudio/7.0/toolchain/avr8/avr8-gnu-toolchain/bin/../lib/gcc/avr/5.4.0/../../../../avr/lib/avr6\libm.a(fixunssfsi.o)
                              d:/atmelstudio/7.0/toolchain/avr8/avr8-gnu-toolchain/bin/../lib/gcc/avr/5.4.0/../../../../avr/lib/avr6\libm.a(fixsfsi.o) (__fixunssfsi)
d:/atmelstudio/7.0/toolchain/avr8/avr8-gnu-toolchain/bin/../lib/gcc/avr/5.4.0/../../../../avr/lib/avr6\libm.a(floatsisf.o)
                              WeatherStation.o (__floatsisf)
d:/atmelstudio/7.0/toolchain/avr8/avr8-gnu-toolchain/bin/../lib/gcc/avr/5.4.0/../../../../avr/lib/avr6\libm.a(fp_split3.o)
                              d:/atmelstudio/7.0/toolchain/avr8/avr8-gnu-toolchain/bin/../lib/gcc/avr/5.4.0/../../../../avr/lib/avr6\libm.a(fixunssfsi.o) (__fp_splitA)
d:/atmelstudio/7.0/toolchain/avr8/avr8-gnu-toolchain/bin/../lib/gcc/avr/5.4.0/../../../../avr/lib/avr6\libm.a(fp_zero.o)
                              d:/atmelstudio/7.0/toolchain/avr8/avr8-gnu-toolchain/bin/../lib/gcc/avr/5.4.0/../../../../avr/lib/avr6\libm.a(fixunssfsi.o) (__fp_zero)
d:/atmelstudio/7.0/toolchain/avr8/avr8-gnu-toolchain/bin/../lib/gcc/avr/5.4.0/../../../../avr/lib/avr6\libm.a(mulsf3.o)
                              WeatherStation.o (__mulsf3)
d:/atmelstudio/7.0/toolchain/avr8/avr8-gnu-toolchain/bin/../lib/gcc/avr/5.4.0/../../../../avr/lib/avr6\libm.a(mulsf3x.o)
                              d:/atmelstudio/7.0/toolchain/avr8/avr8-gnu-toolchain/bin/../lib/gcc/avr/5.4.0/../../../../avr/lib/avr6\libm.a(mulsf3.o) (__mulsf3x)
d:/atmelstudio/7.0/toolchain/avr8/avr8-gnu-toolchain/bin/../lib/gcc/avr/5.4.0/../../../../avr/lib/avr6\libm.a(fp_inf.o)
                              d:/atmelstudio/7.0/toolchain/avr8/avr8-gnu-toolchain/bin/../lib/gcc/avr/5.4.0/../../../../avr/lib/avr6\libm.a(mulsf3x.o) (__fp_inf)
d:/atmelstudio/7.0/toolchain/avr8/avr8-gnu-toolchain/bin/../lib/gcc/avr/5.4.0/../../../../avr/lib/avr6\libm.a(fp_nan.o)
                              d:/atmelstudio/7.0/toolchain/avr8/avr8-gnu-toolchain/bin/../lib/gcc/avr/5.4.0/../../../../avr/lib/avr6\libm.a(mulsf3x.o) (__fp_nan)
d:/atmelstudio/7.0/toolchain/avr8/avr8-gnu-toolchain/bin/../lib/gcc/avr/5.4.0/../../../../avr/lib/avr6\libm.a(fp_pscA.o)
                              d:/atmelstudio/7.0/toolchain/avr8/avr8-gnu-toolchain/bin/../lib/gcc/avr/5.4.0/../../../../avr/lib/avr6\libm.a(mulsf3x.o) (__fp_pscA)
d:/atmelstudio/7.0/toolchain/avr8/avr8-gnu-toolchain/bin/../lib/gcc/avr/5.4.0/../../../../avr/lib/avr6\libm.a(fp_pscB.o)
                              d:/atmelstudio/7.0/toolchain/avr8/avr8-gnu-toolchain/bin/../lib/gcc/avr/5.4.0/../../../../avr/lib/avr6\libm.a(mulsf3x.o) (__fp_pscB)
d:/atmelstudio/7.0/toolchain/avr8/avr8-gnu-toolchain/bin/../lib/gcc/avr/5.4.0/../../../../avr/lib/avr6\libm.a(fp_round.o)
                              d:/atmelstudio/7.0/toolchain/avr8/avr8-gnu-toolchain/bin/../lib/gcc/avr/5.4.0/../../../../avr/lib/avr6\libm.a(mulsf3.o) (__fp_round)
d:/atmelstudio/7.0/toolchain/avr8/avr8-gnu-toolchain/bin/../lib/gcc/avr/5.4.0/avr6\libgcc.a(_mulsi3.o)
                              BMP180.o (__mulsi3)
d:/atmelstudio/7.0/toolchain/avr8/avr8-gnu-toolchain/bin/../lib/gcc/avr/5.4.0/avr6\libgcc.a(_divmodhi4.o)
                              NRF24.o (__divmodhi4)
d:/atmelstudio/7.0/toolchain/avr8/avr8-gnu-toolchain/bin/../lib/gcc/avr/5.4.0/avr6\libgcc.a(_udivmodsi4.o)
                              BMP180.o (__udivmodsi4)
d:/atmelstudio/7.0/toolchain/avr8/avr8-gnu-toolchain/bin/../lib/gcc/avr/5.4.0/avr6\libgcc.a(_divmodsi4.o)
                              BMP180.o (__divmodsi4)
d:/atmelstudio/7.0/toolchain/avr8/avr8-gnu-toolchain/bin/../lib/gcc/avr/5.4.0/avr6\libgcc.a(_negsi2.o)
                              d:/atmelstudio/7.0/toolchain/avr8/avr8-gnu-toolchain/bin/../lib/gcc/avr/5.4.0/avr6\libgcc.a(_divmodsi4.o) (__negsi2)
d:/atmelstudio/7.0/toolchain/avr8/avr8-gnu-toolchain/bin/../lib/gcc/avr/5.4.0/avr6\libgcc.a(_exit.o)
                              D:/AtmelStudio/7.0/Packs/atmel/ATmega_DFP/1.6.364/gcc/dev/atmega2560/avr6/crtatmega2560.o (exit)
d:/atmelstudio/7.0/toolchain/avr8/avr8-gnu-toolchain/bin/../lib/gcc/avr/5.4.0/avr6\libgcc.a(_tablejump2.o)
                              WeatherStation.o (__tablejump2__)
d:/atmelstudio/7.0/toolchain/avr8/avr8-gnu-toolchain/bin/../lib/gcc/avr/5.4.0/avr6\libgcc.a(_copy_data.o)
                              main.o (__do_copy_data)
d:/atmelstudio/7.0/toolchain/avr8/avr8-gnu-toolchain/bin/../lib/gcc/avr/5.4.0/avr6\libgcc.a(_clear_bss.o)
                              BMP180.o (__do_clear_bss)
d:/atmelstudio/7.0/toolchain/avr8/avr8-gnu-toolchain/bin/../lib/gcc/avr/5.4.0/avr6\libgcc.a(_muluhisi3.o)
                              BMP180.o (__muluhisi3)
[...]
Memory Configuration

Name             Origin             Length             Attributes
text             0x00000000         0x00040000         xr
data             0x00800200         0x00002000         rw !x
eeprom           0x00810000         0x00001000         rw !x
fuse             0x00820000         0x00000003         rw !x
lock             0x00830000         0x00000400         rw !x
signature        0x00840000         0x00000400         rw !x
user_signatures  0x00850000         0x00000400         rw !x
*default*        0x00000000         0xffffffff

Linker script and memory map

Address of section .data set to 0x800200
LOAD D:/AtmelStudio/7.0/Packs/atmel/ATmega_DFP/1.6.364/gcc/dev/atmega2560/avr6/crtatmega2560.o
LOAD BMP180.o
LOAD DHT22.o
LOAD DS18B20.o
LOAD HTU21D.o
LOAD ILI9486.o
LOAD main.o
LOAD mmc.o
LOAD NRF24.o
LOAD pff.o
LOAD RTC_DS3231.o
LOAD SD.o
LOAD TWI.o
LOAD usart.o
LOAD WeatherStation.o
START GROUP
LOAD d:/atmelstudio/7.0/toolchain/avr8/avr8-gnu-toolchain/bin/../lib/gcc/avr/5.4.0/../../../../avr/lib/avr6\libm.a
END GROUP
START GROUP
LOAD d:/atmelstudio/7.0/toolchain/avr8/avr8-gnu-toolchain/bin/../lib/gcc/avr/5.4.0/avr6\libgcc.a
LOAD d:/atmelstudio/7.0/toolchain/avr8/avr8-gnu-toolchain/bin/../lib/gcc/avr/5.4.0/../../../../avr/lib/avr6\libm.a
LOAD d:/atmelstudio/7.0/toolchain/avr8/avr8-gnu-toolchain/bin/../lib/gcc/avr/5.4.0/../../../../avr/lib/avr6\libc.a
LOAD D:/AtmelStudio/7.0/Packs/atmel/ATmega_DFP/1.6.364/gcc/dev/atmega2560/avr6\libatmega2560.a
END GROUP
                0x00000000                __TEXT_REGION_ORIGIN__ = DEFINED (__TEXT_REGION_ORIGIN__)?__TEXT_REGION_ORIGIN__:0x0
                [0x00800200]                __DATA_REGION_ORIGIN__ = DEFINED (__DATA_REGION_ORIGIN__)?__DATA_REGION_ORIGIN__:0x800200
                [0x00040000]                __TEXT_REGION_LENGTH__ = DEFINED (__TEXT_REGION_LENGTH__)?__TEXT_REGION_LENGTH__:0x100000
                [0x00002000]                __DATA_REGION_LENGTH__ = DEFINED (__DATA_REGION_LENGTH__)?__DATA_REGION_LENGTH__:0xfe00
                [0x00001000]                __EEPROM_REGION_LENGTH__ = DEFINED (__EEPROM_REGION_LENGTH__)?__EEPROM_REGION_LENGTH__:0x10000
                [0x00000003]                __FUSE_REGION_LENGTH__ = DEFINED (__FUSE_REGION_LENGTH__)?__FUSE_REGION_LENGTH__:0x400
                0x00000400                __LOCK_REGION_LENGTH__ = DEFINED (__LOCK_REGION_LENGTH__)?__LOCK_REGION_LENGTH__:0x400
                0x00000400                __SIGNATURE_REGION_LENGTH__ = DEFINED (__SIGNATURE_REGION_LENGTH__)?__SIGNATURE_REGION_LENGTH__:0x400
                0x00000400                __USER_SIGNATURE_REGION_LENGTH__ = DEFINED (__USER_SIGNATURE_REGION_LENGTH__)?__USER_SIGNATURE_REGION_LENGTH__:0x400

.hash
 *(.hash)

.dynsym
 *(.dynsym)

.dynstr
 *(.dynstr)

.gnu.version
 *(.gnu.version)

.gnu.version_d
 *(.gnu.version_d)

.gnu.version_r
 *(.gnu.version_r)

.rel.init
 *(.rel.init)

.rela.init
 *(.rela.init)

.rel.text
 *(.rel.text)
 *(.rel.text.*)
 *(.rel.gnu.linkonce.t*)

.rela.text
 *(.rela.text)
 *(.rela.text.*)
 *(.rela.gnu.linkonce.t*)

.rel.fini
 *(.rel.fini)

.rela.fini
 *(.rela.fini)

.rel.rodata
 *(.rel.rodata)
 *(.rel.rodata.*)
 *(.rel.gnu.linkonce.r*)

.rela.rodata
 *(.rela.rodata)
 *(.rela.rodata.*)
 *(.rela.gnu.linkonce.r*)

.rel.data
 *(.rel.data)
 *(.rel.data.*)
 *(.rel.gnu.linkonce.d*)

.rela.data
 *(.rela.data)
 *(.rela.data.*)
 *(.rela.gnu.linkonce.d*)

.rel.ctors
 *(.rel.ctors)

.rela.ctors
 *(.rela.ctors)

.rel.dtors
 *(.rel.dtors)

.rela.dtors
 *(.rela.dtors)

.rel.got
 *(.rel.got)

.rela.got
 *(.rela.got)

.rel.bss
 *(.rel.bss)

.rela.bss
 *(.rela.bss)

.rel.plt
 *(.rel.plt)

.rela.plt
 *(.rela.plt)

.text           0x00000000    0x1823e
 *(.vectors)
 .vectors       0x00000000       0xe4 D:/AtmelStudio/7.0/Packs/atmel/ATmega_DFP/1.6.364/gcc/dev/atmega2560/avr6/crtatmega2560.o
                0x00000000                __vector_default
                0x00000000                __vectors
 *(.vectors)
 *(.progmem.gcc*)
 .progmem.gcc_sw_table.Print_Page_Clock_Settings
                0x000000e4       0x10 WeatherStation.o
 .progmem.gcc_sw_table.Convert_to_string_Clock
                0x000000f4       0x26 WeatherStation.o
                0x0000011a                . = ALIGN (0x2)
                0x0000011a                __trampolines_start = .
 *(.trampolines)
 .trampolines   0x0000011a        0x0 linker stubs
 *(.trampolines*)
                0x0000011a                __trampolines_end = .
 *libprintf_flt.a:*(.progmem.data)
 *libc.a:*(.progmem.data)
 .progmem.data  0x0000011a        0xc d:/atmelstudio/7.0/toolchain/avr8/avr8-gnu-toolchain/bin/../lib/gcc/avr/5.4.0/../../../../avr/lib/avr6\libc.a(vfscanf_std.o)
 *(.progmem*)
 .progmem.data.Syffaen40x40
                0x00000126     0x3200 ILI9486.o
                0x00000126                Syffaen40x40
 .progmem.data.Syffaen32x32
                0x00003326     0x7000 ILI9486.o
                0x00003326                Syffaen32x32
 .progmem.data.Font32x48_Num
                0x0000a326      0x9c0 ILI9486.o
                0x0000a326                Font32x48_Num
 .progmem.data.Font24x32_Clock
                0x0000ace6      0x420 ILI9486.o
                0x0000ace6                Font24x32_Clock
 .progmem.data.Consolas18x32
                0x0000b106     0x1b00 ILI9486.o
                0x0000b106                Consolas18x32
 .progmem.data.Consolas14x24
                0x0000cc06      0x444 ILI9486.o
                0x0000cc06                Consolas14x24
 .progmem.data.Consolas16x24
                0x0000d04a     0x2a00 ILI9486.o
                0x0000d04a                Consolas16x24
                0x0000fa4a                . = ALIGN (0x2)
 *(.jumptables)
 *(.jumptables*)
 *(.lowtext)
 *(.lowtext*)
                0x0000fa4a                __ctors_start = .
 *(.ctors)
                0x0000fa4a                __ctors_end = .
                0x0000fa4a                __dtors_start = .
 *(.dtors)
                0x0000fa4a                __dtors_end = .
 SORT(*)(.ctors)
 SORT(*)(.dtors)
 *(.init0)
 .init0         0x0000fa4a        0x0 D:/AtmelStudio/7.0/Packs/atmel/ATmega_DFP/1.6.364/gcc/dev/atmega2560/avr6/crtatmega2560.o
                0x0000fa4a                __init
 *(.init0)
 *(.init1)
 *(.init1)
 *(.init2)
 .init2         0x0000fa4a       0x10 D:/AtmelStudio/7.0/Packs/atmel/ATmega_DFP/1.6.364/gcc/dev/atmega2560/avr6/crtatmega2560.o
 *(.init2)
 *(.init3)
 *(.init3)
 *(.init4)
 .init4         0x0000fa5a       0x1a d:/atmelstudio/7.0/toolchain/avr8/avr8-gnu-toolchain/bin/../lib/gcc/avr/5.4.0/avr6\libgcc.a(_copy_data.o)
                0x0000fa5a                __do_copy_data
 .init4         0x0000fa74       0x10 d:/atmelstudio/7.0/toolchain/avr8/avr8-gnu-toolchain/bin/../lib/gcc/avr/5.4.0/avr6\libgcc.a(_clear_bss.o)
                0x0000fa74                __do_clear_bss
 *(.init4)
 *(.init5)
 *(.init5)
 *(.init6)
 *(.init6)
 *(.init7)
 *(.init7)
 *(.init8)
 *(.init8)
 *(.init9)
 .init9         0x0000fa84        0x8 D:/AtmelStudio/7.0/Packs/atmel/ATmega_DFP/1.6.364/gcc/dev/atmega2560/avr6/crtatmega2560.o
 *(.init9)
 *(.text)
 .text          0x0000fa8c        0x4 D:/AtmelStudio/7.0/Packs/atmel/ATmega_DFP/1.6.364/gcc/dev/atmega2560/avr6/crtatmega2560.o
                0x0000fa8c                __vector_38
                0x0000fa8c                __vector_22
                0x0000fa8c                __vector_28
                0x0000fa8c                __vector_32
                0x0000fa8c                __vector_34
                0x0000fa8c                __vector_24
                0x0000fa8c                __vector_12
                0x0000fa8c                __vector_55
                0x0000fa8c                __vector_46
                0x0000fa8c                __bad_interrupt
                0x0000fa8c                __vector_31
                0x0000fa8c                __vector_35
                0x0000fa8c                __vector_39
                0x0000fa8c                __vector_3
                0x0000fa8c                __vector_23
                0x0000fa8c                __vector_30
                0x0000fa8c                __vector_45
                0x0000fa8c                __vector_25
                0x0000fa8c                __vector_11
                0x0000fa8c                __vector_54
                0x0000fa8c                __vector_13
                0x0000fa8c                __vector_19
                0x0000fa8c                __vector_56
                0x0000fa8c                __vector_49
                0x0000fa8c                __vector_41
                0x0000fa8c                __vector_43
                0x0000fa8c                __vector_27
                0x0000fa8c                __vector_33
                0x0000fa8c                __vector_47
                0x0000fa8c                __vector_52
                0x0000fa8c                __vector_37
                0x0000fa8c                __vector_4
                0x0000fa8c                __vector_44
                0x0000fa8c                __vector_51
                0x0000fa8c                __vector_9
                0x0000fa8c                __vector_2
                0x0000fa8c                __vector_15
                0x0000fa8c                __vector_36
                0x0000fa8c                __vector_29
                0x0000fa8c                __vector_40
                0x0000fa8c                __vector_26
                0x0000fa8c                __vector_48
                0x0000fa8c                __vector_14
                0x0000fa8c                __vector_53
                0x0000fa8c                __vector_10
                0x0000fa8c                __vector_50
                0x0000fa8c                __vector_16
                0x0000fa8c                __vector_18
                0x0000fa8c                __vector_20
                0x0000fa8c                __vector_42
                0x0000fa90                . = ALIGN (0x2)
 *(.text.*)
 .text.dt_testdevice
                0x0000fa90       0x4a DS18B20.o
                0x0000fa90                dt_testdevice
 .text.dt_readbit
                0x0000fada       0x34 DS18B20.o
                0x0000fada                dt_readbit
 .text.dt_readbyte
                0x0000fb0e       0x2a DS18B20.o
                0x0000fb0e                dt_readbyte
 .text.dt_sendbit
                0x0000fb38       0x3a DS18B20.o
                0x0000fb38                dt_sendbit
 .text.dt_sendbyte
                0x0000fb72       0x3e DS18B20.o
                0x0000fb72                dt_sendbyte
 .text.dt_check
                0x0000fbb0       0x44 DS18B20.o
                0x0000fbb0                dt_check
 .text.ILI9486_Write8
                0x0000fbf4       0x14 ILI9486.o
                0x0000fbf4                ILI9486_Write8
 .text.ILI9486_Write16
                0x0000fc08       0x10 ILI9486.o
                0x0000fc08                ILI9486_Write16
 .text.ILI9486_SendCommand
                0x0000fc18       0x1c ILI9486.o
                0x0000fc18                ILI9486_SendCommand
 .text.ILI9486_SendData
                0x0000fc34        0xe ILI9486.o
                0x0000fc34                ILI9486_SendData
 .text.ILI9486_Write_Cmd_Data
                0x0000fc42       0x2a ILI9486.o
                0x0000fc42                ILI9486_Write_Cmd_Data
 .text.ILI9486_reset
                0x0000fc6c       0x6e ILI9486.o
                0x0000fc6c                ILI9486_reset
 .text.ILI9486_SetRotation
                0x0000fcda       0xa8 ILI9486.o
                0x0000fcda                ILI9486_SetRotation
 .text.ILI9486_ini
                0x0000fd82      0x326 ILI9486.o
                0x0000fd82                ILI9486_ini
 .text.ILI9486_SetAddrWindow
                0x000100a8       0xba ILI9486.o
                0x000100a8                ILI9486_SetAddrWindow
 .text.ILI9486_drawPixel
                0x00010162       0x1a ILI9486.o
                0x00010162                ILI9486_drawPixel
 .text.ILI9486_FillScreen
                0x0001017c       0xb6 ILI9486.o
                0x0001017c                ILI9486_FillScreen
 .text.ILI9486_fillRect
                0x00010232       0xde ILI9486.o
                0x00010232                ILI9486_fillRect
 .text.ILI9486_DrawFastVLine
                0x00010310       0x4a ILI9486.o
                0x00010310                ILI9486_DrawFastVLine
 .text.ILI9486_DrawFastHLine
                0x0001035a       0x48 ILI9486.o
                0x0001035a                ILI9486_DrawFastHLine
 .text.ILI9486_writeLine
                0x000103a2      0x14e ILI9486.o
                0x000103a2                ILI9486_writeLine
 .text.ILI9486_Draw_Line
                0x000104f0       0x56 ILI9486.o
                0x000104f0                ILI9486_Draw_Line
 .text.ILI9486_Draw_Circle
                0x00010546      0x19a ILI9486.o
                0x00010546                ILI9486_Draw_Circle
 .text.ILI9486_fillCircleHelper
                0x000106e0      0x152 ILI9486.o
                0x000106e0                ILI9486_fillCircleHelper
 .text.ILI9486_fillCircle
                0x00010832       0x4e ILI9486.o
                0x00010832                ILI9486_fillCircle
 .text.ILI9486_DrawRect
                0x00010880       0x62 ILI9486.o
                0x00010880                ILI9486_DrawRect
 .text.ILI9486_fillTriangle
                0x000108e2      0x32a ILI9486.o
                0x000108e2                ILI9486_fillTriangle
 .text.ILI9486_SetTextColor
                0x00010c0c       0x12 ILI9486.o
                0x00010c0c                ILI9486_SetTextColor
 .text.ILI9486_Print_Char14x24
                0x00010c1e      0x16e ILI9486.o
                0x00010c1e                ILI9486_Print_Char14x24
 .text.ILI9486_Print_Char18x32
                0x00010d8c      0x16c ILI9486.o
                0x00010d8c                ILI9486_Print_Char18x32
 .text.ILI9486_Print_ConsolasChar16x24
                0x00010ef8      0x162 ILI9486.o
                0x00010ef8                ILI9486_Print_ConsolasChar16x24
 .text.ILI9486_Print_Char32x32
                0x0001105a      0x160 ILI9486.o
                0x0001105a                ILI9486_Print_Char32x32
 .text.ILI9486_Print_Char24x32
                0x000111ba      0x16c ILI9486.o
                0x000111ba                ILI9486_Print_Char24x32
 .text.ILI9486_Print_Char32x48
                0x00011326      0x17a ILI9486.o
                0x00011326                ILI9486_Print_Char32x48
 .text.ILI9486_Print_Char40x40
                0x000114a0      0x17a ILI9486.o
                0x000114a0                ILI9486_Print_Char40x40
 .text.ILI9486_SetCursor
                0x0001161a       0x12 ILI9486.o
                0x0001161a                ILI9486_SetCursor
 .text.ILI9486_Print_String40x40
                0x0001162c       0xe2 ILI9486.o
                0x0001162c                ILI9486_Print_String40x40
 .text.ILI9486_Print_String18x32
                0x0001170e       0xe2 ILI9486.o
                0x0001170e                ILI9486_Print_String18x32
 .text.ILI9486_Print_StringConsolas16x24
                0x000117f0       0xe2 ILI9486.o
                0x000117f0                ILI9486_Print_StringConsolas16x24
 .text.ILI9486_Print_String32x32
                0x000118d2       0xe2 ILI9486.o
                0x000118d2                ILI9486_Print_String32x32
 .text.ILI9486_Print_String24x32
                0x000119b4       0xe2 ILI9486.o
                0x000119b4                ILI9486_Print_String24x32
 .text.ILI9486_Print_String32x48
                0x00011a96       0xe2 ILI9486.o
                0x00011a96                ILI9486_Print_String32x48
 .text.ILI9486_Print_String14x24
                0x00011b78       0xe4 ILI9486.o
                0x00011b78                ILI9486_Print_String14x24
 .text.timer1_ini
                0x00011c5c       0x28 main.o
                0x00011c5c                timer1_ini
 .text.timer0_ini
                0x00011c84       0x1c main.o
                0x00011c84                timer0_ini
 .text.__vector_17
                0x00011ca0       0x4a main.o
                0x00011ca0                __vector_17
 .text.__vector_21
                0x00011cea       0x14 main.o
                0x00011cea                __vector_21
 .text.__vector_5
                0x00011cfe       0xf2 main.o
                0x00011cfe                __vector_5
 .text.__vector_6
                0x00011df0       0x50 main.o
                0x00011df0                __vector_6
 .text.__vector_7
                0x00011e40       0x62 main.o
                0x00011e40                __vector_7
 .text.__vector_8
                0x00011ea2       0x5a main.o
                0x00011ea2                __vector_8
 .text.SPI_init
                0x00011efc       0x18 main.o
                0x00011efc                SPI_init
 .text.port_init
                0x00011f14       0x78 main.o
                0x00011f14                port_init
 .text.spi_send_recv
                0x00011f8c        0xc main.o
                0x00011f8c                spi_send_recv
 .text.main     0x00011f98      0x324 main.o
                0x00011f98                main
 .text.xmit_spi
                0x000122bc       0x3a mmc.o
                0x000122bc                xmit_spi
 .text.rcv_spi  0x000122f6       0x38 mmc.o
                0x000122f6                rcv_spi
 .text.send_cmd
                0x0001232e       0x86 mmc.o
 .text.release_spi
                0x000123b4        0x4 mmc.o
 .text.disk_readp
                0x000123b8       0xb2 mmc.o
                0x000123b8                disk_readp
 .text.disk_writep
                0x0001246a       0xe4 mmc.o
                0x0001246a                disk_writep
 .text.disk_initialize
                0x0001254e      0x1ac mmc.o
                0x0001254e                disk_initialize
 .text.NRF24_Read_Buf
                0x000126fa       0x4a NRF24.o
                0x000126fa                NRF24_Read_Buf
 .text.nRF_write_register
                0x00012744       0x1c NRF24.o
                0x00012744                nRF_write_register
 .text.nRF_read_register
                0x00012760       0x20 NRF24.o
                0x00012760                nRF_read_register
 .text.__vector_1
                0x00012780       0x76 NRF24.o
                0x00012780                __vector_1
 .text.mem_set  0x000127f6       0x14 pff.o
 .text.mem_cmp  0x0001280a       0x3a pff.o
 .text.clust2sect
                0x00012844       0x56 pff.o
 .text.dir_rewind
                0x0001289a       0x9a pff.o
 .text.create_name
                0x00012934       0x8a pff.o
 .text.check_fs
                0x000129be       0x8e pff.o
 .text.get_fat  0x00012a4c      0x228 pff.o
 .text.dir_next
                0x00012c74       0xfc pff.o
 .text.dir_find
                0x00012d70       0x9c pff.o
 .text.follow_path
                0x00012e0c       0xee pff.o
 .text.pf_mount
                0x00012efa      0x266 pff.o
                0x00012efa                pf_mount
 .text.pf_open  0x00013160       0xb6 pff.o
                0x00013160                pf_open
 .text.pf_read  0x00013216      0x1dc pff.o
                0x00013216                pf_read
 .text.RTC_ConvertFromDec
                0x000133f2       0x16 RTC_DS3231.o
                0x000133f2                RTC_ConvertFromDec
 .text.RTC_init
                0x00013408       0x16 RTC_DS3231.o
                0x00013408                RTC_init
 .text.I2C_Init
                0x0001341e        0x8 TWI.o
                0x0001341e                I2C_Init
 .text.I2C_StartCondition
                0x00013426       0x10 TWI.o
                0x00013426                I2C_StartCondition
 .text.I2C_StopCondition
                0x00013436        0x8 TWI.o
                0x00013436                I2C_StopCondition
 .text.I2C_SendByte
                0x0001343e       0x14 TWI.o
                0x0001343e                I2C_SendByte
 .text.I2C_ReadByte
                0x00013452       0x14 TWI.o
                0x00013452                I2C_ReadByte
 .text.I2C_ReadLastByte
                0x00013466       0x14 TWI.o
                0x00013466                I2C_ReadLastByte
 .text.USART_Init
                0x0001347a       0x28 usart.o
                0x0001347a                USART_Init
 .text.Print_Hello_World
                0x000134a2       0x4e WeatherStation.o
                0x000134a2                Print_Hello_World
 .text.Print_Boards_Main
                0x000134f0      0x9a4 WeatherStation.o
                0x000134f0                Print_Boards_Main
 .text.Print_Menu_Page_Static
                0x00013e94       0x96 WeatherStation.o
                0x00013e94                Print_Menu_Page_Static
 .text.Print_Menu_Page
                0x00013f2a      0x482 WeatherStation.o
                0x00013f2a                Print_Menu_Page
 .text.Print_Page_Clock_Settings
                0x000143ac      0xa9e WeatherStation.o
                0x000143ac                Print_Page_Clock_Settings
 .text.Print_Page_About
                0x00014e4a       0x88 WeatherStation.o
                0x00014e4a                Print_Page_About
 .text.Print_Page_Dop_Info
                0x00014ed2      0x118 WeatherStation.o
                0x00014ed2                Print_Page_Dop_Info
 .text.DrawSun  0x00014fea      0x15c WeatherStation.o
                0x00014fea                DrawSun
 .text.DrawSunWithClouds
                0x00015146      0x15c WeatherStation.o
                0x00015146                DrawSunWithClouds
 .text.DrawClouds
                0x000152a2      0x15c WeatherStation.o
                0x000152a2                DrawClouds
 .text.DrawSmalRain
                0x000153fe      0x15c WeatherStation.o
                0x000153fe                DrawSmalRain
 .text.DrawHardRain
                0x0001555a      0x15c WeatherStation.o
                0x0001555a                DrawHardRain
 .text.DrawWeatherVane
                0x000156b6      0x412 WeatherStation.o
                0x000156b6                DrawWeatherVane
 .text.Print_Static_Home_Page
                0x00015ac8       0x16 WeatherStation.o
                0x00015ac8                Print_Static_Home_Page
 .text.DrawLevelWiFi
                0x00015ade      0x14e WeatherStation.o
                0x00015ade                DrawLevelWiFi
 .text.DrawLevelNrf
                0x00015c2c      0x14c WeatherStation.o
                0x00015c2c                DrawLevelNrf
 .text.DrawWindDirect
                0x00015d78      0x30c WeatherStation.o
                0x00015d78                DrawWindDirect
 .text.Convert_to_string_Clock
                0x00016084      0x3e6 WeatherStation.o
                0x00016084                Convert_to_string_Clock
 .text.Clock    0x0001646a       0x7a WeatherStation.o
                0x0001646a                Clock
 .text.Print_Home_Page_In
                0x000164e4      0x404 WeatherStation.o
                0x000164e4                Print_Home_Page_In
 .text.Print_Page_Clock_Settings_Static
                0x000168e8      0x15e WeatherStation.o
                0x000168e8                Print_Page_Clock_Settings_Static
 .text.RAIN_AMOUNT
                0x00016a46       0x74 WeatherStation.o
                0x00016a46                RAIN_AMOUNT
 .text.wind_speed
                0x00016aba       0x6e WeatherStation.o
                0x00016aba                wind_speed
 .text.Print_Home_Page_Out
                0x00016b28      0x440 WeatherStation.o
                0x00016b28                Print_Home_Page_Out
 .text.sprintf_HOME_Weath_Param
                0x00016f68       0x7e WeatherStation.o
                0x00016f68                sprintf_HOME_Weath_Param
 .text.avr-libc.fplib
                0x00016fe6        0xa d:/atmelstudio/7.0/toolchain/avr8/avr8-gnu-toolchain/bin/../lib/gcc/avr/5.4.0/../../../../avr/lib/avr6\libm.a(fixsfsi.o)
                0x00016fe6                __fixsfsi
 .text.avr-libc.fplib
                0x00016ff0       0x58 d:/atmelstudio/7.0/toolchain/avr8/avr8-gnu-toolchain/bin/../lib/gcc/avr/5.4.0/../../../../avr/lib/avr6\libm.a(fixunssfsi.o)
                0x00016ff0                __fixunssfsi
 .text.avr-libc.fplib
                0x00017048       0x7a d:/atmelstudio/7.0/toolchain/avr8/avr8-gnu-toolchain/bin/../lib/gcc/avr/5.4.0/../../../../avr/lib/avr6\libm.a(floatsisf.o)
                0x00017048                __floatunsisf
                0x0001704c                __floatsisf
 .text.avr-libc.fplib
                0x000170c2       0x44 d:/atmelstudio/7.0/toolchain/avr8/avr8-gnu-toolchain/bin/../lib/gcc/avr/5.4.0/../../../../avr/lib/avr6\libm.a(fp_split3.o)
                0x000170c2                __fp_split3
                0x000170d2                __fp_splitA
 .text.avr-libc.fplib
                0x00017106        0xe d:/atmelstudio/7.0/toolchain/avr8/avr8-gnu-toolchain/bin/../lib/gcc/avr/5.4.0/../../../../avr/lib/avr6\libm.a(fp_zero.o)
                0x00017106                __fp_zero
                0x00017108                __fp_szero
 .text.avr-libc.fplib
                0x00017114        0x4 d:/atmelstudio/7.0/toolchain/avr8/avr8-gnu-toolchain/bin/../lib/gcc/avr/5.4.0/../../../../avr/lib/avr6\libm.a(mulsf3.o)
                0x00017114                __mulsf3
 .text.avr-libc.fplib
                0x00017118       0xc2 d:/atmelstudio/7.0/toolchain/avr8/avr8-gnu-toolchain/bin/../lib/gcc/avr/5.4.0/../../../../avr/lib/avr6\libm.a(mulsf3x.o)
                0x0001712c                __mulsf3x
                0x00017130                __mulsf3_pse
 .text.avr-libc.fplib
                0x000171da        0xc d:/atmelstudio/7.0/toolchain/avr8/avr8-gnu-toolchain/bin/../lib/gcc/avr/5.4.0/../../../../avr/lib/avr6\libm.a(fp_inf.o)
                0x000171da                __fp_inf
 .text.avr-libc.fplib
                0x000171e6        0x6 d:/atmelstudio/7.0/toolchain/avr8/avr8-gnu-toolchain/bin/../lib/gcc/avr/5.4.0/../../../../avr/lib/avr6\libm.a(fp_nan.o)
                0x000171e6                __fp_nan
 .text.avr-libc.fplib
                0x000171ec        0xe d:/atmelstudio/7.0/toolchain/avr8/avr8-gnu-toolchain/bin/../lib/gcc/avr/5.4.0/../../../../avr/lib/avr6\libm.a(fp_pscA.o)
                0x000171ec                __fp_pscA
 .text.avr-libc.fplib
                0x000171fa        0xe d:/atmelstudio/7.0/toolchain/avr8/avr8-gnu-toolchain/bin/../lib/gcc/avr/5.4.0/../../../../avr/lib/avr6\libm.a(fp_pscB.o)
                0x000171fa                __fp_pscB
 .text.avr-libc.fplib
                0x00017208       0x22 d:/atmelstudio/7.0/toolchain/avr8/avr8-gnu-toolchain/bin/../lib/gcc/avr/5.4.0/../../../../avr/lib/avr6\libm.a(fp_round.o)
                0x00017208                __fp_round
 .text.libgcc.mul
                0x0001722a       0x1e d:/atmelstudio/7.0/toolchain/avr8/avr8-gnu-toolchain/bin/../lib/gcc/avr/5.4.0/avr6\libgcc.a(_mulsi3.o)
                0x0001722a                __mulsi3
 .text.libgcc.div
                0x00017248       0x26 d:/atmelstudio/7.0/toolchain/avr8/avr8-gnu-toolchain/bin/../lib/gcc/avr/5.4.0/avr6\libgcc.a(_divmodhi4.o)
                0x00017248                _div
                0x00017248                __divmodhi4
 .text.libgcc.div
                0x0001726e       0x44 d:/atmelstudio/7.0/toolchain/avr8/avr8-gnu-toolchain/bin/../lib/gcc/avr/5.4.0/avr6\libgcc.a(_udivmodsi4.o)
                0x0001726e                __udivmodsi4
 .text.libgcc.div
                0x000172b2       0x28 d:/atmelstudio/7.0/toolchain/avr8/avr8-gnu-toolchain/bin/../lib/gcc/avr/5.4.0/avr6\libgcc.a(_divmodsi4.o)
                0x000172b2                __divmodsi4
 .text.libgcc.div
                0x000172da       0x10 d:/atmelstudio/7.0/toolchain/avr8/avr8-gnu-toolchain/bin/../lib/gcc/avr/5.4.0/avr6\libgcc.a(_negsi2.o)
                0x000172da                __negsi2
 .text.libgcc   0x000172ea       0x10 d:/atmelstudio/7.0/toolchain/avr8/avr8-gnu-toolchain/bin/../lib/gcc/avr/5.4.0/avr6\libgcc.a(_tablejump2.o)
                0x000172ea                __tablejump2__
 .text.libgcc.mul
                0x000172fa       0x14 d:/atmelstudio/7.0/toolchain/avr8/avr8-gnu-toolchain/bin/../lib/gcc/avr/5.4.0/avr6\libgcc.a(_muluhisi3.o)
                0x000172fa                __muluhisi3
 .text.libgcc.mul
                0x0001730e        0xc d:/atmelstudio/7.0/toolchain/avr8/avr8-gnu-toolchain/bin/../lib/gcc/avr/5.4.0/avr6\libgcc.a(_mulshisi3.o)
                0x0001730e                __mulshisi3
                0x00017312                __mulohisi3
 .text.libgcc.div
                0x0001731a       0x28 d:/atmelstudio/7.0/toolchain/avr8/avr8-gnu-toolchain/bin/../lib/gcc/avr/5.4.0/avr6\libgcc.a(_udivmodhi4.o)
                0x0001731a                __udivmodhi4
 .text.libgcc.mul
                0x00017342       0x1e d:/atmelstudio/7.0/toolchain/avr8/avr8-gnu-toolchain/bin/../lib/gcc/avr/5.4.0/avr6\libgcc.a(_umulhisi3.o)
                0x00017342                __umulhisi3
 .text.avr-libc
                0x00017360      0x256 d:/atmelstudio/7.0/toolchain/avr8/avr8-gnu-toolchain/bin/../lib/gcc/avr/5.4.0/../../../../avr/lib/avr6\libc.a(strtol.o)
                0x00017360                strtol
 .text.avr-libc
                0x000175b6       0x10 d:/atmelstudio/7.0/toolchain/avr8/avr8-gnu-toolchain/bin/../lib/gcc/avr/5.4.0/../../../../avr/lib/avr6\libc.a(isspace.o)
                0x000175b6                isspace
 .text.avr-libc
                0x000175c6        0xe d:/atmelstudio/7.0/toolchain/avr8/avr8-gnu-toolchain/bin/../lib/gcc/avr/5.4.0/../../../../avr/lib/avr6\libc.a(memset.o)
                0x000175c6                memset
 .text.avr-libc
                0x000175d4       0x12 d:/atmelstudio/7.0/toolchain/avr8/avr8-gnu-toolchain/bin/../lib/gcc/avr/5.4.0/../../../../avr/lib/avr6\libc.a(strcmp.o)
                0x000175d4                strcmp
 .text.avr-libc
                0x000175e6       0x5c d:/atmelstudio/7.0/toolchain/avr8/avr8-gnu-toolchain/bin/../lib/gcc/avr/5.4.0/../../../../avr/lib/avr6\libc.a(sprintf.o)
                0x000175e6                sprintf
 .text.avr-libc
                0x00017642       0x42 d:/atmelstudio/7.0/toolchain/avr8/avr8-gnu-toolchain/bin/../lib/gcc/avr/5.4.0/../../../../avr/lib/avr6\libc.a(sscanf.o)
                0x00017642                sscanf
 .text.avr-libc
                0x00017684      0x3fa d:/atmelstudio/7.0/toolchain/avr8/avr8-gnu-toolchain/bin/../lib/gcc/avr/5.4.0/../../../../avr/lib/avr6\libc.a(vfprintf_std.o)
                0x00017684                vfprintf
 .text.avr-libc
                0x00017a7e      0x592 d:/atmelstudio/7.0/toolchain/avr8/avr8-gnu-toolchain/bin/../lib/gcc/avr/5.4.0/../../../../avr/lib/avr6\libc.a(vfscanf_std.o)
                0x00017de2                vfscanf
 .text.avr-libc
                0x00018010        0x6 d:/atmelstudio/7.0/toolchain/avr8/avr8-gnu-toolchain/bin/../lib/gcc/avr/5.4.0/../../../../avr/lib/avr6\libc.a(cty_isfalse.o)
                0x00018010                __ctype_isfalse
                0x00018014                __ctype_istrue
 .text.avr-libc
                0x00018016       0x16 d:/atmelstudio/7.0/toolchain/avr8/avr8-gnu-toolchain/bin/../lib/gcc/avr/5.4.0/../../../../avr/lib/avr6\libc.a(strchr_P.o)
                0x00018016                strchr_P
 .text.avr-libc
                0x0001802c       0x16 d:/atmelstudio/7.0/toolchain/avr8/avr8-gnu-toolchain/bin/../lib/gcc/avr/5.4.0/../../../../avr/lib/avr6\libc.a(strnlen_P.o)
                0x0001802c                strnlen_P
 .text.avr-libc
                0x00018042       0x16 d:/atmelstudio/7.0/toolchain/avr8/avr8-gnu-toolchain/bin/../lib/gcc/avr/5.4.0/../../../../avr/lib/avr6\libc.a(strnlen.o)
                0x00018042                strnlen
 .text.avr-libc
                0x00018058       0x7c d:/atmelstudio/7.0/toolchain/avr8/avr8-gnu-toolchain/bin/../lib/gcc/avr/5.4.0/../../../../avr/lib/avr6\libc.a(fgetc.o)
                0x00018058                fgetc
 .text.avr-libc
                0x000180d4       0x78 d:/atmelstudio/7.0/toolchain/avr8/avr8-gnu-toolchain/bin/../lib/gcc/avr/5.4.0/../../../../avr/lib/avr6\libc.a(fputc.o)
                0x000180d4                fputc
 .text.avr-libc
                0x0001814c       0x32 d:/atmelstudio/7.0/toolchain/avr8/avr8-gnu-toolchain/bin/../lib/gcc/avr/5.4.0/../../../../avr/lib/avr6\libc.a(ungetc.o)
                0x0001814c                ungetc
 .text.avr-libc
                0x0001817e       0xbc d:/atmelstudio/7.0/toolchain/avr8/avr8-gnu-toolchain/bin/../lib/gcc/avr/5.4.0/../../../../avr/lib/avr6\libc.a(ultoa_invert.o)
                0x0001817e                __ultoa_invert
                0x0001823a                . = ALIGN (0x2)
 *(.fini9)
 .fini9         0x0001823a        0x0 d:/atmelstudio/7.0/toolchain/avr8/avr8-gnu-toolchain/bin/../lib/gcc/avr/5.4.0/avr6\libgcc.a(_exit.o)
                0x0001823a                _exit
                0x0001823a                exit
 *(.fini9)
 *(.fini8)
 *(.fini8)
 *(.fini7)
 *(.fini7)
 *(.fini6)
 *(.fini6)
 *(.fini5)
 *(.fini5)
 *(.fini4)
 *(.fini4)
 *(.fini3)
 *(.fini3)
 *(.fini2)
 *(.fini2)
 *(.fini1)
 *(.fini1)
 *(.fini0)
 .fini0         0x0001823a        0x4 d:/atmelstudio/7.0/toolchain/avr8/avr8-gnu-toolchain/bin/../lib/gcc/avr/5.4.0/avr6\libgcc.a(_exit.o)
 *(.fini0)
                0x0001823e                _etext = .

.data           0x00800200      0x21e load address 0x0001823e
                0x00800200                PROVIDE (__data_start, .)
 *(.data)
 *(.data*)
 .data.send_time
                0x00800200       0x1e main.o
                0x00800200                send_time
 .data.receive_time
                0x0080021e       0x14 main.o
                0x0080021e                receive_time
 *(.gnu.linkonce.d*)
 *(.rodata)
 *(.rodata*)
 .rodata.str1.1
                0x00800232       0x1c main.o
 .rodata.str1.1
                0x0080024e      0x1d0 WeatherStation.o
                                0x1ea (size before relaxing)
 *(.gnu.linkonce.r*)
                0x0080041e                . = ALIGN (0x2)
                0x0080041e                _edata = .
                0x0080041e                PROVIDE (__data_end, .)

.bss            0x0080041e       0xd4
                0x0080041e                PROVIDE (__bss_start, .)
 *(.bss)
 *(.bss*)
 .bss.Y_SIZE    0x0080041e        0x2 ILI9486.o
                0x0080041e                Y_SIZE
 .bss.X_SIZE    0x00800420        0x2 ILI9486.o
                0x00800420                X_SIZE
 .bss.millis    0x00800422        0x4 main.o
                0x00800422                millis
 .bss.up_down_count
                0x00800426        0x1 main.o
                0x00800426                up_down_count
 .bss.start_time
                0x00800427       0x14 main.o
                0x00800427                start_time
 .bss.wc.1710   0x0080043b        0x2 mmc.o
 .bss.CardType  0x0080043d        0x1 mmc.o
 .bss.rx_flag   0x0080043e        0x1 NRF24.o
                0x0080043e                rx_flag
 .bss.HALL_counter
                0x0080043f        0x5 NRF24.o
                0x0080043f                HALL_counter
 .bss.RX_BUF    0x00800444        0x5 NRF24.o
                0x00800444                RX_BUF
 .bss.FatFs     0x00800449        0x2 pff.o
 .bss.Rain_to_DB
                0x0080044b        0x6 WeatherStation.o
                0x0080044b                Rain_to_DB
 .bss.Vbat_to_DB
                0x00800451        0x5 WeatherStation.o
                0x00800451                Vbat_to_DB
 .bss.wind_direction_to_DB
                0x00800456        0x6 WeatherStation.o
                0x00800456                wind_direction_to_DB
 .bss.WIND_speed_to_DB
                0x0080045c        0x5 WeatherStation.o
                0x0080045c                WIND_speed_to_DB
 .bss.hum_street_to_DB
                0x00800461        0x5 WeatherStation.o
                0x00800461                hum_street_to_DB
 .bss.temp_street_to_DB
                0x00800466        0x6 WeatherStation.o
                0x00800466                temp_street_to_DB
 .bss.Press_home
                0x0080046c        0x6 WeatherStation.o
                0x0080046c                Press_home
 .bss.Rain      0x00800472        0x6 WeatherStation.o
                0x00800472                Rain
 .bss.Vbat      0x00800478        0x5 WeatherStation.o
                0x00800478                Vbat
 .bss.WIND_speed
                0x0080047d        0x5 WeatherStation.o
                0x0080047d                WIND_speed
 .bss.hum_home  0x00800482        0x5 WeatherStation.o
                0x00800482                hum_home
 .bss.temp_home
                0x00800487        0x6 WeatherStation.o
                0x00800487                temp_home
 .bss.hum_street
                0x0080048d        0x5 WeatherStation.o
                0x0080048d                hum_street
 .bss.temp_street
                0x00800492        0x6 WeatherStation.o
                0x00800492                temp_street
 *(COMMON)
 COMMON         0x00800498        0x9 ILI9486.o
                0x00800498                BACK_COLOR
                0x0080049a                POINT_COLOR
                0x0080049c                cursor_y
                0x0080049e                cursor_x
                0x008004a0                textsize
 COMMON         0x008004a1       0x10 main.o
                0x008004a1                PageAbout_Flag
                0x008004a2                AddInfoPage_Flag
                0x008004a3                month
                0x008004a4                hour
                0x008004a5                menu_flag
                0x008004a6                clock_change_mode
                0x008004a7                HomePage_Flag
                0x008004a8                min
                0x008004a9                year
                0x008004aa                sec
                0x008004ab                day
                0x008004ac                alarmhour
                0x008004ad                date
                0x008004ae                MainMenuPage_Flag
                0x008004af                TimeSettingsPage_Flag
                0x008004b0                alarmmin
 COMMON         0x008004b1       0x12 NRF24.o
                0x008004b1                receive_counter
                0x008004b2                street_temp_fraction
                0x008004b3                street_temp_sign
                0x008004b4                adc_value1
                0x008004ba                wind_speed_fraction
                0x008004bb                wind_speed_integer
                0x008004bc                adc_value2
                0x008004c2                street_temp_integer
 COMMON         0x008004c3       0x2d WeatherStation.o
                0x008004c3                home_temp_fraction
                0x008004c4                wind_direction
                0x008004ca                home_temp_integer
                0x008004cb                T_Param
                0x008004ed                home_temp_sign
                0x008004ee                home_hum_integer
 COMMON         0x008004f0        0x2 d:/atmelstudio/7.0/toolchain/avr8/avr8-gnu-toolchain/bin/../lib/gcc/avr/5.4.0/../../../../avr/lib/avr6\libc.a(errno.o)
                0x008004f0                errno
                0x008004f2                PROVIDE (__bss_end, .)
                0x0001823e                __data_load_start = LOADADDR (.data)
                0x0001845c                __data_load_end = (__data_load_start + SIZEOF (.data))

.noinit         0x008004f2        0x0
                [!provide]                PROVIDE (__noinit_start, .)
 *(.noinit*)
                [!provide]                PROVIDE (__noinit_end, .)
                0x008004f2                _end = .
                [!provide]                PROVIDE (__heap_start, .)

.eeprom         0x00810000        0x0
 *(.eeprom*)
                0x00810000                __eeprom_end = .

.fuse
 *(.fuse)
 *(.lfuse)
 *(.hfuse)
 *(.efuse)

.lock
 *(.lock*)

.signature
 *(.signature*)

.user_signatures
 *(.user_signatures*)

.stab
 *(.stab)

.stabstr
 *(.stabstr)

.stab.excl
 *(.stab.excl)

.stab.exclstr
 *(.stab.exclstr)

.stab.index
 *(.stab.index)

.stab.indexstr
 *(.stab.indexstr)

.comment        0x00000000       0x5c
 *(.comment)
 .comment       0x00000000       0x30 DS18B20.o
                                 0x31 (size before relaxing)
 .comment       0x00000030       0x31 ILI9486.o
 .comment       0x00000030       0x31 main.o
 .comment       0x00000030       0x31 mmc.o
 .comment       0x00000030       0x31 NRF24.o
 .comment       0x00000030       0x31 pff.o
 .comment       0x00000030       0x31 RTC_DS3231.o
 .comment       0x00000030       0x31 TWI.o
 .comment       0x00000030       0x31 usart.o
 .comment       0x00000030       0x31 WeatherStation.o
 .comment       0x00000030       0x31 d:/atmelstudio/7.0/toolchain/avr8/avr8-gnu-toolchain/bin/../lib/gcc/avr/5.4.0/../../../../avr/lib/avr6\libc.a(strtol.o)
 .comment       0x00000030       0x31 d:/atmelstudio/7.0/toolchain/avr8/avr8-gnu-toolchain/bin/../lib/gcc/avr/5.4.0/../../../../avr/lib/avr6\libc.a(sprintf.o)
 .comment       0x00000030       0x31 d:/atmelstudio/7.0/toolchain/avr8/avr8-gnu-toolchain/bin/../lib/gcc/avr/5.4.0/../../../../avr/lib/avr6\libc.a(sscanf.o)
 .comment       0x00000030       0x2c d:/atmelstudio/7.0/toolchain/avr8/avr8-gnu-toolchain/bin/../lib/gcc/avr/5.4.0/../../../../avr/lib/avr6\libc.a(vfprintf_std.o)
                                 0x2d (size before relaxing)
 .comment       0x0000005c       0x2d d:/atmelstudio/7.0/toolchain/avr8/avr8-gnu-toolchain/bin/../lib/gcc/avr/5.4.0/../../../../avr/lib/avr6\libc.a(vfscanf_std.o)
 .comment       0x0000005c       0x2d d:/atmelstudio/7.0/toolchain/avr8/avr8-gnu-toolchain/bin/../lib/gcc/avr/5.4.0/../../../../avr/lib/avr6\libc.a(errno.o)
 .comment       0x0000005c       0x31 d:/atmelstudio/7.0/toolchain/avr8/avr8-gnu-toolchain/bin/../lib/gcc/avr/5.4.0/../../../../avr/lib/avr6\libc.a(fgetc.o)
 .comment       0x0000005c       0x31 d:/atmelstudio/7.0/toolchain/avr8/avr8-gnu-toolchain/bin/../lib/gcc/avr/5.4.0/../../../../avr/lib/avr6\libc.a(fputc.o)
 .comment       0x0000005c       0x31 d:/atmelstudio/7.0/toolchain/avr8/avr8-gnu-toolchain/bin/../lib/gcc/avr/5.4.0/../../../../avr/lib/avr6\libc.a(ungetc.o)

.note.gnu.avr.deviceinfo
                0x00000000       0x40
 .note.gnu.avr.deviceinfo
                0x00000000       0x40 D:/AtmelStudio/7.0/Packs/atmel/ATmega_DFP/1.6.364/gcc/dev/atmega2560/avr6/crtatmega2560.o

.note.gnu.build-id
 *(.note.gnu.build-id)

.debug
 *(.debug)

.line
 *(.line)

.debug_srcinfo
 *(.debug_srcinfo)

.debug_sfnames
 *(.debug_sfnames)

.debug_aranges  0x00000000      0x5a0
 *(.debug_aranges)
 .debug_aranges
                0x00000000       0x50 DS18B20.o
 .debug_aranges
                0x00000050      0x188 ILI9486.o
 .debug_aranges
                0x000001d8       0x78 main.o
 .debug_aranges
                0x00000250       0x50 mmc.o
 .debug_aranges
                0x000002a0       0x90 NRF24.o
 .debug_aranges
                0x00000330       0xb0 pff.o
 .debug_aranges
                0x000003e0       0x50 RTC_DS3231.o
 .debug_aranges
                0x00000430       0x50 TWI.o
 .debug_aranges
                0x00000480       0x28 usart.o
 .debug_aranges
                0x000004a8       0xf8 WeatherStation.o

.debug_pubnames
 *(.debug_pubnames)

.debug_info     0x00000000    0x105b7
 *(.debug_info .gnu.linkonce.wi.*)
 .debug_info    0x00000000      0xbbc D:/AtmelStudio/7.0/Packs/atmel/ATmega_DFP/1.6.364/gcc/dev/atmega2560/avr6/crtatmega2560.o
 .debug_info    0x00000bbc      0x52b DS18B20.o
 .debug_info    0x000010e7     0x2fcc ILI9486.o
 .debug_info    0x000040b3      0x950 main.o
 .debug_info    0x00004a03      0x62f mmc.o
 .debug_info    0x00005032      0xc49 NRF24.o
 .debug_info    0x00005c7b     0x11d8 pff.o
 .debug_info    0x00006e53      0x73b RTC_DS3231.o
 .debug_info    0x0000758e      0x198 TWI.o
 .debug_info    0x00007726       0xec usart.o
 .debug_info    0x00007812     0x8da5 WeatherStation.o

.debug_abbrev   0x00000000     0x1e93
 *(.debug_abbrev)
 .debug_abbrev  0x00000000      0xb1a D:/AtmelStudio/7.0/Packs/atmel/ATmega_DFP/1.6.364/gcc/dev/atmega2560/avr6/crtatmega2560.o
 .debug_abbrev  0x00000b1a      0x1ce DS18B20.o
 .debug_abbrev  0x00000ce8      0x2d8 ILI9486.o
 .debug_abbrev  0x00000fc0      0x29a main.o
 .debug_abbrev  0x0000125a      0x1cf mmc.o
 .debug_abbrev  0x00001429      0x28a NRF24.o
 .debug_abbrev  0x000016b3      0x268 pff.o
 .debug_abbrev  0x0000191b      0x101 RTC_DS3231.o
 .debug_abbrev  0x00001a1c       0xe1 TWI.o
 .debug_abbrev  0x00001afd       0x92 usart.o
 .debug_abbrev  0x00001b8f      0x304 WeatherStation.o

.debug_line     0x00000000     0x5e3a
 *(.debug_line .debug_line.* .debug_line_end)
 .debug_line    0x00000000      0x1fa D:/AtmelStudio/7.0/Packs/atmel/ATmega_DFP/1.6.364/gcc/dev/atmega2560/avr6/crtatmega2560.o
 .debug_line    0x000001fa      0x2e7 DS18B20.o
 .debug_line    0x000004e1     0x185c ILI9486.o
 .debug_line    0x00001d3d      0x6f4 main.o
 .debug_line    0x00002431      0x529 mmc.o
 .debug_line    0x0000295a      0x67c NRF24.o
 .debug_line    0x00002fd6      0xc29 pff.o
 .debug_line    0x00003bff      0x2c6 RTC_DS3231.o
 .debug_line    0x00003ec5      0x179 TWI.o
 .debug_line    0x0000403e       0xeb usart.o
 .debug_line    0x00004129     0x1d11 WeatherStation.o

.debug_frame    0x00000000     0x1aa4
 *(.debug_frame)
 .debug_frame   0x00000000       0xa4 DS18B20.o
 .debug_frame   0x000000a4      0x8ac ILI9486.o
 .debug_frame   0x00000950      0x1b4 main.o
 .debug_frame   0x00000b04      0x108 mmc.o
 .debug_frame   0x00000c0c      0x2dc NRF24.o
 .debug_frame   0x00000ee8      0x45c pff.o
 .debug_frame   0x00001344       0xa8 RTC_DS3231.o
 .debug_frame   0x000013ec       0x90 TWI.o
 .debug_frame   0x0000147c       0x34 usart.o
 .debug_frame   0x000014b0      0x5f4 WeatherStation.o

.debug_str      0x00000000     0x16b7
 *(.debug_str)
 .debug_str     0x00000000      0x3e6 D:/AtmelStudio/7.0/Packs/atmel/ATmega_DFP/1.6.364/gcc/dev/atmega2560/avr6/crtatmega2560.o
 .debug_str     0x000003e6      0x205 DS18B20.o
                                0x23e (size before relaxing)
 .debug_str     0x000005eb      0x54c ILI9486.o
                                0x755 (size before relaxing)
 .debug_str     0x00000b37      0x3af main.o
                                0x5cd (size before relaxing)
 .debug_str     0x00000ee6       0xa3 mmc.o
                                0x22d (size before relaxing)
 .debug_str     0x00000f89      0x1e1 NRF24.o
                                0x479 (size before relaxing)
 .debug_str     0x0000116a      0x224 pff.o
                                0x405 (size before relaxing)
 .debug_str     0x0000138e       0xd6 RTC_DS3231.o
                                0x279 (size before relaxing)
 .debug_str     0x00001464       0x1e TWI.o
                                0x1f7 (size before relaxing)
 .debug_str     0x00001482       0x1c usart.o
                                0x1ad (size before relaxing)
 .debug_str     0x0000149e      0x219 WeatherStation.o
                                0x97e (size before relaxing)

.debug_loc      0x00000000     0x9915
 *(.debug_loc)
 .debug_loc     0x00000000      0x418 DS18B20.o
 .debug_loc     0x00000418     0x3f55 ILI9486.o
 .debug_loc     0x0000436d      0x4a3 main.o
 .debug_loc     0x00004810      0x75a mmc.o
 .debug_loc     0x00004f6a      0xd2b NRF24.o
 .debug_loc     0x00005c95     0x1e2c pff.o
 .debug_loc     0x00007ac1      0x24a RTC_DS3231.o
 .debug_loc     0x00007d0b       0xb4 TWI.o
 .debug_loc     0x00007dbf       0x78 usart.o
 .debug_loc     0x00007e37     0x1ade WeatherStation.o

.debug_macinfo
 *(.debug_macinfo)

.debug_weaknames
 *(.debug_weaknames)

.debug_funcnames
 *(.debug_funcnames)

.debug_typenames
 *(.debug_typenames)

.debug_varnames
 *(.debug_varnames)

.debug_pubtypes
 *(.debug_pubtypes)

.debug_ranges   0x00000000      0x5c0
 *(.debug_ranges)
 .debug_ranges  0x00000000       0x40 DS18B20.o
 .debug_ranges  0x00000040      0x190 ILI9486.o
 .debug_ranges  0x000001d0       0x68 main.o
 .debug_ranges  0x00000238       0x40 mmc.o
 .debug_ranges  0x00000278       0x80 NRF24.o
 .debug_ranges  0x000002f8       0xa0 pff.o
 .debug_ranges  0x00000398       0x40 RTC_DS3231.o
 .debug_ranges  0x000003d8       0x40 TWI.o
 .debug_ranges  0x00000418       0x18 usart.o
 .debug_ranges  0x00000430      0x190 WeatherStation.o

.debug_macro
 *(.debug_macro)
OUTPUT(RECEIVER.elf elf32-avr)
LOAD linker stubs
