Archive member included to satisfy reference by file (symbol)

d:/atmelstudio/7.0/toolchain/avr8/avr8-gnu-toolchain/bin/../lib/gcc/avr/5.4.0/../../../../avr/lib/avr6\libm.a(fixsfsi.o)
                              WeatherStation.o (__fixsfsi)
d:/atmelstudio/7.0/toolchain/avr8/avr8-gnu-toolchain/bin/../lib/gcc/avr/5.4.0/../../../../avr/lib/avr6\libm.a(fixunssfsi.o)
                              d:/atmelstudio/7.0/toolchain/avr8/avr8-gnu-toolchain/bin/../lib/gcc/avr/5.4.0/../../../../avr/lib/avr6\libm.a(fixsfsi.o) (__fixunssfsi)
d:/atmelstudio/7.0/toolchain/avr8/avr8-gnu-toolchain/bin/../lib/gcc/avr/5.4.0/../../../../avr/lib/avr6\libm.a(floatsisf.o)
                              WeatherStation.o (__floatsisf)
d:/atmelstudio/7.0/toolchain/avr8/avr8-gnu-toolchain/bin/../lib/gcc/avr/5.4.0/../../../../avr/lib/avr6\libm.a(fp_split3.o)
                              d:/atmelstudio/7.0/toolchain/avr8/avr8-gnu-toolchain/bin/../lib/gcc/avr/5.4.0/../../../../avr/lib/avr6\libm.a(fixunssfsi.o) (__fp_splitA)
d:/atmelstudio/7.0/toolchain/avr8/avr8-gnu-toolchain/bin/../lib/gcc/avr/5.4.0/../../../../avr/lib/avr6\libm.a(fp_zero.o)
                              d:/atmelstudio/7.0/toolchain/avr8/avr8-gnu-toolchain/bin/../lib/gcc/avr/5.4.0/../../../../avr/lib/avr6\libm.a(fixunssfsi.o) (__fp_zero)
d:/atmelstudio/7.0/toolchain/avr8/avr8-gnu-toolchain/bin/../lib/gcc/avr/5.4.0/../../../../avr/lib/avr6\libm.a(mulsf3.o)
                              WeatherStation.o (__mulsf3)
d:/atmelstudio/7.0/toolchain/avr8/avr8-gnu-toolchain/bin/../lib/gcc/avr/5.4.0/../../../../avr/lib/avr6\libm.a(mulsf3x.o)
                              d:/atmelstudio/7.0/toolchain/avr8/avr8-gnu-toolchain/bin/../lib/gcc/avr/5.4.0/../../../../avr/lib/avr6\libm.a(mulsf3.o) (__mulsf3x)
d:/atmelstudio/7.0/toolchain/avr8/avr8-gnu-toolchain/bin/../lib/gcc/avr/5.4.0/../../../../avr/lib/avr6\libm.a(fp_inf.o)
                              d:/atmelstudio/7.0/toolchain/avr8/avr8-gnu-toolchain/bin/../lib/gcc/avr/5.4.0/../../../../avr/lib/avr6\libm.a(mulsf3x.o) (__fp_inf)
d:/atmelstudio/7.0/toolchain/avr8/avr8-gnu-toolchain/bin/../lib/gcc/avr/5.4.0/../../../../avr/lib/avr6\libm.a(fp_nan.o)
                              d:/atmelstudio/7.0/toolchain/avr8/avr8-gnu-toolchain/bin/../lib/gcc/avr/5.4.0/../../../../avr/lib/avr6\libm.a(mulsf3x.o) (__fp_nan)
d:/atmelstudio/7.0/toolchain/avr8/avr8-gnu-toolchain/bin/../lib/gcc/avr/5.4.0/../../../../avr/lib/avr6\libm.a(fp_pscA.o)
                              d:/atmelstudio/7.0/toolchain/avr8/avr8-gnu-toolchain/bin/../lib/gcc/avr/5.4.0/../../../../avr/lib/avr6\libm.a(mulsf3x.o) (__fp_pscA)
d:/atmelstudio/7.0/toolchain/avr8/avr8-gnu-toolchain/bin/../lib/gcc/avr/5.4.0/../../../../avr/lib/avr6\libm.a(fp_pscB.o)
                              d:/atmelstudio/7.0/toolchain/avr8/avr8-gnu-toolchain/bin/../lib/gcc/avr/5.4.0/../../../../avr/lib/avr6\libm.a(mulsf3x.o) (__fp_pscB)
d:/atmelstudio/7.0/toolchain/avr8/avr8-gnu-toolchain/bin/../lib/gcc/avr/5.4.0/../../../../avr/lib/avr6\libm.a(fp_round.o)
                              d:/atmelstudio/7.0/toolchain/avr8/avr8-gnu-toolchain/bin/../lib/gcc/avr/5.4.0/../../../../avr/lib/avr6\libm.a(mulsf3.o) (__fp_round)
d:/atmelstudio/7.0/toolchain/avr8/avr8-gnu-toolchain/bin/../lib/gcc/avr/5.4.0/avr6\libgcc.a(_mulsi3.o)
                              BMP180.o (__mulsi3)
d:/atmelstudio/7.0/toolchain/avr8/avr8-gnu-toolchain/bin/../lib/gcc/avr/5.4.0/avr6\libgcc.a(_divmodhi4.o)
                              NRF24.o (__divmodhi4)
d:/atmelstudio/7.0/toolchain/avr8/avr8-gnu-toolchain/bin/../lib/gcc/avr/5.4.0/avr6\libgcc.a(_udivmodsi4.o)
                              BMP180.o (__udivmodsi4)
d:/atmelstudio/7.0/toolchain/avr8/avr8-gnu-toolchain/bin/../lib/gcc/avr/5.4.0/avr6\libgcc.a(_divmodsi4.o)
                              BMP180.o (__divmodsi4)
d:/atmelstudio/7.0/toolchain/avr8/avr8-gnu-toolchain/bin/../lib/gcc/avr/5.4.0/avr6\libgcc.a(_negsi2.o)
                              d:/atmelstudio/7.0/toolchain/avr8/avr8-gnu-toolchain/bin/../lib/gcc/avr/5.4.0/avr6\libgcc.a(_divmodsi4.o) (__negsi2)
d:/atmelstudio/7.0/toolchain/avr8/avr8-gnu-toolchain/bin/../lib/gcc/avr/5.4.0/avr6\libgcc.a(_exit.o)
                              D:/AtmelStudio/7.0/Packs/atmel/ATmega_DFP/1.6.364/gcc/dev/atmega2560/avr6/crtatmega2560.o (exit)
d:/atmelstudio/7.0/toolchain/avr8/avr8-gnu-toolchain/bin/../lib/gcc/avr/5.4.0/avr6\libgcc.a(_tablejump2.o)
                              WeatherStation.o (__tablejump2__)
d:/atmelstudio/7.0/toolchain/avr8/avr8-gnu-toolchain/bin/../lib/gcc/avr/5.4.0/avr6\libgcc.a(_copy_data.o)
                              main.o (__do_copy_data)
d:/atmelstudio/7.0/toolchain/avr8/avr8-gnu-toolchain/bin/../lib/gcc/avr/5.4.0/avr6\libgcc.a(_clear_bss.o)
                              BMP180.o (__do_clear_bss)
d:/atmelstudio/7.0/toolchain/avr8/avr8-gnu-toolchain/bin/../lib/gcc/avr/5.4.0/avr6\libgcc.a(_muluhisi3.o)
                              BMP180.o (__muluhisi3)
[...]
Memory Configuration

Name             Origin             Length             Attributes
text             0x00000000         0x00040000         xr
data             0x00800200         0x00002000         rw !x
eeprom           0x00810000         0x00001000         rw !x
fuse             0x00820000         0x00000003         rw !x
lock             0x00830000         0x00000400         rw !x
signature        0x00840000         0x00000400         rw !x
user_signatures  0x00850000         0x00000400         rw !x
*default*        0x00000000         0xffffffff

Linker script and memory map

Address of section .data set to 0x800200
LOAD D:/AtmelStudio/7.0/Packs/atmel/ATmega_DFP/1.6.364/gcc/dev/atmega2560/avr6/crtatmega2560.o
LOAD BMP180.o
LOAD DHT22.o
LOAD DS18B20.o
LOAD HTU21D.o
LOAD ILI9486.o
LOAD main.o
LOAD mmc.o
LOAD NRF24.o
LOAD pff.o
LOAD RTC_DS3231.o
LOAD SD.o
LOAD TWI.o
LOAD usart.o
LOAD WeatherStation.o
START GROUP
LOAD d:/atmelstudio/7.0/toolchain/avr8/avr8-gnu-toolchain/bin/../lib/gcc/avr/5.4.0/../../../../avr/lib/avr6\libm.a
END GROUP
START GROUP
LOAD d:/atmelstudio/7.0/toolchain/avr8/avr8-gnu-toolchain/bin/../lib/gcc/avr/5.4.0/avr6\libgcc.a
LOAD d:/atmelstudio/7.0/toolchain/avr8/avr8-gnu-toolchain/bin/../lib/gcc/avr/5.4.0/../../../../avr/lib/avr6\libm.a
LOAD d:/atmelstudio/7.0/toolchain/avr8/avr8-gnu-toolchain/bin/../lib/gcc/avr/5.4.0/../../../../avr/lib/avr6\libc.a
LOAD D:/AtmelStudio/7.0/Packs/atmel/ATmega_DFP/1.6.364/gcc/dev/atmega2560/avr6\libatmega2560.a
END GROUP
                0x00000000                __TEXT_REGION_ORIGIN__ = DEFINED (__TEXT_REGION_ORIGIN__)?__TEXT_REGION_ORIGIN__:0x0
                [0x00800200]                __DATA_REGION_ORIGIN__ = DEFINED (__DATA_REGION_ORIGIN__)?__DATA_REGION_ORIGIN__:0x800200
                [0x00040000]                __TEXT_REGION_LENGTH__ = DEFINED (__TEXT_REGION_LENGTH__)?__TEXT_REGION_LENGTH__:0x100000
                [0x00002000]                __DATA_REGION_LENGTH__ = DEFINED (__DATA_REGION_LENGTH__)?__DATA_REGION_LENGTH__:0xfe00
                [0x00001000]                __EEPROM_REGION_LENGTH__ = DEFINED (__EEPROM_REGION_LENGTH__)?__EEPROM_REGION_LENGTH__:0x10000
                [0x00000003]                __FUSE_REGION_LENGTH__ = DEFINED (__FUSE_REGION_LENGTH__)?__FUSE_REGION_LENGTH__:0x400
                0x00000400                __LOCK_REGION_LENGTH__ = DEFINED (__LOCK_REGION_LENGTH__)?__LOCK_REGION_LENGTH__:0x400
                0x00000400                __SIGNATURE_REGION_LENGTH__ = DEFINED (__SIGNATURE_REGION_LENGTH__)?__SIGNATURE_REGION_LENGTH__:0x400
                0x00000400                __USER_SIGNATURE_REGION_LENGTH__ = DEFINED (__USER_SIGNATURE_REGION_LENGTH__)?__USER_SIGNATURE_REGION_LENGTH__:0x400

.hash
 *(.hash)

.dynsym
 *(.dynsym)

.dynstr
 *(.dynstr)

.gnu.version
 *(.gnu.version)

.gnu.version_d
 *(.gnu.version_d)

.gnu.version_r
 *(.gnu.version_r)

.rel.init
 *(.rel.init)

.rela.init
 *(.rela.init)

.rel.text
 *(.rel.text)
 *(.rel.text.*)
 *(.rel.gnu.linkonce.t*)

.rela.text
 *(.rela.text)
 *(.rela.text.*)
 *(.rela.gnu.linkonce.t*)

.rel.fini
 *(.rel.fini)

.rela.fini
 *(.rela.fini)

.rel.rodata
 *(.rel.rodata)
 *(.rel.rodata.*)
 *(.rel.gnu.linkonce.r*)

.rela.rodata
 *(.rela.rodata)
 *(.rela.rodata.*)
 *(.rela.gnu.linkonce.r*)

.rel.data
 *(.rel.data)
 *(.rel.data.*)
 *(.rel.gnu.linkonce.d*)

.rela.data
 *(.rela.data)
 *(.rela.data.*)
 *(.rela.gnu.linkonce.d*)

.rel.ctors
 *(.rel.ctors)

.rela.ctors
 *(.rela.ctors)

.rel.dtors
 *(.rel.dtors)

.rela.dtors
 *(.rela.dtors)

.rel.got
 *(.rel.got)

.rela.got
 *(.rela.got)

.rel.bss
 *(.rel.bss)

.rela.bss
 *(.rela.bss)

.rel.plt
 *(.rel.plt)

.rela.plt
 *(.rela.plt)

.text           0x00000000    0x18d90
 *(.vectors)
 .vectors       0x00000000       0xe4 D:/AtmelStudio/7.0/Packs/atmel/ATmega_DFP/1.6.364/gcc/dev/atmega2560/avr6/crtatmega2560.o
                0x00000000                __vector_default
                0x00000000                __vectors
 *(.vectors)
 *(.progmem.gcc*)
 .progmem.gcc_sw_table.Print_Page_Clock_Settings
                0x000000e4       0x10 WeatherStation.o
 .progmem.gcc_sw_table.Convert_to_string_Clock
                0x000000f4       0x26 WeatherStation.o
                0x0000011a                . = ALIGN (0x2)
                0x0000011a                __trampolines_start = .
 *(.trampolines)
 .trampolines   0x0000011a        0x0 linker stubs
 *(.trampolines*)
                0x0000011a                __trampolines_end = .
 *libprintf_flt.a:*(.progmem.data)
 *libc.a:*(.progmem.data)
 .progmem.data  0x0000011a        0xc d:/atmelstudio/7.0/toolchain/avr8/avr8-gnu-toolchain/bin/../lib/gcc/avr/5.4.0/../../../../avr/lib/avr6\libc.a(vfscanf_std.o)
 *(.progmem*)
 .progmem.data.Syffaen40x40
                0x00000126     0x3200 ILI9486.o
                0x00000126                Syffaen40x40
 .progmem.data.Syffaen32x32
                0x00003326     0x7000 ILI9486.o
                0x00003326                Syffaen32x32
 .progmem.data.Font32x48_Num
                0x0000a326      0x9c0 ILI9486.o
                0x0000a326                Font32x48_Num
 .progmem.data.Font24x32_Clock
                0x0000ace6      0x420 ILI9486.o
                0x0000ace6                Font24x32_Clock
 .progmem.data.Consolas18x32
                0x0000b106     0x1b00 ILI9486.o
                0x0000b106                Consolas18x32
 .progmem.data.Consolas14x24
                0x0000cc06      0x444 ILI9486.o
                0x0000cc06                Consolas14x24
 .progmem.data.Consolas16x24
                0x0000d04a     0x2a00 ILI9486.o
                0x0000d04a                Consolas16x24
                0x0000fa4a                . = ALIGN (0x2)
 *(.jumptables)
 *(.jumptables*)
 *(.lowtext)
 *(.lowtext*)
                0x0000fa4a                __ctors_start = .
 *(.ctors)
                0x0000fa4a                __ctors_end = .
                0x0000fa4a                __dtors_start = .
 *(.dtors)
                0x0000fa4a                __dtors_end = .
 SORT(*)(.ctors)
 SORT(*)(.dtors)
 *(.init0)
 .init0         0x0000fa4a        0x0 D:/AtmelStudio/7.0/Packs/atmel/ATmega_DFP/1.6.364/gcc/dev/atmega2560/avr6/crtatmega2560.o
                0x0000fa4a                __init
 *(.init0)
 *(.init1)
 *(.init1)
 *(.init2)
 .init2         0x0000fa4a       0x10 D:/AtmelStudio/7.0/Packs/atmel/ATmega_DFP/1.6.364/gcc/dev/atmega2560/avr6/crtatmega2560.o
 *(.init2)
 *(.init3)
 *(.init3)
 *(.init4)
 .init4         0x0000fa5a       0x1a d:/atmelstudio/7.0/toolchain/avr8/avr8-gnu-toolchain/bin/../lib/gcc/avr/5.4.0/avr6\libgcc.a(_copy_data.o)
                0x0000fa5a                __do_copy_data
 .init4         0x0000fa74       0x10 d:/atmelstudio/7.0/toolchain/avr8/avr8-gnu-toolchain/bin/../lib/gcc/avr/5.4.0/avr6\libgcc.a(_clear_bss.o)
                0x0000fa74                __do_clear_bss
 *(.init4)
 *(.init5)
 *(.init5)
 *(.init6)
 *(.init6)
 *(.init7)
 *(.init7)
 *(.init8)
 *(.init8)
 *(.init9)
 .init9         0x0000fa84        0x8 D:/AtmelStudio/7.0/Packs/atmel/ATmega_DFP/1.6.364/gcc/dev/atmega2560/avr6/crtatmega2560.o
 *(.init9)
 *(.text)
 .text          0x0000fa8c        0x4 D:/AtmelStudio/7.0/Packs/atmel/ATmega_DFP/1.6.364/gcc/dev/atmega2560/avr6/crtatmega2560.o
                0x0000fa8c                __vector_38
                0x0000fa8c                __vector_22
                0x0000fa8c                __vector_28
                0x0000fa8c                __vector_1
                0x0000fa8c                __vector_32
                0x0000fa8c                __vector_34
                0x0000fa8c                __vector_24
                0x0000fa8c                __vector_12
                0x0000fa8c                __vector_55
                0x0000fa8c                __vector_46
                0x0000fa8c                __bad_interrupt
                0x0000fa8c                __vector_31
                0x0000fa8c                __vector_35
                0x0000fa8c                __vector_39
                0x0000fa8c                __vector_23
                0x0000fa8c                __vector_30
                0x0000fa8c                __vector_45
                0x0000fa8c                __vector_25
                0x0000fa8c                __vector_11
                0x0000fa8c                __vector_54
                0x0000fa8c                __vector_13
                0x0000fa8c                __vector_19
                0x0000fa8c                __vector_56
                0x0000fa8c                __vector_49
                0x0000fa8c                __vector_41
                0x0000fa8c                __vector_43
                0x0000fa8c                __vector_27
                0x0000fa8c                __vector_33
                0x0000fa8c                __vector_47
                0x0000fa8c                __vector_52
                0x0000fa8c                __vector_37
                0x0000fa8c                __vector_4
                0x0000fa8c                __vector_44
                0x0000fa8c                __vector_51
                0x0000fa8c                __vector_9
                0x0000fa8c                __vector_2
                0x0000fa8c                __vector_15
                0x0000fa8c                __vector_36
                0x0000fa8c                __vector_29
                0x0000fa8c                __vector_40
                0x0000fa8c                __vector_26
                0x0000fa8c                __vector_48
                0x0000fa8c                __vector_14
                0x0000fa8c                __vector_53
                0x0000fa8c                __vector_10
                0x0000fa8c                __vector_50
                0x0000fa8c                __vector_16
                0x0000fa8c                __vector_18
                0x0000fa8c                __vector_20
                0x0000fa8c                __vector_42
                0x0000fa90                . = ALIGN (0x2)
 *(.text.*)
 .text.Read     0x0000fa90       0x4e BMP180.o
                0x0000fa90                Read
 .text.BMP180_Calibration
                0x0000fade       0x86 BMP180.o
                0x0000fade                BMP180_Calibration
 .text.BMP180_get_temper
                0x0000fb64       0x32 BMP180.o
                0x0000fb64                BMP180_get_temper
 .text.BMP180_get_pressure
                0x0000fb96       0xd6 BMP180.o
                0x0000fb96                BMP180_get_pressure
 .text.BMP180_calculation
                0x0000fc6c      0x2cc BMP180.o
                0x0000fc6c                BMP180_calculation
 .text.dt_testdevice
                0x0000ff38       0x4a DS18B20.o
                0x0000ff38                dt_testdevice
 .text.dt_readbit
                0x0000ff82       0x34 DS18B20.o
                0x0000ff82                dt_readbit
 .text.dt_readbyte
                0x0000ffb6       0x2a DS18B20.o
                0x0000ffb6                dt_readbyte
 .text.dt_sendbit
                0x0000ffe0       0x3a DS18B20.o
                0x0000ffe0                dt_sendbit
 .text.dt_sendbyte
                0x0001001a       0x3e DS18B20.o
                0x0001001a                dt_sendbyte
 .text.dt_check
                0x00010058       0x44 DS18B20.o
                0x00010058                dt_check
 .text.ILI9486_Write8
                0x0001009c       0x14 ILI9486.o
                0x0001009c                ILI9486_Write8
 .text.ILI9486_Write16
                0x000100b0       0x10 ILI9486.o
                0x000100b0                ILI9486_Write16
 .text.ILI9486_SendCommand
                0x000100c0       0x1c ILI9486.o
                0x000100c0                ILI9486_SendCommand
 .text.ILI9486_SendData
                0x000100dc        0xe ILI9486.o
                0x000100dc                ILI9486_SendData
 .text.ILI9486_Write_Cmd_Data
                0x000100ea       0x2a ILI9486.o
                0x000100ea                ILI9486_Write_Cmd_Data
 .text.ILI9486_reset
                0x00010114       0x6e ILI9486.o
                0x00010114                ILI9486_reset
 .text.ILI9486_SetRotation
                0x00010182       0xa8 ILI9486.o
                0x00010182                ILI9486_SetRotation
 .text.ILI9486_ini
                0x0001022a      0x326 ILI9486.o
                0x0001022a                ILI9486_ini
 .text.ILI9486_SetAddrWindow
                0x00010550       0xba ILI9486.o
                0x00010550                ILI9486_SetAddrWindow
 .text.ILI9486_drawPixel
                0x0001060a       0x1a ILI9486.o
                0x0001060a                ILI9486_drawPixel
 .text.ILI9486_FillScreen
                0x00010624       0xb6 ILI9486.o
                0x00010624                ILI9486_FillScreen
 .text.ILI9486_fillRect
                0x000106da       0xde ILI9486.o
                0x000106da                ILI9486_fillRect
 .text.ILI9486_DrawFastVLine
                0x000107b8       0x4a ILI9486.o
                0x000107b8                ILI9486_DrawFastVLine
 .text.ILI9486_DrawFastHLine
                0x00010802       0x48 ILI9486.o
                0x00010802                ILI9486_DrawFastHLine
 .text.ILI9486_writeLine
                0x0001084a      0x14e ILI9486.o
                0x0001084a                ILI9486_writeLine
 .text.ILI9486_Draw_Line
                0x00010998       0x56 ILI9486.o
                0x00010998                ILI9486_Draw_Line
 .text.ILI9486_Draw_Circle
                0x000109ee      0x19a ILI9486.o
                0x000109ee                ILI9486_Draw_Circle
 .text.ILI9486_fillCircleHelper
                0x00010b88      0x152 ILI9486.o
                0x00010b88                ILI9486_fillCircleHelper
 .text.ILI9486_fillCircle
                0x00010cda       0x4e ILI9486.o
                0x00010cda                ILI9486_fillCircle
 .text.ILI9486_DrawRect
                0x00010d28       0x62 ILI9486.o
                0x00010d28                ILI9486_DrawRect
 .text.ILI9486_fillTriangle
                0x00010d8a      0x32a ILI9486.o
                0x00010d8a                ILI9486_fillTriangle
 .text.ILI9486_SetTextColor
                0x000110b4       0x12 ILI9486.o
                0x000110b4                ILI9486_SetTextColor
 .text.ILI9486_Print_Char14x24
                0x000110c6      0x16e ILI9486.o
                0x000110c6                ILI9486_Print_Char14x24
 .text.ILI9486_Print_Char18x32
                0x00011234      0x16c ILI9486.o
                0x00011234                ILI9486_Print_Char18x32
 .text.ILI9486_Print_ConsolasChar16x24
                0x000113a0      0x162 ILI9486.o
                0x000113a0                ILI9486_Print_ConsolasChar16x24
 .text.ILI9486_Print_Char32x32
                0x00011502      0x160 ILI9486.o
                0x00011502                ILI9486_Print_Char32x32
 .text.ILI9486_Print_Char24x32
                0x00011662      0x16c ILI9486.o
                0x00011662                ILI9486_Print_Char24x32
 .text.ILI9486_Print_Char32x48
                0x000117ce      0x17a ILI9486.o
                0x000117ce                ILI9486_Print_Char32x48
 .text.ILI9486_Print_Char40x40
                0x00011948      0x17a ILI9486.o
                0x00011948                ILI9486_Print_Char40x40
 .text.ILI9486_SetCursor
                0x00011ac2       0x12 ILI9486.o
                0x00011ac2                ILI9486_SetCursor
 .text.ILI9486_Print_String40x40
                0x00011ad4       0xe2 ILI9486.o
                0x00011ad4                ILI9486_Print_String40x40
 .text.ILI9486_Print_String18x32
                0x00011bb6       0xe2 ILI9486.o
                0x00011bb6                ILI9486_Print_String18x32
 .text.ILI9486_Print_StringConsolas16x24
                0x00011c98       0xe2 ILI9486.o
                0x00011c98                ILI9486_Print_StringConsolas16x24
 .text.ILI9486_Print_String32x32
                0x00011d7a       0xe2 ILI9486.o
                0x00011d7a                ILI9486_Print_String32x32
 .text.ILI9486_Print_String24x32
                0x00011e5c       0xe2 ILI9486.o
                0x00011e5c                ILI9486_Print_String24x32
 .text.ILI9486_Print_String32x48
                0x00011f3e       0xe2 ILI9486.o
                0x00011f3e                ILI9486_Print_String32x48
 .text.ILI9486_Print_String14x24
                0x00012020       0xe4 ILI9486.o
                0x00012020                ILI9486_Print_String14x24
 .text.ILI9486_Draw_Image
                0x00012104      0x2be ILI9486.o
                0x00012104                ILI9486_Draw_Image
 .text.timer1_ini
                0x000123c2       0x28 main.o
                0x000123c2                timer1_ini
 .text.timer0_ini
                0x000123ea       0x1c main.o
                0x000123ea                timer0_ini
 .text.__vector_17
                0x00012406       0x4a main.o
                0x00012406                __vector_17
 .text.__vector_21
                0x00012450       0x14 main.o
                0x00012450                __vector_21
 .text.__vector_5
                0x00012464       0xf2 main.o
                0x00012464                __vector_5
 .text.__vector_6
                0x00012556       0x50 main.o
                0x00012556                __vector_6
 .text.__vector_7
                0x000125a6       0x62 main.o
                0x000125a6                __vector_7
 .text.__vector_8
                0x00012608       0x5a main.o
                0x00012608                __vector_8
 .text.SPI_init
                0x00012662       0x18 main.o
                0x00012662                SPI_init
 .text.port_init
                0x0001267a       0x78 main.o
                0x0001267a                port_init
 .text.spi_send_recv
                0x000126f2        0xc main.o
                0x000126f2                spi_send_recv
 .text.main     0x000126fe      0x456 main.o
                0x000126fe                main
 .text.xmit_spi
                0x00012b54       0x3a mmc.o
                0x00012b54                xmit_spi
 .text.rcv_spi  0x00012b8e       0x38 mmc.o
                0x00012b8e                rcv_spi
 .text.send_cmd
                0x00012bc6       0x86 mmc.o
 .text.release_spi
                0x00012c4c        0x4 mmc.o
 .text.disk_readp
                0x00012c50       0xb2 mmc.o
                0x00012c50                disk_readp
 .text.disk_writep
                0x00012d02       0xe4 mmc.o
                0x00012d02                disk_writep
 .text.disk_initialize
                0x00012de6      0x1ac mmc.o
                0x00012de6                disk_initialize
 .text.NRF24L01_Receive
                0x00012f92      0x5c0 NRF24.o
                0x00012f92                NRF24L01_Receive
 .text.NRF24_FlushRX
                0x00013552       0x1a NRF24.o
                0x00013552                NRF24_FlushRX
 .text.NRF24_FlushTX
                0x0001356c       0x1a NRF24.o
                0x0001356c                NRF24_FlushTX
 .text.NRF24_ToggleFeatures
                0x00013586       0x1e NRF24.o
                0x00013586                NRF24_ToggleFeatures
 .text.NRF24_Read_Buf
                0x000135a4       0x4a NRF24.o
                0x000135a4                NRF24_Read_Buf
 .text.NRF24_Write_Buf
                0x000135ee       0x52 NRF24.o
                0x000135ee                NRF24_Write_Buf
 .text.nRF_write_register
                0x00013640       0x1c NRF24.o
                0x00013640                nRF_write_register
 .text.nRF_read_register
                0x0001365c       0x20 NRF24.o
                0x0001365c                nRF_read_register
 .text.__vector_3
                0x0001367c       0x76 NRF24.o
                0x0001367c                __vector_3
 .text.NRF24L01_RX_Mode
                0x000136f2       0x24 NRF24.o
                0x000136f2                NRF24L01_RX_Mode
 .text.NRF24_ini
                0x00013716       0x7a NRF24.o
                0x00013716                NRF24_ini
 .text.mem_set  0x00013790       0x14 pff.o
 .text.mem_cmp  0x000137a4       0x3a pff.o
 .text.clust2sect
                0x000137de       0x56 pff.o
 .text.dir_rewind
                0x00013834       0x9a pff.o
 .text.create_name
                0x000138ce       0x8a pff.o
 .text.check_fs
                0x00013958       0x8e pff.o
 .text.get_fat  0x000139e6      0x228 pff.o
 .text.dir_next
                0x00013c0e       0xfc pff.o
 .text.dir_find
                0x00013d0a       0x9e pff.o
 .text.follow_path
                0x00013da8       0xee pff.o
 .text.pf_mount
                0x00013e96      0x26c pff.o
                0x00013e96                pf_mount
 .text.pf_open  0x00014102       0xb6 pff.o
                0x00014102                pf_open
 .text.pf_read  0x000141b8      0x1de pff.o
                0x000141b8                pf_read
 .text.RTC_ConvertFromDec
                0x00014396       0x16 RTC_DS3231.o
                0x00014396                RTC_ConvertFromDec
 .text.RTC_init
                0x000143ac       0x16 RTC_DS3231.o
                0x000143ac                RTC_init
 .text.I2C_Init
                0x000143c2        0x8 TWI.o
                0x000143c2                I2C_Init
 .text.I2C_StartCondition
                0x000143ca       0x10 TWI.o
                0x000143ca                I2C_StartCondition
 .text.I2C_StopCondition
                0x000143da        0x8 TWI.o
                0x000143da                I2C_StopCondition
 .text.I2C_SendByte
                0x000143e2       0x14 TWI.o
                0x000143e2                I2C_SendByte
 .text.I2C_ReadByte
                0x000143f6       0x14 TWI.o
                0x000143f6                I2C_ReadByte
 .text.I2C_ReadLastByte
                0x0001440a       0x14 TWI.o
                0x0001440a                I2C_ReadLastByte
 .text.USART_Init
                0x0001441e       0x28 usart.o
                0x0001441e                USART_Init
 .text.Print_Hello_World
                0x00014446       0x4e WeatherStation.o
                0x00014446                Print_Hello_World
 .text.Print_Boards_Main
                0x00014494      0x9a4 WeatherStation.o
                0x00014494                Print_Boards_Main
 .text.Print_Menu_Page_Static
                0x00014e38       0x96 WeatherStation.o
                0x00014e38                Print_Menu_Page_Static
 .text.Print_Menu_Page
                0x00014ece      0x482 WeatherStation.o
                0x00014ece                Print_Menu_Page
 .text.Print_Page_Clock_Settings
                0x00015350      0xa9e WeatherStation.o
                0x00015350                Print_Page_Clock_Settings
 .text.Print_Page_About
                0x00015dee       0x88 WeatherStation.o
                0x00015dee                Print_Page_About
 .text.Print_Page_Dop_Info_Static
                0x00015e76       0xec WeatherStation.o
                0x00015e76                Print_Page_Dop_Info_Static
 .text.Print_Page_Dop_Info
                0x00015f62       0x2e WeatherStation.o
                0x00015f62                Print_Page_Dop_Info
 .text.DrawWeatherVane
                0x00015f90      0x412 WeatherStation.o
                0x00015f90                DrawWeatherVane
 .text.Print_Static_Home_Page
                0x000163a2      0x18a WeatherStation.o
                0x000163a2                Print_Static_Home_Page
 .text.DrawLevelNrf
                0x0001652c      0x1a0 WeatherStation.o
                0x0001652c                DrawLevelNrf
 .text.DrawWindDirect
                0x000166cc      0x30c WeatherStation.o
                0x000166cc                DrawWindDirect
 .text.Print_Home_Page_Out
                0x000169d8      0x3d2 WeatherStation.o
                0x000169d8                Print_Home_Page_Out
 .text.Convert_to_string_Clock
                0x00016daa      0x3e6 WeatherStation.o
                0x00016daa                Convert_to_string_Clock
 .text.Clock    0x00017190       0x7a WeatherStation.o
                0x00017190                Clock
 .text.Print_Home_Page_In
                0x0001720a      0x400 WeatherStation.o
                0x0001720a                Print_Home_Page_In
 .text.Print_Page_Clock_Settings_Static
                0x0001760a      0x15e WeatherStation.o
                0x0001760a                Print_Page_Clock_Settings_Static
 .text.RAIN_AMOUNT
                0x00017768       0x74 WeatherStation.o
                0x00017768                RAIN_AMOUNT
 .text.V_BAT    0x000177dc       0x64 WeatherStation.o
                0x000177dc                V_BAT
 .text.wind_speed
                0x00017840       0x6e WeatherStation.o
                0x00017840                wind_speed
 .text.Print_Home_Page_WeatherForecast
                0x000178ae      0x1d8 WeatherStation.o
                0x000178ae                Print_Home_Page_WeatherForecast
 .text.sprintf_HOME_Weath_Param
                0x00017a86       0xb2 WeatherStation.o
                0x00017a86                sprintf_HOME_Weath_Param
 .text.avr-libc.fplib
                0x00017b38        0xa d:/atmelstudio/7.0/toolchain/avr8/avr8-gnu-toolchain/bin/../lib/gcc/avr/5.4.0/../../../../avr/lib/avr6\libm.a(fixsfsi.o)
                0x00017b38                __fixsfsi
 .text.avr-libc.fplib
                0x00017b42       0x58 d:/atmelstudio/7.0/toolchain/avr8/avr8-gnu-toolchain/bin/../lib/gcc/avr/5.4.0/../../../../avr/lib/avr6\libm.a(fixunssfsi.o)
                0x00017b42                __fixunssfsi
 .text.avr-libc.fplib
                0x00017b9a       0x7a d:/atmelstudio/7.0/toolchain/avr8/avr8-gnu-toolchain/bin/../lib/gcc/avr/5.4.0/../../../../avr/lib/avr6\libm.a(floatsisf.o)
                0x00017b9a                __floatunsisf
                0x00017b9e                __floatsisf
 .text.avr-libc.fplib
                0x00017c14       0x44 d:/atmelstudio/7.0/toolchain/avr8/avr8-gnu-toolchain/bin/../lib/gcc/avr/5.4.0/../../../../avr/lib/avr6\libm.a(fp_split3.o)
                0x00017c14                __fp_split3
                0x00017c24                __fp_splitA
 .text.avr-libc.fplib
                0x00017c58        0xe d:/atmelstudio/7.0/toolchain/avr8/avr8-gnu-toolchain/bin/../lib/gcc/avr/5.4.0/../../../../avr/lib/avr6\libm.a(fp_zero.o)
                0x00017c58                __fp_zero
                0x00017c5a                __fp_szero
 .text.avr-libc.fplib
                0x00017c66        0x4 d:/atmelstudio/7.0/toolchain/avr8/avr8-gnu-toolchain/bin/../lib/gcc/avr/5.4.0/../../../../avr/lib/avr6\libm.a(mulsf3.o)
                0x00017c66                __mulsf3
 .text.avr-libc.fplib
                0x00017c6a       0xc2 d:/atmelstudio/7.0/toolchain/avr8/avr8-gnu-toolchain/bin/../lib/gcc/avr/5.4.0/../../../../avr/lib/avr6\libm.a(mulsf3x.o)
                0x00017c7e                __mulsf3x
                0x00017c82                __mulsf3_pse
 .text.avr-libc.fplib
                0x00017d2c        0xc d:/atmelstudio/7.0/toolchain/avr8/avr8-gnu-toolchain/bin/../lib/gcc/avr/5.4.0/../../../../avr/lib/avr6\libm.a(fp_inf.o)
                0x00017d2c                __fp_inf
 .text.avr-libc.fplib
                0x00017d38        0x6 d:/atmelstudio/7.0/toolchain/avr8/avr8-gnu-toolchain/bin/../lib/gcc/avr/5.4.0/../../../../avr/lib/avr6\libm.a(fp_nan.o)
                0x00017d38                __fp_nan
 .text.avr-libc.fplib
                0x00017d3e        0xe d:/atmelstudio/7.0/toolchain/avr8/avr8-gnu-toolchain/bin/../lib/gcc/avr/5.4.0/../../../../avr/lib/avr6\libm.a(fp_pscA.o)
                0x00017d3e                __fp_pscA
 .text.avr-libc.fplib
                0x00017d4c        0xe d:/atmelstudio/7.0/toolchain/avr8/avr8-gnu-toolchain/bin/../lib/gcc/avr/5.4.0/../../../../avr/lib/avr6\libm.a(fp_pscB.o)
                0x00017d4c                __fp_pscB
 .text.avr-libc.fplib
                0x00017d5a       0x22 d:/atmelstudio/7.0/toolchain/avr8/avr8-gnu-toolchain/bin/../lib/gcc/avr/5.4.0/../../../../avr/lib/avr6\libm.a(fp_round.o)
                0x00017d5a                __fp_round
 .text.libgcc.mul
                0x00017d7c       0x1e d:/atmelstudio/7.0/toolchain/avr8/avr8-gnu-toolchain/bin/../lib/gcc/avr/5.4.0/avr6\libgcc.a(_mulsi3.o)
                0x00017d7c                __mulsi3
 .text.libgcc.div
                0x00017d9a       0x26 d:/atmelstudio/7.0/toolchain/avr8/avr8-gnu-toolchain/bin/../lib/gcc/avr/5.4.0/avr6\libgcc.a(_divmodhi4.o)
                0x00017d9a                _div
                0x00017d9a                __divmodhi4
 .text.libgcc.div
                0x00017dc0       0x44 d:/atmelstudio/7.0/toolchain/avr8/avr8-gnu-toolchain/bin/../lib/gcc/avr/5.4.0/avr6\libgcc.a(_udivmodsi4.o)
                0x00017dc0                __udivmodsi4
 .text.libgcc.div
                0x00017e04       0x28 d:/atmelstudio/7.0/toolchain/avr8/avr8-gnu-toolchain/bin/../lib/gcc/avr/5.4.0/avr6\libgcc.a(_divmodsi4.o)
                0x00017e04                __divmodsi4
 .text.libgcc.div
                0x00017e2c       0x10 d:/atmelstudio/7.0/toolchain/avr8/avr8-gnu-toolchain/bin/../lib/gcc/avr/5.4.0/avr6\libgcc.a(_negsi2.o)
                0x00017e2c                __negsi2
 .text.libgcc   0x00017e3c       0x10 d:/atmelstudio/7.0/toolchain/avr8/avr8-gnu-toolchain/bin/../lib/gcc/avr/5.4.0/avr6\libgcc.a(_tablejump2.o)
                0x00017e3c                __tablejump2__
 .text.libgcc.mul
                0x00017e4c       0x14 d:/atmelstudio/7.0/toolchain/avr8/avr8-gnu-toolchain/bin/../lib/gcc/avr/5.4.0/avr6\libgcc.a(_muluhisi3.o)
                0x00017e4c                __muluhisi3
 .text.libgcc.mul
                0x00017e60        0xc d:/atmelstudio/7.0/toolchain/avr8/avr8-gnu-toolchain/bin/../lib/gcc/avr/5.4.0/avr6\libgcc.a(_mulshisi3.o)
                0x00017e60                __mulshisi3
                0x00017e64                __mulohisi3
 .text.libgcc.div
                0x00017e6c       0x28 d:/atmelstudio/7.0/toolchain/avr8/avr8-gnu-toolchain/bin/../lib/gcc/avr/5.4.0/avr6\libgcc.a(_udivmodhi4.o)
                0x00017e6c                __udivmodhi4
 .text.libgcc.mul
                0x00017e94       0x1e d:/atmelstudio/7.0/toolchain/avr8/avr8-gnu-toolchain/bin/../lib/gcc/avr/5.4.0/avr6\libgcc.a(_umulhisi3.o)
                0x00017e94                __umulhisi3
 .text.avr-libc
                0x00017eb2      0x256 d:/atmelstudio/7.0/toolchain/avr8/avr8-gnu-toolchain/bin/../lib/gcc/avr/5.4.0/../../../../avr/lib/avr6\libc.a(strtol.o)
                0x00017eb2                strtol
 .text.avr-libc
                0x00018108       0x10 d:/atmelstudio/7.0/toolchain/avr8/avr8-gnu-toolchain/bin/../lib/gcc/avr/5.4.0/../../../../avr/lib/avr6\libc.a(isspace.o)
                0x00018108                isspace
 .text.avr-libc
                0x00018118        0xe d:/atmelstudio/7.0/toolchain/avr8/avr8-gnu-toolchain/bin/../lib/gcc/avr/5.4.0/../../../../avr/lib/avr6\libc.a(memset.o)
                0x00018118                memset
 .text.avr-libc
                0x00018126       0x12 d:/atmelstudio/7.0/toolchain/avr8/avr8-gnu-toolchain/bin/../lib/gcc/avr/5.4.0/../../../../avr/lib/avr6\libc.a(strcmp.o)
                0x00018126                strcmp
 .text.avr-libc
                0x00018138       0x5c d:/atmelstudio/7.0/toolchain/avr8/avr8-gnu-toolchain/bin/../lib/gcc/avr/5.4.0/../../../../avr/lib/avr6\libc.a(sprintf.o)
                0x00018138                sprintf
 .text.avr-libc
                0x00018194       0x42 d:/atmelstudio/7.0/toolchain/avr8/avr8-gnu-toolchain/bin/../lib/gcc/avr/5.4.0/../../../../avr/lib/avr6\libc.a(sscanf.o)
                0x00018194                sscanf
 .text.avr-libc
                0x000181d6      0x3fa d:/atmelstudio/7.0/toolchain/avr8/avr8-gnu-toolchain/bin/../lib/gcc/avr/5.4.0/../../../../avr/lib/avr6\libc.a(vfprintf_std.o)
                0x000181d6                vfprintf
 .text.avr-libc
                0x000185d0      0x592 d:/atmelstudio/7.0/toolchain/avr8/avr8-gnu-toolchain/bin/../lib/gcc/avr/5.4.0/../../../../avr/lib/avr6\libc.a(vfscanf_std.o)
                0x00018934                vfscanf
 .text.avr-libc
                0x00018b62        0x6 d:/atmelstudio/7.0/toolchain/avr8/avr8-gnu-toolchain/bin/../lib/gcc/avr/5.4.0/../../../../avr/lib/avr6\libc.a(cty_isfalse.o)
                0x00018b62                __ctype_isfalse
                0x00018b66                __ctype_istrue
 .text.avr-libc
                0x00018b68       0x16 d:/atmelstudio/7.0/toolchain/avr8/avr8-gnu-toolchain/bin/../lib/gcc/avr/5.4.0/../../../../avr/lib/avr6\libc.a(strchr_P.o)
                0x00018b68                strchr_P
 .text.avr-libc
                0x00018b7e       0x16 d:/atmelstudio/7.0/toolchain/avr8/avr8-gnu-toolchain/bin/../lib/gcc/avr/5.4.0/../../../../avr/lib/avr6\libc.a(strnlen_P.o)
                0x00018b7e                strnlen_P
 .text.avr-libc
                0x00018b94       0x16 d:/atmelstudio/7.0/toolchain/avr8/avr8-gnu-toolchain/bin/../lib/gcc/avr/5.4.0/../../../../avr/lib/avr6\libc.a(strnlen.o)
                0x00018b94                strnlen
 .text.avr-libc
                0x00018baa       0x7c d:/atmelstudio/7.0/toolchain/avr8/avr8-gnu-toolchain/bin/../lib/gcc/avr/5.4.0/../../../../avr/lib/avr6\libc.a(fgetc.o)
                0x00018baa                fgetc
 .text.avr-libc
                0x00018c26       0x78 d:/atmelstudio/7.0/toolchain/avr8/avr8-gnu-toolchain/bin/../lib/gcc/avr/5.4.0/../../../../avr/lib/avr6\libc.a(fputc.o)
                0x00018c26                fputc
 .text.avr-libc
                0x00018c9e       0x32 d:/atmelstudio/7.0/toolchain/avr8/avr8-gnu-toolchain/bin/../lib/gcc/avr/5.4.0/../../../../avr/lib/avr6\libc.a(ungetc.o)
                0x00018c9e                ungetc
 .text.avr-libc
                0x00018cd0       0xbc d:/atmelstudio/7.0/toolchain/avr8/avr8-gnu-toolchain/bin/../lib/gcc/avr/5.4.0/../../../../avr/lib/avr6\libc.a(ultoa_invert.o)
                0x00018cd0                __ultoa_invert
                0x00018d8c                . = ALIGN (0x2)
 *(.fini9)
 .fini9         0x00018d8c        0x0 d:/atmelstudio/7.0/toolchain/avr8/avr8-gnu-toolchain/bin/../lib/gcc/avr/5.4.0/avr6\libgcc.a(_exit.o)
                0x00018d8c                _exit
                0x00018d8c                exit
 *(.fini9)
 *(.fini8)
 *(.fini8)
 *(.fini7)
 *(.fini7)
 *(.fini6)
 *(.fini6)
 *(.fini5)
 *(.fini5)
 *(.fini4)
 *(.fini4)
 *(.fini3)
 *(.fini3)
 *(.fini2)
 *(.fini2)
 *(.fini1)
 *(.fini1)
 *(.fini0)
 .fini0         0x00018d8c        0x4 d:/atmelstudio/7.0/toolchain/avr8/avr8-gnu-toolchain/bin/../lib/gcc/avr/5.4.0/avr6\libgcc.a(_exit.o)
 *(.fini0)
                0x00018d90                _etext = .

.data           0x00800200      0x274 load address 0x00018d90
                0x00800200                PROVIDE (__data_start, .)
 *(.data)
 *(.data*)
 .data.send_time
                0x00800200       0x1e main.o
                0x00800200                send_time
 .data.receive_time
                0x0080021e       0x14 main.o
                0x0080021e                receive_time
 .data.TX_ADDRESS
                0x00800232        0x3 NRF24.o
                0x00800232                TX_ADDRESS
 *(.gnu.linkonce.d*)
 *(.rodata)
 *(.rodata*)
 .rodata.str1.1
                0x00800235       0x1c main.o
 .rodata.str1.1
                0x00800251        0x6 NRF24.o
                                  0xe (size before relaxing)
 .rodata.str1.1
                0x00800257      0x21d WeatherStation.o
                                0x237 (size before relaxing)
 *(.gnu.linkonce.r*)
                0x00800474                . = ALIGN (0x2)
                0x00800474                _edata = .
                0x00800474                PROVIDE (__data_end, .)

.bss            0x00800474       0xea
                0x00800474                PROVIDE (__bss_start, .)
 *(.bss)
 *(.bss*)
 .bss.Y_SIZE    0x00800474        0x2 ILI9486.o
                0x00800474                Y_SIZE
 .bss.X_SIZE    0x00800476        0x2 ILI9486.o
                0x00800476                X_SIZE
 .bss.millis    0x00800478        0x4 main.o
                0x00800478                millis
 .bss.up_down_count
                0x0080047c        0x1 main.o
                0x0080047c                up_down_count
 .bss.start_time
                0x0080047d       0x14 main.o
                0x0080047d                start_time
 .bss.wc.1710   0x00800491        0x2 mmc.o
 .bss.CardType  0x00800493        0x1 mmc.o
 .bss.rx_flag   0x00800494        0x1 NRF24.o
                0x00800494                rx_flag
 .bss.HALL_counter
                0x00800495        0x5 NRF24.o
                0x00800495                HALL_counter
 .bss.RX_BUF    0x0080049a        0x5 NRF24.o
                0x0080049a                RX_BUF
 .bss.FatFs     0x0080049f        0x2 pff.o
 .bss.Rain_to_DB
                0x008004a1        0x6 WeatherStation.o
                0x008004a1                Rain_to_DB
 .bss.Vbat_to_DB
                0x008004a7        0x5 WeatherStation.o
                0x008004a7                Vbat_to_DB
 .bss.wind_direction_to_DB
                0x008004ac        0x6 WeatherStation.o
                0x008004ac                wind_direction_to_DB
 .bss.WIND_speed_to_DB
                0x008004b2        0x5 WeatherStation.o
                0x008004b2                WIND_speed_to_DB
 .bss.hum_street_to_DB
                0x008004b7        0x5 WeatherStation.o
                0x008004b7                hum_street_to_DB
 .bss.temp_street_to_DB
                0x008004bc        0x6 WeatherStation.o
                0x008004bc                temp_street_to_DB
 .bss.Press_home
                0x008004c2        0x6 WeatherStation.o
                0x008004c2                Press_home
 .bss.Rain      0x008004c8        0x6 WeatherStation.o
                0x008004c8                Rain
 .bss.Vbat      0x008004ce        0x5 WeatherStation.o
                0x008004ce                Vbat
 .bss.WIND_speed
                0x008004d3        0x5 WeatherStation.o
                0x008004d3                WIND_speed
 .bss.hum_home  0x008004d8        0x5 WeatherStation.o
                0x008004d8                hum_home
 .bss.temp_home
                0x008004dd        0x6 WeatherStation.o
                0x008004dd                temp_home
 .bss.hum_street
                0x008004e3        0x5 WeatherStation.o
                0x008004e3                hum_street
 .bss.temp_street
                0x008004e8        0x6 WeatherStation.o
                0x008004e8                temp_street
 *(COMMON)
 COMMON         0x008004ee       0x16 BMP180.o
                0x008004ee                b2
                0x008004f0                mb
                0x008004f2                ac1
                0x008004f4                b1
                0x008004f6                ac6
                0x008004f8                ac5
                0x008004fa                ac2
                0x008004fc                md
                0x008004fe                ac4
                0x00800500                mc
                0x00800502                ac3
 COMMON         0x00800504        0x9 ILI9486.o
                0x00800504                BACK_COLOR
                0x00800506                POINT_COLOR
                0x00800508                cursor_y
                0x0080050a                cursor_x
                0x0080050c                textsize
 COMMON         0x0080050d       0x10 main.o
                0x0080050d                PageAbout_Flag
                0x0080050e                AddInfoPage_Flag
                0x0080050f                month
                0x00800510                hour
                0x00800511                menu_flag
                0x00800512                clock_change_mode
                0x00800513                HomePage_Flag
                0x00800514                min
                0x00800515                year
                0x00800516                sec
                0x00800517                day
                0x00800518                alarmhour
                0x00800519                date
                0x0080051a                MainMenuPage_Flag
                0x0080051b                TimeSettingsPage_Flag
                0x0080051c                alarmmin
 COMMON         0x0080051d       0x12 NRF24.o
                0x0080051d                receive_counter
                0x0080051e                street_temp_fraction
                0x0080051f                street_temp_sign
                0x00800520                adc_value1
                0x00800526                wind_speed_fraction
                0x00800527                wind_speed_integer
                0x00800528                adc_value2
                0x0080052e                street_temp_integer
 COMMON         0x0080052f       0x2d WeatherStation.o
                0x0080052f                home_temp_fraction
                0x00800530                wind_direction
                0x00800536                home_temp_integer
                0x00800537                T_Param
                0x00800559                home_temp_sign
                0x0080055a                home_hum_integer
 COMMON         0x0080055c        0x2 d:/atmelstudio/7.0/toolchain/avr8/avr8-gnu-toolchain/bin/../lib/gcc/avr/5.4.0/../../../../avr/lib/avr6\libc.a(errno.o)
                0x0080055c                errno
                0x0080055e                PROVIDE (__bss_end, .)
                0x00018d90                __data_load_start = LOADADDR (.data)
                0x00019004                __data_load_end = (__data_load_start + SIZEOF (.data))

.noinit         0x0080055e        0x0
                [!provide]                PROVIDE (__noinit_start, .)
 *(.noinit*)
                [!provide]                PROVIDE (__noinit_end, .)
                0x0080055e                _end = .
                [!provide]                PROVIDE (__heap_start, .)

.eeprom         0x00810000        0x0
 *(.eeprom*)
                0x00810000                __eeprom_end = .

.fuse
 *(.fuse)
 *(.lfuse)
 *(.hfuse)
 *(.efuse)

.lock
 *(.lock*)

.signature
 *(.signature*)

.user_signatures
 *(.user_signatures*)

.stab
 *(.stab)

.stabstr
 *(.stabstr)

.stab.excl
 *(.stab.excl)

.stab.exclstr
 *(.stab.exclstr)

.stab.index
 *(.stab.index)

.stab.indexstr
 *(.stab.indexstr)

.comment        0x00000000       0x5c
 *(.comment)
 .comment       0x00000000       0x30 BMP180.o
                                 0x31 (size before relaxing)
 .comment       0x00000030       0x31 DS18B20.o
 .comment       0x00000030       0x31 ILI9486.o
 .comment       0x00000030       0x31 main.o
 .comment       0x00000030       0x31 mmc.o
 .comment       0x00000030       0x31 NRF24.o
 .comment       0x00000030       0x31 pff.o
 .comment       0x00000030       0x31 RTC_DS3231.o
 .comment       0x00000030       0x31 TWI.o
 .comment       0x00000030       0x31 usart.o
 .comment       0x00000030       0x31 WeatherStation.o
 .comment       0x00000030       0x31 d:/atmelstudio/7.0/toolchain/avr8/avr8-gnu-toolchain/bin/../lib/gcc/avr/5.4.0/../../../../avr/lib/avr6\libc.a(strtol.o)
 .comment       0x00000030       0x31 d:/atmelstudio/7.0/toolchain/avr8/avr8-gnu-toolchain/bin/../lib/gcc/avr/5.4.0/../../../../avr/lib/avr6\libc.a(sprintf.o)
 .comment       0x00000030       0x31 d:/atmelstudio/7.0/toolchain/avr8/avr8-gnu-toolchain/bin/../lib/gcc/avr/5.4.0/../../../../avr/lib/avr6\libc.a(sscanf.o)
 .comment       0x00000030       0x2c d:/atmelstudio/7.0/toolchain/avr8/avr8-gnu-toolchain/bin/../lib/gcc/avr/5.4.0/../../../../avr/lib/avr6\libc.a(vfprintf_std.o)
                                 0x2d (size before relaxing)
 .comment       0x0000005c       0x2d d:/atmelstudio/7.0/toolchain/avr8/avr8-gnu-toolchain/bin/../lib/gcc/avr/5.4.0/../../../../avr/lib/avr6\libc.a(vfscanf_std.o)
 .comment       0x0000005c       0x2d d:/atmelstudio/7.0/toolchain/avr8/avr8-gnu-toolchain/bin/../lib/gcc/avr/5.4.0/../../../../avr/lib/avr6\libc.a(errno.o)
 .comment       0x0000005c       0x31 d:/atmelstudio/7.0/toolchain/avr8/avr8-gnu-toolchain/bin/../lib/gcc/avr/5.4.0/../../../../avr/lib/avr6\libc.a(fgetc.o)
 .comment       0x0000005c       0x31 d:/atmelstudio/7.0/toolchain/avr8/avr8-gnu-toolchain/bin/../lib/gcc/avr/5.4.0/../../../../avr/lib/avr6\libc.a(fputc.o)
 .comment       0x0000005c       0x31 d:/atmelstudio/7.0/toolchain/avr8/avr8-gnu-toolchain/bin/../lib/gcc/avr/5.4.0/../../../../avr/lib/avr6\libc.a(ungetc.o)

.note.gnu.avr.deviceinfo
                0x00000000       0x40
 .note.gnu.avr.deviceinfo
                0x00000000       0x40 D:/AtmelStudio/7.0/Packs/atmel/ATmega_DFP/1.6.364/gcc/dev/atmega2560/avr6/crtatmega2560.o

.note.gnu.build-id
 *(.note.gnu.build-id)

.debug
 *(.debug)

.line
 *(.line)

.debug_srcinfo
 *(.debug_srcinfo)

.debug_sfnames
 *(.debug_sfnames)

.debug_aranges  0x00000000      0x5f8
 *(.debug_aranges)
 .debug_aranges
                0x00000000       0x40 BMP180.o
 .debug_aranges
                0x00000040       0x50 DS18B20.o
 .debug_aranges
                0x00000090      0x190 ILI9486.o
 .debug_aranges
                0x00000220       0x78 main.o
 .debug_aranges
                0x00000298       0x50 mmc.o
 .debug_aranges
                0x000002e8       0x90 NRF24.o
 .debug_aranges
                0x00000378       0xb0 pff.o
 .debug_aranges
                0x00000428       0x50 RTC_DS3231.o
 .debug_aranges
                0x00000478       0x50 TWI.o
 .debug_aranges
                0x000004c8       0x28 usart.o
 .debug_aranges
                0x000004f0      0x108 WeatherStation.o

.debug_pubnames
 *(.debug_pubnames)

.debug_info     0x00000000    0x113f4
 *(.debug_info .gnu.linkonce.wi.*)
 .debug_info    0x00000000      0xbbc D:/AtmelStudio/7.0/Packs/atmel/ATmega_DFP/1.6.364/gcc/dev/atmega2560/avr6/crtatmega2560.o
 .debug_info    0x00000bbc      0x68f BMP180.o
 .debug_info    0x0000124b      0x52b DS18B20.o
 .debug_info    0x00001776     0x3306 ILI9486.o
 .debug_info    0x00004a7c      0x7f9 main.o
 .debug_info    0x00005275      0x62f mmc.o
 .debug_info    0x000058a4      0xc49 NRF24.o
 .debug_info    0x000064ed     0x11d8 pff.o
 .debug_info    0x000076c5      0x73b RTC_DS3231.o
 .debug_info    0x00007e00      0x198 TWI.o
 .debug_info    0x00007f98       0xec usart.o
 .debug_info    0x00008084     0x9370 WeatherStation.o

.debug_abbrev   0x00000000     0x205e
 *(.debug_abbrev)
 .debug_abbrev  0x00000000      0xb1a D:/AtmelStudio/7.0/Packs/atmel/ATmega_DFP/1.6.364/gcc/dev/atmega2560/avr6/crtatmega2560.o
 .debug_abbrev  0x00000b1a      0x18c BMP180.o
 .debug_abbrev  0x00000ca6      0x1ce DS18B20.o
 .debug_abbrev  0x00000e74      0x346 ILI9486.o
 .debug_abbrev  0x000011ba      0x260 main.o
 .debug_abbrev  0x0000141a      0x1cf mmc.o
 .debug_abbrev  0x000015e9      0x28a NRF24.o
 .debug_abbrev  0x00001873      0x268 pff.o
 .debug_abbrev  0x00001adb      0x101 RTC_DS3231.o
 .debug_abbrev  0x00001bdc       0xe1 TWI.o
 .debug_abbrev  0x00001cbd       0x92 usart.o
 .debug_abbrev  0x00001d4f      0x30f WeatherStation.o

.debug_line     0x00000000     0x62a2
 *(.debug_line .debug_line.* .debug_line_end)
 .debug_line    0x00000000      0x1fa D:/AtmelStudio/7.0/Packs/atmel/ATmega_DFP/1.6.364/gcc/dev/atmega2560/avr6/crtatmega2560.o
 .debug_line    0x000001fa      0x2db BMP180.o
 .debug_line    0x000004d5      0x2e7 DS18B20.o
 .debug_line    0x000007bc     0x1935 ILI9486.o
 .debug_line    0x000020f1      0x77c main.o
 .debug_line    0x0000286d      0x529 mmc.o
 .debug_line    0x00002d96      0x67c NRF24.o
 .debug_line    0x00003412      0xc29 pff.o
 .debug_line    0x0000403b      0x2c6 RTC_DS3231.o
 .debug_line    0x00004301      0x179 TWI.o
 .debug_line    0x0000447a       0xeb usart.o
 .debug_line    0x00004565     0x1d3d WeatherStation.o

.debug_frame    0x00000000     0x1ce4
 *(.debug_frame)
 .debug_frame   0x00000000      0x10c BMP180.o
 .debug_frame   0x0000010c       0xa4 DS18B20.o
 .debug_frame   0x000001b0      0x91c ILI9486.o
 .debug_frame   0x00000acc      0x1e8 main.o
 .debug_frame   0x00000cb4      0x108 mmc.o
 .debug_frame   0x00000dbc      0x2dc NRF24.o
 .debug_frame   0x00001098      0x45c pff.o
 .debug_frame   0x000014f4       0xa8 RTC_DS3231.o
 .debug_frame   0x0000159c       0x90 TWI.o
 .debug_frame   0x0000162c       0x34 usart.o
 .debug_frame   0x00001660      0x684 WeatherStation.o

.debug_str      0x00000000     0x1794
 *(.debug_str)
 .debug_str     0x00000000      0x3e6 D:/AtmelStudio/7.0/Packs/atmel/ATmega_DFP/1.6.364/gcc/dev/atmega2560/avr6/crtatmega2560.o
 .debug_str     0x000003e6      0x252 BMP180.o
                                0x2a4 (size before relaxing)
 .debug_str     0x00000638       0x78 DS18B20.o
                                0x23e (size before relaxing)
 .debug_str     0x000006b0      0x612 ILI9486.o
                                0x833 (size before relaxing)
 .debug_str     0x00000cc2      0x2c3 main.o
                                0x4cf (size before relaxing)
 .debug_str     0x00000f85       0x98 mmc.o
                                0x22d (size before relaxing)
 .debug_str     0x0000101d      0x1d1 NRF24.o
                                0x479 (size before relaxing)
 .debug_str     0x000011ee      0x1a4 pff.o
                                0x405 (size before relaxing)
 .debug_str     0x00001392       0x8f RTC_DS3231.o
                                0x279 (size before relaxing)
 .debug_str     0x00001421       0x27 TWI.o
                                0x1f7 (size before relaxing)
 .debug_str     0x00001448       0x27 usart.o
                                0x1ad (size before relaxing)
 .debug_str     0x0000146f      0x325 WeatherStation.o
                                0x9ef (size before relaxing)

.debug_loc      0x00000000     0xa72e
 *(.debug_loc)
 .debug_loc     0x00000000      0x923 BMP180.o
 .debug_loc     0x00000923      0x418 DS18B20.o
 .debug_loc     0x00000d3b     0x42db ILI9486.o
 .debug_loc     0x00005016      0x524 main.o
 .debug_loc     0x0000553a      0x75a mmc.o
 .debug_loc     0x00005c94      0xd2b NRF24.o
 .debug_loc     0x000069bf     0x1e2c pff.o
 .debug_loc     0x000087eb      0x24a RTC_DS3231.o
 .debug_loc     0x00008a35       0xb4 TWI.o
 .debug_loc     0x00008ae9       0x78 usart.o
 .debug_loc     0x00008b61     0x1bcd WeatherStation.o

.debug_macinfo
 *(.debug_macinfo)

.debug_weaknames
 *(.debug_weaknames)

.debug_funcnames
 *(.debug_funcnames)

.debug_typenames
 *(.debug_typenames)

.debug_varnames
 *(.debug_varnames)

.debug_pubtypes
 *(.debug_pubtypes)

.debug_ranges   0x00000000      0x608
 *(.debug_ranges)
 .debug_ranges  0x00000000       0x30 BMP180.o
 .debug_ranges  0x00000030       0x40 DS18B20.o
 .debug_ranges  0x00000070      0x1b0 ILI9486.o
 .debug_ranges  0x00000220       0x68 main.o
 .debug_ranges  0x00000288       0x40 mmc.o
 .debug_ranges  0x000002c8       0x80 NRF24.o
 .debug_ranges  0x00000348       0xa0 pff.o
 .debug_ranges  0x000003e8       0x40 RTC_DS3231.o
 .debug_ranges  0x00000428       0x40 TWI.o
 .debug_ranges  0x00000468       0x18 usart.o
 .debug_ranges  0x00000480      0x188 WeatherStation.o

.debug_macro
 *(.debug_macro)
OUTPUT(RECEIVER.elf elf32-avr)
LOAD linker stubs
