Archive member included to satisfy reference by file (symbol)

d:/atmelstudio/7.0/toolchain/avr8/avr8-gnu-toolchain/bin/../lib/gcc/avr/5.4.0/../../../../avr/lib/avr6\libm.a(fixsfsi.o)
                              WeatherStation.o (__fixsfsi)
d:/atmelstudio/7.0/toolchain/avr8/avr8-gnu-toolchain/bin/../lib/gcc/avr/5.4.0/../../../../avr/lib/avr6\libm.a(fixunssfsi.o)
                              d:/atmelstudio/7.0/toolchain/avr8/avr8-gnu-toolchain/bin/../lib/gcc/avr/5.4.0/../../../../avr/lib/avr6\libm.a(fixsfsi.o) (__fixunssfsi)
d:/atmelstudio/7.0/toolchain/avr8/avr8-gnu-toolchain/bin/../lib/gcc/avr/5.4.0/../../../../avr/lib/avr6\libm.a(floatsisf.o)
                              WeatherStation.o (__floatsisf)
d:/atmelstudio/7.0/toolchain/avr8/avr8-gnu-toolchain/bin/../lib/gcc/avr/5.4.0/../../../../avr/lib/avr6\libm.a(fp_split3.o)
                              d:/atmelstudio/7.0/toolchain/avr8/avr8-gnu-toolchain/bin/../lib/gcc/avr/5.4.0/../../../../avr/lib/avr6\libm.a(fixunssfsi.o) (__fp_splitA)
d:/atmelstudio/7.0/toolchain/avr8/avr8-gnu-toolchain/bin/../lib/gcc/avr/5.4.0/../../../../avr/lib/avr6\libm.a(fp_zero.o)
                              d:/atmelstudio/7.0/toolchain/avr8/avr8-gnu-toolchain/bin/../lib/gcc/avr/5.4.0/../../../../avr/lib/avr6\libm.a(fixunssfsi.o) (__fp_zero)
d:/atmelstudio/7.0/toolchain/avr8/avr8-gnu-toolchain/bin/../lib/gcc/avr/5.4.0/../../../../avr/lib/avr6\libm.a(mulsf3.o)
                              WeatherStation.o (__mulsf3)
d:/atmelstudio/7.0/toolchain/avr8/avr8-gnu-toolchain/bin/../lib/gcc/avr/5.4.0/../../../../avr/lib/avr6\libm.a(mulsf3x.o)
                              d:/atmelstudio/7.0/toolchain/avr8/avr8-gnu-toolchain/bin/../lib/gcc/avr/5.4.0/../../../../avr/lib/avr6\libm.a(mulsf3.o) (__mulsf3x)
d:/atmelstudio/7.0/toolchain/avr8/avr8-gnu-toolchain/bin/../lib/gcc/avr/5.4.0/../../../../avr/lib/avr6\libm.a(fp_inf.o)
                              d:/atmelstudio/7.0/toolchain/avr8/avr8-gnu-toolchain/bin/../lib/gcc/avr/5.4.0/../../../../avr/lib/avr6\libm.a(mulsf3x.o) (__fp_inf)
d:/atmelstudio/7.0/toolchain/avr8/avr8-gnu-toolchain/bin/../lib/gcc/avr/5.4.0/../../../../avr/lib/avr6\libm.a(fp_nan.o)
                              d:/atmelstudio/7.0/toolchain/avr8/avr8-gnu-toolchain/bin/../lib/gcc/avr/5.4.0/../../../../avr/lib/avr6\libm.a(mulsf3x.o) (__fp_nan)
d:/atmelstudio/7.0/toolchain/avr8/avr8-gnu-toolchain/bin/../lib/gcc/avr/5.4.0/../../../../avr/lib/avr6\libm.a(fp_pscA.o)
                              d:/atmelstudio/7.0/toolchain/avr8/avr8-gnu-toolchain/bin/../lib/gcc/avr/5.4.0/../../../../avr/lib/avr6\libm.a(mulsf3x.o) (__fp_pscA)
d:/atmelstudio/7.0/toolchain/avr8/avr8-gnu-toolchain/bin/../lib/gcc/avr/5.4.0/../../../../avr/lib/avr6\libm.a(fp_pscB.o)
                              d:/atmelstudio/7.0/toolchain/avr8/avr8-gnu-toolchain/bin/../lib/gcc/avr/5.4.0/../../../../avr/lib/avr6\libm.a(mulsf3x.o) (__fp_pscB)
d:/atmelstudio/7.0/toolchain/avr8/avr8-gnu-toolchain/bin/../lib/gcc/avr/5.4.0/../../../../avr/lib/avr6\libm.a(fp_round.o)
                              d:/atmelstudio/7.0/toolchain/avr8/avr8-gnu-toolchain/bin/../lib/gcc/avr/5.4.0/../../../../avr/lib/avr6\libm.a(mulsf3.o) (__fp_round)
d:/atmelstudio/7.0/toolchain/avr8/avr8-gnu-toolchain/bin/../lib/gcc/avr/5.4.0/avr6\libgcc.a(_mulsi3.o)
                              BMP180.o (__mulsi3)
d:/atmelstudio/7.0/toolchain/avr8/avr8-gnu-toolchain/bin/../lib/gcc/avr/5.4.0/avr6\libgcc.a(_divmodhi4.o)
                              main.o (__divmodhi4)
d:/atmelstudio/7.0/toolchain/avr8/avr8-gnu-toolchain/bin/../lib/gcc/avr/5.4.0/avr6\libgcc.a(_udivmodsi4.o)
                              BMP180.o (__udivmodsi4)
d:/atmelstudio/7.0/toolchain/avr8/avr8-gnu-toolchain/bin/../lib/gcc/avr/5.4.0/avr6\libgcc.a(_divmodsi4.o)
                              BMP180.o (__divmodsi4)
d:/atmelstudio/7.0/toolchain/avr8/avr8-gnu-toolchain/bin/../lib/gcc/avr/5.4.0/avr6\libgcc.a(_negsi2.o)
                              d:/atmelstudio/7.0/toolchain/avr8/avr8-gnu-toolchain/bin/../lib/gcc/avr/5.4.0/avr6\libgcc.a(_divmodsi4.o) (__negsi2)
d:/atmelstudio/7.0/toolchain/avr8/avr8-gnu-toolchain/bin/../lib/gcc/avr/5.4.0/avr6\libgcc.a(_exit.o)
                              D:/AtmelStudio/7.0/Packs/atmel/ATmega_DFP/1.6.364/gcc/dev/atmega2560/avr6/crtatmega2560.o (exit)
d:/atmelstudio/7.0/toolchain/avr8/avr8-gnu-toolchain/bin/../lib/gcc/avr/5.4.0/avr6\libgcc.a(_tablejump2.o)
                              main.o (__tablejump2__)
d:/atmelstudio/7.0/toolchain/avr8/avr8-gnu-toolchain/bin/../lib/gcc/avr/5.4.0/avr6\libgcc.a(_copy_data.o)
                              main.o (__do_copy_data)
d:/atmelstudio/7.0/toolchain/avr8/avr8-gnu-toolchain/bin/../lib/gcc/avr/5.4.0/avr6\libgcc.a(_clear_bss.o)
                              BMP180.o (__do_clear_bss)
d:/atmelstudio/7.0/toolchain/avr8/avr8-gnu-toolchain/bin/../lib/gcc/avr/5.4.0/avr6\libgcc.a(_muluhisi3.o)
                              BMP180.o (__muluhisi3)
[...]
Memory Configuration

Name             Origin             Length             Attributes
text             0x00000000         0x00040000         xr
data             0x00800200         0x00002000         rw !x
eeprom           0x00810000         0x00001000         rw !x
fuse             0x00820000         0x00000003         rw !x
lock             0x00830000         0x00000400         rw !x
signature        0x00840000         0x00000400         rw !x
user_signatures  0x00850000         0x00000400         rw !x
*default*        0x00000000         0xffffffff

Linker script and memory map

Address of section .data set to 0x800200
LOAD D:/AtmelStudio/7.0/Packs/atmel/ATmega_DFP/1.6.364/gcc/dev/atmega2560/avr6/crtatmega2560.o
LOAD BMP180.o
LOAD DHT22.o
LOAD DS18B20.o
LOAD HTU21D.o
LOAD ILI9486.o
LOAD main.o
LOAD mmc.o
LOAD NRF24.o
LOAD pff.o
LOAD RTC_DS3231.o
LOAD SD.o
LOAD TWI.o
LOAD usart.o
LOAD WeatherStation.o
START GROUP
LOAD d:/atmelstudio/7.0/toolchain/avr8/avr8-gnu-toolchain/bin/../lib/gcc/avr/5.4.0/../../../../avr/lib/avr6\libm.a
END GROUP
START GROUP
LOAD d:/atmelstudio/7.0/toolchain/avr8/avr8-gnu-toolchain/bin/../lib/gcc/avr/5.4.0/avr6\libgcc.a
LOAD d:/atmelstudio/7.0/toolchain/avr8/avr8-gnu-toolchain/bin/../lib/gcc/avr/5.4.0/../../../../avr/lib/avr6\libm.a
LOAD d:/atmelstudio/7.0/toolchain/avr8/avr8-gnu-toolchain/bin/../lib/gcc/avr/5.4.0/../../../../avr/lib/avr6\libc.a
LOAD D:/AtmelStudio/7.0/Packs/atmel/ATmega_DFP/1.6.364/gcc/dev/atmega2560/avr6\libatmega2560.a
END GROUP
                0x00000000                __TEXT_REGION_ORIGIN__ = DEFINED (__TEXT_REGION_ORIGIN__)?__TEXT_REGION_ORIGIN__:0x0
                [0x00800200]                __DATA_REGION_ORIGIN__ = DEFINED (__DATA_REGION_ORIGIN__)?__DATA_REGION_ORIGIN__:0x800200
                [0x00040000]                __TEXT_REGION_LENGTH__ = DEFINED (__TEXT_REGION_LENGTH__)?__TEXT_REGION_LENGTH__:0x100000
                [0x00002000]                __DATA_REGION_LENGTH__ = DEFINED (__DATA_REGION_LENGTH__)?__DATA_REGION_LENGTH__:0xfe00
                [0x00001000]                __EEPROM_REGION_LENGTH__ = DEFINED (__EEPROM_REGION_LENGTH__)?__EEPROM_REGION_LENGTH__:0x10000
                [0x00000003]                __FUSE_REGION_LENGTH__ = DEFINED (__FUSE_REGION_LENGTH__)?__FUSE_REGION_LENGTH__:0x400
                0x00000400                __LOCK_REGION_LENGTH__ = DEFINED (__LOCK_REGION_LENGTH__)?__LOCK_REGION_LENGTH__:0x400
                0x00000400                __SIGNATURE_REGION_LENGTH__ = DEFINED (__SIGNATURE_REGION_LENGTH__)?__SIGNATURE_REGION_LENGTH__:0x400
                0x00000400                __USER_SIGNATURE_REGION_LENGTH__ = DEFINED (__USER_SIGNATURE_REGION_LENGTH__)?__USER_SIGNATURE_REGION_LENGTH__:0x400

.hash
 *(.hash)

.dynsym
 *(.dynsym)

.dynstr
 *(.dynstr)

.gnu.version
 *(.gnu.version)

.gnu.version_d
 *(.gnu.version_d)

.gnu.version_r
 *(.gnu.version_r)

.rel.init
 *(.rel.init)

.rela.init
 *(.rela.init)

.rel.text
 *(.rel.text)
 *(.rel.text.*)
 *(.rel.gnu.linkonce.t*)

.rela.text
 *(.rela.text)
 *(.rela.text.*)
 *(.rela.gnu.linkonce.t*)

.rel.fini
 *(.rel.fini)

.rela.fini
 *(.rela.fini)

.rel.rodata
 *(.rel.rodata)
 *(.rel.rodata.*)
 *(.rel.gnu.linkonce.r*)

.rela.rodata
 *(.rela.rodata)
 *(.rela.rodata.*)
 *(.rela.gnu.linkonce.r*)

.rel.data
 *(.rel.data)
 *(.rel.data.*)
 *(.rel.gnu.linkonce.d*)

.rela.data
 *(.rela.data)
 *(.rela.data.*)
 *(.rela.gnu.linkonce.d*)

.rel.ctors
 *(.rel.ctors)

.rela.ctors
 *(.rela.ctors)

.rel.dtors
 *(.rel.dtors)

.rela.dtors
 *(.rela.dtors)

.rel.got
 *(.rel.got)

.rela.got
 *(.rela.got)

.rel.bss
 *(.rel.bss)

.rela.bss
 *(.rela.bss)

.rel.plt
 *(.rel.plt)

.rela.plt
 *(.rela.plt)

.text           0x00000000    0x1be2e
 *(.vectors)
 .vectors       0x00000000       0xe4 D:/AtmelStudio/7.0/Packs/atmel/ATmega_DFP/1.6.364/gcc/dev/atmega2560/avr6/crtatmega2560.o
                0x00000000                __vector_default
                0x00000000                __vectors
 *(.vectors)
 *(.progmem.gcc*)
 .progmem.gcc_sw_table.__vector_5
                0x000000e4       0x10 main.o
 .progmem.gcc_sw_table.__vector_7
                0x000000f4        0xe main.o
 .progmem.gcc_sw_table.__vector_8
                0x00000102        0xe main.o
 .progmem.gcc_sw_table.main
                0x00000110        0xe main.o
 .progmem.gcc_sw_table.ModifyRTC
                0x0000011e        0xe RTC_DS3231.o
 .progmem.gcc_sw_table.DrawLevelNrfWeather
                0x0000012c        0xe WeatherStation.o
 .progmem.gcc_sw_table.FindLevelNrfGasBoiler
                0x0000013a       0x10 WeatherStation.o
 .progmem.gcc_sw_table.Convert_to_string_Clock
                0x0000014a       0x26 WeatherStation.o
 .progmem.gcc_sw_table.Print_Page_Clock_Settings
                0x00000170       0x10 WeatherStation.o
                0x00000180                . = ALIGN (0x2)
                0x00000180                __trampolines_start = .
 *(.trampolines)
 .trampolines   0x00000180        0x0 linker stubs
 *(.trampolines*)
                0x00000180                __trampolines_end = .
 *libprintf_flt.a:*(.progmem.data)
 *libc.a:*(.progmem.data)
 .progmem.data  0x00000180        0xc d:/atmelstudio/7.0/toolchain/avr8/avr8-gnu-toolchain/bin/../lib/gcc/avr/5.4.0/../../../../avr/lib/avr6\libc.a(vfscanf_std.o)
 *(.progmem*)
 .progmem.data.Syffaen40x40
                0x0000018c     0x3200 ILI9486.o
                0x0000018c                Syffaen40x40
 .progmem.data.Syffaen32x32
                0x0000338c     0x7000 ILI9486.o
                0x0000338c                Syffaen32x32
 .progmem.data.Font32x48_Num
                0x0000a38c      0x9c0 ILI9486.o
                0x0000a38c                Font32x48_Num
 .progmem.data.Font24x32_Clock
                0x0000ad4c      0x420 ILI9486.o
                0x0000ad4c                Font24x32_Clock
 .progmem.data.Consolas18x32
                0x0000b16c     0x1b00 ILI9486.o
                0x0000b16c                Consolas18x32
 .progmem.data.Consolas14x24
                0x0000cc6c      0x444 ILI9486.o
                0x0000cc6c                Consolas14x24
 .progmem.data.Consolas16x24
                0x0000d0b0     0x2a00 ILI9486.o
                0x0000d0b0                Consolas16x24
                0x0000fab0                . = ALIGN (0x2)
 *(.jumptables)
 *(.jumptables*)
 *(.lowtext)
 *(.lowtext*)
                0x0000fab0                __ctors_start = .
 *(.ctors)
                0x0000fab0                __ctors_end = .
                0x0000fab0                __dtors_start = .
 *(.dtors)
                0x0000fab0                __dtors_end = .
 SORT(*)(.ctors)
 SORT(*)(.dtors)
 *(.init0)
 .init0         0x0000fab0        0x0 D:/AtmelStudio/7.0/Packs/atmel/ATmega_DFP/1.6.364/gcc/dev/atmega2560/avr6/crtatmega2560.o
                0x0000fab0                __init
 *(.init0)
 *(.init1)
 *(.init1)
 *(.init2)
 .init2         0x0000fab0       0x10 D:/AtmelStudio/7.0/Packs/atmel/ATmega_DFP/1.6.364/gcc/dev/atmega2560/avr6/crtatmega2560.o
 *(.init2)
 *(.init3)
 *(.init3)
 *(.init4)
 .init4         0x0000fac0       0x1a d:/atmelstudio/7.0/toolchain/avr8/avr8-gnu-toolchain/bin/../lib/gcc/avr/5.4.0/avr6\libgcc.a(_copy_data.o)
                0x0000fac0                __do_copy_data
 .init4         0x0000fada       0x10 d:/atmelstudio/7.0/toolchain/avr8/avr8-gnu-toolchain/bin/../lib/gcc/avr/5.4.0/avr6\libgcc.a(_clear_bss.o)
                0x0000fada                __do_clear_bss
 *(.init4)
 *(.init5)
 *(.init5)
 *(.init6)
 *(.init6)
 *(.init7)
 *(.init7)
 *(.init8)
 *(.init8)
 *(.init9)
 .init9         0x0000faea        0x8 D:/AtmelStudio/7.0/Packs/atmel/ATmega_DFP/1.6.364/gcc/dev/atmega2560/avr6/crtatmega2560.o
 *(.init9)
 *(.text)
 .text          0x0000faf2        0x4 D:/AtmelStudio/7.0/Packs/atmel/ATmega_DFP/1.6.364/gcc/dev/atmega2560/avr6/crtatmega2560.o
                0x0000faf2                __vector_38
                0x0000faf2                __vector_22
                0x0000faf2                __vector_28
                0x0000faf2                __vector_1
                0x0000faf2                __vector_32
                0x0000faf2                __vector_34
                0x0000faf2                __vector_24
                0x0000faf2                __vector_12
                0x0000faf2                __vector_55
                0x0000faf2                __vector_46
                0x0000faf2                __bad_interrupt
                0x0000faf2                __vector_31
                0x0000faf2                __vector_35
                0x0000faf2                __vector_39
                0x0000faf2                __vector_23
                0x0000faf2                __vector_30
                0x0000faf2                __vector_45
                0x0000faf2                __vector_11
                0x0000faf2                __vector_54
                0x0000faf2                __vector_13
                0x0000faf2                __vector_19
                0x0000faf2                __vector_56
                0x0000faf2                __vector_49
                0x0000faf2                __vector_41
                0x0000faf2                __vector_43
                0x0000faf2                __vector_27
                0x0000faf2                __vector_33
                0x0000faf2                __vector_47
                0x0000faf2                __vector_52
                0x0000faf2                __vector_37
                0x0000faf2                __vector_4
                0x0000faf2                __vector_44
                0x0000faf2                __vector_51
                0x0000faf2                __vector_9
                0x0000faf2                __vector_2
                0x0000faf2                __vector_15
                0x0000faf2                __vector_36
                0x0000faf2                __vector_29
                0x0000faf2                __vector_40
                0x0000faf2                __vector_26
                0x0000faf2                __vector_48
                0x0000faf2                __vector_14
                0x0000faf2                __vector_53
                0x0000faf2                __vector_10
                0x0000faf2                __vector_50
                0x0000faf2                __vector_16
                0x0000faf2                __vector_18
                0x0000faf2                __vector_20
                0x0000faf2                __vector_42
                0x0000faf6                . = ALIGN (0x2)
 *(.text.*)
 .text.Read     0x0000faf6       0x4e BMP180.o
                0x0000faf6                Read
 .text.BMP180_Calibration
                0x0000fb44       0x86 BMP180.o
                0x0000fb44                BMP180_Calibration
 .text.BMP180_get_temper
                0x0000fbca       0x32 BMP180.o
                0x0000fbca                BMP180_get_temper
 .text.BMP180_get_pressure
                0x0000fbfc       0xd6 BMP180.o
                0x0000fbfc                BMP180_get_pressure
 .text.BMP180_calculation
                0x0000fcd2      0x2cc BMP180.o
                0x0000fcd2                BMP180_calculation
 .text.dht22_init
                0x0000ff9e       0x2a DHT22.o
                0x0000ff9e                dht22_init
 .text.dht22_GetData
                0x0000ffc8       0xf8 DHT22.o
                0x0000ffc8                dht22_GetData
 .text.dt_testdevice
                0x000100c0       0x4a DS18B20.o
                0x000100c0                dt_testdevice
 .text.dt_readbit
                0x0001010a       0x34 DS18B20.o
                0x0001010a                dt_readbit
 .text.dt_readbyte
                0x0001013e       0x2a DS18B20.o
                0x0001013e                dt_readbyte
 .text.dt_sendbit
                0x00010168       0x3a DS18B20.o
                0x00010168                dt_sendbit
 .text.dt_sendbyte
                0x000101a2       0x3e DS18B20.o
                0x000101a2                dt_sendbyte
 .text.dt_check
                0x000101e0       0x44 DS18B20.o
                0x000101e0                dt_check
 .text.ILI9486_Write8
                0x00010224       0x14 ILI9486.o
                0x00010224                ILI9486_Write8
 .text.ILI9486_Write16
                0x00010238       0x10 ILI9486.o
                0x00010238                ILI9486_Write16
 .text.ILI9486_SendCommand
                0x00010248       0x1c ILI9486.o
                0x00010248                ILI9486_SendCommand
 .text.ILI9486_SendData
                0x00010264        0xe ILI9486.o
                0x00010264                ILI9486_SendData
 .text.ILI9486_Write_Cmd_Data
                0x00010272       0x2a ILI9486.o
                0x00010272                ILI9486_Write_Cmd_Data
 .text.ILI9486_reset
                0x0001029c       0x6e ILI9486.o
                0x0001029c                ILI9486_reset
 .text.ILI9486_SetRotation
                0x0001030a       0xa8 ILI9486.o
                0x0001030a                ILI9486_SetRotation
 .text.ILI9486_ini
                0x000103b2      0x350 ILI9486.o
                0x000103b2                ILI9486_ini
 .text.ILI9486_SetAddrWindow
                0x00010702       0xba ILI9486.o
                0x00010702                ILI9486_SetAddrWindow
 .text.ILI9486_drawPixel
                0x000107bc       0x1a ILI9486.o
                0x000107bc                ILI9486_drawPixel
 .text.ILI9486_FillScreen
                0x000107d6       0xb6 ILI9486.o
                0x000107d6                ILI9486_FillScreen
 .text.ILI9486_fillRect
                0x0001088c       0xde ILI9486.o
                0x0001088c                ILI9486_fillRect
 .text.ILI9486_DrawFastVLine
                0x0001096a       0x4a ILI9486.o
                0x0001096a                ILI9486_DrawFastVLine
 .text.ILI9486_DrawFastHLine
                0x000109b4       0x48 ILI9486.o
                0x000109b4                ILI9486_DrawFastHLine
 .text.ILI9486_writeLine
                0x000109fc      0x14e ILI9486.o
                0x000109fc                ILI9486_writeLine
 .text.ILI9486_Draw_Line
                0x00010b4a       0x56 ILI9486.o
                0x00010b4a                ILI9486_Draw_Line
 .text.ILI9486_Draw_Circle
                0x00010ba0      0x19a ILI9486.o
                0x00010ba0                ILI9486_Draw_Circle
 .text.ILI9486_fillCircleHelper
                0x00010d3a      0x152 ILI9486.o
                0x00010d3a                ILI9486_fillCircleHelper
 .text.ILI9486_fillCircle
                0x00010e8c       0x4e ILI9486.o
                0x00010e8c                ILI9486_fillCircle
 .text.ILI9486_DrawRect
                0x00010eda       0x62 ILI9486.o
                0x00010eda                ILI9486_DrawRect
 .text.ILI9486_fillTriangle
                0x00010f3c      0x32a ILI9486.o
                0x00010f3c                ILI9486_fillTriangle
 .text.ILI9486_SetTextColor
                0x00011266       0x12 ILI9486.o
                0x00011266                ILI9486_SetTextColor
 .text.ILI9486_Print_Char14x24
                0x00011278      0x16e ILI9486.o
                0x00011278                ILI9486_Print_Char14x24
 .text.ILI9486_Print_Char18x32
                0x000113e6      0x16c ILI9486.o
                0x000113e6                ILI9486_Print_Char18x32
 .text.ILI9486_Print_ConsolasChar16x24
                0x00011552      0x162 ILI9486.o
                0x00011552                ILI9486_Print_ConsolasChar16x24
 .text.ILI9486_Print_Char32x32
                0x000116b4      0x160 ILI9486.o
                0x000116b4                ILI9486_Print_Char32x32
 .text.ILI9486_Print_Char24x32
                0x00011814      0x16c ILI9486.o
                0x00011814                ILI9486_Print_Char24x32
 .text.ILI9486_Print_Char32x48
                0x00011980      0x17a ILI9486.o
                0x00011980                ILI9486_Print_Char32x48
 .text.ILI9486_Print_Char40x40
                0x00011afa      0x17a ILI9486.o
                0x00011afa                ILI9486_Print_Char40x40
 .text.ILI9486_SetCursor
                0x00011c74       0x12 ILI9486.o
                0x00011c74                ILI9486_SetCursor
 .text.ILI9486_Print_String40x40
                0x00011c86       0xe2 ILI9486.o
                0x00011c86                ILI9486_Print_String40x40
 .text.ILI9486_Print_String18x32
                0x00011d68       0xe2 ILI9486.o
                0x00011d68                ILI9486_Print_String18x32
 .text.ILI9486_Print_StringConsolas16x24
                0x00011e4a       0xe2 ILI9486.o
                0x00011e4a                ILI9486_Print_StringConsolas16x24
 .text.ILI9486_Print_String32x32
                0x00011f2c       0xe2 ILI9486.o
                0x00011f2c                ILI9486_Print_String32x32
 .text.ILI9486_Print_String24x32
                0x0001200e       0xe2 ILI9486.o
                0x0001200e                ILI9486_Print_String24x32
 .text.ILI9486_Print_String32x48
                0x000120f0       0xe2 ILI9486.o
                0x000120f0                ILI9486_Print_String32x48
 .text.ILI9486_Print_String14x24
                0x000121d2       0xe4 ILI9486.o
                0x000121d2                ILI9486_Print_String14x24
 .text.ILI9486_Draw_Image
                0x000122b6      0x2be ILI9486.o
                0x000122b6                ILI9486_Draw_Image
 .text.timer1_ini
                0x00012574       0x28 main.o
                0x00012574                timer1_ini
 .text.timer0_ini
                0x0001259c       0x1c main.o
                0x0001259c                timer0_ini
 .text.__vector_17
                0x000125b8       0x4a main.o
                0x000125b8                __vector_17
 .text.__vector_21
                0x00012602       0x14 main.o
                0x00012602                __vector_21
 .text.__vector_5
                0x00012616      0x39e main.o
                0x00012616                __vector_5
 .text.__vector_6
                0x000129b4       0x58 main.o
                0x000129b4                __vector_6
 .text.__vector_7
                0x00012a0c      0x1a2 main.o
                0x00012a0c                __vector_7
 .text.__vector_8
                0x00012bae      0x194 main.o
                0x00012bae                __vector_8
 .text.__vector_25
                0x00012d42      0x21a main.o
                0x00012d42                __vector_25
 .text.SPI_init
                0x00012f5c       0x18 main.o
                0x00012f5c                SPI_init
 .text.port_init
                0x00012f74       0x78 main.o
                0x00012f74                port_init
 .text.spi_send_recv
                0x00012fec        0xc main.o
                0x00012fec                spi_send_recv
 .text.main     0x00012ff8      0x658 main.o
                0x00012ff8                main
 .text.xmit_spi
                0x00013650       0x3a mmc.o
                0x00013650                xmit_spi
 .text.rcv_spi  0x0001368a       0x38 mmc.o
                0x0001368a                rcv_spi
 .text.send_cmd
                0x000136c2       0x86 mmc.o
 .text.release_spi
                0x00013748        0x4 mmc.o
 .text.disk_readp
                0x0001374c       0xb2 mmc.o
                0x0001374c                disk_readp
 .text.disk_writep
                0x000137fe       0xe4 mmc.o
                0x000137fe                disk_writep
 .text.disk_initialize
                0x000138e2      0x1ac mmc.o
                0x000138e2                disk_initialize
 .text.NRF24L01_Receive
                0x00013a8e      0x514 NRF24.o
                0x00013a8e                NRF24L01_Receive
 .text.NRF24_Transmit
                0x00013fa2       0x5c NRF24.o
                0x00013fa2                NRF24_Transmit
 .text.NRF24_FlushRX
                0x00013ffe       0x1c NRF24.o
                0x00013ffe                NRF24_FlushRX
 .text.NRF24_FlushTX
                0x0001401a       0x1c NRF24.o
                0x0001401a                NRF24_FlushTX
 .text.NRF24_ToggleFeatures
                0x00014036       0x22 NRF24.o
                0x00014036                NRF24_ToggleFeatures
 .text.NRF24_Read_Buf
                0x00014058       0x4e NRF24.o
                0x00014058                NRF24_Read_Buf
 .text.NRF24_Write_Buf
                0x000140a6       0x56 NRF24.o
                0x000140a6                NRF24_Write_Buf
 .text.NRF24L01_TX_Mode
                0x000140fc       0x2a NRF24.o
                0x000140fc                NRF24L01_TX_Mode
 .text.nRF_write_register
                0x00014126       0x20 NRF24.o
                0x00014126                nRF_write_register
 .text.nRF_read_register
                0x00014146       0x24 NRF24.o
                0x00014146                nRF_read_register
 .text.__vector_3
                0x0001416a       0x86 NRF24.o
                0x0001416a                __vector_3
 .text.NRF24L01_RX_Mode
                0x000141f0       0x42 NRF24.o
                0x000141f0                NRF24L01_RX_Mode
 .text.NRF24_ini
                0x00014232       0x8a NRF24.o
                0x00014232                NRF24_ini
 .text.NRF24L01_Send
                0x000142bc       0x74 NRF24.o
                0x000142bc                NRF24L01_Send
 .text.mem_set  0x00014330       0x14 pff.o
 .text.mem_cmp  0x00014344       0x3a pff.o
 .text.clust2sect
                0x0001437e       0x56 pff.o
 .text.dir_rewind
                0x000143d4       0x9a pff.o
 .text.create_name
                0x0001446e       0x8a pff.o
 .text.check_fs
                0x000144f8       0x8e pff.o
 .text.get_fat  0x00014586      0x228 pff.o
 .text.dir_next
                0x000147ae       0xfc pff.o
 .text.dir_find
                0x000148aa       0x9e pff.o
 .text.follow_path
                0x00014948       0xee pff.o
 .text.pf_mount
                0x00014a36      0x26c pff.o
                0x00014a36                pf_mount
 .text.pf_open  0x00014ca2       0xb6 pff.o
                0x00014ca2                pf_open
 .text.pf_read  0x00014d58      0x1de pff.o
                0x00014d58                pf_read
 .text.RTC_ConvertFromBinDec
                0x00014f36       0x26 RTC_DS3231.o
                0x00014f36                RTC_ConvertFromBinDec
 .text.RTC_ConvertFromDec
                0x00014f5c       0x16 RTC_DS3231.o
                0x00014f5c                RTC_ConvertFromDec
 .text.RTC_init
                0x00014f72       0x16 RTC_DS3231.o
                0x00014f72                RTC_init
 .text.ModifyRTC
                0x00014f88      0x156 RTC_DS3231.o
                0x00014f88                ModifyRTC
 .text.I2C_Init
                0x000150de        0x8 TWI.o
                0x000150de                I2C_Init
 .text.I2C_StartCondition
                0x000150e6       0x10 TWI.o
                0x000150e6                I2C_StartCondition
 .text.I2C_StopCondition
                0x000150f6        0x8 TWI.o
                0x000150f6                I2C_StopCondition
 .text.I2C_SendByte
                0x000150fe       0x14 TWI.o
                0x000150fe                I2C_SendByte
 .text.I2C_ReadByte
                0x00015112       0x14 TWI.o
                0x00015112                I2C_ReadByte
 .text.I2C_ReadLastByte
                0x00015126       0x14 TWI.o
                0x00015126                I2C_ReadLastByte
 .text.USART_Init
                0x0001513a       0x2e usart.o
                0x0001513a                USART_Init
 .text.USART_Transmit
                0x00015168       0x36 usart.o
                0x00015168                USART_Transmit
 .text.Print_Hello_World
                0x0001519e       0x64 WeatherStation.o
                0x0001519e                Print_Hello_World
 .text.Print_Download
                0x00015202       0xb8 WeatherStation.o
                0x00015202                Print_Download
 .text.Print_Boards_Main
                0x000152ba      0x9a4 WeatherStation.o
                0x000152ba                Print_Boards_Main
 .text.Print_Menu_Page_Static
                0x00015c5e       0xc2 WeatherStation.o
                0x00015c5e                Print_Menu_Page_Static
 .text.Print_Menu_Page
                0x00015d20      0x99e WeatherStation.o
                0x00015d20                Print_Menu_Page
 .text.Print_Page_About
                0x000166be       0xc0 WeatherStation.o
                0x000166be                Print_Page_About
 .text.Print_WeatherStation_Info_Static
                0x0001677e       0xd6 WeatherStation.o
                0x0001677e                Print_WeatherStation_Info_Static
 .text.Print_WeatherStation_Info
                0x00016854       0x7e WeatherStation.o
                0x00016854                Print_WeatherStation_Info
 .text.Print_WIFI_Page
                0x000168d2      0x17c WeatherStation.o
                0x000168d2                Print_WIFI_Page
 .text.Print_Gas_Boiler_Page_Static
                0x00016a4e       0xce WeatherStation.o
                0x00016a4e                Print_Gas_Boiler_Page_Static
 .text.Print_Gas_Boiler_Page
                0x00016b1c      0x52c WeatherStation.o
                0x00016b1c                Print_Gas_Boiler_Page
 .text.DrawWeatherVane
                0x00017048      0x412 WeatherStation.o
                0x00017048                DrawWeatherVane
 .text.Print_Static_Home_Page
                0x0001745a      0x126 WeatherStation.o
                0x0001745a                Print_Static_Home_Page
 .text.DrawLevelWiFi
                0x00017580       0x9a WeatherStation.o
                0x00017580                DrawLevelWiFi
 .text.DrawLevelNrfWeather
                0x0001761a      0x1cc WeatherStation.o
                0x0001761a                DrawLevelNrfWeather
 .text.FindLevelNrfGasBoiler
                0x000177e6       0x64 WeatherStation.o
                0x000177e6                FindLevelNrfGasBoiler
 .text.DrawLevelNrfGasBoiler
                0x0001784a      0x15a WeatherStation.o
                0x0001784a                DrawLevelNrfGasBoiler
 .text.DrawWindDirect
                0x000179a4     0x10d0 WeatherStation.o
                0x000179a4                DrawWindDirect
 .text.Print_Home_Page_Out
                0x00018a74      0x534 WeatherStation.o
                0x00018a74                Print_Home_Page_Out
 .text.Convert_to_string_Clock
                0x00018fa8      0x3ea WeatherStation.o
                0x00018fa8                Convert_to_string_Clock
 .text.Print_Page_Clock_Settings
                0x00019392      0xb70 WeatherStation.o
                0x00019392                Print_Page_Clock_Settings
 .text.Clock    0x00019f02       0x7a WeatherStation.o
                0x00019f02                Clock
 .text.Print_Home_Page_In
                0x00019f7c      0x50a WeatherStation.o
                0x00019f7c                Print_Home_Page_In
 .text.Print_Page_Clock_Settings_Static
                0x0001a486      0x15e WeatherStation.o
                0x0001a486                Print_Page_Clock_Settings_Static
 .text.RAIN_AMOUNT
                0x0001a5e4       0x74 WeatherStation.o
                0x0001a5e4                RAIN_AMOUNT
 .text.V_BAT    0x0001a658       0x64 WeatherStation.o
                0x0001a658                V_BAT
 .text.wind_speed
                0x0001a6bc       0x6e WeatherStation.o
                0x0001a6bc                wind_speed
 .text.Print_Home_Page_WeatherForecast
                0x0001a72a      0x1d8 WeatherStation.o
                0x0001a72a                Print_Home_Page_WeatherForecast
 .text.sprintf_HOME_Weath_Param
                0x0001a902      0x1de WeatherStation.o
                0x0001a902                sprintf_HOME_Weath_Param
 .text.Weath_Param_ini
                0x0001aae0       0xb0 WeatherStation.o
                0x0001aae0                Weath_Param_ini
 .text.avr-libc.fplib
                0x0001ab90        0xa d:/atmelstudio/7.0/toolchain/avr8/avr8-gnu-toolchain/bin/../lib/gcc/avr/5.4.0/../../../../avr/lib/avr6\libm.a(fixsfsi.o)
                0x0001ab90                __fixsfsi
 .text.avr-libc.fplib
                0x0001ab9a       0x58 d:/atmelstudio/7.0/toolchain/avr8/avr8-gnu-toolchain/bin/../lib/gcc/avr/5.4.0/../../../../avr/lib/avr6\libm.a(fixunssfsi.o)
                0x0001ab9a                __fixunssfsi
 .text.avr-libc.fplib
                0x0001abf2       0x7a d:/atmelstudio/7.0/toolchain/avr8/avr8-gnu-toolchain/bin/../lib/gcc/avr/5.4.0/../../../../avr/lib/avr6\libm.a(floatsisf.o)
                0x0001abf2                __floatunsisf
                0x0001abf6                __floatsisf
 .text.avr-libc.fplib
                0x0001ac6c       0x44 d:/atmelstudio/7.0/toolchain/avr8/avr8-gnu-toolchain/bin/../lib/gcc/avr/5.4.0/../../../../avr/lib/avr6\libm.a(fp_split3.o)
                0x0001ac6c                __fp_split3
                0x0001ac7c                __fp_splitA
 .text.avr-libc.fplib
                0x0001acb0        0xe d:/atmelstudio/7.0/toolchain/avr8/avr8-gnu-toolchain/bin/../lib/gcc/avr/5.4.0/../../../../avr/lib/avr6\libm.a(fp_zero.o)
                0x0001acb0                __fp_zero
                0x0001acb2                __fp_szero
 .text.avr-libc.fplib
                0x0001acbe        0x4 d:/atmelstudio/7.0/toolchain/avr8/avr8-gnu-toolchain/bin/../lib/gcc/avr/5.4.0/../../../../avr/lib/avr6\libm.a(mulsf3.o)
                0x0001acbe                __mulsf3
 .text.avr-libc.fplib
                0x0001acc2       0xc2 d:/atmelstudio/7.0/toolchain/avr8/avr8-gnu-toolchain/bin/../lib/gcc/avr/5.4.0/../../../../avr/lib/avr6\libm.a(mulsf3x.o)
                0x0001acd6                __mulsf3x
                0x0001acda                __mulsf3_pse
 .text.avr-libc.fplib
                0x0001ad84        0xc d:/atmelstudio/7.0/toolchain/avr8/avr8-gnu-toolchain/bin/../lib/gcc/avr/5.4.0/../../../../avr/lib/avr6\libm.a(fp_inf.o)
                0x0001ad84                __fp_inf
 .text.avr-libc.fplib
                0x0001ad90        0x6 d:/atmelstudio/7.0/toolchain/avr8/avr8-gnu-toolchain/bin/../lib/gcc/avr/5.4.0/../../../../avr/lib/avr6\libm.a(fp_nan.o)
                0x0001ad90                __fp_nan
 .text.avr-libc.fplib
                0x0001ad96        0xe d:/atmelstudio/7.0/toolchain/avr8/avr8-gnu-toolchain/bin/../lib/gcc/avr/5.4.0/../../../../avr/lib/avr6\libm.a(fp_pscA.o)
                0x0001ad96                __fp_pscA
 .text.avr-libc.fplib
                0x0001ada4        0xe d:/atmelstudio/7.0/toolchain/avr8/avr8-gnu-toolchain/bin/../lib/gcc/avr/5.4.0/../../../../avr/lib/avr6\libm.a(fp_pscB.o)
                0x0001ada4                __fp_pscB
 .text.avr-libc.fplib
                0x0001adb2       0x22 d:/atmelstudio/7.0/toolchain/avr8/avr8-gnu-toolchain/bin/../lib/gcc/avr/5.4.0/../../../../avr/lib/avr6\libm.a(fp_round.o)
                0x0001adb2                __fp_round
 .text.libgcc.mul
                0x0001add4       0x1e d:/atmelstudio/7.0/toolchain/avr8/avr8-gnu-toolchain/bin/../lib/gcc/avr/5.4.0/avr6\libgcc.a(_mulsi3.o)
                0x0001add4                __mulsi3
 .text.libgcc.div
                0x0001adf2       0x26 d:/atmelstudio/7.0/toolchain/avr8/avr8-gnu-toolchain/bin/../lib/gcc/avr/5.4.0/avr6\libgcc.a(_divmodhi4.o)
                0x0001adf2                _div
                0x0001adf2                __divmodhi4
 .text.libgcc.div
                0x0001ae18       0x44 d:/atmelstudio/7.0/toolchain/avr8/avr8-gnu-toolchain/bin/../lib/gcc/avr/5.4.0/avr6\libgcc.a(_udivmodsi4.o)
                0x0001ae18                __udivmodsi4
 .text.libgcc.div
                0x0001ae5c       0x28 d:/atmelstudio/7.0/toolchain/avr8/avr8-gnu-toolchain/bin/../lib/gcc/avr/5.4.0/avr6\libgcc.a(_divmodsi4.o)
                0x0001ae5c                __divmodsi4
 .text.libgcc.div
                0x0001ae84       0x10 d:/atmelstudio/7.0/toolchain/avr8/avr8-gnu-toolchain/bin/../lib/gcc/avr/5.4.0/avr6\libgcc.a(_negsi2.o)
                0x0001ae84                __negsi2
 .text.libgcc   0x0001ae94       0x10 d:/atmelstudio/7.0/toolchain/avr8/avr8-gnu-toolchain/bin/../lib/gcc/avr/5.4.0/avr6\libgcc.a(_tablejump2.o)
                0x0001ae94                __tablejump2__
 .text.libgcc.mul
                0x0001aea4       0x14 d:/atmelstudio/7.0/toolchain/avr8/avr8-gnu-toolchain/bin/../lib/gcc/avr/5.4.0/avr6\libgcc.a(_muluhisi3.o)
                0x0001aea4                __muluhisi3
 .text.libgcc.mul
                0x0001aeb8        0xc d:/atmelstudio/7.0/toolchain/avr8/avr8-gnu-toolchain/bin/../lib/gcc/avr/5.4.0/avr6\libgcc.a(_mulshisi3.o)
                0x0001aeb8                __mulshisi3
                0x0001aebc                __mulohisi3
 .text.libgcc.div
                0x0001aec4       0x28 d:/atmelstudio/7.0/toolchain/avr8/avr8-gnu-toolchain/bin/../lib/gcc/avr/5.4.0/avr6\libgcc.a(_udivmodhi4.o)
                0x0001aec4                __udivmodhi4
 .text.libgcc.mul
                0x0001aeec       0x1e d:/atmelstudio/7.0/toolchain/avr8/avr8-gnu-toolchain/bin/../lib/gcc/avr/5.4.0/avr6\libgcc.a(_umulhisi3.o)
                0x0001aeec                __umulhisi3
 .text.avr-libc
                0x0001af0a      0x256 d:/atmelstudio/7.0/toolchain/avr8/avr8-gnu-toolchain/bin/../lib/gcc/avr/5.4.0/../../../../avr/lib/avr6\libc.a(strtol.o)
                0x0001af0a                strtol
 .text.avr-libc
                0x0001b160       0x10 d:/atmelstudio/7.0/toolchain/avr8/avr8-gnu-toolchain/bin/../lib/gcc/avr/5.4.0/../../../../avr/lib/avr6\libc.a(isspace.o)
                0x0001b160                isspace
 .text.avr-libc
                0x0001b170       0x12 d:/atmelstudio/7.0/toolchain/avr8/avr8-gnu-toolchain/bin/../lib/gcc/avr/5.4.0/../../../../avr/lib/avr6\libc.a(memcpy.o)
                0x0001b170                memcpy
 .text.avr-libc
                0x0001b182        0xe d:/atmelstudio/7.0/toolchain/avr8/avr8-gnu-toolchain/bin/../lib/gcc/avr/5.4.0/../../../../avr/lib/avr6\libc.a(memset.o)
                0x0001b182                memset
 .text.avr-libc
                0x0001b190       0x12 d:/atmelstudio/7.0/toolchain/avr8/avr8-gnu-toolchain/bin/../lib/gcc/avr/5.4.0/../../../../avr/lib/avr6\libc.a(strcmp.o)
                0x0001b190                strcmp
 .text.avr-libc
                0x0001b1a2       0x34 d:/atmelstudio/7.0/toolchain/avr8/avr8-gnu-toolchain/bin/../lib/gcc/avr/5.4.0/../../../../avr/lib/avr6\libc.a(strstr.o)
                0x0001b1a2                strstr
 .text.avr-libc
                0x0001b1d6       0x5c d:/atmelstudio/7.0/toolchain/avr8/avr8-gnu-toolchain/bin/../lib/gcc/avr/5.4.0/../../../../avr/lib/avr6\libc.a(sprintf.o)
                0x0001b1d6                sprintf
 .text.avr-libc
                0x0001b232       0x42 d:/atmelstudio/7.0/toolchain/avr8/avr8-gnu-toolchain/bin/../lib/gcc/avr/5.4.0/../../../../avr/lib/avr6\libc.a(sscanf.o)
                0x0001b232                sscanf
 .text.avr-libc
                0x0001b274      0x3fa d:/atmelstudio/7.0/toolchain/avr8/avr8-gnu-toolchain/bin/../lib/gcc/avr/5.4.0/../../../../avr/lib/avr6\libc.a(vfprintf_std.o)
                0x0001b274                vfprintf
 .text.avr-libc
                0x0001b66e      0x592 d:/atmelstudio/7.0/toolchain/avr8/avr8-gnu-toolchain/bin/../lib/gcc/avr/5.4.0/../../../../avr/lib/avr6\libc.a(vfscanf_std.o)
                0x0001b9d2                vfscanf
 .text.avr-libc
                0x0001bc00        0x6 d:/atmelstudio/7.0/toolchain/avr8/avr8-gnu-toolchain/bin/../lib/gcc/avr/5.4.0/../../../../avr/lib/avr6\libc.a(cty_isfalse.o)
                0x0001bc00                __ctype_isfalse
                0x0001bc04                __ctype_istrue
 .text.avr-libc
                0x0001bc06       0x16 d:/atmelstudio/7.0/toolchain/avr8/avr8-gnu-toolchain/bin/../lib/gcc/avr/5.4.0/../../../../avr/lib/avr6\libc.a(strchr_P.o)
                0x0001bc06                strchr_P
 .text.avr-libc
                0x0001bc1c       0x16 d:/atmelstudio/7.0/toolchain/avr8/avr8-gnu-toolchain/bin/../lib/gcc/avr/5.4.0/../../../../avr/lib/avr6\libc.a(strnlen_P.o)
                0x0001bc1c                strnlen_P
 .text.avr-libc
                0x0001bc32       0x16 d:/atmelstudio/7.0/toolchain/avr8/avr8-gnu-toolchain/bin/../lib/gcc/avr/5.4.0/../../../../avr/lib/avr6\libc.a(strnlen.o)
                0x0001bc32                strnlen
 .text.avr-libc
                0x0001bc48       0x7c d:/atmelstudio/7.0/toolchain/avr8/avr8-gnu-toolchain/bin/../lib/gcc/avr/5.4.0/../../../../avr/lib/avr6\libc.a(fgetc.o)
                0x0001bc48                fgetc
 .text.avr-libc
                0x0001bcc4       0x78 d:/atmelstudio/7.0/toolchain/avr8/avr8-gnu-toolchain/bin/../lib/gcc/avr/5.4.0/../../../../avr/lib/avr6\libc.a(fputc.o)
                0x0001bcc4                fputc
 .text.avr-libc
                0x0001bd3c       0x32 d:/atmelstudio/7.0/toolchain/avr8/avr8-gnu-toolchain/bin/../lib/gcc/avr/5.4.0/../../../../avr/lib/avr6\libc.a(ungetc.o)
                0x0001bd3c                ungetc
 .text.avr-libc
                0x0001bd6e       0xbc d:/atmelstudio/7.0/toolchain/avr8/avr8-gnu-toolchain/bin/../lib/gcc/avr/5.4.0/../../../../avr/lib/avr6\libc.a(ultoa_invert.o)
                0x0001bd6e                __ultoa_invert
                0x0001be2a                . = ALIGN (0x2)
 *(.fini9)
 .fini9         0x0001be2a        0x0 d:/atmelstudio/7.0/toolchain/avr8/avr8-gnu-toolchain/bin/../lib/gcc/avr/5.4.0/avr6\libgcc.a(_exit.o)
                0x0001be2a                _exit
                0x0001be2a                exit
 *(.fini9)
 *(.fini8)
 *(.fini8)
 *(.fini7)
 *(.fini7)
 *(.fini6)
 *(.fini6)
 *(.fini5)
 *(.fini5)
 *(.fini4)
 *(.fini4)
 *(.fini3)
 *(.fini3)
 *(.fini2)
 *(.fini2)
 *(.fini1)
 *(.fini1)
 *(.fini0)
 .fini0         0x0001be2a        0x4 d:/atmelstudio/7.0/toolchain/avr8/avr8-gnu-toolchain/bin/../lib/gcc/avr/5.4.0/avr6\libgcc.a(_exit.o)
 *(.fini0)
                0x0001be2e                _etext = .

.data           0x00800200      0x3a0 load address 0x0001be2e
                0x00800200                PROVIDE (__data_start, .)
 *(.data)
 *(.data*)
 .data.gas_boiler_setpoint_temp_integer
                0x00800200        0x1 main.o
                0x00800200                gas_boiler_setpoint_temp_integer
 .data.rx_time_gas_boiler
                0x00800201       0x14 main.o
                0x00800201                rx_time_gas_boiler
 .data.send_time
                0x00800215       0x1e main.o
                0x00800215                send_time
 .data.receive_time
                0x00800233       0x14 main.o
                0x00800233                receive_time
 .data.TX_ADDRESS2
                0x00800247        0x3 NRF24.o
                0x00800247                TX_ADDRESS2
 .data.TX_ADDRESS1
                0x0080024a        0x3 NRF24.o
                0x0080024a                TX_ADDRESS1
 .data.TX_ADDRESS0
                0x0080024d        0x3 NRF24.o
                0x0080024d                TX_ADDRESS0
 *(.gnu.linkonce.d*)
 *(.rodata)
 *(.rodata*)
 .rodata.str1.1
                0x00800250       0x51 main.o
 .rodata.str1.1
                0x008002a1        0xc NRF24.o
                                 0x15 (size before relaxing)
 .rodata.str1.1
                0x008002ad      0x2f3 WeatherStation.o
                                0x318 (size before relaxing)
 *(.gnu.linkonce.r*)
                0x008005a0                . = ALIGN (0x2)
                0x008005a0                _edata = .
                0x008005a0                PROVIDE (__data_end, .)

.bss            0x008005a0      0x242
                0x008005a0                PROVIDE (__bss_start, .)
 *(.bss)
 *(.bss*)
 .bss.Y_SIZE    0x008005a0        0x2 ILI9486.o
                0x008005a0                Y_SIZE
 .bss.X_SIZE    0x008005a2        0x2 ILI9486.o
                0x008005a2                X_SIZE
 .bss.uart_rx_count
                0x008005a4        0x2 main.o
                0x008005a4                uart_rx_count
 .bss.millis_update_weather
                0x008005a6        0x4 main.o
                0x008005a6                millis_update_weather
 .bss.setpoint_change_flag
                0x008005aa        0x1 main.o
                0x008005aa                setpoint_change_flag
 .bss.gas_boiler_rx_level
                0x008005ab        0x1 main.o
                0x008005ab                gas_boiler_rx_level
 .bss.gas_boiler_rx_counter_old
                0x008005ac        0x2 main.o
                0x008005ac                gas_boiler_rx_counter_old
 .bss.gas_boiler_rx_counter
                0x008005ae        0x2 main.o
                0x008005ae                gas_boiler_rx_counter
 .bss.gas_boiler_setpoint_change_flag
                0x008005b0        0x1 main.o
                0x008005b0                gas_boiler_setpoint_change_flag
 .bss.gas_boiler_setpoint_temp_counter
                0x008005b1        0x2 main.o
                0x008005b1                gas_boiler_setpoint_temp_counter
 .bss.gas_boiler_setpoint_temp_fraction
                0x008005b3        0x1 main.o
                0x008005b3                gas_boiler_setpoint_temp_fraction
 .bss.gas_boiler_enable_flag
                0x008005b4        0x1 main.o
                0x008005b4                gas_boiler_enable_flag
 .bss.wifi_enable_flag
                0x008005b5        0x1 main.o
                0x008005b5                wifi_enable_flag
 .bss.clock_setting_count
                0x008005b6        0x1 main.o
                0x008005b6                clock_setting_count
 .bss.clock_change_flag
                0x008005b7        0x1 main.o
                0x008005b7                clock_change_flag
 .bss.millis    0x008005b8        0x4 main.o
                0x008005b8                millis
 .bss.up_down_count
                0x008005bc        0x2 main.o
                0x008005bc                up_down_count
 .bss.DATA_TO_UART
                0x008005be       0x50 main.o
                0x008005be                DATA_TO_UART
 .bss.start_time
                0x0080060e       0x14 main.o
                0x0080060e                start_time
 .bss.wc.1710   0x00800622        0x2 mmc.o
 .bss.CardType  0x00800624        0x1 mmc.o
 .bss.rx_flag   0x00800625        0x1 NRF24.o
                0x00800625                rx_flag
 .bss.HALL_counter
                0x00800626        0x5 NRF24.o
                0x00800626                HALL_counter
 .bss.RX_BUF    0x0080062b        0x5 NRF24.o
                0x0080062b                RX_BUF
 .bss.FatFs     0x00800630        0x2 pff.o
 .bss.Press_home_to_DB
                0x00800632        0x5 WeatherStation.o
                0x00800632                Press_home_to_DB
 .bss.hum_home_to_DB
                0x00800637        0x5 WeatherStation.o
                0x00800637                hum_home_to_DB
 .bss.temp_home_to_DB
                0x0080063c        0x6 WeatherStation.o
                0x0080063c                temp_home_to_DB
 .bss.Rain_to_DB
                0x00800642        0x6 WeatherStation.o
                0x00800642                Rain_to_DB
 .bss.Vbat_to_DB
                0x00800648        0x5 WeatherStation.o
                0x00800648                Vbat_to_DB
 .bss.wind_direction_to_DB
                0x0080064d        0x6 WeatherStation.o
                0x0080064d                wind_direction_to_DB
 .bss.WIND_speed_to_DB
                0x00800653        0x5 WeatherStation.o
                0x00800653                WIND_speed_to_DB
 .bss.hum_street_to_DB
                0x00800658        0x5 WeatherStation.o
                0x00800658                hum_street_to_DB
 .bss.temp_street_to_DB
                0x0080065d        0x6 WeatherStation.o
                0x0080065d                temp_street_to_DB
 *(COMMON)
 COMMON         0x00800663       0x16 BMP180.o
                0x00800663                b2
                0x00800665                mb
                0x00800667                ac1
                0x00800669                b1
                0x0080066b                ac6
                0x0080066d                ac5
                0x0080066f                ac2
                0x00800671                md
                0x00800673                ac4
                0x00800675                mc
                0x00800677                ac3
 COMMON         0x00800679        0x9 ILI9486.o
                0x00800679                BACK_COLOR
                0x0080067b                POINT_COLOR
                0x0080067d                cursor_y
                0x0080067f                cursor_x
                0x00800681                textsize
 COMMON         0x00800682      0x117 main.o
                0x00800682                PageAbout_Flag
                0x00800683                WiFi_PSWD
                0x00800697                AddInfoPage_Flag
                0x00800698                WiFiInfoPage_Flag
                0x00800699                month
                0x0080069a                WiFi_SSID
                0x008006ae                hour
                0x008006af                GasBoilerPage_Flag
                0x008006b0                menu_flag
                0x008006b1                uart_message
                0x00800715                WiFi_IP
                0x00800729                clock_change_mode
                0x0080072a                HomePage_Flag
                0x0080072b                min
                0x0080072c                year
                0x0080072d                sec
                0x0080072e                day
                0x0080072f                alarmhour
                0x00800730                date
                0x00800731                rx_count
                0x00800732                MainMenuPage_Flag
                0x00800733                uart_rx_buffer
                0x00800797                TimeSettingsPage_Flag
                0x00800798                alarmmin
 COMMON         0x00800799       0x18 NRF24.o
                0x00800799                receive_counter
                0x0080079a                V_Bat_integer
                0x0080079b                street_temp_fraction
                0x0080079c                street_temp_sign
                0x0080079d                adc_value1
                0x008007a3                wind_speed_fraction
                0x008007a4                pipe
                0x008007a5                wind_speed_integer
                0x008007a6                adc_value2
                0x008007ac                V_Bat_fraction
                0x008007ad                street_temp_integer
                0x008007ae                street_hum_integer
                0x008007b0                rain
 COMMON         0x008007b1       0x2f WeatherStation.o
                0x008007b1                home_temp_fraction
                0x008007b2                pressure_home
                0x008007b4                wind_direction
                0x008007ba                home_temp_integer
                0x008007bb                T_Param
                0x008007dd                home_temp_sign
                0x008007de                home_hum_integer
 COMMON         0x008007e0        0x2 d:/atmelstudio/7.0/toolchain/avr8/avr8-gnu-toolchain/bin/../lib/gcc/avr/5.4.0/../../../../avr/lib/avr6\libc.a(errno.o)
                0x008007e0                errno
                0x008007e2                PROVIDE (__bss_end, .)
                0x0001be2e                __data_load_start = LOADADDR (.data)
                0x0001c1ce                __data_load_end = (__data_load_start + SIZEOF (.data))

.noinit         0x008007e2        0x0
                [!provide]                PROVIDE (__noinit_start, .)
 *(.noinit*)
                [!provide]                PROVIDE (__noinit_end, .)
                0x008007e2                _end = .
                [!provide]                PROVIDE (__heap_start, .)

.eeprom         0x00810000        0x0
 *(.eeprom*)
                0x00810000                __eeprom_end = .

.fuse
 *(.fuse)
 *(.lfuse)
 *(.hfuse)
 *(.efuse)

.lock
 *(.lock*)

.signature
 *(.signature*)

.user_signatures
 *(.user_signatures*)

.stab
 *(.stab)

.stabstr
 *(.stabstr)

.stab.excl
 *(.stab.excl)

.stab.exclstr
 *(.stab.exclstr)

.stab.index
 *(.stab.index)

.stab.indexstr
 *(.stab.indexstr)

.comment        0x00000000       0x5c
 *(.comment)
 .comment       0x00000000       0x30 BMP180.o
                                 0x31 (size before relaxing)
 .comment       0x00000030       0x31 DHT22.o
 .comment       0x00000030       0x31 DS18B20.o
 .comment       0x00000030       0x31 ILI9486.o
 .comment       0x00000030       0x31 main.o
 .comment       0x00000030       0x31 mmc.o
 .comment       0x00000030       0x31 NRF24.o
 .comment       0x00000030       0x31 pff.o
 .comment       0x00000030       0x31 RTC_DS3231.o
 .comment       0x00000030       0x31 TWI.o
 .comment       0x00000030       0x31 usart.o
 .comment       0x00000030       0x31 WeatherStation.o
 .comment       0x00000030       0x31 d:/atmelstudio/7.0/toolchain/avr8/avr8-gnu-toolchain/bin/../lib/gcc/avr/5.4.0/../../../../avr/lib/avr6\libc.a(strtol.o)
 .comment       0x00000030       0x31 d:/atmelstudio/7.0/toolchain/avr8/avr8-gnu-toolchain/bin/../lib/gcc/avr/5.4.0/../../../../avr/lib/avr6\libc.a(sprintf.o)
 .comment       0x00000030       0x31 d:/atmelstudio/7.0/toolchain/avr8/avr8-gnu-toolchain/bin/../lib/gcc/avr/5.4.0/../../../../avr/lib/avr6\libc.a(sscanf.o)
 .comment       0x00000030       0x2c d:/atmelstudio/7.0/toolchain/avr8/avr8-gnu-toolchain/bin/../lib/gcc/avr/5.4.0/../../../../avr/lib/avr6\libc.a(vfprintf_std.o)
                                 0x2d (size before relaxing)
 .comment       0x0000005c       0x2d d:/atmelstudio/7.0/toolchain/avr8/avr8-gnu-toolchain/bin/../lib/gcc/avr/5.4.0/../../../../avr/lib/avr6\libc.a(vfscanf_std.o)
 .comment       0x0000005c       0x2d d:/atmelstudio/7.0/toolchain/avr8/avr8-gnu-toolchain/bin/../lib/gcc/avr/5.4.0/../../../../avr/lib/avr6\libc.a(errno.o)
 .comment       0x0000005c       0x31 d:/atmelstudio/7.0/toolchain/avr8/avr8-gnu-toolchain/bin/../lib/gcc/avr/5.4.0/../../../../avr/lib/avr6\libc.a(fgetc.o)
 .comment       0x0000005c       0x31 d:/atmelstudio/7.0/toolchain/avr8/avr8-gnu-toolchain/bin/../lib/gcc/avr/5.4.0/../../../../avr/lib/avr6\libc.a(fputc.o)
 .comment       0x0000005c       0x31 d:/atmelstudio/7.0/toolchain/avr8/avr8-gnu-toolchain/bin/../lib/gcc/avr/5.4.0/../../../../avr/lib/avr6\libc.a(ungetc.o)

.note.gnu.avr.deviceinfo
                0x00000000       0x40
 .note.gnu.avr.deviceinfo
                0x00000000       0x40 D:/AtmelStudio/7.0/Packs/atmel/ATmega_DFP/1.6.364/gcc/dev/atmega2560/avr6/crtatmega2560.o

.note.gnu.build-id
 *(.note.gnu.build-id)

.debug
 *(.debug)

.line
 *(.line)

.debug_srcinfo
 *(.debug_srcinfo)

.debug_sfnames
 *(.debug_sfnames)

.debug_aranges  0x00000000      0x630
 *(.debug_aranges)
 .debug_aranges
                0x00000000       0x40 BMP180.o
 .debug_aranges
                0x00000040       0x28 DHT22.o
 .debug_aranges
                0x00000068       0x50 DS18B20.o
 .debug_aranges
                0x000000b8      0x190 ILI9486.o
 .debug_aranges
                0x00000248       0x80 main.o
 .debug_aranges
                0x000002c8       0x50 mmc.o
 .debug_aranges
                0x00000318       0x90 NRF24.o
 .debug_aranges
                0x000003a8       0xb0 pff.o
 .debug_aranges
                0x00000458       0x50 RTC_DS3231.o
 .debug_aranges
                0x000004a8       0x50 TWI.o
 .debug_aranges
                0x000004f8       0x30 usart.o
 .debug_aranges
                0x00000528      0x108 WeatherStation.o

.debug_pubnames
 *(.debug_pubnames)

.debug_info     0x00000000    0x16580
 *(.debug_info .gnu.linkonce.wi.*)
 .debug_info    0x00000000      0xbbc D:/AtmelStudio/7.0/Packs/atmel/ATmega_DFP/1.6.364/gcc/dev/atmega2560/avr6/crtatmega2560.o
 .debug_info    0x00000bbc      0x68f BMP180.o
 .debug_info    0x0000124b      0x304 DHT22.o
 .debug_info    0x0000154f      0x52b DS18B20.o
 .debug_info    0x00001a7a     0x3344 ILI9486.o
 .debug_info    0x00004dbe     0x113b main.o
 .debug_info    0x00005ef9      0x62f mmc.o
 .debug_info    0x00006528      0xdca NRF24.o
 .debug_info    0x000072f2     0x11d8 pff.o
 .debug_info    0x000084ca      0x77c RTC_DS3231.o
 .debug_info    0x00008c46      0x198 TWI.o
 .debug_info    0x00008dde      0x13a usart.o
 .debug_info    0x00008f18     0xd668 WeatherStation.o

.debug_abbrev   0x00000000     0x21e3
 *(.debug_abbrev)
 .debug_abbrev  0x00000000      0xb1a D:/AtmelStudio/7.0/Packs/atmel/ATmega_DFP/1.6.364/gcc/dev/atmega2560/avr6/crtatmega2560.o
 .debug_abbrev  0x00000b1a      0x18c BMP180.o
 .debug_abbrev  0x00000ca6      0x12d DHT22.o
 .debug_abbrev  0x00000dd3      0x1ce DS18B20.o
 .debug_abbrev  0x00000fa1      0x346 ILI9486.o
 .debug_abbrev  0x000012e7      0x2dd main.o
 .debug_abbrev  0x000015c4      0x1cf mmc.o
 .debug_abbrev  0x00001793      0x27b NRF24.o
 .debug_abbrev  0x00001a0e      0x268 pff.o
 .debug_abbrev  0x00001c76      0x101 RTC_DS3231.o
 .debug_abbrev  0x00001d77       0xe1 TWI.o
 .debug_abbrev  0x00001e58       0x89 usart.o
 .debug_abbrev  0x00001ee1      0x302 WeatherStation.o

.debug_line     0x00000000     0x6fd3
 *(.debug_line .debug_line.* .debug_line_end)
 .debug_line    0x00000000      0x1fa D:/AtmelStudio/7.0/Packs/atmel/ATmega_DFP/1.6.364/gcc/dev/atmega2560/avr6/crtatmega2560.o
 .debug_line    0x000001fa      0x2db BMP180.o
 .debug_line    0x000004d5      0x1ee DHT22.o
 .debug_line    0x000006c3      0x2ed DS18B20.o
 .debug_line    0x000009b0     0x1965 ILI9486.o
 .debug_line    0x00002315      0xced main.o
 .debug_line    0x00003002      0x529 mmc.o
 .debug_line    0x0000352b      0x700 NRF24.o
 .debug_line    0x00003c2b      0xc29 pff.o
 .debug_line    0x00004854      0x2e4 RTC_DS3231.o
 .debug_line    0x00004b38      0x179 TWI.o
 .debug_line    0x00004cb1      0x137 usart.o
 .debug_line    0x00004de8     0x21eb WeatherStation.o

.debug_frame    0x00000000     0x1c0c
 *(.debug_frame)
 .debug_frame   0x00000000      0x10c BMP180.o
 .debug_frame   0x0000010c       0x40 DHT22.o
 .debug_frame   0x0000014c       0xa4 DS18B20.o
 .debug_frame   0x000001f0      0x91c ILI9486.o
 .debug_frame   0x00000b0c      0x240 main.o
 .debug_frame   0x00000d4c      0x108 mmc.o
 .debug_frame   0x00000e54      0x278 NRF24.o
 .debug_frame   0x000010cc      0x45c pff.o
 .debug_frame   0x00001528       0xa8 RTC_DS3231.o
 .debug_frame   0x000015d0       0x90 TWI.o
 .debug_frame   0x00001660       0x44 usart.o
 .debug_frame   0x000016a4      0x568 WeatherStation.o

.debug_str      0x00000000     0x19eb
 *(.debug_str)
 .debug_str     0x00000000      0x3e6 D:/AtmelStudio/7.0/Packs/atmel/ATmega_DFP/1.6.364/gcc/dev/atmega2560/avr6/crtatmega2560.o
 .debug_str     0x000003e6      0x252 BMP180.o
                                0x2a4 (size before relaxing)
 .debug_str     0x00000638       0x35 DHT22.o
                                0x200 (size before relaxing)
 .debug_str     0x0000066d       0x69 DS18B20.o
                                0x23e (size before relaxing)
 .debug_str     0x000006d6      0x60c ILI9486.o
                                0x833 (size before relaxing)
 .debug_str     0x00000ce2      0x6a7 main.o
                                0x903 (size before relaxing)
 .debug_str     0x00001389       0x98 mmc.o
                                0x22d (size before relaxing)
 .debug_str     0x00001421      0x205 NRF24.o
                                0x50f (size before relaxing)
 .debug_str     0x00001626      0x1a4 pff.o
                                0x405 (size before relaxing)
 .debug_str     0x000017ca       0x7c RTC_DS3231.o
                                0x279 (size before relaxing)
 .debug_str     0x00001846       0x1e TWI.o
                                0x1f7 (size before relaxing)
 .debug_str     0x00001864       0x2c usart.o
                                0x1cc (size before relaxing)
 .debug_str     0x00001890      0x15b WeatherStation.o
                                0xaa0 (size before relaxing)

.debug_loc      0x00000000     0xa237
 *(.debug_loc)
 .debug_loc     0x00000000      0x923 BMP180.o
 .debug_loc     0x00000923      0x291 DHT22.o
 .debug_loc     0x00000bb4      0x40b DS18B20.o
 .debug_loc     0x00000fbf     0x42db ILI9486.o
 .debug_loc     0x0000529a      0x69c main.o
 .debug_loc     0x00005936      0x75a mmc.o
 .debug_loc     0x00006090      0xb98 NRF24.o
 .debug_loc     0x00006c28     0x1e2c pff.o
 .debug_loc     0x00008a54      0x24a RTC_DS3231.o
 .debug_loc     0x00008c9e       0xb4 TWI.o
 .debug_loc     0x00008d52       0xbf usart.o
 .debug_loc     0x00008e11     0x1426 WeatherStation.o

.debug_macinfo
 *(.debug_macinfo)

.debug_weaknames
 *(.debug_weaknames)

.debug_funcnames
 *(.debug_funcnames)

.debug_typenames
 *(.debug_typenames)

.debug_varnames
 *(.debug_varnames)

.debug_pubtypes
 *(.debug_pubtypes)

.debug_ranges   0x00000000      0x5a0
 *(.debug_ranges)
 .debug_ranges  0x00000000       0x30 BMP180.o
 .debug_ranges  0x00000030       0x18 DHT22.o
 .debug_ranges  0x00000048       0x40 DS18B20.o
 .debug_ranges  0x00000088      0x1b0 ILI9486.o
 .debug_ranges  0x00000238       0x70 main.o
 .debug_ranges  0x000002a8       0x40 mmc.o
 .debug_ranges  0x000002e8       0x80 NRF24.o
 .debug_ranges  0x00000368       0xa0 pff.o
 .debug_ranges  0x00000408       0x40 RTC_DS3231.o
 .debug_ranges  0x00000448       0x40 TWI.o
 .debug_ranges  0x00000488       0x20 usart.o
 .debug_ranges  0x000004a8       0xf8 WeatherStation.o

.debug_macro
 *(.debug_macro)
OUTPUT(RECEIVER.elf elf32-avr)
LOAD linker stubs
