Archive member included to satisfy reference by file (symbol)

d:/atmelstudio/7.0/toolchain/avr8/avr8-gnu-toolchain/bin/../lib/gcc/avr/5.4.0/../../../../avr/lib/avr6\libm.a(fixsfsi.o)
                              WeatherStation.o (__fixsfsi)
d:/atmelstudio/7.0/toolchain/avr8/avr8-gnu-toolchain/bin/../lib/gcc/avr/5.4.0/../../../../avr/lib/avr6\libm.a(fixunssfsi.o)
                              d:/atmelstudio/7.0/toolchain/avr8/avr8-gnu-toolchain/bin/../lib/gcc/avr/5.4.0/../../../../avr/lib/avr6\libm.a(fixsfsi.o) (__fixunssfsi)
d:/atmelstudio/7.0/toolchain/avr8/avr8-gnu-toolchain/bin/../lib/gcc/avr/5.4.0/../../../../avr/lib/avr6\libm.a(floatsisf.o)
                              WeatherStation.o (__floatsisf)
d:/atmelstudio/7.0/toolchain/avr8/avr8-gnu-toolchain/bin/../lib/gcc/avr/5.4.0/../../../../avr/lib/avr6\libm.a(fp_split3.o)
                              d:/atmelstudio/7.0/toolchain/avr8/avr8-gnu-toolchain/bin/../lib/gcc/avr/5.4.0/../../../../avr/lib/avr6\libm.a(fixunssfsi.o) (__fp_splitA)
d:/atmelstudio/7.0/toolchain/avr8/avr8-gnu-toolchain/bin/../lib/gcc/avr/5.4.0/../../../../avr/lib/avr6\libm.a(fp_zero.o)
                              d:/atmelstudio/7.0/toolchain/avr8/avr8-gnu-toolchain/bin/../lib/gcc/avr/5.4.0/../../../../avr/lib/avr6\libm.a(fixunssfsi.o) (__fp_zero)
d:/atmelstudio/7.0/toolchain/avr8/avr8-gnu-toolchain/bin/../lib/gcc/avr/5.4.0/../../../../avr/lib/avr6\libm.a(mulsf3.o)
                              WeatherStation.o (__mulsf3)
d:/atmelstudio/7.0/toolchain/avr8/avr8-gnu-toolchain/bin/../lib/gcc/avr/5.4.0/../../../../avr/lib/avr6\libm.a(mulsf3x.o)
                              d:/atmelstudio/7.0/toolchain/avr8/avr8-gnu-toolchain/bin/../lib/gcc/avr/5.4.0/../../../../avr/lib/avr6\libm.a(mulsf3.o) (__mulsf3x)
d:/atmelstudio/7.0/toolchain/avr8/avr8-gnu-toolchain/bin/../lib/gcc/avr/5.4.0/../../../../avr/lib/avr6\libm.a(fp_inf.o)
                              d:/atmelstudio/7.0/toolchain/avr8/avr8-gnu-toolchain/bin/../lib/gcc/avr/5.4.0/../../../../avr/lib/avr6\libm.a(mulsf3x.o) (__fp_inf)
d:/atmelstudio/7.0/toolchain/avr8/avr8-gnu-toolchain/bin/../lib/gcc/avr/5.4.0/../../../../avr/lib/avr6\libm.a(fp_nan.o)
                              d:/atmelstudio/7.0/toolchain/avr8/avr8-gnu-toolchain/bin/../lib/gcc/avr/5.4.0/../../../../avr/lib/avr6\libm.a(mulsf3x.o) (__fp_nan)
d:/atmelstudio/7.0/toolchain/avr8/avr8-gnu-toolchain/bin/../lib/gcc/avr/5.4.0/../../../../avr/lib/avr6\libm.a(fp_pscA.o)
                              d:/atmelstudio/7.0/toolchain/avr8/avr8-gnu-toolchain/bin/../lib/gcc/avr/5.4.0/../../../../avr/lib/avr6\libm.a(mulsf3x.o) (__fp_pscA)
d:/atmelstudio/7.0/toolchain/avr8/avr8-gnu-toolchain/bin/../lib/gcc/avr/5.4.0/../../../../avr/lib/avr6\libm.a(fp_pscB.o)
                              d:/atmelstudio/7.0/toolchain/avr8/avr8-gnu-toolchain/bin/../lib/gcc/avr/5.4.0/../../../../avr/lib/avr6\libm.a(mulsf3x.o) (__fp_pscB)
d:/atmelstudio/7.0/toolchain/avr8/avr8-gnu-toolchain/bin/../lib/gcc/avr/5.4.0/../../../../avr/lib/avr6\libm.a(fp_round.o)
                              d:/atmelstudio/7.0/toolchain/avr8/avr8-gnu-toolchain/bin/../lib/gcc/avr/5.4.0/../../../../avr/lib/avr6\libm.a(mulsf3.o) (__fp_round)
d:/atmelstudio/7.0/toolchain/avr8/avr8-gnu-toolchain/bin/../lib/gcc/avr/5.4.0/avr6\libgcc.a(_mulsi3.o)
                              BMP180.o (__mulsi3)
d:/atmelstudio/7.0/toolchain/avr8/avr8-gnu-toolchain/bin/../lib/gcc/avr/5.4.0/avr6\libgcc.a(_divmodhi4.o)
                              main.o (__divmodhi4)
d:/atmelstudio/7.0/toolchain/avr8/avr8-gnu-toolchain/bin/../lib/gcc/avr/5.4.0/avr6\libgcc.a(_udivmodsi4.o)
                              BMP180.o (__udivmodsi4)
d:/atmelstudio/7.0/toolchain/avr8/avr8-gnu-toolchain/bin/../lib/gcc/avr/5.4.0/avr6\libgcc.a(_divmodsi4.o)
                              BMP180.o (__divmodsi4)
d:/atmelstudio/7.0/toolchain/avr8/avr8-gnu-toolchain/bin/../lib/gcc/avr/5.4.0/avr6\libgcc.a(_negsi2.o)
                              d:/atmelstudio/7.0/toolchain/avr8/avr8-gnu-toolchain/bin/../lib/gcc/avr/5.4.0/avr6\libgcc.a(_divmodsi4.o) (__negsi2)
d:/atmelstudio/7.0/toolchain/avr8/avr8-gnu-toolchain/bin/../lib/gcc/avr/5.4.0/avr6\libgcc.a(_exit.o)
                              D:/AtmelStudio/7.0/Packs/atmel/ATmega_DFP/1.6.364/gcc/dev/atmega2560/avr6/crtatmega2560.o (exit)
d:/atmelstudio/7.0/toolchain/avr8/avr8-gnu-toolchain/bin/../lib/gcc/avr/5.4.0/avr6\libgcc.a(_tablejump2.o)
                              main.o (__tablejump2__)
d:/atmelstudio/7.0/toolchain/avr8/avr8-gnu-toolchain/bin/../lib/gcc/avr/5.4.0/avr6\libgcc.a(_copy_data.o)
                              main.o (__do_copy_data)
d:/atmelstudio/7.0/toolchain/avr8/avr8-gnu-toolchain/bin/../lib/gcc/avr/5.4.0/avr6\libgcc.a(_clear_bss.o)
                              BMP180.o (__do_clear_bss)
d:/atmelstudio/7.0/toolchain/avr8/avr8-gnu-toolchain/bin/../lib/gcc/avr/5.4.0/avr6\libgcc.a(_muluhisi3.o)
                              BMP180.o (__muluhisi3)
[...]
Memory Configuration

Name             Origin             Length             Attributes
text             0x00000000         0x00040000         xr
data             0x00800200         0x00002000         rw !x
eeprom           0x00810000         0x00001000         rw !x
fuse             0x00820000         0x00000003         rw !x
lock             0x00830000         0x00000400         rw !x
signature        0x00840000         0x00000400         rw !x
user_signatures  0x00850000         0x00000400         rw !x
*default*        0x00000000         0xffffffff

Linker script and memory map

Address of section .data set to 0x800200
LOAD D:/AtmelStudio/7.0/Packs/atmel/ATmega_DFP/1.6.364/gcc/dev/atmega2560/avr6/crtatmega2560.o
LOAD BMP180.o
LOAD DHT22.o
LOAD DS18B20.o
LOAD HTU21D.o
LOAD ILI9486.o
LOAD main.o
LOAD mmc.o
LOAD NRF24.o
LOAD pff.o
LOAD RTC_DS3231.o
LOAD SD.o
LOAD TWI.o
LOAD usart.o
LOAD WeatherStation.o
START GROUP
LOAD d:/atmelstudio/7.0/toolchain/avr8/avr8-gnu-toolchain/bin/../lib/gcc/avr/5.4.0/../../../../avr/lib/avr6\libm.a
END GROUP
START GROUP
LOAD d:/atmelstudio/7.0/toolchain/avr8/avr8-gnu-toolchain/bin/../lib/gcc/avr/5.4.0/avr6\libgcc.a
LOAD d:/atmelstudio/7.0/toolchain/avr8/avr8-gnu-toolchain/bin/../lib/gcc/avr/5.4.0/../../../../avr/lib/avr6\libm.a
LOAD d:/atmelstudio/7.0/toolchain/avr8/avr8-gnu-toolchain/bin/../lib/gcc/avr/5.4.0/../../../../avr/lib/avr6\libc.a
LOAD D:/AtmelStudio/7.0/Packs/atmel/ATmega_DFP/1.6.364/gcc/dev/atmega2560/avr6\libatmega2560.a
END GROUP
                0x00000000                __TEXT_REGION_ORIGIN__ = DEFINED (__TEXT_REGION_ORIGIN__)?__TEXT_REGION_ORIGIN__:0x0
                [0x00800200]                __DATA_REGION_ORIGIN__ = DEFINED (__DATA_REGION_ORIGIN__)?__DATA_REGION_ORIGIN__:0x800200
                [0x00040000]                __TEXT_REGION_LENGTH__ = DEFINED (__TEXT_REGION_LENGTH__)?__TEXT_REGION_LENGTH__:0x100000
                [0x00002000]                __DATA_REGION_LENGTH__ = DEFINED (__DATA_REGION_LENGTH__)?__DATA_REGION_LENGTH__:0xfe00
                [0x00001000]                __EEPROM_REGION_LENGTH__ = DEFINED (__EEPROM_REGION_LENGTH__)?__EEPROM_REGION_LENGTH__:0x10000
                [0x00000003]                __FUSE_REGION_LENGTH__ = DEFINED (__FUSE_REGION_LENGTH__)?__FUSE_REGION_LENGTH__:0x400
                0x00000400                __LOCK_REGION_LENGTH__ = DEFINED (__LOCK_REGION_LENGTH__)?__LOCK_REGION_LENGTH__:0x400
                0x00000400                __SIGNATURE_REGION_LENGTH__ = DEFINED (__SIGNATURE_REGION_LENGTH__)?__SIGNATURE_REGION_LENGTH__:0x400
                0x00000400                __USER_SIGNATURE_REGION_LENGTH__ = DEFINED (__USER_SIGNATURE_REGION_LENGTH__)?__USER_SIGNATURE_REGION_LENGTH__:0x400

.hash
 *(.hash)

.dynsym
 *(.dynsym)

.dynstr
 *(.dynstr)

.gnu.version
 *(.gnu.version)

.gnu.version_d
 *(.gnu.version_d)

.gnu.version_r
 *(.gnu.version_r)

.rel.init
 *(.rel.init)

.rela.init
 *(.rela.init)

.rel.text
 *(.rel.text)
 *(.rel.text.*)
 *(.rel.gnu.linkonce.t*)

.rela.text
 *(.rela.text)
 *(.rela.text.*)
 *(.rela.gnu.linkonce.t*)

.rel.fini
 *(.rel.fini)

.rela.fini
 *(.rela.fini)

.rel.rodata
 *(.rel.rodata)
 *(.rel.rodata.*)
 *(.rel.gnu.linkonce.r*)

.rela.rodata
 *(.rela.rodata)
 *(.rela.rodata.*)
 *(.rela.gnu.linkonce.r*)

.rel.data
 *(.rel.data)
 *(.rel.data.*)
 *(.rel.gnu.linkonce.d*)

.rela.data
 *(.rela.data)
 *(.rela.data.*)
 *(.rela.gnu.linkonce.d*)

.rel.ctors
 *(.rel.ctors)

.rela.ctors
 *(.rela.ctors)

.rel.dtors
 *(.rel.dtors)

.rela.dtors
 *(.rela.dtors)

.rel.got
 *(.rel.got)

.rela.got
 *(.rela.got)

.rel.bss
 *(.rel.bss)

.rela.bss
 *(.rela.bss)

.rel.plt
 *(.rel.plt)

.rela.plt
 *(.rela.plt)

.text           0x00000000    0x1af38
 *(.vectors)
 .vectors       0x00000000       0xe4 D:/AtmelStudio/7.0/Packs/atmel/ATmega_DFP/1.6.364/gcc/dev/atmega2560/avr6/crtatmega2560.o
                0x00000000                __vector_default
                0x00000000                __vectors
 *(.vectors)
 *(.progmem.gcc*)
 .progmem.gcc_sw_table.__vector_5
                0x000000e4       0x10 main.o
 .progmem.gcc_sw_table.__vector_7
                0x000000f4        0xe main.o
 .progmem.gcc_sw_table.__vector_8
                0x00000102        0xe main.o
 .progmem.gcc_sw_table.main
                0x00000110        0xe main.o
 .progmem.gcc_sw_table.ModifyRTC
                0x0000011e        0xe RTC_DS3231.o
 .progmem.gcc_sw_table.DrawLevelNrfWeather
                0x0000012c        0xe WeatherStation.o
 .progmem.gcc_sw_table.Convert_to_string_Clock
                0x0000013a       0x26 WeatherStation.o
 .progmem.gcc_sw_table.Print_Page_Clock_Settings
                0x00000160       0x10 WeatherStation.o
                0x00000170                . = ALIGN (0x2)
                0x00000170                __trampolines_start = .
 *(.trampolines)
 .trampolines   0x00000170        0x0 linker stubs
 *(.trampolines*)
                0x00000170                __trampolines_end = .
 *libprintf_flt.a:*(.progmem.data)
 *libc.a:*(.progmem.data)
 .progmem.data  0x00000170        0xc d:/atmelstudio/7.0/toolchain/avr8/avr8-gnu-toolchain/bin/../lib/gcc/avr/5.4.0/../../../../avr/lib/avr6\libc.a(vfscanf_std.o)
 *(.progmem*)
 .progmem.data.Syffaen40x40
                0x0000017c     0x3200 ILI9486.o
                0x0000017c                Syffaen40x40
 .progmem.data.Syffaen32x32
                0x0000337c     0x7000 ILI9486.o
                0x0000337c                Syffaen32x32
 .progmem.data.Font32x48_Num
                0x0000a37c      0x9c0 ILI9486.o
                0x0000a37c                Font32x48_Num
 .progmem.data.Font24x32_Clock
                0x0000ad3c      0x420 ILI9486.o
                0x0000ad3c                Font24x32_Clock
 .progmem.data.Consolas18x32
                0x0000b15c     0x1b00 ILI9486.o
                0x0000b15c                Consolas18x32
 .progmem.data.Consolas14x24
                0x0000cc5c      0x444 ILI9486.o
                0x0000cc5c                Consolas14x24
 .progmem.data.Consolas16x24
                0x0000d0a0     0x2a00 ILI9486.o
                0x0000d0a0                Consolas16x24
                0x0000faa0                . = ALIGN (0x2)
 *(.jumptables)
 *(.jumptables*)
 *(.lowtext)
 *(.lowtext*)
                0x0000faa0                __ctors_start = .
 *(.ctors)
                0x0000faa0                __ctors_end = .
                0x0000faa0                __dtors_start = .
 *(.dtors)
                0x0000faa0                __dtors_end = .
 SORT(*)(.ctors)
 SORT(*)(.dtors)
 *(.init0)
 .init0         0x0000faa0        0x0 D:/AtmelStudio/7.0/Packs/atmel/ATmega_DFP/1.6.364/gcc/dev/atmega2560/avr6/crtatmega2560.o
                0x0000faa0                __init
 *(.init0)
 *(.init1)
 *(.init1)
 *(.init2)
 .init2         0x0000faa0       0x10 D:/AtmelStudio/7.0/Packs/atmel/ATmega_DFP/1.6.364/gcc/dev/atmega2560/avr6/crtatmega2560.o
 *(.init2)
 *(.init3)
 *(.init3)
 *(.init4)
 .init4         0x0000fab0       0x1a d:/atmelstudio/7.0/toolchain/avr8/avr8-gnu-toolchain/bin/../lib/gcc/avr/5.4.0/avr6\libgcc.a(_copy_data.o)
                0x0000fab0                __do_copy_data
 .init4         0x0000faca       0x10 d:/atmelstudio/7.0/toolchain/avr8/avr8-gnu-toolchain/bin/../lib/gcc/avr/5.4.0/avr6\libgcc.a(_clear_bss.o)
                0x0000faca                __do_clear_bss
 *(.init4)
 *(.init5)
 *(.init5)
 *(.init6)
 *(.init6)
 *(.init7)
 *(.init7)
 *(.init8)
 *(.init8)
 *(.init9)
 .init9         0x0000fada        0x8 D:/AtmelStudio/7.0/Packs/atmel/ATmega_DFP/1.6.364/gcc/dev/atmega2560/avr6/crtatmega2560.o
 *(.init9)
 *(.text)
 .text          0x0000fae2        0x4 D:/AtmelStudio/7.0/Packs/atmel/ATmega_DFP/1.6.364/gcc/dev/atmega2560/avr6/crtatmega2560.o
                0x0000fae2                __vector_38
                0x0000fae2                __vector_22
                0x0000fae2                __vector_28
                0x0000fae2                __vector_1
                0x0000fae2                __vector_32
                0x0000fae2                __vector_34
                0x0000fae2                __vector_24
                0x0000fae2                __vector_12
                0x0000fae2                __vector_55
                0x0000fae2                __vector_46
                0x0000fae2                __bad_interrupt
                0x0000fae2                __vector_31
                0x0000fae2                __vector_35
                0x0000fae2                __vector_39
                0x0000fae2                __vector_23
                0x0000fae2                __vector_30
                0x0000fae2                __vector_45
                0x0000fae2                __vector_11
                0x0000fae2                __vector_54
                0x0000fae2                __vector_13
                0x0000fae2                __vector_19
                0x0000fae2                __vector_56
                0x0000fae2                __vector_49
                0x0000fae2                __vector_41
                0x0000fae2                __vector_43
                0x0000fae2                __vector_27
                0x0000fae2                __vector_33
                0x0000fae2                __vector_47
                0x0000fae2                __vector_52
                0x0000fae2                __vector_37
                0x0000fae2                __vector_4
                0x0000fae2                __vector_44
                0x0000fae2                __vector_51
                0x0000fae2                __vector_9
                0x0000fae2                __vector_2
                0x0000fae2                __vector_15
                0x0000fae2                __vector_36
                0x0000fae2                __vector_29
                0x0000fae2                __vector_40
                0x0000fae2                __vector_26
                0x0000fae2                __vector_48
                0x0000fae2                __vector_14
                0x0000fae2                __vector_53
                0x0000fae2                __vector_10
                0x0000fae2                __vector_50
                0x0000fae2                __vector_16
                0x0000fae2                __vector_18
                0x0000fae2                __vector_20
                0x0000fae2                __vector_42
                0x0000fae6                . = ALIGN (0x2)
 *(.text.*)
 .text.Read     0x0000fae6       0x4e BMP180.o
                0x0000fae6                Read
 .text.BMP180_Calibration
                0x0000fb34       0x86 BMP180.o
                0x0000fb34                BMP180_Calibration
 .text.BMP180_get_temper
                0x0000fbba       0x32 BMP180.o
                0x0000fbba                BMP180_get_temper
 .text.BMP180_get_pressure
                0x0000fbec       0xd6 BMP180.o
                0x0000fbec                BMP180_get_pressure
 .text.BMP180_calculation
                0x0000fcc2      0x2cc BMP180.o
                0x0000fcc2                BMP180_calculation
 .text.dht22_init
                0x0000ff8e       0x2a DHT22.o
                0x0000ff8e                dht22_init
 .text.dht22_GetData
                0x0000ffb8       0xf8 DHT22.o
                0x0000ffb8                dht22_GetData
 .text.dt_testdevice
                0x000100b0       0x4a DS18B20.o
                0x000100b0                dt_testdevice
 .text.dt_readbit
                0x000100fa       0x34 DS18B20.o
                0x000100fa                dt_readbit
 .text.dt_readbyte
                0x0001012e       0x2a DS18B20.o
                0x0001012e                dt_readbyte
 .text.dt_sendbit
                0x00010158       0x3a DS18B20.o
                0x00010158                dt_sendbit
 .text.dt_sendbyte
                0x00010192       0x3e DS18B20.o
                0x00010192                dt_sendbyte
 .text.dt_check
                0x000101d0       0x44 DS18B20.o
                0x000101d0                dt_check
 .text.ILI9486_Write8
                0x00010214       0x14 ILI9486.o
                0x00010214                ILI9486_Write8
 .text.ILI9486_Write16
                0x00010228       0x10 ILI9486.o
                0x00010228                ILI9486_Write16
 .text.ILI9486_SendCommand
                0x00010238       0x1c ILI9486.o
                0x00010238                ILI9486_SendCommand
 .text.ILI9486_SendData
                0x00010254        0xe ILI9486.o
                0x00010254                ILI9486_SendData
 .text.ILI9486_Write_Cmd_Data
                0x00010262       0x2a ILI9486.o
                0x00010262                ILI9486_Write_Cmd_Data
 .text.ILI9486_reset
                0x0001028c       0x6e ILI9486.o
                0x0001028c                ILI9486_reset
 .text.ILI9486_SetRotation
                0x000102fa       0xa8 ILI9486.o
                0x000102fa                ILI9486_SetRotation
 .text.ILI9486_ini
                0x000103a2      0x350 ILI9486.o
                0x000103a2                ILI9486_ini
 .text.ILI9486_SetAddrWindow
                0x000106f2       0xba ILI9486.o
                0x000106f2                ILI9486_SetAddrWindow
 .text.ILI9486_drawPixel
                0x000107ac       0x1a ILI9486.o
                0x000107ac                ILI9486_drawPixel
 .text.ILI9486_FillScreen
                0x000107c6       0xb6 ILI9486.o
                0x000107c6                ILI9486_FillScreen
 .text.ILI9486_fillRect
                0x0001087c       0xde ILI9486.o
                0x0001087c                ILI9486_fillRect
 .text.ILI9486_DrawFastVLine
                0x0001095a       0x4a ILI9486.o
                0x0001095a                ILI9486_DrawFastVLine
 .text.ILI9486_DrawFastHLine
                0x000109a4       0x48 ILI9486.o
                0x000109a4                ILI9486_DrawFastHLine
 .text.ILI9486_writeLine
                0x000109ec      0x14e ILI9486.o
                0x000109ec                ILI9486_writeLine
 .text.ILI9486_Draw_Line
                0x00010b3a       0x56 ILI9486.o
                0x00010b3a                ILI9486_Draw_Line
 .text.ILI9486_Draw_Circle
                0x00010b90      0x19a ILI9486.o
                0x00010b90                ILI9486_Draw_Circle
 .text.ILI9486_fillCircleHelper
                0x00010d2a      0x152 ILI9486.o
                0x00010d2a                ILI9486_fillCircleHelper
 .text.ILI9486_fillCircle
                0x00010e7c       0x4e ILI9486.o
                0x00010e7c                ILI9486_fillCircle
 .text.ILI9486_DrawRect
                0x00010eca       0x62 ILI9486.o
                0x00010eca                ILI9486_DrawRect
 .text.ILI9486_fillTriangle
                0x00010f2c      0x32a ILI9486.o
                0x00010f2c                ILI9486_fillTriangle
 .text.ILI9486_SetTextColor
                0x00011256       0x12 ILI9486.o
                0x00011256                ILI9486_SetTextColor
 .text.ILI9486_Print_Char14x24
                0x00011268      0x16e ILI9486.o
                0x00011268                ILI9486_Print_Char14x24
 .text.ILI9486_Print_Char18x32
                0x000113d6      0x16c ILI9486.o
                0x000113d6                ILI9486_Print_Char18x32
 .text.ILI9486_Print_ConsolasChar16x24
                0x00011542      0x162 ILI9486.o
                0x00011542                ILI9486_Print_ConsolasChar16x24
 .text.ILI9486_Print_Char32x32
                0x000116a4      0x160 ILI9486.o
                0x000116a4                ILI9486_Print_Char32x32
 .text.ILI9486_Print_Char24x32
                0x00011804      0x16c ILI9486.o
                0x00011804                ILI9486_Print_Char24x32
 .text.ILI9486_Print_Char32x48
                0x00011970      0x17a ILI9486.o
                0x00011970                ILI9486_Print_Char32x48
 .text.ILI9486_Print_Char40x40
                0x00011aea      0x17a ILI9486.o
                0x00011aea                ILI9486_Print_Char40x40
 .text.ILI9486_SetCursor
                0x00011c64       0x12 ILI9486.o
                0x00011c64                ILI9486_SetCursor
 .text.ILI9486_Print_String40x40
                0x00011c76       0xe2 ILI9486.o
                0x00011c76                ILI9486_Print_String40x40
 .text.ILI9486_Print_String18x32
                0x00011d58       0xe2 ILI9486.o
                0x00011d58                ILI9486_Print_String18x32
 .text.ILI9486_Print_StringConsolas16x24
                0x00011e3a       0xe2 ILI9486.o
                0x00011e3a                ILI9486_Print_StringConsolas16x24
 .text.ILI9486_Print_String32x32
                0x00011f1c       0xe2 ILI9486.o
                0x00011f1c                ILI9486_Print_String32x32
 .text.ILI9486_Print_String24x32
                0x00011ffe       0xe2 ILI9486.o
                0x00011ffe                ILI9486_Print_String24x32
 .text.ILI9486_Print_String32x48
                0x000120e0       0xe2 ILI9486.o
                0x000120e0                ILI9486_Print_String32x48
 .text.ILI9486_Print_String14x24
                0x000121c2       0xe4 ILI9486.o
                0x000121c2                ILI9486_Print_String14x24
 .text.ILI9486_Draw_Image
                0x000122a6      0x2be ILI9486.o
                0x000122a6                ILI9486_Draw_Image
 .text.timer1_ini
                0x00012564       0x28 main.o
                0x00012564                timer1_ini
 .text.timer0_ini
                0x0001258c       0x1c main.o
                0x0001258c                timer0_ini
 .text.__vector_17
                0x000125a8       0x4a main.o
                0x000125a8                __vector_17
 .text.__vector_21
                0x000125f2       0x14 main.o
                0x000125f2                __vector_21
 .text.__vector_5
                0x00012606      0x39e main.o
                0x00012606                __vector_5
 .text.__vector_6
                0x000129a4       0x58 main.o
                0x000129a4                __vector_6
 .text.__vector_7
                0x000129fc      0x1a2 main.o
                0x000129fc                __vector_7
 .text.__vector_8
                0x00012b9e      0x194 main.o
                0x00012b9e                __vector_8
 .text.__vector_25
                0x00012d32      0x21a main.o
                0x00012d32                __vector_25
 .text.SPI_init
                0x00012f4c       0x18 main.o
                0x00012f4c                SPI_init
 .text.port_init
                0x00012f64       0x78 main.o
                0x00012f64                port_init
 .text.spi_send_recv
                0x00012fdc        0xc main.o
                0x00012fdc                spi_send_recv
 .text.main     0x00012fe8      0x672 main.o
                0x00012fe8                main
 .text.xmit_spi
                0x0001365a       0x3a mmc.o
                0x0001365a                xmit_spi
 .text.rcv_spi  0x00013694       0x38 mmc.o
                0x00013694                rcv_spi
 .text.send_cmd
                0x000136cc       0x86 mmc.o
 .text.release_spi
                0x00013752        0x4 mmc.o
 .text.disk_readp
                0x00013756       0xb2 mmc.o
                0x00013756                disk_readp
 .text.disk_writep
                0x00013808       0xe4 mmc.o
                0x00013808                disk_writep
 .text.disk_initialize
                0x000138ec      0x1ac mmc.o
                0x000138ec                disk_initialize
 .text.NRF24L01_Receive
                0x00013a98      0x502 NRF24.o
                0x00013a98                NRF24L01_Receive
 .text.NRF24_Transmit
                0x00013f9a       0x5c NRF24.o
                0x00013f9a                NRF24_Transmit
 .text.NRF24_FlushRX
                0x00013ff6       0x1c NRF24.o
                0x00013ff6                NRF24_FlushRX
 .text.NRF24_FlushTX
                0x00014012       0x1c NRF24.o
                0x00014012                NRF24_FlushTX
 .text.NRF24_ToggleFeatures
                0x0001402e       0x22 NRF24.o
                0x0001402e                NRF24_ToggleFeatures
 .text.NRF24_Read_Buf
                0x00014050       0x4e NRF24.o
                0x00014050                NRF24_Read_Buf
 .text.NRF24_Write_Buf
                0x0001409e       0x56 NRF24.o
                0x0001409e                NRF24_Write_Buf
 .text.NRF24L01_TX_Mode
                0x000140f4       0x2a NRF24.o
                0x000140f4                NRF24L01_TX_Mode
 .text.nRF_write_register
                0x0001411e       0x20 NRF24.o
                0x0001411e                nRF_write_register
 .text.nRF_read_register
                0x0001413e       0x24 NRF24.o
                0x0001413e                nRF_read_register
 .text.__vector_3
                0x00014162       0x86 NRF24.o
                0x00014162                __vector_3
 .text.NRF24L01_RX_Mode
                0x000141e8       0x42 NRF24.o
                0x000141e8                NRF24L01_RX_Mode
 .text.NRF24_ini
                0x0001422a       0x8a NRF24.o
                0x0001422a                NRF24_ini
 .text.NRF24L01_Send
                0x000142b4       0x74 NRF24.o
                0x000142b4                NRF24L01_Send
 .text.mem_set  0x00014328       0x14 pff.o
 .text.mem_cmp  0x0001433c       0x3a pff.o
 .text.clust2sect
                0x00014376       0x56 pff.o
 .text.dir_rewind
                0x000143cc       0x9a pff.o
 .text.create_name
                0x00014466       0x8a pff.o
 .text.check_fs
                0x000144f0       0x8e pff.o
 .text.get_fat  0x0001457e      0x228 pff.o
 .text.dir_next
                0x000147a6       0xfc pff.o
 .text.dir_find
                0x000148a2       0x9e pff.o
 .text.follow_path
                0x00014940       0xee pff.o
 .text.pf_mount
                0x00014a2e      0x26c pff.o
                0x00014a2e                pf_mount
 .text.pf_open  0x00014c9a       0xb6 pff.o
                0x00014c9a                pf_open
 .text.pf_read  0x00014d50      0x1de pff.o
                0x00014d50                pf_read
 .text.RTC_ConvertFromBinDec
                0x00014f2e       0x26 RTC_DS3231.o
                0x00014f2e                RTC_ConvertFromBinDec
 .text.RTC_ConvertFromDec
                0x00014f54       0x16 RTC_DS3231.o
                0x00014f54                RTC_ConvertFromDec
 .text.RTC_init
                0x00014f6a       0x16 RTC_DS3231.o
                0x00014f6a                RTC_init
 .text.ModifyRTC
                0x00014f80      0x156 RTC_DS3231.o
                0x00014f80                ModifyRTC
 .text.I2C_Init
                0x000150d6        0x8 TWI.o
                0x000150d6                I2C_Init
 .text.I2C_StartCondition
                0x000150de       0x10 TWI.o
                0x000150de                I2C_StartCondition
 .text.I2C_StopCondition
                0x000150ee        0x8 TWI.o
                0x000150ee                I2C_StopCondition
 .text.I2C_SendByte
                0x000150f6       0x14 TWI.o
                0x000150f6                I2C_SendByte
 .text.I2C_ReadByte
                0x0001510a       0x14 TWI.o
                0x0001510a                I2C_ReadByte
 .text.I2C_ReadLastByte
                0x0001511e       0x14 TWI.o
                0x0001511e                I2C_ReadLastByte
 .text.USART_Init
                0x00015132       0x2e usart.o
                0x00015132                USART_Init
 .text.USART_Transmit
                0x00015160       0x36 usart.o
                0x00015160                USART_Transmit
 .text.Print_Hello_World
                0x00015196       0x64 WeatherStation.o
                0x00015196                Print_Hello_World
 .text.Print_Download
                0x000151fa       0xb8 WeatherStation.o
                0x000151fa                Print_Download
 .text.Print_Boards_Main
                0x000152b2      0x9a4 WeatherStation.o
                0x000152b2                Print_Boards_Main
 .text.Print_Menu_Page_Static
                0x00015c56       0xc2 WeatherStation.o
                0x00015c56                Print_Menu_Page_Static
 .text.Print_Menu_Page
                0x00015d18      0x99e WeatherStation.o
                0x00015d18                Print_Menu_Page
 .text.Print_Page_About
                0x000166b6       0x88 WeatherStation.o
                0x000166b6                Print_Page_About
 .text.Print_WeatherStation_Info_Static
                0x0001673e       0xd6 WeatherStation.o
                0x0001673e                Print_WeatherStation_Info_Static
 .text.Print_WeatherStation_Info
                0x00016814       0x7e WeatherStation.o
                0x00016814                Print_WeatherStation_Info
 .text.Print_WIFI_Page
                0x00016892      0x17c WeatherStation.o
                0x00016892                Print_WIFI_Page
 .text.Print_Gas_Boiler_Page_Static
                0x00016a0e       0xfa WeatherStation.o
                0x00016a0e                Print_Gas_Boiler_Page_Static
 .text.Print_Gas_Boiler_Page
                0x00016b08      0x4bc WeatherStation.o
                0x00016b08                Print_Gas_Boiler_Page
 .text.DrawWeatherVane
                0x00016fc4      0x412 WeatherStation.o
                0x00016fc4                DrawWeatherVane
 .text.Print_Static_Home_Page
                0x000173d6      0x126 WeatherStation.o
                0x000173d6                Print_Static_Home_Page
 .text.DrawLevelWiFi
                0x000174fc       0x9a WeatherStation.o
                0x000174fc                DrawLevelWiFi
 .text.DrawLevelNrfWeather
                0x00017596      0x1cc WeatherStation.o
                0x00017596                DrawLevelNrfWeather
 .text.FindLevelNrfGasBoiler
                0x00017762       0x5a WeatherStation.o
                0x00017762                FindLevelNrfGasBoiler
 .text.DrawLevelNrfGasBoiler
                0x000177bc      0x15a WeatherStation.o
                0x000177bc                DrawLevelNrfGasBoiler
 .text.DrawWindDirect
                0x00017916      0x300 WeatherStation.o
                0x00017916                DrawWindDirect
 .text.Print_Home_Page_Out
                0x00017c16      0x4fe WeatherStation.o
                0x00017c16                Print_Home_Page_Out
 .text.Convert_to_string_Clock
                0x00018114      0x3ea WeatherStation.o
                0x00018114                Convert_to_string_Clock
 .text.Print_Page_Clock_Settings
                0x000184fe      0xb70 WeatherStation.o
                0x000184fe                Print_Page_Clock_Settings
 .text.Clock    0x0001906e       0x7a WeatherStation.o
                0x0001906e                Clock
 .text.Print_Home_Page_In
                0x000190e8      0x506 WeatherStation.o
                0x000190e8                Print_Home_Page_In
 .text.Print_Page_Clock_Settings_Static
                0x000195ee      0x15e WeatherStation.o
                0x000195ee                Print_Page_Clock_Settings_Static
 .text.RAIN_AMOUNT
                0x0001974c       0x74 WeatherStation.o
                0x0001974c                RAIN_AMOUNT
 .text.V_BAT    0x000197c0       0x64 WeatherStation.o
                0x000197c0                V_BAT
 .text.wind_speed
                0x00019824       0x6e WeatherStation.o
                0x00019824                wind_speed
 .text.Print_Home_Page_WeatherForecast
                0x00019892      0x1d8 WeatherStation.o
                0x00019892                Print_Home_Page_WeatherForecast
 .text.sprintf_HOME_Weath_Param
                0x00019a6a      0x180 WeatherStation.o
                0x00019a6a                sprintf_HOME_Weath_Param
 .text.Weath_Param_ini
                0x00019bea       0xb0 WeatherStation.o
                0x00019bea                Weath_Param_ini
 .text.avr-libc.fplib
                0x00019c9a        0xa d:/atmelstudio/7.0/toolchain/avr8/avr8-gnu-toolchain/bin/../lib/gcc/avr/5.4.0/../../../../avr/lib/avr6\libm.a(fixsfsi.o)
                0x00019c9a                __fixsfsi
 .text.avr-libc.fplib
                0x00019ca4       0x58 d:/atmelstudio/7.0/toolchain/avr8/avr8-gnu-toolchain/bin/../lib/gcc/avr/5.4.0/../../../../avr/lib/avr6\libm.a(fixunssfsi.o)
                0x00019ca4                __fixunssfsi
 .text.avr-libc.fplib
                0x00019cfc       0x7a d:/atmelstudio/7.0/toolchain/avr8/avr8-gnu-toolchain/bin/../lib/gcc/avr/5.4.0/../../../../avr/lib/avr6\libm.a(floatsisf.o)
                0x00019cfc                __floatunsisf
                0x00019d00                __floatsisf
 .text.avr-libc.fplib
                0x00019d76       0x44 d:/atmelstudio/7.0/toolchain/avr8/avr8-gnu-toolchain/bin/../lib/gcc/avr/5.4.0/../../../../avr/lib/avr6\libm.a(fp_split3.o)
                0x00019d76                __fp_split3
                0x00019d86                __fp_splitA
 .text.avr-libc.fplib
                0x00019dba        0xe d:/atmelstudio/7.0/toolchain/avr8/avr8-gnu-toolchain/bin/../lib/gcc/avr/5.4.0/../../../../avr/lib/avr6\libm.a(fp_zero.o)
                0x00019dba                __fp_zero
                0x00019dbc                __fp_szero
 .text.avr-libc.fplib
                0x00019dc8        0x4 d:/atmelstudio/7.0/toolchain/avr8/avr8-gnu-toolchain/bin/../lib/gcc/avr/5.4.0/../../../../avr/lib/avr6\libm.a(mulsf3.o)
                0x00019dc8                __mulsf3
 .text.avr-libc.fplib
                0x00019dcc       0xc2 d:/atmelstudio/7.0/toolchain/avr8/avr8-gnu-toolchain/bin/../lib/gcc/avr/5.4.0/../../../../avr/lib/avr6\libm.a(mulsf3x.o)
                0x00019de0                __mulsf3x
                0x00019de4                __mulsf3_pse
 .text.avr-libc.fplib
                0x00019e8e        0xc d:/atmelstudio/7.0/toolchain/avr8/avr8-gnu-toolchain/bin/../lib/gcc/avr/5.4.0/../../../../avr/lib/avr6\libm.a(fp_inf.o)
                0x00019e8e                __fp_inf
 .text.avr-libc.fplib
                0x00019e9a        0x6 d:/atmelstudio/7.0/toolchain/avr8/avr8-gnu-toolchain/bin/../lib/gcc/avr/5.4.0/../../../../avr/lib/avr6\libm.a(fp_nan.o)
                0x00019e9a                __fp_nan
 .text.avr-libc.fplib
                0x00019ea0        0xe d:/atmelstudio/7.0/toolchain/avr8/avr8-gnu-toolchain/bin/../lib/gcc/avr/5.4.0/../../../../avr/lib/avr6\libm.a(fp_pscA.o)
                0x00019ea0                __fp_pscA
 .text.avr-libc.fplib
                0x00019eae        0xe d:/atmelstudio/7.0/toolchain/avr8/avr8-gnu-toolchain/bin/../lib/gcc/avr/5.4.0/../../../../avr/lib/avr6\libm.a(fp_pscB.o)
                0x00019eae                __fp_pscB
 .text.avr-libc.fplib
                0x00019ebc       0x22 d:/atmelstudio/7.0/toolchain/avr8/avr8-gnu-toolchain/bin/../lib/gcc/avr/5.4.0/../../../../avr/lib/avr6\libm.a(fp_round.o)
                0x00019ebc                __fp_round
 .text.libgcc.mul
                0x00019ede       0x1e d:/atmelstudio/7.0/toolchain/avr8/avr8-gnu-toolchain/bin/../lib/gcc/avr/5.4.0/avr6\libgcc.a(_mulsi3.o)
                0x00019ede                __mulsi3
 .text.libgcc.div
                0x00019efc       0x26 d:/atmelstudio/7.0/toolchain/avr8/avr8-gnu-toolchain/bin/../lib/gcc/avr/5.4.0/avr6\libgcc.a(_divmodhi4.o)
                0x00019efc                _div
                0x00019efc                __divmodhi4
 .text.libgcc.div
                0x00019f22       0x44 d:/atmelstudio/7.0/toolchain/avr8/avr8-gnu-toolchain/bin/../lib/gcc/avr/5.4.0/avr6\libgcc.a(_udivmodsi4.o)
                0x00019f22                __udivmodsi4
 .text.libgcc.div
                0x00019f66       0x28 d:/atmelstudio/7.0/toolchain/avr8/avr8-gnu-toolchain/bin/../lib/gcc/avr/5.4.0/avr6\libgcc.a(_divmodsi4.o)
                0x00019f66                __divmodsi4
 .text.libgcc.div
                0x00019f8e       0x10 d:/atmelstudio/7.0/toolchain/avr8/avr8-gnu-toolchain/bin/../lib/gcc/avr/5.4.0/avr6\libgcc.a(_negsi2.o)
                0x00019f8e                __negsi2
 .text.libgcc   0x00019f9e       0x10 d:/atmelstudio/7.0/toolchain/avr8/avr8-gnu-toolchain/bin/../lib/gcc/avr/5.4.0/avr6\libgcc.a(_tablejump2.o)
                0x00019f9e                __tablejump2__
 .text.libgcc.mul
                0x00019fae       0x14 d:/atmelstudio/7.0/toolchain/avr8/avr8-gnu-toolchain/bin/../lib/gcc/avr/5.4.0/avr6\libgcc.a(_muluhisi3.o)
                0x00019fae                __muluhisi3
 .text.libgcc.mul
                0x00019fc2        0xc d:/atmelstudio/7.0/toolchain/avr8/avr8-gnu-toolchain/bin/../lib/gcc/avr/5.4.0/avr6\libgcc.a(_mulshisi3.o)
                0x00019fc2                __mulshisi3
                0x00019fc6                __mulohisi3
 .text.libgcc.div
                0x00019fce       0x28 d:/atmelstudio/7.0/toolchain/avr8/avr8-gnu-toolchain/bin/../lib/gcc/avr/5.4.0/avr6\libgcc.a(_udivmodhi4.o)
                0x00019fce                __udivmodhi4
 .text.libgcc.mul
                0x00019ff6       0x1e d:/atmelstudio/7.0/toolchain/avr8/avr8-gnu-toolchain/bin/../lib/gcc/avr/5.4.0/avr6\libgcc.a(_umulhisi3.o)
                0x00019ff6                __umulhisi3
 .text.avr-libc
                0x0001a014      0x256 d:/atmelstudio/7.0/toolchain/avr8/avr8-gnu-toolchain/bin/../lib/gcc/avr/5.4.0/../../../../avr/lib/avr6\libc.a(strtol.o)
                0x0001a014                strtol
 .text.avr-libc
                0x0001a26a       0x10 d:/atmelstudio/7.0/toolchain/avr8/avr8-gnu-toolchain/bin/../lib/gcc/avr/5.4.0/../../../../avr/lib/avr6\libc.a(isspace.o)
                0x0001a26a                isspace
 .text.avr-libc
                0x0001a27a       0x12 d:/atmelstudio/7.0/toolchain/avr8/avr8-gnu-toolchain/bin/../lib/gcc/avr/5.4.0/../../../../avr/lib/avr6\libc.a(memcpy.o)
                0x0001a27a                memcpy
 .text.avr-libc
                0x0001a28c        0xe d:/atmelstudio/7.0/toolchain/avr8/avr8-gnu-toolchain/bin/../lib/gcc/avr/5.4.0/../../../../avr/lib/avr6\libc.a(memset.o)
                0x0001a28c                memset
 .text.avr-libc
                0x0001a29a       0x12 d:/atmelstudio/7.0/toolchain/avr8/avr8-gnu-toolchain/bin/../lib/gcc/avr/5.4.0/../../../../avr/lib/avr6\libc.a(strcmp.o)
                0x0001a29a                strcmp
 .text.avr-libc
                0x0001a2ac       0x34 d:/atmelstudio/7.0/toolchain/avr8/avr8-gnu-toolchain/bin/../lib/gcc/avr/5.4.0/../../../../avr/lib/avr6\libc.a(strstr.o)
                0x0001a2ac                strstr
 .text.avr-libc
                0x0001a2e0       0x5c d:/atmelstudio/7.0/toolchain/avr8/avr8-gnu-toolchain/bin/../lib/gcc/avr/5.4.0/../../../../avr/lib/avr6\libc.a(sprintf.o)
                0x0001a2e0                sprintf
 .text.avr-libc
                0x0001a33c       0x42 d:/atmelstudio/7.0/toolchain/avr8/avr8-gnu-toolchain/bin/../lib/gcc/avr/5.4.0/../../../../avr/lib/avr6\libc.a(sscanf.o)
                0x0001a33c                sscanf
 .text.avr-libc
                0x0001a37e      0x3fa d:/atmelstudio/7.0/toolchain/avr8/avr8-gnu-toolchain/bin/../lib/gcc/avr/5.4.0/../../../../avr/lib/avr6\libc.a(vfprintf_std.o)
                0x0001a37e                vfprintf
 .text.avr-libc
                0x0001a778      0x592 d:/atmelstudio/7.0/toolchain/avr8/avr8-gnu-toolchain/bin/../lib/gcc/avr/5.4.0/../../../../avr/lib/avr6\libc.a(vfscanf_std.o)
                0x0001aadc                vfscanf
 .text.avr-libc
                0x0001ad0a        0x6 d:/atmelstudio/7.0/toolchain/avr8/avr8-gnu-toolchain/bin/../lib/gcc/avr/5.4.0/../../../../avr/lib/avr6\libc.a(cty_isfalse.o)
                0x0001ad0a                __ctype_isfalse
                0x0001ad0e                __ctype_istrue
 .text.avr-libc
                0x0001ad10       0x16 d:/atmelstudio/7.0/toolchain/avr8/avr8-gnu-toolchain/bin/../lib/gcc/avr/5.4.0/../../../../avr/lib/avr6\libc.a(strchr_P.o)
                0x0001ad10                strchr_P
 .text.avr-libc
                0x0001ad26       0x16 d:/atmelstudio/7.0/toolchain/avr8/avr8-gnu-toolchain/bin/../lib/gcc/avr/5.4.0/../../../../avr/lib/avr6\libc.a(strnlen_P.o)
                0x0001ad26                strnlen_P
 .text.avr-libc
                0x0001ad3c       0x16 d:/atmelstudio/7.0/toolchain/avr8/avr8-gnu-toolchain/bin/../lib/gcc/avr/5.4.0/../../../../avr/lib/avr6\libc.a(strnlen.o)
                0x0001ad3c                strnlen
 .text.avr-libc
                0x0001ad52       0x7c d:/atmelstudio/7.0/toolchain/avr8/avr8-gnu-toolchain/bin/../lib/gcc/avr/5.4.0/../../../../avr/lib/avr6\libc.a(fgetc.o)
                0x0001ad52                fgetc
 .text.avr-libc
                0x0001adce       0x78 d:/atmelstudio/7.0/toolchain/avr8/avr8-gnu-toolchain/bin/../lib/gcc/avr/5.4.0/../../../../avr/lib/avr6\libc.a(fputc.o)
                0x0001adce                fputc
 .text.avr-libc
                0x0001ae46       0x32 d:/atmelstudio/7.0/toolchain/avr8/avr8-gnu-toolchain/bin/../lib/gcc/avr/5.4.0/../../../../avr/lib/avr6\libc.a(ungetc.o)
                0x0001ae46                ungetc
 .text.avr-libc
                0x0001ae78       0xbc d:/atmelstudio/7.0/toolchain/avr8/avr8-gnu-toolchain/bin/../lib/gcc/avr/5.4.0/../../../../avr/lib/avr6\libc.a(ultoa_invert.o)
                0x0001ae78                __ultoa_invert
                0x0001af34                . = ALIGN (0x2)
 *(.fini9)
 .fini9         0x0001af34        0x0 d:/atmelstudio/7.0/toolchain/avr8/avr8-gnu-toolchain/bin/../lib/gcc/avr/5.4.0/avr6\libgcc.a(_exit.o)
                0x0001af34                _exit
                0x0001af34                exit
 *(.fini9)
 *(.fini8)
 *(.fini8)
 *(.fini7)
 *(.fini7)
 *(.fini6)
 *(.fini6)
 *(.fini5)
 *(.fini5)
 *(.fini4)
 *(.fini4)
 *(.fini3)
 *(.fini3)
 *(.fini2)
 *(.fini2)
 *(.fini1)
 *(.fini1)
 *(.fini0)
 .fini0         0x0001af34        0x4 d:/atmelstudio/7.0/toolchain/avr8/avr8-gnu-toolchain/bin/../lib/gcc/avr/5.4.0/avr6\libgcc.a(_exit.o)
 *(.fini0)
                0x0001af38                _etext = .

.data           0x00800200      0x392 load address 0x0001af38
                0x00800200                PROVIDE (__data_start, .)
 *(.data)
 *(.data*)
 .data.gas_boiler_setpoint_temp_integer
                0x00800200        0x1 main.o
                0x00800200                gas_boiler_setpoint_temp_integer
 .data.rx_time_gas_boiler
                0x00800201       0x14 main.o
                0x00800201                rx_time_gas_boiler
 .data.send_time
                0x00800215       0x1e main.o
                0x00800215                send_time
 .data.receive_time
                0x00800233       0x14 main.o
                0x00800233                receive_time
 .data.TX_ADDRESS2
                0x00800247        0x3 NRF24.o
                0x00800247                TX_ADDRESS2
 .data.TX_ADDRESS1
                0x0080024a        0x3 NRF24.o
                0x0080024a                TX_ADDRESS1
 .data.TX_ADDRESS0
                0x0080024d        0x3 NRF24.o
                0x0080024d                TX_ADDRESS0
 *(.gnu.linkonce.d*)
 *(.rodata)
 *(.rodata*)
 .rodata.str1.1
                0x00800250       0x51 main.o
 .rodata.str1.1
                0x008002a1        0xc NRF24.o
                                 0x15 (size before relaxing)
 .rodata.str1.1
                0x008002ad      0x2e4 WeatherStation.o
                                0x309 (size before relaxing)
 *(.gnu.linkonce.r*)
                0x00800592                . = ALIGN (0x2)
 *fill*         0x00800591        0x1 
                0x00800592                _edata = .
                0x00800592                PROVIDE (__data_end, .)

.bss            0x00800592      0x242
                0x00800592                PROVIDE (__bss_start, .)
 *(.bss)
 *(.bss*)
 .bss.Y_SIZE    0x00800592        0x2 ILI9486.o
                0x00800592                Y_SIZE
 .bss.X_SIZE    0x00800594        0x2 ILI9486.o
                0x00800594                X_SIZE
 .bss.uart_rx_count
                0x00800596        0x2 main.o
                0x00800596                uart_rx_count
 .bss.millis_update_weather
                0x00800598        0x4 main.o
                0x00800598                millis_update_weather
 .bss.setpoint_change_flag
                0x0080059c        0x1 main.o
                0x0080059c                setpoint_change_flag
 .bss.gas_boiler_rx_level
                0x0080059d        0x1 main.o
                0x0080059d                gas_boiler_rx_level
 .bss.gas_boiler_rx_counter_old
                0x0080059e        0x2 main.o
                0x0080059e                gas_boiler_rx_counter_old
 .bss.gas_boiler_rx_counter
                0x008005a0        0x2 main.o
                0x008005a0                gas_boiler_rx_counter
 .bss.gas_boiler_setpoint_change_flag
                0x008005a2        0x1 main.o
                0x008005a2                gas_boiler_setpoint_change_flag
 .bss.gas_boiler_setpoint_temp_counter
                0x008005a3        0x2 main.o
                0x008005a3                gas_boiler_setpoint_temp_counter
 .bss.gas_boiler_setpoint_temp_fraction
                0x008005a5        0x1 main.o
                0x008005a5                gas_boiler_setpoint_temp_fraction
 .bss.gas_boiler_enable_flag
                0x008005a6        0x1 main.o
                0x008005a6                gas_boiler_enable_flag
 .bss.wifi_enable_flag
                0x008005a7        0x1 main.o
                0x008005a7                wifi_enable_flag
 .bss.clock_setting_count
                0x008005a8        0x1 main.o
                0x008005a8                clock_setting_count
 .bss.clock_change_flag
                0x008005a9        0x1 main.o
                0x008005a9                clock_change_flag
 .bss.millis    0x008005aa        0x4 main.o
                0x008005aa                millis
 .bss.up_down_count
                0x008005ae        0x2 main.o
                0x008005ae                up_down_count
 .bss.DATA_TO_UART
                0x008005b0       0x50 main.o
                0x008005b0                DATA_TO_UART
 .bss.start_time
                0x00800600       0x14 main.o
                0x00800600                start_time
 .bss.wc.1710   0x00800614        0x2 mmc.o
 .bss.CardType  0x00800616        0x1 mmc.o
 .bss.rx_flag   0x00800617        0x1 NRF24.o
                0x00800617                rx_flag
 .bss.HALL_counter
                0x00800618        0x5 NRF24.o
                0x00800618                HALL_counter
 .bss.RX_BUF    0x0080061d        0x5 NRF24.o
                0x0080061d                RX_BUF
 .bss.FatFs     0x00800622        0x2 pff.o
 .bss.Press_home_to_DB
                0x00800624        0x5 WeatherStation.o
                0x00800624                Press_home_to_DB
 .bss.hum_home_to_DB
                0x00800629        0x5 WeatherStation.o
                0x00800629                hum_home_to_DB
 .bss.temp_home_to_DB
                0x0080062e        0x6 WeatherStation.o
                0x0080062e                temp_home_to_DB
 .bss.Rain_to_DB
                0x00800634        0x6 WeatherStation.o
                0x00800634                Rain_to_DB
 .bss.Vbat_to_DB
                0x0080063a        0x5 WeatherStation.o
                0x0080063a                Vbat_to_DB
 .bss.wind_direction_to_DB
                0x0080063f        0x6 WeatherStation.o
                0x0080063f                wind_direction_to_DB
 .bss.WIND_speed_to_DB
                0x00800645        0x5 WeatherStation.o
                0x00800645                WIND_speed_to_DB
 .bss.hum_street_to_DB
                0x0080064a        0x5 WeatherStation.o
                0x0080064a                hum_street_to_DB
 .bss.temp_street_to_DB
                0x0080064f        0x6 WeatherStation.o
                0x0080064f                temp_street_to_DB
 *(COMMON)
 COMMON         0x00800655       0x16 BMP180.o
                0x00800655                b2
                0x00800657                mb
                0x00800659                ac1
                0x0080065b                b1
                0x0080065d                ac6
                0x0080065f                ac5
                0x00800661                ac2
                0x00800663                md
                0x00800665                ac4
                0x00800667                mc
                0x00800669                ac3
 COMMON         0x0080066b        0x9 ILI9486.o
                0x0080066b                BACK_COLOR
                0x0080066d                POINT_COLOR
                0x0080066f                cursor_y
                0x00800671                cursor_x
                0x00800673                textsize
 COMMON         0x00800674      0x117 main.o
                0x00800674                PageAbout_Flag
                0x00800675                WiFi_PSWD
                0x00800689                AddInfoPage_Flag
                0x0080068a                WiFiInfoPage_Flag
                0x0080068b                month
                0x0080068c                WiFi_SSID
                0x008006a0                hour
                0x008006a1                GasBoilerPage_Flag
                0x008006a2                menu_flag
                0x008006a3                uart_message
                0x00800707                WiFi_IP
                0x0080071b                clock_change_mode
                0x0080071c                HomePage_Flag
                0x0080071d                min
                0x0080071e                year
                0x0080071f                sec
                0x00800720                day
                0x00800721                alarmhour
                0x00800722                date
                0x00800723                rx_count
                0x00800724                MainMenuPage_Flag
                0x00800725                uart_rx_buffer
                0x00800789                TimeSettingsPage_Flag
                0x0080078a                alarmmin
 COMMON         0x0080078b       0x18 NRF24.o
                0x0080078b                receive_counter
                0x0080078c                V_Bat_integer
                0x0080078d                street_temp_fraction
                0x0080078e                street_temp_sign
                0x0080078f                adc_value1
                0x00800795                wind_speed_fraction
                0x00800796                pipe
                0x00800797                wind_speed_integer
                0x00800798                adc_value2
                0x0080079e                V_Bat_fraction
                0x0080079f                street_temp_integer
                0x008007a0                street_hum_integer
                0x008007a2                rain
 COMMON         0x008007a3       0x2f WeatherStation.o
                0x008007a3                home_temp_fraction
                0x008007a4                pressure_home
                0x008007a6                wind_direction
                0x008007ac                home_temp_integer
                0x008007ad                T_Param
                0x008007cf                home_temp_sign
                0x008007d0                home_hum_integer
 COMMON         0x008007d2        0x2 d:/atmelstudio/7.0/toolchain/avr8/avr8-gnu-toolchain/bin/../lib/gcc/avr/5.4.0/../../../../avr/lib/avr6\libc.a(errno.o)
                0x008007d2                errno
                0x008007d4                PROVIDE (__bss_end, .)
                0x0001af38                __data_load_start = LOADADDR (.data)
                0x0001b2ca                __data_load_end = (__data_load_start + SIZEOF (.data))

.noinit         0x008007d4        0x0
                [!provide]                PROVIDE (__noinit_start, .)
 *(.noinit*)
                [!provide]                PROVIDE (__noinit_end, .)
                0x008007d4                _end = .
                [!provide]                PROVIDE (__heap_start, .)

.eeprom         0x00810000        0x0
 *(.eeprom*)
                0x00810000                __eeprom_end = .

.fuse
 *(.fuse)
 *(.lfuse)
 *(.hfuse)
 *(.efuse)

.lock
 *(.lock*)

.signature
 *(.signature*)

.user_signatures
 *(.user_signatures*)

.stab
 *(.stab)

.stabstr
 *(.stabstr)

.stab.excl
 *(.stab.excl)

.stab.exclstr
 *(.stab.exclstr)

.stab.index
 *(.stab.index)

.stab.indexstr
 *(.stab.indexstr)

.comment        0x00000000       0x5c
 *(.comment)
 .comment       0x00000000       0x30 BMP180.o
                                 0x31 (size before relaxing)
 .comment       0x00000030       0x31 DHT22.o
 .comment       0x00000030       0x31 DS18B20.o
 .comment       0x00000030       0x31 ILI9486.o
 .comment       0x00000030       0x31 main.o
 .comment       0x00000030       0x31 mmc.o
 .comment       0x00000030       0x31 NRF24.o
 .comment       0x00000030       0x31 pff.o
 .comment       0x00000030       0x31 RTC_DS3231.o
 .comment       0x00000030       0x31 TWI.o
 .comment       0x00000030       0x31 usart.o
 .comment       0x00000030       0x31 WeatherStation.o
 .comment       0x00000030       0x31 d:/atmelstudio/7.0/toolchain/avr8/avr8-gnu-toolchain/bin/../lib/gcc/avr/5.4.0/../../../../avr/lib/avr6\libc.a(strtol.o)
 .comment       0x00000030       0x31 d:/atmelstudio/7.0/toolchain/avr8/avr8-gnu-toolchain/bin/../lib/gcc/avr/5.4.0/../../../../avr/lib/avr6\libc.a(sprintf.o)
 .comment       0x00000030       0x31 d:/atmelstudio/7.0/toolchain/avr8/avr8-gnu-toolchain/bin/../lib/gcc/avr/5.4.0/../../../../avr/lib/avr6\libc.a(sscanf.o)
 .comment       0x00000030       0x2c d:/atmelstudio/7.0/toolchain/avr8/avr8-gnu-toolchain/bin/../lib/gcc/avr/5.4.0/../../../../avr/lib/avr6\libc.a(vfprintf_std.o)
                                 0x2d (size before relaxing)
 .comment       0x0000005c       0x2d d:/atmelstudio/7.0/toolchain/avr8/avr8-gnu-toolchain/bin/../lib/gcc/avr/5.4.0/../../../../avr/lib/avr6\libc.a(vfscanf_std.o)
 .comment       0x0000005c       0x2d d:/atmelstudio/7.0/toolchain/avr8/avr8-gnu-toolchain/bin/../lib/gcc/avr/5.4.0/../../../../avr/lib/avr6\libc.a(errno.o)
 .comment       0x0000005c       0x31 d:/atmelstudio/7.0/toolchain/avr8/avr8-gnu-toolchain/bin/../lib/gcc/avr/5.4.0/../../../../avr/lib/avr6\libc.a(fgetc.o)
 .comment       0x0000005c       0x31 d:/atmelstudio/7.0/toolchain/avr8/avr8-gnu-toolchain/bin/../lib/gcc/avr/5.4.0/../../../../avr/lib/avr6\libc.a(fputc.o)
 .comment       0x0000005c       0x31 d:/atmelstudio/7.0/toolchain/avr8/avr8-gnu-toolchain/bin/../lib/gcc/avr/5.4.0/../../../../avr/lib/avr6\libc.a(ungetc.o)

.note.gnu.avr.deviceinfo
                0x00000000       0x40
 .note.gnu.avr.deviceinfo
                0x00000000       0x40 D:/AtmelStudio/7.0/Packs/atmel/ATmega_DFP/1.6.364/gcc/dev/atmega2560/avr6/crtatmega2560.o

.note.gnu.build-id
 *(.note.gnu.build-id)

.debug
 *(.debug)

.line
 *(.line)

.debug_srcinfo
 *(.debug_srcinfo)

.debug_sfnames
 *(.debug_sfnames)

.debug_aranges  0x00000000      0x630
 *(.debug_aranges)
 .debug_aranges
                0x00000000       0x40 BMP180.o
 .debug_aranges
                0x00000040       0x28 DHT22.o
 .debug_aranges
                0x00000068       0x50 DS18B20.o
 .debug_aranges
                0x000000b8      0x190 ILI9486.o
 .debug_aranges
                0x00000248       0x80 main.o
 .debug_aranges
                0x000002c8       0x50 mmc.o
 .debug_aranges
                0x00000318       0x90 NRF24.o
 .debug_aranges
                0x000003a8       0xb0 pff.o
 .debug_aranges
                0x00000458       0x50 RTC_DS3231.o
 .debug_aranges
                0x000004a8       0x50 TWI.o
 .debug_aranges
                0x000004f8       0x30 usart.o
 .debug_aranges
                0x00000528      0x108 WeatherStation.o

.debug_pubnames
 *(.debug_pubnames)

.debug_info     0x00000000    0x13c7e
 *(.debug_info .gnu.linkonce.wi.*)
 .debug_info    0x00000000      0xbbc D:/AtmelStudio/7.0/Packs/atmel/ATmega_DFP/1.6.364/gcc/dev/atmega2560/avr6/crtatmega2560.o
 .debug_info    0x00000bbc      0x68f BMP180.o
 .debug_info    0x0000124b      0x304 DHT22.o
 .debug_info    0x0000154f      0x52b DS18B20.o
 .debug_info    0x00001a7a     0x3344 ILI9486.o
 .debug_info    0x00004dbe     0x1132 main.o
 .debug_info    0x00005ef0      0x62f mmc.o
 .debug_info    0x0000651f      0xdca NRF24.o
 .debug_info    0x000072e9     0x11d8 pff.o
 .debug_info    0x000084c1      0x77c RTC_DS3231.o
 .debug_info    0x00008c3d      0x198 TWI.o
 .debug_info    0x00008dd5      0x13a usart.o
 .debug_info    0x00008f0f     0xad6f WeatherStation.o

.debug_abbrev   0x00000000     0x21f2
 *(.debug_abbrev)
 .debug_abbrev  0x00000000      0xb1a D:/AtmelStudio/7.0/Packs/atmel/ATmega_DFP/1.6.364/gcc/dev/atmega2560/avr6/crtatmega2560.o
 .debug_abbrev  0x00000b1a      0x18c BMP180.o
 .debug_abbrev  0x00000ca6      0x12d DHT22.o
 .debug_abbrev  0x00000dd3      0x1ce DS18B20.o
 .debug_abbrev  0x00000fa1      0x346 ILI9486.o
 .debug_abbrev  0x000012e7      0x2dd main.o
 .debug_abbrev  0x000015c4      0x1cf mmc.o
 .debug_abbrev  0x00001793      0x27b NRF24.o
 .debug_abbrev  0x00001a0e      0x268 pff.o
 .debug_abbrev  0x00001c76      0x101 RTC_DS3231.o
 .debug_abbrev  0x00001d77       0xe1 TWI.o
 .debug_abbrev  0x00001e58       0x89 usart.o
 .debug_abbrev  0x00001ee1      0x311 WeatherStation.o

.debug_line     0x00000000     0x6ca4
 *(.debug_line .debug_line.* .debug_line_end)
 .debug_line    0x00000000      0x1fa D:/AtmelStudio/7.0/Packs/atmel/ATmega_DFP/1.6.364/gcc/dev/atmega2560/avr6/crtatmega2560.o
 .debug_line    0x000001fa      0x2db BMP180.o
 .debug_line    0x000004d5      0x1ee DHT22.o
 .debug_line    0x000006c3      0x2e7 DS18B20.o
 .debug_line    0x000009aa     0x1965 ILI9486.o
 .debug_line    0x0000230f      0xced main.o
 .debug_line    0x00002ffc      0x529 mmc.o
 .debug_line    0x00003525      0x6f4 NRF24.o
 .debug_line    0x00003c19      0xc29 pff.o
 .debug_line    0x00004842      0x2e4 RTC_DS3231.o
 .debug_line    0x00004b26      0x179 TWI.o
 .debug_line    0x00004c9f      0x137 usart.o
 .debug_line    0x00004dd6     0x1ece WeatherStation.o

.debug_frame    0x00000000     0x1c04
 *(.debug_frame)
 .debug_frame   0x00000000      0x10c BMP180.o
 .debug_frame   0x0000010c       0x40 DHT22.o
 .debug_frame   0x0000014c       0xa4 DS18B20.o
 .debug_frame   0x000001f0      0x91c ILI9486.o
 .debug_frame   0x00000b0c      0x240 main.o
 .debug_frame   0x00000d4c      0x108 mmc.o
 .debug_frame   0x00000e54      0x278 NRF24.o
 .debug_frame   0x000010cc      0x45c pff.o
 .debug_frame   0x00001528       0xa8 RTC_DS3231.o
 .debug_frame   0x000015d0       0x90 TWI.o
 .debug_frame   0x00001660       0x44 usart.o
 .debug_frame   0x000016a4      0x560 WeatherStation.o

.debug_str      0x00000000     0x19eb
 *(.debug_str)
 .debug_str     0x00000000      0x3e6 D:/AtmelStudio/7.0/Packs/atmel/ATmega_DFP/1.6.364/gcc/dev/atmega2560/avr6/crtatmega2560.o
 .debug_str     0x000003e6      0x252 BMP180.o
                                0x2a4 (size before relaxing)
 .debug_str     0x00000638       0x35 DHT22.o
                                0x200 (size before relaxing)
 .debug_str     0x0000066d       0x69 DS18B20.o
                                0x23e (size before relaxing)
 .debug_str     0x000006d6      0x60c ILI9486.o
                                0x833 (size before relaxing)
 .debug_str     0x00000ce2      0x6a7 main.o
                                0x903 (size before relaxing)
 .debug_str     0x00001389       0x98 mmc.o
                                0x22d (size before relaxing)
 .debug_str     0x00001421      0x205 NRF24.o
                                0x50f (size before relaxing)
 .debug_str     0x00001626      0x1a4 pff.o
                                0x405 (size before relaxing)
 .debug_str     0x000017ca       0x7c RTC_DS3231.o
                                0x279 (size before relaxing)
 .debug_str     0x00001846       0x1e TWI.o
                                0x1f7 (size before relaxing)
 .debug_str     0x00001864       0x2c usart.o
                                0x1cc (size before relaxing)
 .debug_str     0x00001890      0x15b WeatherStation.o
                                0xa95 (size before relaxing)

.debug_loc      0x00000000     0xa26e
 *(.debug_loc)
 .debug_loc     0x00000000      0x923 BMP180.o
 .debug_loc     0x00000923      0x291 DHT22.o
 .debug_loc     0x00000bb4      0x418 DS18B20.o
 .debug_loc     0x00000fcc     0x42db ILI9486.o
 .debug_loc     0x000052a7      0x69c main.o
 .debug_loc     0x00005943      0x75a mmc.o
 .debug_loc     0x0000609d      0xb98 NRF24.o
 .debug_loc     0x00006c35     0x1e2c pff.o
 .debug_loc     0x00008a61      0x24a RTC_DS3231.o
 .debug_loc     0x00008cab       0xb4 TWI.o
 .debug_loc     0x00008d5f       0xbf usart.o
 .debug_loc     0x00008e1e     0x1450 WeatherStation.o

.debug_macinfo
 *(.debug_macinfo)

.debug_weaknames
 *(.debug_weaknames)

.debug_funcnames
 *(.debug_funcnames)

.debug_typenames
 *(.debug_typenames)

.debug_varnames
 *(.debug_varnames)

.debug_pubtypes
 *(.debug_pubtypes)

.debug_ranges   0x00000000      0x5a0
 *(.debug_ranges)
 .debug_ranges  0x00000000       0x30 BMP180.o
 .debug_ranges  0x00000030       0x18 DHT22.o
 .debug_ranges  0x00000048       0x40 DS18B20.o
 .debug_ranges  0x00000088      0x1b0 ILI9486.o
 .debug_ranges  0x00000238       0x70 main.o
 .debug_ranges  0x000002a8       0x40 mmc.o
 .debug_ranges  0x000002e8       0x80 NRF24.o
 .debug_ranges  0x00000368       0xa0 pff.o
 .debug_ranges  0x00000408       0x40 RTC_DS3231.o
 .debug_ranges  0x00000448       0x40 TWI.o
 .debug_ranges  0x00000488       0x20 usart.o
 .debug_ranges  0x000004a8       0xf8 WeatherStation.o

.debug_macro
 *(.debug_macro)
OUTPUT(RECEIVER.elf elf32-avr)
LOAD linker stubs
