Archive member included to satisfy reference by file (symbol)

d:/atmelstudio/7.0/toolchain/avr8/avr8-gnu-toolchain/bin/../lib/gcc/avr/5.4.0/../../../../avr/lib/avr6\libm.a(fixsfsi.o)
                              WeatherStation.o (__fixsfsi)
d:/atmelstudio/7.0/toolchain/avr8/avr8-gnu-toolchain/bin/../lib/gcc/avr/5.4.0/../../../../avr/lib/avr6\libm.a(fixunssfsi.o)
                              d:/atmelstudio/7.0/toolchain/avr8/avr8-gnu-toolchain/bin/../lib/gcc/avr/5.4.0/../../../../avr/lib/avr6\libm.a(fixsfsi.o) (__fixunssfsi)
d:/atmelstudio/7.0/toolchain/avr8/avr8-gnu-toolchain/bin/../lib/gcc/avr/5.4.0/../../../../avr/lib/avr6\libm.a(floatsisf.o)
                              WeatherStation.o (__floatsisf)
d:/atmelstudio/7.0/toolchain/avr8/avr8-gnu-toolchain/bin/../lib/gcc/avr/5.4.0/../../../../avr/lib/avr6\libm.a(fp_split3.o)
                              d:/atmelstudio/7.0/toolchain/avr8/avr8-gnu-toolchain/bin/../lib/gcc/avr/5.4.0/../../../../avr/lib/avr6\libm.a(fixunssfsi.o) (__fp_splitA)
d:/atmelstudio/7.0/toolchain/avr8/avr8-gnu-toolchain/bin/../lib/gcc/avr/5.4.0/../../../../avr/lib/avr6\libm.a(fp_zero.o)
                              d:/atmelstudio/7.0/toolchain/avr8/avr8-gnu-toolchain/bin/../lib/gcc/avr/5.4.0/../../../../avr/lib/avr6\libm.a(fixunssfsi.o) (__fp_zero)
d:/atmelstudio/7.0/toolchain/avr8/avr8-gnu-toolchain/bin/../lib/gcc/avr/5.4.0/../../../../avr/lib/avr6\libm.a(mulsf3.o)
                              WeatherStation.o (__mulsf3)
d:/atmelstudio/7.0/toolchain/avr8/avr8-gnu-toolchain/bin/../lib/gcc/avr/5.4.0/../../../../avr/lib/avr6\libm.a(mulsf3x.o)
                              d:/atmelstudio/7.0/toolchain/avr8/avr8-gnu-toolchain/bin/../lib/gcc/avr/5.4.0/../../../../avr/lib/avr6\libm.a(mulsf3.o) (__mulsf3x)
d:/atmelstudio/7.0/toolchain/avr8/avr8-gnu-toolchain/bin/../lib/gcc/avr/5.4.0/../../../../avr/lib/avr6\libm.a(fp_inf.o)
                              d:/atmelstudio/7.0/toolchain/avr8/avr8-gnu-toolchain/bin/../lib/gcc/avr/5.4.0/../../../../avr/lib/avr6\libm.a(mulsf3x.o) (__fp_inf)
d:/atmelstudio/7.0/toolchain/avr8/avr8-gnu-toolchain/bin/../lib/gcc/avr/5.4.0/../../../../avr/lib/avr6\libm.a(fp_nan.o)
                              d:/atmelstudio/7.0/toolchain/avr8/avr8-gnu-toolchain/bin/../lib/gcc/avr/5.4.0/../../../../avr/lib/avr6\libm.a(mulsf3x.o) (__fp_nan)
d:/atmelstudio/7.0/toolchain/avr8/avr8-gnu-toolchain/bin/../lib/gcc/avr/5.4.0/../../../../avr/lib/avr6\libm.a(fp_pscA.o)
                              d:/atmelstudio/7.0/toolchain/avr8/avr8-gnu-toolchain/bin/../lib/gcc/avr/5.4.0/../../../../avr/lib/avr6\libm.a(mulsf3x.o) (__fp_pscA)
d:/atmelstudio/7.0/toolchain/avr8/avr8-gnu-toolchain/bin/../lib/gcc/avr/5.4.0/../../../../avr/lib/avr6\libm.a(fp_pscB.o)
                              d:/atmelstudio/7.0/toolchain/avr8/avr8-gnu-toolchain/bin/../lib/gcc/avr/5.4.0/../../../../avr/lib/avr6\libm.a(mulsf3x.o) (__fp_pscB)
d:/atmelstudio/7.0/toolchain/avr8/avr8-gnu-toolchain/bin/../lib/gcc/avr/5.4.0/../../../../avr/lib/avr6\libm.a(fp_round.o)
                              d:/atmelstudio/7.0/toolchain/avr8/avr8-gnu-toolchain/bin/../lib/gcc/avr/5.4.0/../../../../avr/lib/avr6\libm.a(mulsf3.o) (__fp_round)
d:/atmelstudio/7.0/toolchain/avr8/avr8-gnu-toolchain/bin/../lib/gcc/avr/5.4.0/avr6\libgcc.a(_mulsi3.o)
                              BMP180.o (__mulsi3)
d:/atmelstudio/7.0/toolchain/avr8/avr8-gnu-toolchain/bin/../lib/gcc/avr/5.4.0/avr6\libgcc.a(_divmodhi4.o)
                              NRF24.o (__divmodhi4)
d:/atmelstudio/7.0/toolchain/avr8/avr8-gnu-toolchain/bin/../lib/gcc/avr/5.4.0/avr6\libgcc.a(_udivmodsi4.o)
                              BMP180.o (__udivmodsi4)
d:/atmelstudio/7.0/toolchain/avr8/avr8-gnu-toolchain/bin/../lib/gcc/avr/5.4.0/avr6\libgcc.a(_divmodsi4.o)
                              BMP180.o (__divmodsi4)
d:/atmelstudio/7.0/toolchain/avr8/avr8-gnu-toolchain/bin/../lib/gcc/avr/5.4.0/avr6\libgcc.a(_negsi2.o)
                              d:/atmelstudio/7.0/toolchain/avr8/avr8-gnu-toolchain/bin/../lib/gcc/avr/5.4.0/avr6\libgcc.a(_divmodsi4.o) (__negsi2)
d:/atmelstudio/7.0/toolchain/avr8/avr8-gnu-toolchain/bin/../lib/gcc/avr/5.4.0/avr6\libgcc.a(_exit.o)
                              D:/AtmelStudio/7.0/Packs/atmel/ATmega_DFP/1.6.364/gcc/dev/atmega2560/avr6/crtatmega2560.o (exit)
d:/atmelstudio/7.0/toolchain/avr8/avr8-gnu-toolchain/bin/../lib/gcc/avr/5.4.0/avr6\libgcc.a(_tablejump2.o)
                              main.o (__tablejump2__)
d:/atmelstudio/7.0/toolchain/avr8/avr8-gnu-toolchain/bin/../lib/gcc/avr/5.4.0/avr6\libgcc.a(_copy_data.o)
                              main.o (__do_copy_data)
d:/atmelstudio/7.0/toolchain/avr8/avr8-gnu-toolchain/bin/../lib/gcc/avr/5.4.0/avr6\libgcc.a(_clear_bss.o)
                              BMP180.o (__do_clear_bss)
d:/atmelstudio/7.0/toolchain/avr8/avr8-gnu-toolchain/bin/../lib/gcc/avr/5.4.0/avr6\libgcc.a(_muluhisi3.o)
                              BMP180.o (__muluhisi3)
[...]
Memory Configuration

Name             Origin             Length             Attributes
text             0x00000000         0x00040000         xr
data             0x00800200         0x00002000         rw !x
eeprom           0x00810000         0x00001000         rw !x
fuse             0x00820000         0x00000003         rw !x
lock             0x00830000         0x00000400         rw !x
signature        0x00840000         0x00000400         rw !x
user_signatures  0x00850000         0x00000400         rw !x
*default*        0x00000000         0xffffffff

Linker script and memory map

Address of section .data set to 0x800200
LOAD D:/AtmelStudio/7.0/Packs/atmel/ATmega_DFP/1.6.364/gcc/dev/atmega2560/avr6/crtatmega2560.o
LOAD BMP180.o
LOAD DHT22.o
LOAD DS18B20.o
LOAD HTU21D.o
LOAD ILI9486.o
LOAD main.o
LOAD mmc.o
LOAD NRF24.o
LOAD pff.o
LOAD RTC_DS3231.o
LOAD SD.o
LOAD TWI.o
LOAD usart.o
LOAD WeatherStation.o
START GROUP
LOAD d:/atmelstudio/7.0/toolchain/avr8/avr8-gnu-toolchain/bin/../lib/gcc/avr/5.4.0/../../../../avr/lib/avr6\libm.a
END GROUP
START GROUP
LOAD d:/atmelstudio/7.0/toolchain/avr8/avr8-gnu-toolchain/bin/../lib/gcc/avr/5.4.0/avr6\libgcc.a
LOAD d:/atmelstudio/7.0/toolchain/avr8/avr8-gnu-toolchain/bin/../lib/gcc/avr/5.4.0/../../../../avr/lib/avr6\libm.a
LOAD d:/atmelstudio/7.0/toolchain/avr8/avr8-gnu-toolchain/bin/../lib/gcc/avr/5.4.0/../../../../avr/lib/avr6\libc.a
LOAD D:/AtmelStudio/7.0/Packs/atmel/ATmega_DFP/1.6.364/gcc/dev/atmega2560/avr6\libatmega2560.a
END GROUP
                0x00000000                __TEXT_REGION_ORIGIN__ = DEFINED (__TEXT_REGION_ORIGIN__)?__TEXT_REGION_ORIGIN__:0x0
                [0x00800200]                __DATA_REGION_ORIGIN__ = DEFINED (__DATA_REGION_ORIGIN__)?__DATA_REGION_ORIGIN__:0x800200
                [0x00040000]                __TEXT_REGION_LENGTH__ = DEFINED (__TEXT_REGION_LENGTH__)?__TEXT_REGION_LENGTH__:0x100000
                [0x00002000]                __DATA_REGION_LENGTH__ = DEFINED (__DATA_REGION_LENGTH__)?__DATA_REGION_LENGTH__:0xfe00
                [0x00001000]                __EEPROM_REGION_LENGTH__ = DEFINED (__EEPROM_REGION_LENGTH__)?__EEPROM_REGION_LENGTH__:0x10000
                [0x00000003]                __FUSE_REGION_LENGTH__ = DEFINED (__FUSE_REGION_LENGTH__)?__FUSE_REGION_LENGTH__:0x400
                0x00000400                __LOCK_REGION_LENGTH__ = DEFINED (__LOCK_REGION_LENGTH__)?__LOCK_REGION_LENGTH__:0x400
                0x00000400                __SIGNATURE_REGION_LENGTH__ = DEFINED (__SIGNATURE_REGION_LENGTH__)?__SIGNATURE_REGION_LENGTH__:0x400
                0x00000400                __USER_SIGNATURE_REGION_LENGTH__ = DEFINED (__USER_SIGNATURE_REGION_LENGTH__)?__USER_SIGNATURE_REGION_LENGTH__:0x400

.hash
 *(.hash)

.dynsym
 *(.dynsym)

.dynstr
 *(.dynstr)

.gnu.version
 *(.gnu.version)

.gnu.version_d
 *(.gnu.version_d)

.gnu.version_r
 *(.gnu.version_r)

.rel.init
 *(.rel.init)

.rela.init
 *(.rela.init)

.rel.text
 *(.rel.text)
 *(.rel.text.*)
 *(.rel.gnu.linkonce.t*)

.rela.text
 *(.rela.text)
 *(.rela.text.*)
 *(.rela.gnu.linkonce.t*)

.rel.fini
 *(.rel.fini)

.rela.fini
 *(.rela.fini)

.rel.rodata
 *(.rel.rodata)
 *(.rel.rodata.*)
 *(.rel.gnu.linkonce.r*)

.rela.rodata
 *(.rela.rodata)
 *(.rela.rodata.*)
 *(.rela.gnu.linkonce.r*)

.rel.data
 *(.rel.data)
 *(.rel.data.*)
 *(.rel.gnu.linkonce.d*)

.rela.data
 *(.rela.data)
 *(.rela.data.*)
 *(.rela.gnu.linkonce.d*)

.rel.ctors
 *(.rel.ctors)

.rela.ctors
 *(.rela.ctors)

.rel.dtors
 *(.rel.dtors)

.rela.dtors
 *(.rela.dtors)

.rel.got
 *(.rel.got)

.rela.got
 *(.rela.got)

.rel.bss
 *(.rel.bss)

.rela.bss
 *(.rela.bss)

.rel.plt
 *(.rel.plt)

.rela.plt
 *(.rela.plt)

.text           0x00000000    0x193d2
 *(.vectors)
 .vectors       0x00000000       0xe4 D:/AtmelStudio/7.0/Packs/atmel/ATmega_DFP/1.6.364/gcc/dev/atmega2560/avr6/crtatmega2560.o
                0x00000000                __vector_default
                0x00000000                __vectors
 *(.vectors)
 *(.progmem.gcc*)
 .progmem.gcc_sw_table.__vector_5
                0x000000e4       0x10 main.o
 .progmem.gcc_sw_table.__vector_7
                0x000000f4        0xe main.o
 .progmem.gcc_sw_table.__vector_8
                0x00000102        0xe main.o
 .progmem.gcc_sw_table.ModifyRTC
                0x00000110        0xe RTC_DS3231.o
 .progmem.gcc_sw_table.Convert_to_string_Clock
                0x0000011e       0x26 WeatherStation.o
 .progmem.gcc_sw_table.Print_Page_Clock_Settings
                0x00000144       0x10 WeatherStation.o
                0x00000154                . = ALIGN (0x2)
                0x00000154                __trampolines_start = .
 *(.trampolines)
 .trampolines   0x00000154        0x0 linker stubs
 *(.trampolines*)
                0x00000154                __trampolines_end = .
 *libprintf_flt.a:*(.progmem.data)
 *libc.a:*(.progmem.data)
 .progmem.data  0x00000154        0xc d:/atmelstudio/7.0/toolchain/avr8/avr8-gnu-toolchain/bin/../lib/gcc/avr/5.4.0/../../../../avr/lib/avr6\libc.a(vfscanf_std.o)
 *(.progmem*)
 .progmem.data.Syffaen40x40
                0x00000160     0x3200 ILI9486.o
                0x00000160                Syffaen40x40
 .progmem.data.Syffaen32x32
                0x00003360     0x7000 ILI9486.o
                0x00003360                Syffaen32x32
 .progmem.data.Font32x48_Num
                0x0000a360      0x9c0 ILI9486.o
                0x0000a360                Font32x48_Num
 .progmem.data.Font24x32_Clock
                0x0000ad20      0x420 ILI9486.o
                0x0000ad20                Font24x32_Clock
 .progmem.data.Consolas18x32
                0x0000b140     0x1b00 ILI9486.o
                0x0000b140                Consolas18x32
 .progmem.data.Consolas14x24
                0x0000cc40      0x444 ILI9486.o
                0x0000cc40                Consolas14x24
 .progmem.data.Consolas16x24
                0x0000d084     0x2a00 ILI9486.o
                0x0000d084                Consolas16x24
                0x0000fa84                . = ALIGN (0x2)
 *(.jumptables)
 *(.jumptables*)
 *(.lowtext)
 *(.lowtext*)
                0x0000fa84                __ctors_start = .
 *(.ctors)
                0x0000fa84                __ctors_end = .
                0x0000fa84                __dtors_start = .
 *(.dtors)
                0x0000fa84                __dtors_end = .
 SORT(*)(.ctors)
 SORT(*)(.dtors)
 *(.init0)
 .init0         0x0000fa84        0x0 D:/AtmelStudio/7.0/Packs/atmel/ATmega_DFP/1.6.364/gcc/dev/atmega2560/avr6/crtatmega2560.o
                0x0000fa84                __init
 *(.init0)
 *(.init1)
 *(.init1)
 *(.init2)
 .init2         0x0000fa84       0x10 D:/AtmelStudio/7.0/Packs/atmel/ATmega_DFP/1.6.364/gcc/dev/atmega2560/avr6/crtatmega2560.o
 *(.init2)
 *(.init3)
 *(.init3)
 *(.init4)
 .init4         0x0000fa94       0x1a d:/atmelstudio/7.0/toolchain/avr8/avr8-gnu-toolchain/bin/../lib/gcc/avr/5.4.0/avr6\libgcc.a(_copy_data.o)
                0x0000fa94                __do_copy_data
 .init4         0x0000faae       0x10 d:/atmelstudio/7.0/toolchain/avr8/avr8-gnu-toolchain/bin/../lib/gcc/avr/5.4.0/avr6\libgcc.a(_clear_bss.o)
                0x0000faae                __do_clear_bss
 *(.init4)
 *(.init5)
 *(.init5)
 *(.init6)
 *(.init6)
 *(.init7)
 *(.init7)
 *(.init8)
 *(.init8)
 *(.init9)
 .init9         0x0000fabe        0x8 D:/AtmelStudio/7.0/Packs/atmel/ATmega_DFP/1.6.364/gcc/dev/atmega2560/avr6/crtatmega2560.o
 *(.init9)
 *(.text)
 .text          0x0000fac6        0x4 D:/AtmelStudio/7.0/Packs/atmel/ATmega_DFP/1.6.364/gcc/dev/atmega2560/avr6/crtatmega2560.o
                0x0000fac6                __vector_38
                0x0000fac6                __vector_22
                0x0000fac6                __vector_28
                0x0000fac6                __vector_1
                0x0000fac6                __vector_32
                0x0000fac6                __vector_34
                0x0000fac6                __vector_24
                0x0000fac6                __vector_12
                0x0000fac6                __vector_55
                0x0000fac6                __vector_46
                0x0000fac6                __bad_interrupt
                0x0000fac6                __vector_31
                0x0000fac6                __vector_35
                0x0000fac6                __vector_39
                0x0000fac6                __vector_23
                0x0000fac6                __vector_30
                0x0000fac6                __vector_45
                0x0000fac6                __vector_25
                0x0000fac6                __vector_11
                0x0000fac6                __vector_54
                0x0000fac6                __vector_13
                0x0000fac6                __vector_19
                0x0000fac6                __vector_56
                0x0000fac6                __vector_49
                0x0000fac6                __vector_41
                0x0000fac6                __vector_43
                0x0000fac6                __vector_27
                0x0000fac6                __vector_33
                0x0000fac6                __vector_47
                0x0000fac6                __vector_52
                0x0000fac6                __vector_37
                0x0000fac6                __vector_4
                0x0000fac6                __vector_44
                0x0000fac6                __vector_51
                0x0000fac6                __vector_9
                0x0000fac6                __vector_2
                0x0000fac6                __vector_15
                0x0000fac6                __vector_36
                0x0000fac6                __vector_29
                0x0000fac6                __vector_40
                0x0000fac6                __vector_26
                0x0000fac6                __vector_48
                0x0000fac6                __vector_14
                0x0000fac6                __vector_53
                0x0000fac6                __vector_10
                0x0000fac6                __vector_50
                0x0000fac6                __vector_16
                0x0000fac6                __vector_18
                0x0000fac6                __vector_20
                0x0000fac6                __vector_42
                0x0000faca                . = ALIGN (0x2)
 *(.text.*)
 .text.Read     0x0000faca       0x4e BMP180.o
                0x0000faca                Read
 .text.BMP180_Calibration
                0x0000fb18       0x86 BMP180.o
                0x0000fb18                BMP180_Calibration
 .text.BMP180_get_temper
                0x0000fb9e       0x32 BMP180.o
                0x0000fb9e                BMP180_get_temper
 .text.BMP180_get_pressure
                0x0000fbd0       0xd6 BMP180.o
                0x0000fbd0                BMP180_get_pressure
 .text.BMP180_calculation
                0x0000fca6      0x2cc BMP180.o
                0x0000fca6                BMP180_calculation
 .text.dt_testdevice
                0x0000ff72       0x4a DS18B20.o
                0x0000ff72                dt_testdevice
 .text.dt_readbit
                0x0000ffbc       0x34 DS18B20.o
                0x0000ffbc                dt_readbit
 .text.dt_readbyte
                0x0000fff0       0x2a DS18B20.o
                0x0000fff0                dt_readbyte
 .text.dt_sendbit
                0x0001001a       0x3a DS18B20.o
                0x0001001a                dt_sendbit
 .text.dt_sendbyte
                0x00010054       0x3e DS18B20.o
                0x00010054                dt_sendbyte
 .text.dt_check
                0x00010092       0x44 DS18B20.o
                0x00010092                dt_check
 .text.ILI9486_Write8
                0x000100d6       0x14 ILI9486.o
                0x000100d6                ILI9486_Write8
 .text.ILI9486_Write16
                0x000100ea       0x10 ILI9486.o
                0x000100ea                ILI9486_Write16
 .text.ILI9486_SendCommand
                0x000100fa       0x1c ILI9486.o
                0x000100fa                ILI9486_SendCommand
 .text.ILI9486_SendData
                0x00010116        0xe ILI9486.o
                0x00010116                ILI9486_SendData
 .text.ILI9486_Write_Cmd_Data
                0x00010124       0x2a ILI9486.o
                0x00010124                ILI9486_Write_Cmd_Data
 .text.ILI9486_reset
                0x0001014e       0x6e ILI9486.o
                0x0001014e                ILI9486_reset
 .text.ILI9486_SetRotation
                0x000101bc       0xa8 ILI9486.o
                0x000101bc                ILI9486_SetRotation
 .text.ILI9486_ini
                0x00010264      0x326 ILI9486.o
                0x00010264                ILI9486_ini
 .text.ILI9486_SetAddrWindow
                0x0001058a       0xba ILI9486.o
                0x0001058a                ILI9486_SetAddrWindow
 .text.ILI9486_drawPixel
                0x00010644       0x1a ILI9486.o
                0x00010644                ILI9486_drawPixel
 .text.ILI9486_FillScreen
                0x0001065e       0xb6 ILI9486.o
                0x0001065e                ILI9486_FillScreen
 .text.ILI9486_fillRect
                0x00010714       0xde ILI9486.o
                0x00010714                ILI9486_fillRect
 .text.ILI9486_DrawFastVLine
                0x000107f2       0x4a ILI9486.o
                0x000107f2                ILI9486_DrawFastVLine
 .text.ILI9486_DrawFastHLine
                0x0001083c       0x48 ILI9486.o
                0x0001083c                ILI9486_DrawFastHLine
 .text.ILI9486_writeLine
                0x00010884      0x14e ILI9486.o
                0x00010884                ILI9486_writeLine
 .text.ILI9486_Draw_Line
                0x000109d2       0x56 ILI9486.o
                0x000109d2                ILI9486_Draw_Line
 .text.ILI9486_Draw_Circle
                0x00010a28      0x19a ILI9486.o
                0x00010a28                ILI9486_Draw_Circle
 .text.ILI9486_fillCircleHelper
                0x00010bc2      0x152 ILI9486.o
                0x00010bc2                ILI9486_fillCircleHelper
 .text.ILI9486_fillCircle
                0x00010d14       0x4e ILI9486.o
                0x00010d14                ILI9486_fillCircle
 .text.ILI9486_DrawRect
                0x00010d62       0x62 ILI9486.o
                0x00010d62                ILI9486_DrawRect
 .text.ILI9486_fillTriangle
                0x00010dc4      0x32a ILI9486.o
                0x00010dc4                ILI9486_fillTriangle
 .text.ILI9486_SetTextColor
                0x000110ee       0x12 ILI9486.o
                0x000110ee                ILI9486_SetTextColor
 .text.ILI9486_Print_Char14x24
                0x00011100      0x16e ILI9486.o
                0x00011100                ILI9486_Print_Char14x24
 .text.ILI9486_Print_Char18x32
                0x0001126e      0x16c ILI9486.o
                0x0001126e                ILI9486_Print_Char18x32
 .text.ILI9486_Print_ConsolasChar16x24
                0x000113da      0x162 ILI9486.o
                0x000113da                ILI9486_Print_ConsolasChar16x24
 .text.ILI9486_Print_Char32x32
                0x0001153c      0x160 ILI9486.o
                0x0001153c                ILI9486_Print_Char32x32
 .text.ILI9486_Print_Char24x32
                0x0001169c      0x16c ILI9486.o
                0x0001169c                ILI9486_Print_Char24x32
 .text.ILI9486_Print_Char32x48
                0x00011808      0x17a ILI9486.o
                0x00011808                ILI9486_Print_Char32x48
 .text.ILI9486_Print_Char40x40
                0x00011982      0x17a ILI9486.o
                0x00011982                ILI9486_Print_Char40x40
 .text.ILI9486_SetCursor
                0x00011afc       0x12 ILI9486.o
                0x00011afc                ILI9486_SetCursor
 .text.ILI9486_Print_String40x40
                0x00011b0e       0xe2 ILI9486.o
                0x00011b0e                ILI9486_Print_String40x40
 .text.ILI9486_Print_String18x32
                0x00011bf0       0xe2 ILI9486.o
                0x00011bf0                ILI9486_Print_String18x32
 .text.ILI9486_Print_StringConsolas16x24
                0x00011cd2       0xe2 ILI9486.o
                0x00011cd2                ILI9486_Print_StringConsolas16x24
 .text.ILI9486_Print_String32x32
                0x00011db4       0xe2 ILI9486.o
                0x00011db4                ILI9486_Print_String32x32
 .text.ILI9486_Print_String24x32
                0x00011e96       0xe2 ILI9486.o
                0x00011e96                ILI9486_Print_String24x32
 .text.ILI9486_Print_String32x48
                0x00011f78       0xe2 ILI9486.o
                0x00011f78                ILI9486_Print_String32x48
 .text.ILI9486_Print_String14x24
                0x0001205a       0xe4 ILI9486.o
                0x0001205a                ILI9486_Print_String14x24
 .text.ILI9486_Draw_Image
                0x0001213e      0x2be ILI9486.o
                0x0001213e                ILI9486_Draw_Image
 .text.timer1_ini
                0x000123fc       0x28 main.o
                0x000123fc                timer1_ini
 .text.timer0_ini
                0x00012424       0x1c main.o
                0x00012424                timer0_ini
 .text.__vector_17
                0x00012440       0x4a main.o
                0x00012440                __vector_17
 .text.__vector_21
                0x0001248a       0x14 main.o
                0x0001248a                __vector_21
 .text.__vector_5
                0x0001249e      0x274 main.o
                0x0001249e                __vector_5
 .text.__vector_6
                0x00012712       0x58 main.o
                0x00012712                __vector_6
 .text.__vector_7
                0x0001276a      0x168 main.o
                0x0001276a                __vector_7
 .text.__vector_8
                0x000128d2      0x156 main.o
                0x000128d2                __vector_8
 .text.SPI_init
                0x00012a28       0x18 main.o
                0x00012a28                SPI_init
 .text.port_init
                0x00012a40       0x78 main.o
                0x00012a40                port_init
 .text.spi_send_recv
                0x00012ab8        0xc main.o
                0x00012ab8                spi_send_recv
 .text.main     0x00012ac4      0x440 main.o
                0x00012ac4                main
 .text.xmit_spi
                0x00012f04       0x3a mmc.o
                0x00012f04                xmit_spi
 .text.rcv_spi  0x00012f3e       0x38 mmc.o
                0x00012f3e                rcv_spi
 .text.send_cmd
                0x00012f76       0x86 mmc.o
 .text.release_spi
                0x00012ffc        0x4 mmc.o
 .text.disk_readp
                0x00013000       0xb2 mmc.o
                0x00013000                disk_readp
 .text.disk_writep
                0x000130b2       0xe4 mmc.o
                0x000130b2                disk_writep
 .text.disk_initialize
                0x00013196      0x1ac mmc.o
                0x00013196                disk_initialize
 .text.NRF24L01_Receive
                0x00013342      0x490 NRF24.o
                0x00013342                NRF24L01_Receive
 .text.NRF24_FlushRX
                0x000137d2       0x1a NRF24.o
                0x000137d2                NRF24_FlushRX
 .text.NRF24_FlushTX
                0x000137ec       0x1a NRF24.o
                0x000137ec                NRF24_FlushTX
 .text.NRF24_ToggleFeatures
                0x00013806       0x1e NRF24.o
                0x00013806                NRF24_ToggleFeatures
 .text.NRF24_Read_Buf
                0x00013824       0x4a NRF24.o
                0x00013824                NRF24_Read_Buf
 .text.NRF24_Write_Buf
                0x0001386e       0x52 NRF24.o
                0x0001386e                NRF24_Write_Buf
 .text.nRF_write_register
                0x000138c0       0x1c NRF24.o
                0x000138c0                nRF_write_register
 .text.nRF_read_register
                0x000138dc       0x20 NRF24.o
                0x000138dc                nRF_read_register
 .text.__vector_3
                0x000138fc       0x76 NRF24.o
                0x000138fc                __vector_3
 .text.NRF24L01_RX_Mode
                0x00013972       0x24 NRF24.o
                0x00013972                NRF24L01_RX_Mode
 .text.NRF24_ini
                0x00013996       0x7a NRF24.o
                0x00013996                NRF24_ini
 .text.mem_set  0x00013a10       0x14 pff.o
 .text.mem_cmp  0x00013a24       0x3a pff.o
 .text.clust2sect
                0x00013a5e       0x56 pff.o
 .text.dir_rewind
                0x00013ab4       0x9a pff.o
 .text.create_name
                0x00013b4e       0x8a pff.o
 .text.check_fs
                0x00013bd8       0x8e pff.o
 .text.get_fat  0x00013c66      0x228 pff.o
 .text.dir_next
                0x00013e8e       0xfc pff.o
 .text.dir_find
                0x00013f8a       0x9c pff.o
 .text.follow_path
                0x00014026       0xee pff.o
 .text.pf_mount
                0x00014114      0x26a pff.o
                0x00014114                pf_mount
 .text.pf_open  0x0001437e       0xb6 pff.o
                0x0001437e                pf_open
 .text.pf_read  0x00014434      0x1de pff.o
                0x00014434                pf_read
 .text.RTC_ConvertFromBinDec
                0x00014612       0x26 RTC_DS3231.o
                0x00014612                RTC_ConvertFromBinDec
 .text.RTC_ConvertFromDec
                0x00014638       0x16 RTC_DS3231.o
                0x00014638                RTC_ConvertFromDec
 .text.RTC_init
                0x0001464e       0x16 RTC_DS3231.o
                0x0001464e                RTC_init
 .text.ModifyRTC
                0x00014664      0x156 RTC_DS3231.o
                0x00014664                ModifyRTC
 .text.I2C_Init
                0x000147ba        0x8 TWI.o
                0x000147ba                I2C_Init
 .text.I2C_StartCondition
                0x000147c2       0x10 TWI.o
                0x000147c2                I2C_StartCondition
 .text.I2C_StopCondition
                0x000147d2        0x8 TWI.o
                0x000147d2                I2C_StopCondition
 .text.I2C_SendByte
                0x000147da       0x14 TWI.o
                0x000147da                I2C_SendByte
 .text.I2C_ReadByte
                0x000147ee       0x14 TWI.o
                0x000147ee                I2C_ReadByte
 .text.I2C_ReadLastByte
                0x00014802       0x14 TWI.o
                0x00014802                I2C_ReadLastByte
 .text.USART_Init
                0x00014816       0x28 usart.o
                0x00014816                USART_Init
 .text.Print_Hello_World
                0x0001483e       0x4e WeatherStation.o
                0x0001483e                Print_Hello_World
 .text.Print_Boards_Main
                0x0001488c      0x9a4 WeatherStation.o
                0x0001488c                Print_Boards_Main
 .text.Print_Menu_Page_Static
                0x00015230       0x96 WeatherStation.o
                0x00015230                Print_Menu_Page_Static
 .text.Print_Menu_Page
                0x000152c6      0x482 WeatherStation.o
                0x000152c6                Print_Menu_Page
 .text.Print_Page_About
                0x00015748       0x88 WeatherStation.o
                0x00015748                Print_Page_About
 .text.Print_Page_Dop_Info_Static
                0x000157d0       0xec WeatherStation.o
                0x000157d0                Print_Page_Dop_Info_Static
 .text.Print_Page_Dop_Info
                0x000158bc       0x2e WeatherStation.o
                0x000158bc                Print_Page_Dop_Info
 .text.DrawWeatherVane
                0x000158ea      0x412 WeatherStation.o
                0x000158ea                DrawWeatherVane
 .text.Print_Static_Home_Page
                0x00015cfc      0x18a WeatherStation.o
                0x00015cfc                Print_Static_Home_Page
 .text.DrawLevelNrf
                0x00015e86      0x1a0 WeatherStation.o
                0x00015e86                DrawLevelNrf
 .text.DrawWindDirect
                0x00016026      0x300 WeatherStation.o
                0x00016026                DrawWindDirect
 .text.Print_Home_Page_Out
                0x00016326      0x4fe WeatherStation.o
                0x00016326                Print_Home_Page_Out
 .text.Convert_to_string_Clock
                0x00016824      0x3ea WeatherStation.o
                0x00016824                Convert_to_string_Clock
 .text.Print_Page_Clock_Settings
                0x00016c0e      0xb72 WeatherStation.o
                0x00016c0e                Print_Page_Clock_Settings
 .text.Clock    0x00017780       0x7a WeatherStation.o
                0x00017780                Clock
 .text.Print_Home_Page_In
                0x000177fa      0x46c WeatherStation.o
                0x000177fa                Print_Home_Page_In
 .text.Print_Page_Clock_Settings_Static
                0x00017c66      0x15e WeatherStation.o
                0x00017c66                Print_Page_Clock_Settings_Static
 .text.RAIN_AMOUNT
                0x00017dc4       0x74 WeatherStation.o
                0x00017dc4                RAIN_AMOUNT
 .text.V_BAT    0x00017e38       0x64 WeatherStation.o
                0x00017e38                V_BAT
 .text.wind_speed
                0x00017e9c       0x6e WeatherStation.o
                0x00017e9c                wind_speed
 .text.Print_Home_Page_WeatherForecast
                0x00017f0a      0x1d8 WeatherStation.o
                0x00017f0a                Print_Home_Page_WeatherForecast
 .text.sprintf_HOME_Weath_Param
                0x000180e2       0x98 WeatherStation.o
                0x000180e2                sprintf_HOME_Weath_Param
 .text.avr-libc.fplib
                0x0001817a        0xa d:/atmelstudio/7.0/toolchain/avr8/avr8-gnu-toolchain/bin/../lib/gcc/avr/5.4.0/../../../../avr/lib/avr6\libm.a(fixsfsi.o)
                0x0001817a                __fixsfsi
 .text.avr-libc.fplib
                0x00018184       0x58 d:/atmelstudio/7.0/toolchain/avr8/avr8-gnu-toolchain/bin/../lib/gcc/avr/5.4.0/../../../../avr/lib/avr6\libm.a(fixunssfsi.o)
                0x00018184                __fixunssfsi
 .text.avr-libc.fplib
                0x000181dc       0x7a d:/atmelstudio/7.0/toolchain/avr8/avr8-gnu-toolchain/bin/../lib/gcc/avr/5.4.0/../../../../avr/lib/avr6\libm.a(floatsisf.o)
                0x000181dc                __floatunsisf
                0x000181e0                __floatsisf
 .text.avr-libc.fplib
                0x00018256       0x44 d:/atmelstudio/7.0/toolchain/avr8/avr8-gnu-toolchain/bin/../lib/gcc/avr/5.4.0/../../../../avr/lib/avr6\libm.a(fp_split3.o)
                0x00018256                __fp_split3
                0x00018266                __fp_splitA
 .text.avr-libc.fplib
                0x0001829a        0xe d:/atmelstudio/7.0/toolchain/avr8/avr8-gnu-toolchain/bin/../lib/gcc/avr/5.4.0/../../../../avr/lib/avr6\libm.a(fp_zero.o)
                0x0001829a                __fp_zero
                0x0001829c                __fp_szero
 .text.avr-libc.fplib
                0x000182a8        0x4 d:/atmelstudio/7.0/toolchain/avr8/avr8-gnu-toolchain/bin/../lib/gcc/avr/5.4.0/../../../../avr/lib/avr6\libm.a(mulsf3.o)
                0x000182a8                __mulsf3
 .text.avr-libc.fplib
                0x000182ac       0xc2 d:/atmelstudio/7.0/toolchain/avr8/avr8-gnu-toolchain/bin/../lib/gcc/avr/5.4.0/../../../../avr/lib/avr6\libm.a(mulsf3x.o)
                0x000182c0                __mulsf3x
                0x000182c4                __mulsf3_pse
 .text.avr-libc.fplib
                0x0001836e        0xc d:/atmelstudio/7.0/toolchain/avr8/avr8-gnu-toolchain/bin/../lib/gcc/avr/5.4.0/../../../../avr/lib/avr6\libm.a(fp_inf.o)
                0x0001836e                __fp_inf
 .text.avr-libc.fplib
                0x0001837a        0x6 d:/atmelstudio/7.0/toolchain/avr8/avr8-gnu-toolchain/bin/../lib/gcc/avr/5.4.0/../../../../avr/lib/avr6\libm.a(fp_nan.o)
                0x0001837a                __fp_nan
 .text.avr-libc.fplib
                0x00018380        0xe d:/atmelstudio/7.0/toolchain/avr8/avr8-gnu-toolchain/bin/../lib/gcc/avr/5.4.0/../../../../avr/lib/avr6\libm.a(fp_pscA.o)
                0x00018380                __fp_pscA
 .text.avr-libc.fplib
                0x0001838e        0xe d:/atmelstudio/7.0/toolchain/avr8/avr8-gnu-toolchain/bin/../lib/gcc/avr/5.4.0/../../../../avr/lib/avr6\libm.a(fp_pscB.o)
                0x0001838e                __fp_pscB
 .text.avr-libc.fplib
                0x0001839c       0x22 d:/atmelstudio/7.0/toolchain/avr8/avr8-gnu-toolchain/bin/../lib/gcc/avr/5.4.0/../../../../avr/lib/avr6\libm.a(fp_round.o)
                0x0001839c                __fp_round
 .text.libgcc.mul
                0x000183be       0x1e d:/atmelstudio/7.0/toolchain/avr8/avr8-gnu-toolchain/bin/../lib/gcc/avr/5.4.0/avr6\libgcc.a(_mulsi3.o)
                0x000183be                __mulsi3
 .text.libgcc.div
                0x000183dc       0x26 d:/atmelstudio/7.0/toolchain/avr8/avr8-gnu-toolchain/bin/../lib/gcc/avr/5.4.0/avr6\libgcc.a(_divmodhi4.o)
                0x000183dc                _div
                0x000183dc                __divmodhi4
 .text.libgcc.div
                0x00018402       0x44 d:/atmelstudio/7.0/toolchain/avr8/avr8-gnu-toolchain/bin/../lib/gcc/avr/5.4.0/avr6\libgcc.a(_udivmodsi4.o)
                0x00018402                __udivmodsi4
 .text.libgcc.div
                0x00018446       0x28 d:/atmelstudio/7.0/toolchain/avr8/avr8-gnu-toolchain/bin/../lib/gcc/avr/5.4.0/avr6\libgcc.a(_divmodsi4.o)
                0x00018446                __divmodsi4
 .text.libgcc.div
                0x0001846e       0x10 d:/atmelstudio/7.0/toolchain/avr8/avr8-gnu-toolchain/bin/../lib/gcc/avr/5.4.0/avr6\libgcc.a(_negsi2.o)
                0x0001846e                __negsi2
 .text.libgcc   0x0001847e       0x10 d:/atmelstudio/7.0/toolchain/avr8/avr8-gnu-toolchain/bin/../lib/gcc/avr/5.4.0/avr6\libgcc.a(_tablejump2.o)
                0x0001847e                __tablejump2__
 .text.libgcc.mul
                0x0001848e       0x14 d:/atmelstudio/7.0/toolchain/avr8/avr8-gnu-toolchain/bin/../lib/gcc/avr/5.4.0/avr6\libgcc.a(_muluhisi3.o)
                0x0001848e                __muluhisi3
 .text.libgcc.mul
                0x000184a2        0xc d:/atmelstudio/7.0/toolchain/avr8/avr8-gnu-toolchain/bin/../lib/gcc/avr/5.4.0/avr6\libgcc.a(_mulshisi3.o)
                0x000184a2                __mulshisi3
                0x000184a6                __mulohisi3
 .text.libgcc.div
                0x000184ae       0x28 d:/atmelstudio/7.0/toolchain/avr8/avr8-gnu-toolchain/bin/../lib/gcc/avr/5.4.0/avr6\libgcc.a(_udivmodhi4.o)
                0x000184ae                __udivmodhi4
 .text.libgcc.mul
                0x000184d6       0x1e d:/atmelstudio/7.0/toolchain/avr8/avr8-gnu-toolchain/bin/../lib/gcc/avr/5.4.0/avr6\libgcc.a(_umulhisi3.o)
                0x000184d6                __umulhisi3
 .text.avr-libc
                0x000184f4      0x256 d:/atmelstudio/7.0/toolchain/avr8/avr8-gnu-toolchain/bin/../lib/gcc/avr/5.4.0/../../../../avr/lib/avr6\libc.a(strtol.o)
                0x000184f4                strtol
 .text.avr-libc
                0x0001874a       0x10 d:/atmelstudio/7.0/toolchain/avr8/avr8-gnu-toolchain/bin/../lib/gcc/avr/5.4.0/../../../../avr/lib/avr6\libc.a(isspace.o)
                0x0001874a                isspace
 .text.avr-libc
                0x0001875a        0xe d:/atmelstudio/7.0/toolchain/avr8/avr8-gnu-toolchain/bin/../lib/gcc/avr/5.4.0/../../../../avr/lib/avr6\libc.a(memset.o)
                0x0001875a                memset
 .text.avr-libc
                0x00018768       0x12 d:/atmelstudio/7.0/toolchain/avr8/avr8-gnu-toolchain/bin/../lib/gcc/avr/5.4.0/../../../../avr/lib/avr6\libc.a(strcmp.o)
                0x00018768                strcmp
 .text.avr-libc
                0x0001877a       0x5c d:/atmelstudio/7.0/toolchain/avr8/avr8-gnu-toolchain/bin/../lib/gcc/avr/5.4.0/../../../../avr/lib/avr6\libc.a(sprintf.o)
                0x0001877a                sprintf
 .text.avr-libc
                0x000187d6       0x42 d:/atmelstudio/7.0/toolchain/avr8/avr8-gnu-toolchain/bin/../lib/gcc/avr/5.4.0/../../../../avr/lib/avr6\libc.a(sscanf.o)
                0x000187d6                sscanf
 .text.avr-libc
                0x00018818      0x3fa d:/atmelstudio/7.0/toolchain/avr8/avr8-gnu-toolchain/bin/../lib/gcc/avr/5.4.0/../../../../avr/lib/avr6\libc.a(vfprintf_std.o)
                0x00018818                vfprintf
 .text.avr-libc
                0x00018c12      0x592 d:/atmelstudio/7.0/toolchain/avr8/avr8-gnu-toolchain/bin/../lib/gcc/avr/5.4.0/../../../../avr/lib/avr6\libc.a(vfscanf_std.o)
                0x00018f76                vfscanf
 .text.avr-libc
                0x000191a4        0x6 d:/atmelstudio/7.0/toolchain/avr8/avr8-gnu-toolchain/bin/../lib/gcc/avr/5.4.0/../../../../avr/lib/avr6\libc.a(cty_isfalse.o)
                0x000191a4                __ctype_isfalse
                0x000191a8                __ctype_istrue
 .text.avr-libc
                0x000191aa       0x16 d:/atmelstudio/7.0/toolchain/avr8/avr8-gnu-toolchain/bin/../lib/gcc/avr/5.4.0/../../../../avr/lib/avr6\libc.a(strchr_P.o)
                0x000191aa                strchr_P
 .text.avr-libc
                0x000191c0       0x16 d:/atmelstudio/7.0/toolchain/avr8/avr8-gnu-toolchain/bin/../lib/gcc/avr/5.4.0/../../../../avr/lib/avr6\libc.a(strnlen_P.o)
                0x000191c0                strnlen_P
 .text.avr-libc
                0x000191d6       0x16 d:/atmelstudio/7.0/toolchain/avr8/avr8-gnu-toolchain/bin/../lib/gcc/avr/5.4.0/../../../../avr/lib/avr6\libc.a(strnlen.o)
                0x000191d6                strnlen
 .text.avr-libc
                0x000191ec       0x7c d:/atmelstudio/7.0/toolchain/avr8/avr8-gnu-toolchain/bin/../lib/gcc/avr/5.4.0/../../../../avr/lib/avr6\libc.a(fgetc.o)
                0x000191ec                fgetc
 .text.avr-libc
                0x00019268       0x78 d:/atmelstudio/7.0/toolchain/avr8/avr8-gnu-toolchain/bin/../lib/gcc/avr/5.4.0/../../../../avr/lib/avr6\libc.a(fputc.o)
                0x00019268                fputc
 .text.avr-libc
                0x000192e0       0x32 d:/atmelstudio/7.0/toolchain/avr8/avr8-gnu-toolchain/bin/../lib/gcc/avr/5.4.0/../../../../avr/lib/avr6\libc.a(ungetc.o)
                0x000192e0                ungetc
 .text.avr-libc
                0x00019312       0xbc d:/atmelstudio/7.0/toolchain/avr8/avr8-gnu-toolchain/bin/../lib/gcc/avr/5.4.0/../../../../avr/lib/avr6\libc.a(ultoa_invert.o)
                0x00019312                __ultoa_invert
                0x000193ce                . = ALIGN (0x2)
 *(.fini9)
 .fini9         0x000193ce        0x0 d:/atmelstudio/7.0/toolchain/avr8/avr8-gnu-toolchain/bin/../lib/gcc/avr/5.4.0/avr6\libgcc.a(_exit.o)
                0x000193ce                _exit
                0x000193ce                exit
 *(.fini9)
 *(.fini8)
 *(.fini8)
 *(.fini7)
 *(.fini7)
 *(.fini6)
 *(.fini6)
 *(.fini5)
 *(.fini5)
 *(.fini4)
 *(.fini4)
 *(.fini3)
 *(.fini3)
 *(.fini2)
 *(.fini2)
 *(.fini1)
 *(.fini1)
 *(.fini0)
 .fini0         0x000193ce        0x4 d:/atmelstudio/7.0/toolchain/avr8/avr8-gnu-toolchain/bin/../lib/gcc/avr/5.4.0/avr6\libgcc.a(_exit.o)
 *(.fini0)
                0x000193d2                _etext = .

.data           0x00800200      0x270 load address 0x000193d2
                0x00800200                PROVIDE (__data_start, .)
 *(.data)
 *(.data*)
 .data.send_time
                0x00800200       0x1e main.o
                0x00800200                send_time
 .data.receive_time
                0x0080021e       0x14 main.o
                0x0080021e                receive_time
 .data.TX_ADDRESS
                0x00800232        0x3 NRF24.o
                0x00800232                TX_ADDRESS
 *(.gnu.linkonce.d*)
 *(.rodata)
 *(.rodata*)
 .rodata.str1.1
                0x00800235       0x17 main.o
 .rodata.str1.1
                0x0080024c        0xc NRF24.o
                                 0x15 (size before relaxing)
 .rodata.str1.1
                0x00800258      0x218 WeatherStation.o
                                0x230 (size before relaxing)
 *(.gnu.linkonce.r*)
                0x00800470                . = ALIGN (0x2)
                0x00800470                _edata = .
                0x00800470                PROVIDE (__data_end, .)

.bss            0x00800470       0xc8
                0x00800470                PROVIDE (__bss_start, .)
 *(.bss)
 *(.bss*)
 .bss.Y_SIZE    0x00800470        0x2 ILI9486.o
                0x00800470                Y_SIZE
 .bss.X_SIZE    0x00800472        0x2 ILI9486.o
                0x00800472                X_SIZE
 .bss.clock_setting_count
                0x00800474        0x1 main.o
                0x00800474                clock_setting_count
 .bss.clock_change_flag
                0x00800475        0x1 main.o
                0x00800475                clock_change_flag
 .bss.millis    0x00800476        0x4 main.o
                0x00800476                millis
 .bss.up_down_count
                0x0080047a        0x2 main.o
                0x0080047a                up_down_count
 .bss.start_time
                0x0080047c       0x14 main.o
                0x0080047c                start_time
 .bss.wc.1710   0x00800490        0x2 mmc.o
 .bss.CardType  0x00800492        0x1 mmc.o
 .bss.rx_flag   0x00800493        0x1 NRF24.o
                0x00800493                rx_flag
 .bss.HALL_counter
                0x00800494        0x5 NRF24.o
                0x00800494                HALL_counter
 .bss.RX_BUF    0x00800499        0x5 NRF24.o
                0x00800499                RX_BUF
 .bss.FatFs     0x0080049e        0x2 pff.o
 .bss.Rain_to_DB
                0x008004a0        0x6 WeatherStation.o
                0x008004a0                Rain_to_DB
 .bss.Vbat_to_DB
                0x008004a6        0x5 WeatherStation.o
                0x008004a6                Vbat_to_DB
 .bss.wind_direction_to_DB
                0x008004ab        0x6 WeatherStation.o
                0x008004ab                wind_direction_to_DB
 .bss.WIND_speed_to_DB
                0x008004b1        0x5 WeatherStation.o
                0x008004b1                WIND_speed_to_DB
 .bss.hum_street_to_DB
                0x008004b6        0x5 WeatherStation.o
                0x008004b6                hum_street_to_DB
 .bss.temp_street_to_DB
                0x008004bb        0x6 WeatherStation.o
                0x008004bb                temp_street_to_DB
 *(COMMON)
 COMMON         0x008004c1       0x16 BMP180.o
                0x008004c1                b2
                0x008004c3                mb
                0x008004c5                ac1
                0x008004c7                b1
                0x008004c9                ac6
                0x008004cb                ac5
                0x008004cd                ac2
                0x008004cf                md
                0x008004d1                ac4
                0x008004d3                mc
                0x008004d5                ac3
 COMMON         0x008004d7        0x9 ILI9486.o
                0x008004d7                BACK_COLOR
                0x008004d9                POINT_COLOR
                0x008004db                cursor_y
                0x008004dd                cursor_x
                0x008004df                textsize
 COMMON         0x008004e0       0x10 main.o
                0x008004e0                PageAbout_Flag
                0x008004e1                AddInfoPage_Flag
                0x008004e2                month
                0x008004e3                hour
                0x008004e4                menu_flag
                0x008004e5                clock_change_mode
                0x008004e6                HomePage_Flag
                0x008004e7                min
                0x008004e8                year
                0x008004e9                sec
                0x008004ea                day
                0x008004eb                alarmhour
                0x008004ec                date
                0x008004ed                MainMenuPage_Flag
                0x008004ee                TimeSettingsPage_Flag
                0x008004ef                alarmmin
 COMMON         0x008004f0       0x17 NRF24.o
                0x008004f0                receive_counter
                0x008004f1                V_Bat_integer
                0x008004f2                street_temp_fraction
                0x008004f3                street_temp_sign
                0x008004f4                adc_value1
                0x008004fa                wind_speed_fraction
                0x008004fb                wind_speed_integer
                0x008004fc                adc_value2
                0x00800502                V_Bat_fraction
                0x00800503                street_temp_integer
                0x00800504                street_hum_integer
                0x00800506                rain
 COMMON         0x00800507       0x2f WeatherStation.o
                0x00800507                home_temp_fraction
                0x00800508                pressure_home
                0x0080050a                wind_direction
                0x00800510                home_temp_integer
                0x00800511                T_Param
                0x00800533                home_temp_sign
                0x00800534                home_hum_integer
 COMMON         0x00800536        0x2 d:/atmelstudio/7.0/toolchain/avr8/avr8-gnu-toolchain/bin/../lib/gcc/avr/5.4.0/../../../../avr/lib/avr6\libc.a(errno.o)
                0x00800536                errno
                0x00800538                PROVIDE (__bss_end, .)
                0x000193d2                __data_load_start = LOADADDR (.data)
                0x00019642                __data_load_end = (__data_load_start + SIZEOF (.data))

.noinit         0x00800538        0x0
                [!provide]                PROVIDE (__noinit_start, .)
 *(.noinit*)
                [!provide]                PROVIDE (__noinit_end, .)
                0x00800538                _end = .
                [!provide]                PROVIDE (__heap_start, .)

.eeprom         0x00810000        0x0
 *(.eeprom*)
                0x00810000                __eeprom_end = .

.fuse
 *(.fuse)
 *(.lfuse)
 *(.hfuse)
 *(.efuse)

.lock
 *(.lock*)

.signature
 *(.signature*)

.user_signatures
 *(.user_signatures*)

.stab
 *(.stab)

.stabstr
 *(.stabstr)

.stab.excl
 *(.stab.excl)

.stab.exclstr
 *(.stab.exclstr)

.stab.index
 *(.stab.index)

.stab.indexstr
 *(.stab.indexstr)

.comment        0x00000000       0x5c
 *(.comment)
 .comment       0x00000000       0x30 BMP180.o
                                 0x31 (size before relaxing)
 .comment       0x00000030       0x31 DS18B20.o
 .comment       0x00000030       0x31 ILI9486.o
 .comment       0x00000030       0x31 main.o
 .comment       0x00000030       0x31 mmc.o
 .comment       0x00000030       0x31 NRF24.o
 .comment       0x00000030       0x31 pff.o
 .comment       0x00000030       0x31 RTC_DS3231.o
 .comment       0x00000030       0x31 TWI.o
 .comment       0x00000030       0x31 usart.o
 .comment       0x00000030       0x31 WeatherStation.o
 .comment       0x00000030       0x31 d:/atmelstudio/7.0/toolchain/avr8/avr8-gnu-toolchain/bin/../lib/gcc/avr/5.4.0/../../../../avr/lib/avr6\libc.a(strtol.o)
 .comment       0x00000030       0x31 d:/atmelstudio/7.0/toolchain/avr8/avr8-gnu-toolchain/bin/../lib/gcc/avr/5.4.0/../../../../avr/lib/avr6\libc.a(sprintf.o)
 .comment       0x00000030       0x31 d:/atmelstudio/7.0/toolchain/avr8/avr8-gnu-toolchain/bin/../lib/gcc/avr/5.4.0/../../../../avr/lib/avr6\libc.a(sscanf.o)
 .comment       0x00000030       0x2c d:/atmelstudio/7.0/toolchain/avr8/avr8-gnu-toolchain/bin/../lib/gcc/avr/5.4.0/../../../../avr/lib/avr6\libc.a(vfprintf_std.o)
                                 0x2d (size before relaxing)
 .comment       0x0000005c       0x2d d:/atmelstudio/7.0/toolchain/avr8/avr8-gnu-toolchain/bin/../lib/gcc/avr/5.4.0/../../../../avr/lib/avr6\libc.a(vfscanf_std.o)
 .comment       0x0000005c       0x2d d:/atmelstudio/7.0/toolchain/avr8/avr8-gnu-toolchain/bin/../lib/gcc/avr/5.4.0/../../../../avr/lib/avr6\libc.a(errno.o)
 .comment       0x0000005c       0x31 d:/atmelstudio/7.0/toolchain/avr8/avr8-gnu-toolchain/bin/../lib/gcc/avr/5.4.0/../../../../avr/lib/avr6\libc.a(fgetc.o)
 .comment       0x0000005c       0x31 d:/atmelstudio/7.0/toolchain/avr8/avr8-gnu-toolchain/bin/../lib/gcc/avr/5.4.0/../../../../avr/lib/avr6\libc.a(fputc.o)
 .comment       0x0000005c       0x31 d:/atmelstudio/7.0/toolchain/avr8/avr8-gnu-toolchain/bin/../lib/gcc/avr/5.4.0/../../../../avr/lib/avr6\libc.a(ungetc.o)

.note.gnu.avr.deviceinfo
                0x00000000       0x40
 .note.gnu.avr.deviceinfo
                0x00000000       0x40 D:/AtmelStudio/7.0/Packs/atmel/ATmega_DFP/1.6.364/gcc/dev/atmega2560/avr6/crtatmega2560.o

.note.gnu.build-id
 *(.note.gnu.build-id)

.debug
 *(.debug)

.line
 *(.line)

.debug_srcinfo
 *(.debug_srcinfo)

.debug_sfnames
 *(.debug_sfnames)

.debug_aranges  0x00000000      0x5c8
 *(.debug_aranges)
 .debug_aranges
                0x00000000       0x40 BMP180.o
 .debug_aranges
                0x00000040       0x50 DS18B20.o
 .debug_aranges
                0x00000090      0x190 ILI9486.o
 .debug_aranges
                0x00000220       0x78 main.o
 .debug_aranges
                0x00000298       0x50 mmc.o
 .debug_aranges
                0x000002e8       0x90 NRF24.o
 .debug_aranges
                0x00000378       0xb0 pff.o
 .debug_aranges
                0x00000428       0x50 RTC_DS3231.o
 .debug_aranges
                0x00000478       0x50 TWI.o
 .debug_aranges
                0x000004c8       0x28 usart.o
 .debug_aranges
                0x000004f0       0xd8 WeatherStation.o

.debug_pubnames
 *(.debug_pubnames)

.debug_info     0x00000000    0x10b12
 *(.debug_info .gnu.linkonce.wi.*)
 .debug_info    0x00000000      0xbbc D:/AtmelStudio/7.0/Packs/atmel/ATmega_DFP/1.6.364/gcc/dev/atmega2560/avr6/crtatmega2560.o
 .debug_info    0x00000bbc      0x68f BMP180.o
 .debug_info    0x0000124b      0x52b DS18B20.o
 .debug_info    0x00001776     0x3306 ILI9486.o
 .debug_info    0x00004a7c      0x8ae main.o
 .debug_info    0x0000532a      0x62f mmc.o
 .debug_info    0x00005959      0xc48 NRF24.o
 .debug_info    0x000065a1     0x11d8 pff.o
 .debug_info    0x00007779      0x77c RTC_DS3231.o
 .debug_info    0x00007ef5      0x198 TWI.o
 .debug_info    0x0000808d       0xec usart.o
 .debug_info    0x00008179     0x8999 WeatherStation.o

.debug_abbrev   0x00000000     0x2049
 *(.debug_abbrev)
 .debug_abbrev  0x00000000      0xb1a D:/AtmelStudio/7.0/Packs/atmel/ATmega_DFP/1.6.364/gcc/dev/atmega2560/avr6/crtatmega2560.o
 .debug_abbrev  0x00000b1a      0x18c BMP180.o
 .debug_abbrev  0x00000ca6      0x1ce DS18B20.o
 .debug_abbrev  0x00000e74      0x346 ILI9486.o
 .debug_abbrev  0x000011ba      0x27f main.o
 .debug_abbrev  0x00001439      0x1cf mmc.o
 .debug_abbrev  0x00001608      0x27b NRF24.o
 .debug_abbrev  0x00001883      0x268 pff.o
 .debug_abbrev  0x00001aeb      0x101 RTC_DS3231.o
 .debug_abbrev  0x00001bec       0xe1 TWI.o
 .debug_abbrev  0x00001ccd       0x92 usart.o
 .debug_abbrev  0x00001d5f      0x2ea WeatherStation.o

.debug_line     0x00000000     0x611c
 *(.debug_line .debug_line.* .debug_line_end)
 .debug_line    0x00000000      0x1fa D:/AtmelStudio/7.0/Packs/atmel/ATmega_DFP/1.6.364/gcc/dev/atmega2560/avr6/crtatmega2560.o
 .debug_line    0x000001fa      0x2db BMP180.o
 .debug_line    0x000004d5      0x2e7 DS18B20.o
 .debug_line    0x000007bc     0x1935 ILI9486.o
 .debug_line    0x000020f1      0x9fe main.o
 .debug_line    0x00002aef      0x529 mmc.o
 .debug_line    0x00003018      0x64d NRF24.o
 .debug_line    0x00003665      0xc29 pff.o
 .debug_line    0x0000428e      0x2e4 RTC_DS3231.o
 .debug_line    0x00004572      0x179 TWI.o
 .debug_line    0x000046eb       0xeb usart.o
 .debug_line    0x000047d6     0x1946 WeatherStation.o

.debug_frame    0x00000000     0x1ae4
 *(.debug_frame)
 .debug_frame   0x00000000      0x10c BMP180.o
 .debug_frame   0x0000010c       0xa4 DS18B20.o
 .debug_frame   0x000001b0      0x91c ILI9486.o
 .debug_frame   0x00000acc      0x238 main.o
 .debug_frame   0x00000d04      0x108 mmc.o
 .debug_frame   0x00000e0c      0x278 NRF24.o
 .debug_frame   0x00001084      0x45c pff.o
 .debug_frame   0x000014e0       0xa8 RTC_DS3231.o
 .debug_frame   0x00001588       0x90 TWI.o
 .debug_frame   0x00001618       0x34 usart.o
 .debug_frame   0x0000164c      0x498 WeatherStation.o

.debug_str      0x00000000     0x1723
 *(.debug_str)
 .debug_str     0x00000000      0x3e6 D:/AtmelStudio/7.0/Packs/atmel/ATmega_DFP/1.6.364/gcc/dev/atmega2560/avr6/crtatmega2560.o
 .debug_str     0x000003e6      0x252 BMP180.o
                                0x2a4 (size before relaxing)
 .debug_str     0x00000638       0x78 DS18B20.o
                                0x23e (size before relaxing)
 .debug_str     0x000006b0      0x612 ILI9486.o
                                0x833 (size before relaxing)
 .debug_str     0x00000cc2      0x389 main.o
                                0x590 (size before relaxing)
 .debug_str     0x0000104b       0x98 mmc.o
                                0x22d (size before relaxing)
 .debug_str     0x000010e3      0x170 NRF24.o
                                0x482 (size before relaxing)
 .debug_str     0x00001253      0x1a4 pff.o
                                0x405 (size before relaxing)
 .debug_str     0x000013f7       0x85 RTC_DS3231.o
                                0x279 (size before relaxing)
 .debug_str     0x0000147c       0x27 TWI.o
                                0x1f7 (size before relaxing)
 .debug_str     0x000014a3       0x27 usart.o
                                0x1ad (size before relaxing)
 .debug_str     0x000014ca      0x259 WeatherStation.o
                                0x93d (size before relaxing)

.debug_loc      0x00000000     0x9dfa
 *(.debug_loc)
 .debug_loc     0x00000000      0x923 BMP180.o
 .debug_loc     0x00000923      0x418 DS18B20.o
 .debug_loc     0x00000d3b     0x42db ILI9486.o
 .debug_loc     0x00005016      0x5f4 main.o
 .debug_loc     0x0000560a      0x75a mmc.o
 .debug_loc     0x00005d64      0xb98 NRF24.o
 .debug_loc     0x000068fc     0x1e2c pff.o
 .debug_loc     0x00008728      0x24a RTC_DS3231.o
 .debug_loc     0x00008972       0xb4 TWI.o
 .debug_loc     0x00008a26       0x78 usart.o
 .debug_loc     0x00008a9e     0x135c WeatherStation.o

.debug_macinfo
 *(.debug_macinfo)

.debug_weaknames
 *(.debug_weaknames)

.debug_funcnames
 *(.debug_funcnames)

.debug_typenames
 *(.debug_typenames)

.debug_varnames
 *(.debug_varnames)

.debug_pubtypes
 *(.debug_pubtypes)

.debug_ranges   0x00000000      0x560
 *(.debug_ranges)
 .debug_ranges  0x00000000       0x30 BMP180.o
 .debug_ranges  0x00000030       0x40 DS18B20.o
 .debug_ranges  0x00000070      0x1b0 ILI9486.o
 .debug_ranges  0x00000220       0x68 main.o
 .debug_ranges  0x00000288       0x40 mmc.o
 .debug_ranges  0x000002c8       0x80 NRF24.o
 .debug_ranges  0x00000348       0xa0 pff.o
 .debug_ranges  0x000003e8       0x40 RTC_DS3231.o
 .debug_ranges  0x00000428       0x40 TWI.o
 .debug_ranges  0x00000468       0x18 usart.o
 .debug_ranges  0x00000480       0xe0 WeatherStation.o

.debug_macro
 *(.debug_macro)
OUTPUT(RECEIVER.elf elf32-avr)
LOAD linker stubs
